 a2mgr

 Timestamp is 52626130 (Sat Oct 19 13:38:40 2013)

 Preferred load address is 10000000

 Start         Length     Name                   Class
 0001:00000000 0003331aH .text                   CODE
 0001:00033320 000019f6H .text$x                 CODE
 0001:00034d20 00000200H .text$yc                CODE
 0001:00034f20 000001fcH .text$yd                CODE
 0002:00000000 00000274H .idata$5                DATA
 0002:00000274 00000004H .CRT$XCA                DATA
 0002:00000278 0000000cH .CRT$XCC                DATA
 0002:00000284 00000030H .CRT$XCU                DATA
 0002:000002b4 00000004H .CRT$XCZ                DATA
 0002:000002b8 00000004H .CRT$XIA                DATA
 0002:000002bc 00000014H .CRT$XIC                DATA
 0002:000002d0 00000004H .CRT$XIY                DATA
 0002:000002d4 00000004H .CRT$XIZ                DATA
 0002:000002d8 00000004H .CRT$XPA                DATA
 0002:000002dc 00000004H .CRT$XPX                DATA
 0002:000002e0 00000004H .CRT$XPXA               DATA
 0002:000002e4 00000004H .CRT$XPZ                DATA
 0002:000002e8 00000004H .CRT$XTA                DATA
 0002:000002ec 00000004H .CRT$XTB                DATA
 0002:000002f0 00000004H .CRT$XTZ                DATA
 0002:00000300 000041f8H .rdata                  DATA
 0002:000044f8 000007ccH .rdata$r                DATA
 0002:00004cd0 000001c8H .rdata$sxdata           DATA
 0002:00004e98 00000004H .rtc$IAA                DATA
 0002:00004e9c 00000004H .rtc$IZZ                DATA
 0002:00004ea0 00000004H .rtc$TAA                DATA
 0002:00004ea4 00000004H .rtc$TZZ                DATA
 0002:00004ea8 0000264cH .xdata$x                DATA
 0002:000074f4 000000a0H .idata$2                DATA
 0002:00007594 00000014H .idata$3                DATA
 0002:000075a8 00000274H .idata$4                DATA
 0002:0000781c 00000a12H .idata$6                DATA
 0002:00008230 00000550H .edata                  DATA
 0003:00000000 00001bd8H .data                   DATA
 0003:00001be0 00016ac4H .bss                    DATA

  Address         Publics by Value              Rva+Base       Lib:Object

 0000:00000000       __except_list              00000000     <absolute>
 0000:00000072       ___safe_se_handler_count   00000072     <absolute>
 0000:00000000       ___ImageBase               10000000     <linker-defined>
 0001:00000000       ??1bad_alloc@std@@UAE@XZ   10001000 f i a2mgr.obj
 0001:00000010       ??_Ebad_alloc@std@@UAEPAXI@Z 10001010 f i a2mgr.obj
 0001:00000010       ??_Gbad_alloc@std@@UAEPAXI@Z 10001010 f i a2mgr.obj
 0001:00000040       ?compare@?$char_traits@D@std@@SAHPBD0I@Z 10001040 f i a2mgr.obj
 0001:000000d0       ?_fix_launcher@@YAXXZ      100010d0 f   a2mgr.obj
 0001:000000f0       ?_Myptr@?$basic_string@DU?$char_traits@D@std@@V?$allocator@D@2@@std@@IBEPBDXZ 100010f0 f i a2mgr.obj
 0001:00000100       ??$_Allocate@E@std@@YAPAEIPAE@Z 10001100 f i serialize.obj
 0001:00000100       ??$_Allocate@D@std@@YAPADIPAD@Z 10001100 f i a2mgr.obj
 0001:00000160       ??0bad_alloc@std@@QAE@ABV01@@Z 10001160 f i a2mgr.obj
 0001:00000180       ?find_last_of@?$basic_string@DU?$char_traits@D@std@@V?$allocator@D@2@@std@@QBEIPBDII@Z 10001180 f i a2mgr.obj
 0001:00000230       ?compare@?$basic_string@DU?$char_traits@D@std@@V?$allocator@D@2@@std@@QBEHIIPBDI@Z 10001230 f i a2mgr.obj
 0001:000002a0       ?erase@?$basic_string@DU?$char_traits@D@std@@V?$allocator@D@2@@std@@QAEAAV12@II@Z 100012a0 f i a2mgr.obj
 0001:00000330       ?_Tidy@?$basic_string@DU?$char_traits@D@std@@V?$allocator@D@2@@std@@IAEX_NI@Z 10001330 f i a2mgr.obj
 0001:00000380       ?_Copy@?$basic_string@DU?$char_traits@D@std@@V?$allocator@D@2@@std@@IAEXII@Z 10001380 f i a2mgr.obj
 0001:000004d0       ??1?$basic_string@DU?$char_traits@D@std@@V?$allocator@D@2@@std@@QAE@XZ 100014d0 f i a2mgr.obj
 0001:00000500       ?assign@?$basic_string@DU?$char_traits@D@std@@V?$allocator@D@2@@std@@QAEAAV12@ABV12@II@Z 10001500 f i a2mgr.obj
 0001:000005e0       ?append@?$basic_string@DU?$char_traits@D@std@@V?$allocator@D@2@@std@@QAEAAV12@ABV12@II@Z 100015e0 f i a2mgr.obj
 0001:000006e0       ?append@?$basic_string@DU?$char_traits@D@std@@V?$allocator@D@2@@std@@QAEAAV12@PBDI@Z 100016e0 f i a2mgr.obj
 0001:000007d0       ?assign@?$basic_string@DU?$char_traits@D@std@@V?$allocator@D@2@@std@@QAEAAV12@PBDI@Z 100017d0 f i a2mgr.obj
 0001:000008a0       ??0?$basic_string@DU?$char_traits@D@std@@V?$allocator@D@2@@std@@QAE@PBD@Z 100018a0 f i a2mgr.obj
 0001:000008e0       ??4?$basic_string@DU?$char_traits@D@std@@V?$allocator@D@2@@std@@QAEAAV01@PBD@Z 100018e0 f i a2mgr.obj
 0001:000008e0       ?assign@?$basic_string@DU?$char_traits@D@std@@V?$allocator@D@2@@std@@QAEAAV12@PBD@Z 100018e0 f i a2mgr.obj
 0001:00000910       ??$?HDU?$char_traits@D@std@@V?$allocator@D@1@@std@@YA?AV?$basic_string@DU?$char_traits@D@std@@V?$allocator@D@2@@0@ABV10@PBD@Z 10001910 f i a2mgr.obj
 0001:000009d0       ?BASE_setCurrentDirectory1@@YGHPAD@Z 100019d0 f   a2mgr.obj
 0001:00000ac0       ?DllMain_Init@@YG_NPAUHINSTANCE__@@KPAX@Z 10001ac0 f   a2mgr.obj
 0001:00001670       _DllMain@12                10002670 f   a2mgr.obj
 0001:000016e0       ?ConsoleProc@@YG_NEH@Z     100026e0 f   add_info.obj
 0001:00001730       ?FpsImpl@@YGXKPAUtagRECT@@@Z 10002730 f   add_info.obj
 0001:00001930       ?INFO_fps@@YAXXZ           10002930 f   add_info.obj
 0001:00001950       ?GetFirstName@@YGPADK@Z    10002950 f   administrat_fix.obj
 0001:000019c0       ?GetSecondName@@YGPADK@Z   100029c0 f   administrat_fix.obj
 0001:00001a30       ?CheckNickname@@YG_NK@Z    10002a30 f   administrat_fix.obj
 0001:00001a90       ?ADMINISTRAT@@YAXXZ        10002a90 f   administrat_fix.obj
 0001:00001b40       ?CHAT_wmCharHandler@@YAXXZ 10002b40 f   chat.obj
 0001:00001b70       ?conv_double_tilde@@YGPADPAD@Z 10002b70 f   chat.obj
 0001:00001bb0       ?CHAT_tilde0@@YAXXZ        10002bb0 f   chat.obj
 0001:00001bc0       ?CHAT_tilde1@@YAXXZ        10002bc0 f   chat.obj
 0001:00001bd0       ?CHAT_tilde2@@YAXXZ        10002bd0 f   chat.obj
 0001:00001be0       ?CHAT_convWinToDos@@YAXXZ  10002be0 f   chat.obj
 0001:00001c20       ?CHAT_convDosToIdx@@YAXXZ  10002c20 f   chat.obj
 0001:00001c60       ?CHAT_logStrings@@YAHPADHH@Z 10002c60 f   chat.obj
 0001:00001ca0       ?chatAddStringCpp@@YGPADPADH@Z 10002ca0 f   chat.obj
 0001:00001dc0       ?CHAT_prependType_part1@@YAXXZ 10002dc0 f   chat.obj
 0001:00001df0       ?CHAT_prependType_part2@@YAXXZ 10002df0 f   chat.obj
 0001:00001e20       ?CCMD_processCommand@@YAXPBD@Z 10002e20 f i client_cmd.obj
 0001:00001e20       ?TILES_debug@@YAXXZ        10002e20 f i landscape_renderer.obj
 0001:00001e20       ??3@YAXPAX0@Z              10002e20 f i chat_history.obj
 0001:00001e20       ?IdleProcessing@CWindow@GUI@zxmgr@@SAXXZ 10002e20 f i zxmgr_gui.obj
 0001:00001e30       ?str_empty@@YAXPAPAD@Z     10002e30 f   chat_history.obj
 0001:00001e50       ?str_assign@@YAXPAPADPBD@Z 10002e50 f   chat_history.obj
 0001:00001e70       ?str_array_resize@@YAXPADK@Z 10002e70 f   chat_history.obj
 0001:00001e90       ?consoleTab@@YGXPAX@Z      10002e90 f   chat_history.obj
 0001:00001e90       ?imbue@?$basic_streambuf@DU?$char_traits@D@std@@@std@@MAEXABVlocale@2@@Z 10002e90 f   config.obj
 0001:00001ea0       ?logOpen@@YGXK@Z           10002ea0 f   chat_history.obj
 0001:00001ec0       ?CHAT_fixEscape@@YAXXZ     10002ec0 f   chat_history.obj
 0001:00001f40       ?CHAT_dbg@@YAXXZ           10002f40 f   chat_history.obj
 0001:00001f60       ?size@?$vector@V?$basic_string@DU?$char_traits@D@std@@V?$allocator@D@2@@std@@V?$allocator@V?$basic_string@DU?$char_traits@D@std@@V?$allocator@D@2@@std@@@2@@std@@QBEIXZ 10002f60 f i chat_history.obj
 0001:00001f90       ??A?$vector@V?$basic_string@DU?$char_traits@D@std@@V?$allocator@D@2@@std@@V?$allocator@V?$basic_string@DU?$char_traits@D@std@@V?$allocator@D@2@@std@@@2@@std@@QAEAAV?$basic_string@DU?$char_traits@D@std@@V?$allocator@D@2@@1@I@Z 10002f90 f i chat_history.obj
 0001:00001fe0       ??$_Allocate@V?$vector@V?$basic_string@DU?$char_traits@D@std@@V?$allocator@D@2@@std@@V?$allocator@V?$basic_string@DU?$char_traits@D@std@@V?$allocator@D@2@@std@@@2@@std@@@std@@YAPAV?$vector@V?$basic_string@DU?$char_traits@D@std@@V?$allocator@D@2@@std@@V?$allocator@V?$basic_string@DU?$char_traits@D@std@@V?$allocator@D@2@@std@@@2@@0@IPAV10@@Z 10002fe0 f i chat_history.obj
 0001:00002040       ??$_Allocate@V?$basic_string@DU?$char_traits@D@std@@V?$allocator@D@2@@std@@@std@@YAPAV?$basic_string@DU?$char_traits@D@std@@V?$allocator@D@2@@0@IPAV10@@Z 10003040 f i chat_history.obj
 0001:000020b0       ?setString@@YAKPAD@Z       100030b0 f   chat_history.obj
 0001:00002250       ?consoleDown@@YGKPAD@Z     10003250 f   chat_history.obj
 0001:000022b0       ?consoleUp@@YGKPAD@Z       100032b0 f   chat_history.obj
 0001:000022f0       ??_Eout_of_range@std@@UAEPAXI@Z 100032f0 f i class_extend.obj
 0001:000022f0       ??_Gout_of_range@std@@UAEPAXI@Z 100032f0 f i class_extend.obj
 0001:000022f0       ??_Glength_error@std@@UAEPAXI@Z 100032f0 f i chat_history.obj
 0001:000022f0       ??_Elength_error@std@@UAEPAXI@Z 100032f0 f i chat_history.obj
 0001:000022f0       ??_Elogic_error@std@@UAEPAXI@Z 100032f0 f i chat_history.obj
 0001:000022f0       ??_Glogic_error@std@@UAEPAXI@Z 100032f0 f i chat_history.obj
 0001:00002340       ?destroy@?$allocator@V?$basic_string@DU?$char_traits@D@std@@V?$allocator@D@2@@std@@@std@@QAEXPAV?$basic_string@DU?$char_traits@D@std@@V?$allocator@D@2@@2@@Z 10003340 f i chat_history.obj
 0001:00002370       ??$_Copy_opt@PAV?$basic_string@DU?$char_traits@D@std@@V?$allocator@D@2@@std@@PAV12@Uforward_iterator_tag@2@@std@@YAPAV?$basic_string@DU?$char_traits@D@std@@V?$allocator@D@2@@0@PAV10@00Uforward_iterator_tag@0@U_Nonscalar_ptr_iterator_tag@0@U_Range_checked_iterator_tag@0@@Z 10003370 f i chat_history.obj
 0001:000023b0       ??0logic_error@std@@QAE@ABV?$basic_string@DU?$char_traits@D@std@@V?$allocator@D@2@@1@@Z 100033b0 f i chat_history.obj
 0001:00002420       ??1out_of_range@std@@UAE@XZ 10003420 f i class_extend.obj
 0001:00002420       ??1length_error@std@@UAE@XZ 10003420 f i chat_history.obj
 0001:00002460       ??0logic_error@std@@QAE@ABV01@@Z 10003460 f i chat_history.obj
 0001:000024e0       ??0length_error@std@@QAE@ABV01@@Z 100034e0 f i chat_history.obj
 0001:00002500       ??$_Destroy_range@V?$basic_string@DU?$char_traits@D@std@@V?$allocator@D@2@@std@@V?$allocator@V?$basic_string@DU?$char_traits@D@std@@V?$allocator@D@2@@std@@@2@@std@@YAXPAV?$basic_string@DU?$char_traits@D@std@@V?$allocator@D@2@@0@0AAV?$allocator@V?$basic_string@DU?$char_traits@D@std@@V?$allocator@D@2@@std@@@0@U_Nonscalar_ptr_iterator_tag@0@@Z 10003500 f i chat_history.obj
 0001:00002540       ??$_Uninit_copy@PBV?$basic_string@DU?$char_traits@D@std@@V?$allocator@D@2@@std@@PAV12@V?$allocator@V?$basic_string@DU?$char_traits@D@std@@V?$allocator@D@2@@std@@@2@@std@@YAPAV?$basic_string@DU?$char_traits@D@std@@V?$allocator@D@2@@0@PBV10@0PAV10@AAV?$allocator@V?$basic_string@DU?$char_traits@D@std@@V?$allocator@D@2@@std@@@0@U_Nonscalar_ptr_iterator_tag@0@U_Range_checked_iterator_tag@0@@Z 10003540 f i chat_history.obj
 0001:00002540       ??$_Uninit_copy@PAV?$basic_string@DU?$char_traits@D@std@@V?$allocator@D@2@@std@@PAV12@V?$allocator@V?$basic_string@DU?$char_traits@D@std@@V?$allocator@D@2@@std@@@2@@std@@YAPAV?$basic_string@DU?$char_traits@D@std@@V?$allocator@D@2@@0@PAV10@00AAV?$allocator@V?$basic_string@DU?$char_traits@D@std@@V?$allocator@D@2@@std@@@0@U_Nonscalar_ptr_iterator_tag@0@U_Range_checked_iterator_tag@0@@Z 10003540 f i chat_history.obj
 0001:00002600       ??$_Copy_opt@PAV?$basic_string@DU?$char_traits@D@std@@V?$allocator@D@2@@std@@PAV12@@std@@YAPAV?$basic_string@DU?$char_traits@D@std@@V?$allocator@D@2@@0@PAV10@00Urandom_access_iterator_tag@0@U_Nonscalar_ptr_iterator_tag@0@U_Range_checked_iterator_tag@0@@Z 10003600 f i chat_history.obj
 0001:00002660       ?_Buy@?$vector@V?$basic_string@DU?$char_traits@D@std@@V?$allocator@D@2@@std@@V?$allocator@V?$basic_string@DU?$char_traits@D@std@@V?$allocator@D@2@@std@@@2@@std@@IAE_NI@Z 10003660 f i chat_history.obj
 0001:000026c0       ??$fill@PAV?$basic_string@DU?$char_traits@D@std@@V?$allocator@D@2@@std@@V12@@std@@YAXPAV?$basic_string@DU?$char_traits@D@std@@V?$allocator@D@2@@0@0ABV10@@Z 100036c0 f i chat_history.obj
 0001:000026f0       ??$_Uninit_fill_n@PAV?$basic_string@DU?$char_traits@D@std@@V?$allocator@D@2@@std@@IV12@V?$allocator@V?$basic_string@DU?$char_traits@D@std@@V?$allocator@D@2@@std@@@2@@std@@YAXPAV?$basic_string@DU?$char_traits@D@std@@V?$allocator@D@2@@0@IABV10@AAV?$allocator@V?$basic_string@DU?$char_traits@D@std@@V?$allocator@D@2@@std@@@0@U_Nonscalar_ptr_iterator_tag@0@U_Range_checked_iterator_tag@0@@Z 100036f0 f i chat_history.obj
 0001:000027b0       ??$_Uninit_move@PAV?$basic_string@DU?$char_traits@D@std@@V?$allocator@D@2@@std@@PAV12@V?$allocator@V?$basic_string@DU?$char_traits@D@std@@V?$allocator@D@2@@std@@@2@@std@@YAPAV?$basic_string@DU?$char_traits@D@std@@V?$allocator@D@2@@0@PAV10@00AAV?$allocator@V?$basic_string@DU?$char_traits@D@std@@V?$allocator@D@2@@std@@@0@U_Swap_move_tag@0@U_Range_checked_iterator_tag@0@@Z 100037b0 f i chat_history.obj
 0001:000028f0       ??$_Move_backward_opt@PAV?$basic_string@DU?$char_traits@D@std@@V?$allocator@D@2@@std@@PAV12@Uforward_iterator_tag@2@@std@@YAPAV?$basic_string@DU?$char_traits@D@std@@V?$allocator@D@2@@0@PAV10@00Uforward_iterator_tag@0@U_Swap_move_tag@0@U_Range_checked_iterator_tag@0@@Z 100038f0 f i chat_history.obj
 0001:00002980       ??$unchecked_copy@PAV?$basic_string@DU?$char_traits@D@std@@V?$allocator@D@2@@std@@PAV12@@stdext@@YAPAV?$basic_string@DU?$char_traits@D@std@@V?$allocator@D@2@@std@@PAV12@00@Z 10003980 f i chat_history.obj
 0001:000029b0       ?_Destroy@?$vector@V?$basic_string@DU?$char_traits@D@std@@V?$allocator@D@2@@std@@V?$allocator@V?$basic_string@DU?$char_traits@D@std@@V?$allocator@D@2@@std@@@2@@std@@IAEXPAV?$basic_string@DU?$char_traits@D@std@@V?$allocator@D@2@@2@0@Z 100039b0 f i chat_history.obj
 0001:000029d0       ??$_Move_backward_opt@PAV?$basic_string@DU?$char_traits@D@std@@V?$allocator@D@2@@std@@PAV12@@std@@YAPAV?$basic_string@DU?$char_traits@D@std@@V?$allocator@D@2@@0@PAV10@00Urandom_access_iterator_tag@0@U_Swap_move_tag@0@U_Range_checked_iterator_tag@0@@Z 100039d0 f i chat_history.obj
 0001:00002a30       ?erase@?$vector@V?$basic_string@DU?$char_traits@D@std@@V?$allocator@D@2@@std@@V?$allocator@V?$basic_string@DU?$char_traits@D@std@@V?$allocator@D@2@@std@@@2@@std@@QAE?AV?$_Vector_iterator@V?$basic_string@DU?$char_traits@D@std@@V?$allocator@D@2@@std@@V?$allocator@V?$basic_string@DU?$char_traits@D@std@@V?$allocator@D@2@@std@@@2@@2@V32@0@Z 10003a30 f i chat_history.obj
 0001:00002aa0       ??$_Ucopy@PAV?$basic_string@DU?$char_traits@D@std@@V?$allocator@D@2@@std@@@?$vector@V?$basic_string@DU?$char_traits@D@std@@V?$allocator@D@2@@std@@V?$allocator@V?$basic_string@DU?$char_traits@D@std@@V?$allocator@D@2@@std@@@2@@std@@IAEPAV?$basic_string@DU?$char_traits@D@std@@V?$allocator@D@2@@1@PAV21@00@Z 10003aa0 f i chat_history.obj
 0001:00002ad0       ??1?$vector@V?$basic_string@DU?$char_traits@D@std@@V?$allocator@D@2@@std@@V?$allocator@V?$basic_string@DU?$char_traits@D@std@@V?$allocator@D@2@@std@@@2@@std@@QAE@XZ 10003ad0 f i chat_history.obj
 0001:00002ad0       ?_Tidy@?$vector@V?$basic_string@DU?$char_traits@D@std@@V?$allocator@D@2@@std@@V?$allocator@V?$basic_string@DU?$char_traits@D@std@@V?$allocator@D@2@@std@@@2@@std@@IAEXXZ 10003ad0 f i chat_history.obj
 0001:00002b10       ?_Ufill@?$vector@V?$basic_string@DU?$char_traits@D@std@@V?$allocator@D@2@@std@@V?$allocator@V?$basic_string@DU?$char_traits@D@std@@V?$allocator@D@2@@std@@@2@@std@@IAEPAV?$basic_string@DU?$char_traits@D@std@@V?$allocator@D@2@@2@PAV32@IABV32@@Z 10003b10 f i chat_history.obj
 0001:00002b50       ??$_Umove@PAV?$basic_string@DU?$char_traits@D@std@@V?$allocator@D@2@@std@@@?$vector@V?$basic_string@DU?$char_traits@D@std@@V?$allocator@D@2@@std@@V?$allocator@V?$basic_string@DU?$char_traits@D@std@@V?$allocator@D@2@@std@@@2@@std@@IAEPAV?$basic_string@DU?$char_traits@D@std@@V?$allocator@D@2@@1@PAV21@00@Z 10003b50 f i chat_history.obj
 0001:00002b80       ??$_Unchecked_move_backward@PAV?$basic_string@DU?$char_traits@D@std@@V?$allocator@D@2@@std@@PAV12@@stdext@@YAPAV?$basic_string@DU?$char_traits@D@std@@V?$allocator@D@2@@std@@PAV12@00@Z 10003b80 f i chat_history.obj
 0001:00002bb0       ?clear@?$vector@V?$basic_string@DU?$char_traits@D@std@@V?$allocator@D@2@@std@@V?$allocator@V?$basic_string@DU?$char_traits@D@std@@V?$allocator@D@2@@std@@@2@@std@@QAEXXZ 10003bb0 f i chat_history.obj
 0001:00002bf0       ??0?$vector@V?$basic_string@DU?$char_traits@D@std@@V?$allocator@D@2@@std@@V?$allocator@V?$basic_string@DU?$char_traits@D@std@@V?$allocator@D@2@@std@@@2@@std@@QAE@ABV01@@Z 10003bf0 f i chat_history.obj
 0001:00002cc0       ?_Insert_n@?$vector@V?$basic_string@DU?$char_traits@D@std@@V?$allocator@D@2@@std@@V?$allocator@V?$basic_string@DU?$char_traits@D@std@@V?$allocator@D@2@@std@@@2@@std@@IAEXV?$_Vector_iterator@V?$basic_string@DU?$char_traits@D@std@@V?$allocator@D@2@@std@@V?$allocator@V?$basic_string@DU?$char_traits@D@std@@V?$allocator@D@2@@std@@@2@@2@IABV?$basic_string@DU?$char_traits@D@std@@V?$allocator@D@2@@2@@Z 10003cc0 f i chat_history.obj
 0001:00003020       ??4?$vector@V?$basic_string@DU?$char_traits@D@std@@V?$allocator@D@2@@std@@V?$allocator@V?$basic_string@DU?$char_traits@D@std@@V?$allocator@D@2@@std@@@2@@std@@QAEAAV01@ABV01@@Z 10004020 f i chat_history.obj
 0001:000031d0       ?getStringLastT@@YG?AV?$basic_string@DU?$char_traits@D@std@@V?$allocator@D@2@@std@@XZ 100041d0 f   chat_history.obj
 0001:000032f0       ?getStringLast@@YGXPAPAD@Z 100042f0 f   chat_history.obj
 0001:000033b0       ?CHAT_getMessageLast@@YAXXZ 100043b0 f   chat_history.obj
 0001:000033c0       ?insert@?$vector@V?$basic_string@DU?$char_traits@D@std@@V?$allocator@D@2@@std@@V?$allocator@V?$basic_string@DU?$char_traits@D@std@@V?$allocator@D@2@@std@@@2@@std@@QAE?AV?$_Vector_iterator@V?$basic_string@DU?$char_traits@D@std@@V?$allocator@D@2@@std@@V?$allocator@V?$basic_string@DU?$char_traits@D@std@@V?$allocator@D@2@@std@@@2@@2@V32@ABV?$basic_string@DU?$char_traits@D@std@@V?$allocator@D@2@@2@@Z 100043c0 f i chat_history.obj
 0001:00003480       ?push_back@?$vector@V?$basic_string@DU?$char_traits@D@std@@V?$allocator@D@2@@std@@V?$allocator@V?$basic_string@DU?$char_traits@D@std@@V?$allocator@D@2@@std@@@2@@std@@QAEXABV?$basic_string@DU?$char_traits@D@std@@V?$allocator@D@2@@2@@Z 10004480 f i chat_history.obj
 0001:00003530       ??$fill@PAV?$vector@V?$basic_string@DU?$char_traits@D@std@@V?$allocator@D@2@@std@@V?$allocator@V?$basic_string@DU?$char_traits@D@std@@V?$allocator@D@2@@std@@@2@@std@@V12@@std@@YAXPAV?$vector@V?$basic_string@DU?$char_traits@D@std@@V?$allocator@D@2@@std@@V?$allocator@V?$basic_string@DU?$char_traits@D@std@@V?$allocator@D@2@@std@@@2@@0@0ABV10@@Z 10004530 f i chat_history.obj
 0001:00003560       ?destroy@?$allocator@V?$vector@V?$basic_string@DU?$char_traits@D@std@@V?$allocator@D@2@@std@@V?$allocator@V?$basic_string@DU?$char_traits@D@std@@V?$allocator@D@2@@std@@@2@@std@@@std@@QAEXPAV?$vector@V?$basic_string@DU?$char_traits@D@std@@V?$allocator@D@2@@std@@V?$allocator@V?$basic_string@DU?$char_traits@D@std@@V?$allocator@D@2@@std@@@2@@2@@Z 10004560 f i chat_history.obj
 0001:000035b0       ??$_Uninit_move@PAV?$vector@V?$basic_string@DU?$char_traits@D@std@@V?$allocator@D@2@@std@@V?$allocator@V?$basic_string@DU?$char_traits@D@std@@V?$allocator@D@2@@std@@@2@@std@@PAV12@V?$allocator@V?$vector@V?$basic_string@DU?$char_traits@D@std@@V?$allocator@D@2@@std@@V?$allocator@V?$basic_string@DU?$char_traits@D@std@@V?$allocator@D@2@@std@@@2@@std@@@2@@std@@YAPAV?$vector@V?$basic_string@DU?$char_traits@D@std@@V?$allocator@D@2@@std@@V?$allocator@V?$basic_string@DU?$char_traits@D@std@@V?$allocator@D@2@@std@@@2@@0@PAV10@00AAV?$allocator@V?$vector@V?$basic_string@DU?$char_traits@D@std@@V?$allocator@D@2@@std@@V?$allocator@V?$basic_string@DU?$char_traits@D@std@@V?$allocator@D@2@@std@@@2@@std@@@0@U_Swap_move_tag@0@U_Range_checked_iterator_tag@0@@Z 100045b0 f i chat_history.obj
 0001:000036b0       ??$_Move_backward_opt@PAV?$vector@V?$basic_string@DU?$char_traits@D@std@@V?$allocator@D@2@@std@@V?$allocator@V?$basic_string@DU?$char_traits@D@std@@V?$allocator@D@2@@std@@@2@@std@@PAV12@Uforward_iterator_tag@2@@std@@YAPAV?$vector@V?$basic_string@DU?$char_traits@D@std@@V?$allocator@D@2@@std@@V?$allocator@V?$basic_string@DU?$char_traits@D@std@@V?$allocator@D@2@@std@@@2@@0@PAV10@00Uforward_iterator_tag@0@U_Swap_move_tag@0@U_Range_checked_iterator_tag@0@@Z 100046b0 f i chat_history.obj
 0001:00003700       ??$_Uninit_fill_n@PAV?$vector@V?$basic_string@DU?$char_traits@D@std@@V?$allocator@D@2@@std@@V?$allocator@V?$basic_string@DU?$char_traits@D@std@@V?$allocator@D@2@@std@@@2@@std@@IV12@V?$allocator@V?$vector@V?$basic_string@DU?$char_traits@D@std@@V?$allocator@D@2@@std@@V?$allocator@V?$basic_string@DU?$char_traits@D@std@@V?$allocator@D@2@@std@@@2@@std@@@2@@std@@YAXPAV?$vector@V?$basic_string@DU?$char_traits@D@std@@V?$allocator@D@2@@std@@V?$allocator@V?$basic_string@DU?$char_traits@D@std@@V?$allocator@D@2@@std@@@2@@0@IABV10@AAV?$allocator@V?$vector@V?$basic_string@DU?$char_traits@D@std@@V?$allocator@D@2@@std@@V?$allocator@V?$basic_string@DU?$char_traits@D@std@@V?$allocator@D@2@@std@@@2@@std@@@0@U_Nonscalar_ptr_iterator_tag@0@U_Range_checked_iterator_tag@0@@Z 10004700 f i chat_history.obj
 0001:000037b0       ??$_Destroy_range@V?$vector@V?$basic_string@DU?$char_traits@D@std@@V?$allocator@D@2@@std@@V?$allocator@V?$basic_string@DU?$char_traits@D@std@@V?$allocator@D@2@@std@@@2@@std@@V?$allocator@V?$vector@V?$basic_string@DU?$char_traits@D@std@@V?$allocator@D@2@@std@@V?$allocator@V?$basic_string@DU?$char_traits@D@std@@V?$allocator@D@2@@std@@@2@@std@@@2@@std@@YAXPAV?$vector@V?$basic_string@DU?$char_traits@D@std@@V?$allocator@D@2@@std@@V?$allocator@V?$basic_string@DU?$char_traits@D@std@@V?$allocator@D@2@@std@@@2@@0@0AAV?$allocator@V?$vector@V?$basic_string@DU?$char_traits@D@std@@V?$allocator@D@2@@std@@V?$allocator@V?$basic_string@DU?$char_traits@D@std@@V?$allocator@D@2@@std@@@2@@std@@@0@U_Nonscalar_ptr_iterator_tag@0@@Z 100047b0 f i chat_history.obj
 0001:00003800       ??$_Umove@PAV?$vector@V?$basic_string@DU?$char_traits@D@std@@V?$allocator@D@2@@std@@V?$allocator@V?$basic_string@DU?$char_traits@D@std@@V?$allocator@D@2@@std@@@2@@std@@@?$vector@V?$vector@V?$basic_string@DU?$char_traits@D@std@@V?$allocator@D@2@@std@@V?$allocator@V?$basic_string@DU?$char_traits@D@std@@V?$allocator@D@2@@std@@@2@@std@@V?$allocator@V?$vector@V?$basic_string@DU?$char_traits@D@std@@V?$allocator@D@2@@std@@V?$allocator@V?$basic_string@DU?$char_traits@D@std@@V?$allocator@D@2@@std@@@2@@std@@@2@@std@@IAEPAV?$vector@V?$basic_string@DU?$char_traits@D@std@@V?$allocator@D@2@@std@@V?$allocator@V?$basic_string@DU?$char_traits@D@std@@V?$allocator@D@2@@std@@@2@@1@PAV21@00@Z 10004800 f i chat_history.obj
 0001:00003830       ??$_Unchecked_move_backward@PAV?$vector@V?$basic_string@DU?$char_traits@D@std@@V?$allocator@D@2@@std@@V?$allocator@V?$basic_string@DU?$char_traits@D@std@@V?$allocator@D@2@@std@@@2@@std@@PAV12@@stdext@@YAPAV?$vector@V?$basic_string@DU?$char_traits@D@std@@V?$allocator@D@2@@std@@V?$allocator@V?$basic_string@DU?$char_traits@D@std@@V?$allocator@D@2@@std@@@2@@std@@PAV12@00@Z 10004830 f i chat_history.obj
 0001:00003870       ?_Ufill@?$vector@V?$vector@V?$basic_string@DU?$char_traits@D@std@@V?$allocator@D@2@@std@@V?$allocator@V?$basic_string@DU?$char_traits@D@std@@V?$allocator@D@2@@std@@@2@@std@@V?$allocator@V?$vector@V?$basic_string@DU?$char_traits@D@std@@V?$allocator@D@2@@std@@V?$allocator@V?$basic_string@DU?$char_traits@D@std@@V?$allocator@D@2@@std@@@2@@std@@@2@@std@@IAEPAV?$vector@V?$basic_string@DU?$char_traits@D@std@@V?$allocator@D@2@@std@@V?$allocator@V?$basic_string@DU?$char_traits@D@std@@V?$allocator@D@2@@std@@@2@@2@PAV32@IABV32@@Z 10004870 f i chat_history.obj
 0001:000038b0       ?_Destroy@?$vector@V?$vector@V?$basic_string@DU?$char_traits@D@std@@V?$allocator@D@2@@std@@V?$allocator@V?$basic_string@DU?$char_traits@D@std@@V?$allocator@D@2@@std@@@2@@std@@V?$allocator@V?$vector@V?$basic_string@DU?$char_traits@D@std@@V?$allocator@D@2@@std@@V?$allocator@V?$basic_string@DU?$char_traits@D@std@@V?$allocator@D@2@@std@@@2@@std@@@2@@std@@IAEXPAV?$vector@V?$basic_string@DU?$char_traits@D@std@@V?$allocator@D@2@@std@@V?$allocator@V?$basic_string@DU?$char_traits@D@std@@V?$allocator@D@2@@std@@@2@@2@0@Z 100048b0 f i chat_history.obj
 0001:000038d0       ?_Insert_n@?$vector@V?$vector@V?$basic_string@DU?$char_traits@D@std@@V?$allocator@D@2@@std@@V?$allocator@V?$basic_string@DU?$char_traits@D@std@@V?$allocator@D@2@@std@@@2@@std@@V?$allocator@V?$vector@V?$basic_string@DU?$char_traits@D@std@@V?$allocator@D@2@@std@@V?$allocator@V?$basic_string@DU?$char_traits@D@std@@V?$allocator@D@2@@std@@@2@@std@@@2@@std@@IAEXV?$_Vector_iterator@V?$vector@V?$basic_string@DU?$char_traits@D@std@@V?$allocator@D@2@@std@@V?$allocator@V?$basic_string@DU?$char_traits@D@std@@V?$allocator@D@2@@std@@@2@@std@@V?$allocator@V?$vector@V?$basic_string@DU?$char_traits@D@std@@V?$allocator@D@2@@std@@V?$allocator@V?$basic_string@DU?$char_traits@D@std@@V?$allocator@D@2@@std@@@2@@std@@@2@@2@IABV?$vector@V?$basic_string@DU?$char_traits@D@std@@V?$allocator@D@2@@std@@V?$allocator@V?$basic_string@DU?$char_traits@D@std@@V?$allocator@D@2@@std@@@2@@2@@Z 100048d0 f i chat_history.obj
 0001:00003b70       ?insert@?$vector@V?$vector@V?$basic_string@DU?$char_traits@D@std@@V?$allocator@D@2@@std@@V?$allocator@V?$basic_string@DU?$char_traits@D@std@@V?$allocator@D@2@@std@@@2@@std@@V?$allocator@V?$vector@V?$basic_string@DU?$char_traits@D@std@@V?$allocator@D@2@@std@@V?$allocator@V?$basic_string@DU?$char_traits@D@std@@V?$allocator@D@2@@std@@@2@@std@@@2@@std@@QAE?AV?$_Vector_iterator@V?$vector@V?$basic_string@DU?$char_traits@D@std@@V?$allocator@D@2@@std@@V?$allocator@V?$basic_string@DU?$char_traits@D@std@@V?$allocator@D@2@@std@@@2@@std@@V?$allocator@V?$vector@V?$basic_string@DU?$char_traits@D@std@@V?$allocator@D@2@@std@@V?$allocator@V?$basic_string@DU?$char_traits@D@std@@V?$allocator@D@2@@std@@@2@@std@@@2@@2@V32@ABV?$vector@V?$basic_string@DU?$char_traits@D@std@@V?$allocator@D@2@@std@@V?$allocator@V?$basic_string@DU?$char_traits@D@std@@V?$allocator@D@2@@std@@@2@@2@@Z 10004b70 f i chat_history.obj
 0001:00003c00       ?push_back@?$vector@V?$vector@V?$basic_string@DU?$char_traits@D@std@@V?$allocator@D@2@@std@@V?$allocator@V?$basic_string@DU?$char_traits@D@std@@V?$allocator@D@2@@std@@@2@@std@@V?$allocator@V?$vector@V?$basic_string@DU?$char_traits@D@std@@V?$allocator@D@2@@std@@V?$allocator@V?$basic_string@DU?$char_traits@D@std@@V?$allocator@D@2@@std@@@2@@std@@@2@@std@@QAEXABV?$vector@V?$basic_string@DU?$char_traits@D@std@@V?$allocator@D@2@@std@@V?$allocator@V?$basic_string@DU?$char_traits@D@std@@V?$allocator@D@2@@std@@@2@@2@@Z 10004c00 f i chat_history.obj
 0001:00003c90       ?addString@@YAXPAD@Z       10004c90 f   chat_history.obj
 0001:00003de0       ?consoleEnter@@YGKPAD@Z    10004de0 f   chat_history.obj
 0001:00003e10       ?CHAT_keyDown@@YAXXZ       10004e10 f   chat_history.obj
 0001:00003ea0       ?_Max@?$_Tree@V?$_Tmap_traits@PAXPAXU?$less@PAX@std@@V?$allocator@U?$pair@QAXPAX@std@@@2@$0A@@std@@@std@@KAPAU_Node@?$_Tree_nod@V?$_Tmap_traits@PAXPAXU?$less@PAX@std@@V?$allocator@U?$pair@QAXPAX@std@@@2@$0A@@std@@@2@PAU342@@Z 10004ea0 f i class_extend.obj
 0001:00003ec0       ?_Min@?$_Tree@V?$_Tmap_traits@PAXPAXU?$less@PAX@std@@V?$allocator@U?$pair@QAXPAX@std@@@2@$0A@@std@@@std@@KAPAU_Node@?$_Tree_nod@V?$_Tmap_traits@PAXPAXU?$less@PAX@std@@V?$allocator@U?$pair@QAXPAX@std@@@2@$0A@@std@@@2@PAU342@@Z 10004ec0 f i class_extend.obj
 0001:00003ee0       ?_Rrotate@?$_Tree@V?$_Tmap_traits@PAXPAXU?$less@PAX@std@@V?$allocator@U?$pair@QAXPAX@std@@@2@$0A@@std@@@std@@IAEXPAU_Node@?$_Tree_nod@V?$_Tmap_traits@PAXPAXU?$less@PAX@std@@V?$allocator@U?$pair@QAXPAX@std@@@2@$0A@@std@@@2@@Z 10004ee0 f i class_extend.obj
 0001:00003f40       ?_Inc@const_iterator@?$_Tree@V?$_Tmap_traits@PAXPAXU?$less@PAX@std@@V?$allocator@U?$pair@QAXPAX@std@@@2@$0A@@std@@@std@@QAEXXZ 10004f40 f i class_extend.obj
 0001:00003fb0       ?_Lrotate@?$_Tree@V?$_Tmap_traits@PAXPAXU?$less@PAX@std@@V?$allocator@U?$pair@QAXPAX@std@@@2@$0A@@std@@@std@@IAEXPAU_Node@?$_Tree_nod@V?$_Tmap_traits@PAXPAXU?$less@PAX@std@@V?$allocator@U?$pair@QAXPAX@std@@@2@$0A@@std@@@2@@Z 10004fb0 f i class_extend.obj
 0001:00004000       ?_Erase@?$_Tree@V?$_Tmap_traits@PAXPAXU?$less@PAX@std@@V?$allocator@U?$pair@QAXPAX@std@@@2@$0A@@std@@@std@@IAEXPAU_Node@?$_Tree_nod@V?$_Tmap_traits@PAXPAXU?$less@PAX@std@@V?$allocator@U?$pair@QAXPAX@std@@@2@$0A@@std@@@2@@Z 10005000 f i class_extend.obj
 0001:00004040       ?_Buynode@?$_Tree@V?$_Tmap_traits@PAXPAXU?$less@PAX@std@@V?$allocator@U?$pair@QAXPAX@std@@@2@$0A@@std@@@std@@IAEPAU_Node@?$_Tree_nod@V?$_Tmap_traits@PAXPAXU?$less@PAX@std@@V?$allocator@U?$pair@QAXPAX@std@@@2@$0A@@std@@@2@XZ 10005040 f i class_extend.obj
 0001:00004080       ?erase@?$_Tree@V?$_Tmap_traits@PAXPAXU?$less@PAX@std@@V?$allocator@U?$pair@QAXPAX@std@@@2@$0A@@std@@@std@@QAE?AViterator@12@V312@@Z 10005080 f i class_extend.obj
 0001:00004340       ??0out_of_range@std@@QAE@ABV01@@Z 10005340 f i class_extend.obj
 0001:00004360       ?erase@?$_Tree@V?$_Tmap_traits@PAXPAXU?$less@PAX@std@@V?$allocator@U?$pair@QAXPAX@std@@@2@$0A@@std@@@std@@QAE?AViterator@12@V312@0@Z 10005360 f i class_extend.obj
 0001:00004430       ?_Incref@facet@locale@std@@QAEXXZ 10005430 f i config.obj
 0001:00004460       ?_Decref@facet@locale@std@@QAEPAV123@XZ 10005460 f i config.obj
 0001:000044a0       ??1locale@std@@QAE@XZ      100054a0 f i config.obj
 0001:000044f0       ??_E?$codecvt@DDH@std@@MAEPAXI@Z 100054f0 f i config.obj
 0001:000044f0       ??_G?$codecvt@DDH@std@@MAEPAXI@Z 100054f0 f i config.obj
 0001:000044f0       ??_Gfacet@locale@std@@UAEPAXI@Z 100054f0 f i config.obj
 0001:000044f0       ??_Efacet@locale@std@@UAEPAXI@Z 100054f0 f i config.obj
 0001:00004510       ??1facet@locale@std@@UAE@XZ 10005510 f i config.obj
 0001:00004510       ??1codecvt_base@std@@UAE@XZ 10005510 f i config.obj
 0001:00004510       ??1ctype_base@std@@UAE@XZ  10005510 f i config.obj
 0001:00004520       ?do_max_length@codecvt_base@std@@MBEHXZ 10005520 f i config.obj
 0001:00004520       ?do_encoding@codecvt_base@std@@MBEHXZ 10005520 f i config.obj
 0001:00004530       ?getloc@ios_base@std@@QBE?AVlocale@2@XZ 10005530 f i config.obj
 0001:00004570       ??_Eios_base@std@@UAEPAXI@Z 10005570 f i config.obj
 0001:00004570       ??_E?$basic_ios@DU?$char_traits@D@std@@@std@@UAEPAXI@Z 10005570 f i config.obj
 0001:00004570       ??_Gios_base@std@@UAEPAXI@Z 10005570 f i config.obj
 0001:00004570       ??_G?$basic_ios@DU?$char_traits@D@std@@@std@@UAEPAXI@Z 10005570 f i config.obj
 0001:000045a0       ??1?$basic_ios@DU?$char_traits@D@std@@@std@@UAE@XZ 100055a0 f i config.obj
 0001:000045b0       ??1?$basic_istream@DU?$char_traits@D@std@@@std@@UAE@XZ 100055b0 f i config.obj
 0001:000045c0       ?_Gnavail@?$basic_streambuf@DU?$char_traits@D@std@@@std@@IBEHXZ 100055c0 f i config.obj
 0001:000045e0       ?_Chassign@?$basic_string@DU?$char_traits@D@std@@V?$allocator@D@2@@std@@IAEXIID@Z 100055e0 f i config.obj
 0001:00004640       ?getloc@?$basic_streambuf@DU?$char_traits@D@std@@@std@@QBE?AVlocale@2@XZ 10005640 f i config.obj
 0001:00004680       ??1_Sentry_base@?$basic_istream@DU?$char_traits@D@std@@@std@@QAE@XZ 10005680 f i config.obj
 0001:00004680       ??1sentry@?$basic_istream@DU?$char_traits@D@std@@@std@@QAE@XZ 10005680 f i config.obj
 0001:00004680       ??1_Sentry_base@?$basic_ostream@DU?$char_traits@D@std@@@std@@QAE@XZ 10005680 f i serialize.obj
 0001:000046a0       ??1?$basic_streambuf@DU?$char_traits@D@std@@@std@@UAE@XZ 100056a0 f i config.obj
 0001:00004720       ?pbackfail@?$basic_streambuf@DU?$char_traits@D@std@@@std@@MAEHH@Z 10005720 f i config.obj
 0001:00004720       ?overflow@?$basic_streambuf@DU?$char_traits@D@std@@@std@@MAEHH@Z 10005720 f i config.obj
 0001:00004730       ?OnMessage@CWindow@GUI@zxmgr@@SAKKKK@Z 10005730 f i zxmgr_gui.obj
 0001:00004730       ?sync@?$basic_streambuf@DU?$char_traits@D@std@@@std@@MAEHXZ 10005730 f i config.obj
 0001:00004730       ?PopulateWindow@CWindow@GUI@zxmgr@@SAKKPAUtagRECT@@@Z 10005730 f i zxmgr_gui.obj
 0001:00004730       ?showmanyc@?$basic_streambuf@DU?$char_traits@D@std@@@std@@MAEHXZ 10005730 f i config.obj
 0001:00004740       ?underflow@?$basic_streambuf@DU?$char_traits@D@std@@@std@@MAEHXZ 10005740 f i config.obj
 0001:00004750       ?xsgetn@?$basic_streambuf@DU?$char_traits@D@std@@@std@@MAEHPADH@Z 10005750 f i config.obj
 0001:00004770       ?setbuf@?$basic_streambuf@DU?$char_traits@D@std@@@std@@MAEPAV12@PADH@Z 10005770 f i config.obj
 0001:00004780       ?_Pnavail@?$basic_streambuf@DU?$char_traits@D@std@@@std@@IBEHXZ 10005780 f i config.obj
 0001:000047a0       ?uflow@?$basic_streambuf@DU?$char_traits@D@std@@@std@@MAEHXZ 100057a0 f i config.obj
 0001:000047d0       ?seekoff@?$basic_streambuf@DU?$char_traits@D@std@@@std@@MAE?AV?$fpos@H@2@JHH@Z 100057d0 f i config.obj
 0001:000047f0       ?seekpos@?$basic_streambuf@DU?$char_traits@D@std@@@std@@MAE?AV?$fpos@H@2@V32@H@Z 100057f0 f i config.obj
 0001:00004810       ??_G?$basic_istream@DU?$char_traits@D@std@@@std@@UAEPAXI@Z 10005810 f i config.obj
 0001:00004810       ??_E?$basic_istream@DU?$char_traits@D@std@@@std@@UAEPAXI@Z 10005810 f i config.obj
 0001:00004850       ??_E?$basic_streambuf@DU?$char_traits@D@std@@@std@@UAEPAXI@Z 10005850 f i config.obj
 0001:00004850       ??_G?$basic_streambuf@DU?$char_traits@D@std@@@std@@UAEPAXI@Z 10005850 f i config.obj
 0001:00004870       ?find@?$basic_string@DU?$char_traits@D@std@@V?$allocator@D@2@@std@@QBEIPBDII@Z 10005870 f i config.obj
 0001:00004930       ?find_first_of@?$basic_string@DU?$char_traits@D@std@@V?$allocator@D@2@@std@@QBEIPBDII@Z 10005930 f i config.obj
 0001:000049c0       ??D?$_String_iterator@DU?$char_traits@D@std@@V?$allocator@D@2@@std@@QBEAADXZ 100059c0 f i config.obj
 0001:00004a00       ?_Init@?$basic_streambuf@DU?$char_traits@D@std@@@std@@IAEXXZ 10005a00 f i config.obj
 0001:00004a60       ??0?$_String_const_iterator@DU?$char_traits@D@std@@V?$allocator@D@2@@std@@QAE@PBDPBU_Container_base@1@@Z 10005a60 f i config.obj
 0001:00004ac0       ?snextc@?$basic_streambuf@DU?$char_traits@D@std@@@std@@QAEHXZ 10005ac0 f i config.obj
 0001:00004b40       ?_Xsgetn_s@?$basic_streambuf@DU?$char_traits@D@std@@@std@@MAEHPADIH@Z 10005b40 f i config.obj
 0001:00004be0       ?xsputn@?$basic_streambuf@DU?$char_traits@D@std@@@std@@MAEHPBDH@Z 10005be0 f i config.obj
 0001:00004c80       ??0?$basic_streambuf@DU?$char_traits@D@std@@@std@@IAE@XZ 10005c80 f i config.obj
 0001:00004d30       ??$?8DU?$char_traits@D@std@@V?$allocator@D@1@@std@@YA_NABV?$basic_string@DU?$char_traits@D@std@@V?$allocator@D@2@@0@PBD@Z 10005d30 f i config.obj
 0001:00004d70       ?begin@?$basic_string@DU?$char_traits@D@std@@V?$allocator@D@2@@std@@QAE?AV?$_String_iterator@DU?$char_traits@D@std@@V?$allocator@D@2@@2@XZ 10005d70 f i config.obj
 0001:00004db0       ??$_Fputc@D@std@@YA_NDPAU_iobuf@@@Z 10005db0 f i config.obj
 0001:00004dd0       ?sync@?$basic_filebuf@DU?$char_traits@D@std@@@std@@MAEHXZ 10005dd0 f i config.obj
 0001:00004e00       ?pbackfail@?$basic_filebuf@DU?$char_traits@D@std@@@std@@MAEHH@Z 10005e00 f i config.obj
 0001:00004e70       ?underflow@?$basic_filebuf@DU?$char_traits@D@std@@@std@@MAEHXZ 10005e70 f i config.obj
 0001:00004ec0       ?setbuf@?$basic_filebuf@DU?$char_traits@D@std@@@std@@MAEPAV?$basic_streambuf@DU?$char_traits@D@std@@@2@PADH@Z 10005ec0 f i config.obj
 0001:00004f50       ??1failure@ios_base@std@@UAE@XZ 10005f50 f i config.obj
 0001:00004f50       ??1runtime_error@std@@UAE@XZ 10005f50 f i config.obj
 0001:00004f90       ?what@runtime_error@std@@UBEPBDXZ 10005f90 f i config.obj
 0001:00004f90       ?what@logic_error@std@@UBEPBDXZ 10005f90 f i chat_history.obj
 0001:00004fa0       ??_Eruntime_error@std@@UAEPAXI@Z 10005fa0 f i config.obj
 0001:00004fa0       ??_Efailure@ios_base@std@@UAEPAXI@Z 10005fa0 f i config.obj
 0001:00004fa0       ??_Gruntime_error@std@@UAEPAXI@Z 10005fa0 f i config.obj
 0001:00004fa0       ??_Gfailure@ios_base@std@@UAEPAXI@Z 10005fa0 f i config.obj
 0001:00004ff0       ??1_Locinfo@std@@QAE@XZ    10005ff0 f i config.obj
 0001:000050d0       ?append@?$basic_string@DU?$char_traits@D@std@@V?$allocator@D@2@@std@@QAEAAV12@ID@Z 100060d0 f i config.obj
 0001:00005180       ?uflow@?$basic_filebuf@DU?$char_traits@D@std@@@std@@MAEHXZ 10006180 f i config.obj
 0001:000054e0       ?_Endwrite@?$basic_filebuf@DU?$char_traits@D@std@@@std@@IAE_NXZ 100064e0 f i config.obj
 0001:00005800       ??0runtime_error@std@@QAE@ABV?$basic_string@DU?$char_traits@D@std@@V?$allocator@D@2@@1@@Z 10006800 f i config.obj
 0001:00005870       ?overflow@?$basic_filebuf@DU?$char_traits@D@std@@@std@@MAEHH@Z 10006870 f i config.obj
 0001:00005c40       ?seekoff@?$basic_filebuf@DU?$char_traits@D@std@@@std@@MAE?AV?$fpos@H@2@JHH@Z 10006c40 f i config.obj
 0001:00005d20       ?seekpos@?$basic_filebuf@DU?$char_traits@D@std@@@std@@MAE?AV?$fpos@H@2@V32@H@Z 10006d20 f i config.obj
 0001:00005e10       ?close@?$basic_filebuf@DU?$char_traits@D@std@@@std@@QAEPAV12@XZ 10006e10 f i config.obj
 0001:00005e60       ??0_Locinfo@std@@QAE@PBD@Z 10006e60 f i config.obj
 0001:00005f30       ??0runtime_error@std@@QAE@ABV01@@Z 10006f30 f i config.obj
 0001:00005fb0       ??0?$ctype@D@std@@QAE@PBF_NI@Z 10006fb0 f i config.obj
 0001:000060b0       ?do_tolower@?$ctype@D@std@@MBEDD@Z 100070b0 f i config.obj
 0001:000060d0       ?do_tolower@?$ctype@D@std@@MBEPBDPADPBD@Z 100070d0 f i config.obj
 0001:00006100       ?do_toupper@?$ctype@D@std@@MBEDD@Z 10007100 f i config.obj
 0001:00006120       ?do_toupper@?$ctype@D@std@@MBEPBDPADPBD@Z 10007120 f i config.obj
 0001:00006150       ?do_widen@?$ctype@D@std@@MBEDD@Z 10007150 f i config.obj
 0001:00006160       ?do_widen@?$ctype@D@std@@MBEPBDPBD0PAD@Z 10007160 f i config.obj
 0001:00006190       ?_Do_widen_s@?$ctype@D@std@@MBEPBDPBD0PADI@Z 10007190 f i config.obj
 0001:000061d0       ?do_narrow@?$ctype@D@std@@MBEDDD@Z 100071d0 f i config.obj
 0001:000061e0       ?do_narrow@?$ctype@D@std@@MBEPBDPBD0DPAD@Z 100071e0 f i config.obj
 0001:00006210       ?_Do_narrow_s@?$ctype@D@std@@MBEPBDPBD0DPADI@Z 10007210 f i config.obj
 0001:00006250       ??_G?$ctype@D@std@@MAEPAXI@Z 10007250 f i config.obj
 0001:00006250       ??_E?$ctype@D@std@@MAEPAXI@Z 10007250 f i config.obj
 0001:000062a0       ?_Getcat@?$ctype@D@std@@SAIPAPBVfacet@locale@2@@Z 100072a0 f i config.obj
 0001:00006320       ?clear@ios_base@std@@QAEXH_N@Z 10007320 f i config.obj
 0001:00006450       ??0failure@ios_base@std@@QAE@ABV012@@Z 10007450 f i config.obj
 0001:00006470       ?_Init@ios_base@std@@IAEXXZ 10007470 f i config.obj
 0001:000064f0       ??1?$basic_filebuf@DU?$char_traits@D@std@@@std@@UAE@XZ 100074f0 f i config.obj
 0001:00006560       ??1?$basic_ifstream@DU?$char_traits@D@std@@@std@@UAE@XZ 10007560 f i config.obj
 0001:000065d0       ??_G?$basic_filebuf@DU?$char_traits@D@std@@@std@@UAEPAXI@Z 100075d0 f i config.obj
 0001:000065d0       ??_E?$basic_filebuf@DU?$char_traits@D@std@@@std@@UAEPAXI@Z 100075d0 f i config.obj
 0001:000065f0       ??$use_facet@V?$ctype@D@std@@@std@@YAABV?$ctype@D@0@ABVlocale@0@@Z 100075f0 f i config.obj
 0001:00006720       ??0?$codecvt@DDH@std@@QAE@I@Z 10007720 f i config.obj
 0001:000067b0       ?do_in@?$codecvt@DDH@std@@MBEHAAHPBD1AAPBDPAD3AAPAD@Z 100077b0 f i config.obj
 0001:000067b0       ?do_out@?$codecvt@DDH@std@@MBEHAAHPBD1AAPBDPAD3AAPAD@Z 100077b0 f i config.obj
 0001:000067d0       ?do_unshift@?$codecvt@DDH@std@@MBEHAAHPAD1AAPAD@Z 100077d0 f i config.obj
 0001:000067f0       ?do_length@?$codecvt@DDH@std@@MBEHABHPBD1I@Z 100077f0 f i config.obj
 0001:00006810       ??_D?$basic_ifstream@DU?$char_traits@D@std@@@std@@QAEXXZ 10007810 f i config.obj
 0001:00006830       ?close@?$basic_ifstream@DU?$char_traits@D@std@@@std@@QAEXXZ 10007830 f i config.obj
 0001:00006860       ??_E?$basic_ifstream@DU?$char_traits@D@std@@@std@@UAEPAXI@Z 10007860 f i config.obj
 0001:00006860       ??_G?$basic_ifstream@DU?$char_traits@D@std@@@std@@UAEPAXI@Z 10007860 f i config.obj
 0001:000068a0       ?widen@?$basic_ios@DU?$char_traits@D@std@@@std@@QBEDD@Z 100078a0 f i config.obj
 0001:00006960       ?_Getcat@?$codecvt@DDH@std@@SAIPAPBVfacet@locale@2@@Z 10007960 f i config.obj
 0001:000069d0       ?flush@?$basic_ostream@DU?$char_traits@D@std@@@std@@QAEAAV12@XZ 100079d0 f i config.obj
 0001:00006a20       ?_Ipfx@?$basic_istream@DU?$char_traits@D@std@@@std@@QAE_N_N@Z 10007a20 f i config.obj
 0001:00006bc0       ??$use_facet@V?$codecvt@DDH@std@@@std@@YAABV?$codecvt@DDH@0@ABVlocale@0@@Z 10007bc0 f i config.obj
 0001:00006cf0       ??0sentry@?$basic_istream@DU?$char_traits@D@std@@@std@@QAE@AAV12@_N@Z 10007cf0 f i config.obj
 0001:00006d60       ?imbue@?$basic_filebuf@DU?$char_traits@D@std@@@std@@MAEXABVlocale@2@@Z 10007d60 f i config.obj
 0001:00006da0       ?open@?$basic_filebuf@DU?$char_traits@D@std@@@std@@QAEPAV12@PBDHH@Z 10007da0 f i config.obj
 0001:00006ec0       ??$getline@DU?$char_traits@D@std@@V?$allocator@D@2@@std@@YAAAV?$basic_istream@DU?$char_traits@D@std@@@0@AAV10@AAV?$basic_string@DU?$char_traits@D@std@@V?$allocator@D@2@@0@D@Z 10007ec0 f i config.obj
 0001:00007060       ??0?$basic_ifstream@DU?$char_traits@D@std@@@std@@QAE@XZ 10008060 f i config.obj
 0001:00007160       ?open@?$basic_ifstream@DU?$char_traits@D@std@@@std@@QAEXPBDHH@Z 10008160 f i config.obj
 0001:000071b0       ?ParseConfig2x@@YAXAAV?$basic_ifstream@DU?$char_traits@D@std@@@std@@@Z 100081b0 f   config.obj
 0001:00007d30       ?ParseConfig1x@@YAXAAV?$basic_ifstream@DU?$char_traits@D@std@@@std@@@Z 10008d30 f   config.obj
 0001:000080e0       ?ParseConfig@@YAXXZ        100090e0 f   config.obj
 0001:00008250       ?CheckValid@@YGKPAXK@Z     10009250 f   crash.obj
 0001:00008270       ?CheckValidW@@YGKPAXK@Z    10009270 f   crash.obj
 0001:00008290       ?CRASH_fix_414994@@YAXXZ   10009290 f   crash.obj
 0001:000082c0       ?CRASH_fix_42353A@@YAXXZ   100092c0 f   crash.obj
 0001:000082f0       ?CRASH_fix_523295@@YAXXZ   100092f0 f   crash.obj
 0001:00008320       ?CRASH_fix_46AD10@@YAXXZ   10009320 f   crash.obj
 0001:00008380       ?CRASH_fix_420450@@YAXXZ   10009380 f   crash.obj
 0001:000083b0       ?CRASH_fix_45FC3B@@YAXXZ   100093b0 f   crash.obj
 0001:000083e0       ?CRASH_fix_458CF9@@YAXXZ   100093e0 f   crash.obj
 0001:00008420       ?CRASH_fix_4657AD@@YAXXZ   10009420 f   crash.obj
 0001:00008450       ?CRASH_fix_46B685@@YAXXZ   10009450 f   crash.obj
 0001:00008480       ?shop_init_2@@YAXXZ        10009480 f   crash.obj
 0001:000084d0       ?CRASH_fix_4BEE2D@@YAXXZ   100094d0 f   crash.obj
 0001:000084e0       ?CRASH_fix_4AAB7E@@YAXXZ   100094e0 f   crash.obj
 0001:00008500       ?CRASH_fix_multiwindow_1@@YAXXZ 10009500 f   crash.obj
 0001:00008520       ?CRASH_fix_multiwindow_2@@YAXXZ 10009520 f   crash.obj
 0001:00008540       ?CRASH_fix_multiwindow_3@@YAXXZ 10009540 f   crash.obj
 0001:00008560       ?CRASH_fix_multiwindow_4@@YAXXZ 10009560 f   crash.obj
 0001:00008580       ?Calculate@CRC_32@@AAEXQAEIAAK@Z 10009580 f   CRC_32.obj
 0001:000085c0       ?CRC32ThreadProc@CRC_32@@CGKPAX@Z 100095c0 f   CRC_32.obj
 0001:00008830       ??0CRC_32@@QAE@XZ          10009830 f   CRC_32.obj
 0001:00008980       ?CalcCRC@CRC_32@@QAEKPAXIPAUHWND__@@@Z 10009980 f   CRC_32.obj
 0001:00008a80       ?log_str@@YAXPADK@Z        10009a80 f   debug.obj
 0001:00008aa0       ?DBG_logStrings@@YAXXZ     10009aa0 f   debug.obj
 0001:00008ae0       ?exc_handler_run@@YAKPAU_EXCEPTION_POINTERS@@@Z 10009ae0 f   debug.obj
 0001:00008c10       ?setup_handler@@YAXXZ      10009c10 f   debug.obj
 0001:00008c20       ?_decideState@@YGXK@Z      10009c20 f   debug.obj
 0001:00008c40       ?DBG_decideState@@YAXXZ    10009c40 f   debug.obj
 0001:00008c70       ??8const_iterator@?$_Tree@V?$_Tmap_traits@V?$basic_string@DU?$char_traits@D@std@@V?$allocator@D@2@@std@@V12@U?$less@V?$basic_string@DU?$char_traits@D@std@@V?$allocator@D@2@@std@@@2@V?$allocator@U?$pair@$$CBV?$basic_string@DU?$char_traits@D@std@@V?$allocator@D@2@@std@@V12@@std@@@2@$0A@@std@@@std@@QBE_NABV012@@Z 10009c70 f i happyhttp.obj
 0001:00008c70       ??8const_iterator@?$_Tree@V?$_Tmap_traits@PBDV?$basic_string@DU?$char_traits@D@std@@V?$allocator@D@2@@std@@U?$less@PBD@2@V?$allocator@U?$pair@QBDV?$basic_string@DU?$char_traits@D@std@@V?$allocator@D@2@@std@@@std@@@2@$0A@@std@@@std@@QBE_NABV012@@Z 10009c70 f i debug.obj
 0001:00008ca0       ?_Min@?$_Tree@V?$_Tmap_traits@KV?$basic_string@DU?$char_traits@D@std@@V?$allocator@D@2@@std@@U?$less@K@2@V?$allocator@U?$pair@$$CBKV?$basic_string@DU?$char_traits@D@std@@V?$allocator@D@2@@std@@@std@@@2@$0A@@std@@@std@@KAPAU_Node@?$_Tree_nod@V?$_Tmap_traits@KV?$basic_string@DU?$char_traits@D@std@@V?$allocator@D@2@@std@@U?$less@K@2@V?$allocator@U?$pair@$$CBKV?$basic_string@DU?$char_traits@D@std@@V?$allocator@D@2@@std@@@std@@@2@$0A@@std@@@2@PAU342@@Z 10009ca0 f i debug.obj
 0001:00008ca0       ?_Min@?$_Tree@V?$_Tmap_traits@PBDV?$basic_string@DU?$char_traits@D@std@@V?$allocator@D@2@@std@@U?$less@PBD@2@V?$allocator@U?$pair@QBDV?$basic_string@DU?$char_traits@D@std@@V?$allocator@D@2@@std@@@std@@@2@$0A@@std@@@std@@KAPAU_Node@?$_Tree_nod@V?$_Tmap_traits@PBDV?$basic_string@DU?$char_traits@D@std@@V?$allocator@D@2@@std@@U?$less@PBD@2@V?$allocator@U?$pair@QBDV?$basic_string@DU?$char_traits@D@std@@V?$allocator@D@2@@std@@@std@@@2@$0A@@std@@@2@PAU342@@Z 10009ca0 f i debug.obj
 0001:00008cc0       ?_Rrotate@?$_Tree@V?$_Tmap_traits@KV?$basic_string@DU?$char_traits@D@std@@V?$allocator@D@2@@std@@U?$less@K@2@V?$allocator@U?$pair@$$CBKV?$basic_string@DU?$char_traits@D@std@@V?$allocator@D@2@@std@@@std@@@2@$0A@@std@@@std@@IAEXPAU_Node@?$_Tree_nod@V?$_Tmap_traits@KV?$basic_string@DU?$char_traits@D@std@@V?$allocator@D@2@@std@@U?$less@K@2@V?$allocator@U?$pair@$$CBKV?$basic_string@DU?$char_traits@D@std@@V?$allocator@D@2@@std@@@std@@@2@$0A@@std@@@2@@Z 10009cc0 f i debug.obj
 0001:00008cc0       ?_Rrotate@?$_Tree@V?$_Tmap_traits@PBDV?$basic_string@DU?$char_traits@D@std@@V?$allocator@D@2@@std@@U?$less@PBD@2@V?$allocator@U?$pair@QBDV?$basic_string@DU?$char_traits@D@std@@V?$allocator@D@2@@std@@@std@@@2@$0A@@std@@@std@@IAEXPAU_Node@?$_Tree_nod@V?$_Tmap_traits@PBDV?$basic_string@DU?$char_traits@D@std@@V?$allocator@D@2@@std@@U?$less@PBD@2@V?$allocator@U?$pair@QBDV?$basic_string@DU?$char_traits@D@std@@V?$allocator@D@2@@std@@@std@@@2@$0A@@std@@@2@@Z 10009cc0 f i debug.obj
 0001:00008d20       ?_Max@?$_Tree@V?$_Tmap_traits@KV?$basic_string@DU?$char_traits@D@std@@V?$allocator@D@2@@std@@U?$less@K@2@V?$allocator@U?$pair@$$CBKV?$basic_string@DU?$char_traits@D@std@@V?$allocator@D@2@@std@@@std@@@2@$0A@@std@@@std@@KAPAU_Node@?$_Tree_nod@V?$_Tmap_traits@KV?$basic_string@DU?$char_traits@D@std@@V?$allocator@D@2@@std@@U?$less@K@2@V?$allocator@U?$pair@$$CBKV?$basic_string@DU?$char_traits@D@std@@V?$allocator@D@2@@std@@@std@@@2@$0A@@std@@@2@PAU342@@Z 10009d20 f i debug.obj
 0001:00008d20       ?_Max@?$_Tree@V?$_Tmap_traits@PBDV?$basic_string@DU?$char_traits@D@std@@V?$allocator@D@2@@std@@U?$less@PBD@2@V?$allocator@U?$pair@QBDV?$basic_string@DU?$char_traits@D@std@@V?$allocator@D@2@@std@@@std@@@2@$0A@@std@@@std@@KAPAU_Node@?$_Tree_nod@V?$_Tmap_traits@PBDV?$basic_string@DU?$char_traits@D@std@@V?$allocator@D@2@@std@@U?$less@PBD@2@V?$allocator@U?$pair@QBDV?$basic_string@DU?$char_traits@D@std@@V?$allocator@D@2@@std@@@std@@@2@$0A@@std@@@2@PAU342@@Z 10009d20 f i debug.obj
 0001:00008d40       ?_Dec@const_iterator@?$_Tree@V?$_Tmap_traits@PBDV?$basic_string@DU?$char_traits@D@std@@V?$allocator@D@2@@std@@U?$less@PBD@2@V?$allocator@U?$pair@QBDV?$basic_string@DU?$char_traits@D@std@@V?$allocator@D@2@@std@@@std@@@2@$0A@@std@@@std@@QAEXXZ 10009d40 f i debug.obj
 0001:00008dd0       ?_Inc@const_iterator@?$_Tree@V?$_Tmap_traits@KV?$basic_string@DU?$char_traits@D@std@@V?$allocator@D@2@@std@@U?$less@K@2@V?$allocator@U?$pair@$$CBKV?$basic_string@DU?$char_traits@D@std@@V?$allocator@D@2@@std@@@std@@@2@$0A@@std@@@std@@QAEXXZ 10009dd0 f i debug.obj
 0001:00008dd0       ?_Inc@const_iterator@?$_Tree@V?$_Tmap_traits@PBDV?$basic_string@DU?$char_traits@D@std@@V?$allocator@D@2@@std@@U?$less@PBD@2@V?$allocator@U?$pair@QBDV?$basic_string@DU?$char_traits@D@std@@V?$allocator@D@2@@std@@@std@@@2@$0A@@std@@@std@@QAEXXZ 10009dd0 f i debug.obj
 0001:00008e40       ?_Lrotate@?$_Tree@V?$_Tmap_traits@PBDV?$basic_string@DU?$char_traits@D@std@@V?$allocator@D@2@@std@@U?$less@PBD@2@V?$allocator@U?$pair@QBDV?$basic_string@DU?$char_traits@D@std@@V?$allocator@D@2@@std@@@std@@@2@$0A@@std@@@std@@IAEXPAU_Node@?$_Tree_nod@V?$_Tmap_traits@PBDV?$basic_string@DU?$char_traits@D@std@@V?$allocator@D@2@@std@@U?$less@PBD@2@V?$allocator@U?$pair@QBDV?$basic_string@DU?$char_traits@D@std@@V?$allocator@D@2@@std@@@std@@@2@$0A@@std@@@2@@Z 10009e40 f i debug.obj
 0001:00008e40       ?_Lrotate@?$_Tree@V?$_Tmap_traits@KV?$basic_string@DU?$char_traits@D@std@@V?$allocator@D@2@@std@@U?$less@K@2@V?$allocator@U?$pair@$$CBKV?$basic_string@DU?$char_traits@D@std@@V?$allocator@D@2@@std@@@std@@@2@$0A@@std@@@std@@IAEXPAU_Node@?$_Tree_nod@V?$_Tmap_traits@KV?$basic_string@DU?$char_traits@D@std@@V?$allocator@D@2@@std@@U?$less@K@2@V?$allocator@U?$pair@$$CBKV?$basic_string@DU?$char_traits@D@std@@V?$allocator@D@2@@std@@@std@@@2@$0A@@std@@@2@@Z 10009e40 f i debug.obj
 0001:00008e90       ?_Buynode@?$_Tree@V?$_Tmap_traits@KV?$basic_string@DU?$char_traits@D@std@@V?$allocator@D@2@@std@@U?$less@K@2@V?$allocator@U?$pair@$$CBKV?$basic_string@DU?$char_traits@D@std@@V?$allocator@D@2@@std@@@std@@@2@$0A@@std@@@std@@IAEPAU_Node@?$_Tree_nod@V?$_Tmap_traits@KV?$basic_string@DU?$char_traits@D@std@@V?$allocator@D@2@@std@@U?$less@K@2@V?$allocator@U?$pair@$$CBKV?$basic_string@DU?$char_traits@D@std@@V?$allocator@D@2@@std@@@std@@@2@$0A@@std@@@2@XZ 10009e90 f i debug.obj
 0001:00008e90       ?_Buynode@?$_Tree@V?$_Tmap_traits@PBDV?$basic_string@DU?$char_traits@D@std@@V?$allocator@D@2@@std@@U?$less@PBD@2@V?$allocator@U?$pair@QBDV?$basic_string@DU?$char_traits@D@std@@V?$allocator@D@2@@std@@@std@@@2@$0A@@std@@@std@@IAEPAU_Node@?$_Tree_nod@V?$_Tmap_traits@PBDV?$basic_string@DU?$char_traits@D@std@@V?$allocator@D@2@@std@@U?$less@PBD@2@V?$allocator@U?$pair@QBDV?$basic_string@DU?$char_traits@D@std@@V?$allocator@D@2@@std@@@std@@@2@$0A@@std@@@2@XZ 10009e90 f i debug.obj
 0001:00008ed0       ??1?$pair@QBDV?$basic_string@DU?$char_traits@D@std@@V?$allocator@D@2@@std@@@std@@QAE@XZ 10009ed0 f i debug.obj
 0001:00008f00       ??0_Node@?$_Tree_nod@V?$_Tmap_traits@PBDV?$basic_string@DU?$char_traits@D@std@@V?$allocator@D@2@@std@@U?$less@PBD@2@V?$allocator@U?$pair@QBDV?$basic_string@DU?$char_traits@D@std@@V?$allocator@D@2@@std@@@std@@@2@$0A@@std@@@std@@QAE@PAU012@00ABU?$pair@QBDV?$basic_string@DU?$char_traits@D@std@@V?$allocator@D@2@@std@@@2@D@Z 10009f00 f i debug.obj
 0001:00008f60       ?_disp256@@YGXPBDK@Z       10009f60 f   debug.obj
 0001:00009090       ?DBG_disp256@@YAXXZ        1000a090 f   debug.obj
 0001:000090b0       ?DBG_di2p256@@YAXXZ        1000a0b0 f   debug.obj
 0001:000090d0       ?DBG_di3p256@@YAXXZ        1000a0d0 f   debug.obj
 0001:000090f0       ?erase@?$_Tree@V?$_Tmap_traits@KV?$basic_string@DU?$char_traits@D@std@@V?$allocator@D@2@@std@@U?$less@K@2@V?$allocator@U?$pair@$$CBKV?$basic_string@DU?$char_traits@D@std@@V?$allocator@D@2@@std@@@std@@@2@$0A@@std@@@std@@QAE?AViterator@12@V312@@Z 1000a0f0 f i debug.obj
 0001:000090f0       ?erase@?$_Tree@V?$_Tmap_traits@PBDV?$basic_string@DU?$char_traits@D@std@@V?$allocator@D@2@@std@@U?$less@PBD@2@V?$allocator@U?$pair@QBDV?$basic_string@DU?$char_traits@D@std@@V?$allocator@D@2@@std@@@std@@@2@$0A@@std@@@std@@QAE?AViterator@12@V312@@Z 1000a0f0 f i debug.obj
 0001:000093e0       ?_Buynode@?$_Tree@V?$_Tmap_traits@PBDV?$basic_string@DU?$char_traits@D@std@@V?$allocator@D@2@@std@@U?$less@PBD@2@V?$allocator@U?$pair@QBDV?$basic_string@DU?$char_traits@D@std@@V?$allocator@D@2@@std@@@std@@@2@$0A@@std@@@std@@IAEPAU_Node@?$_Tree_nod@V?$_Tmap_traits@PBDV?$basic_string@DU?$char_traits@D@std@@V?$allocator@D@2@@std@@U?$less@PBD@2@V?$allocator@U?$pair@QBDV?$basic_string@DU?$char_traits@D@std@@V?$allocator@D@2@@std@@@std@@@2@$0A@@std@@@2@PAU342@00ABU?$pair@QBDV?$basic_string@DU?$char_traits@D@std@@V?$allocator@D@2@@std@@@2@D@Z 1000a3e0 f i debug.obj
 0001:00009480       ?_Erase@?$_Tree@V?$_Tmap_traits@PBDV?$basic_string@DU?$char_traits@D@std@@V?$allocator@D@2@@std@@U?$less@PBD@2@V?$allocator@U?$pair@QBDV?$basic_string@DU?$char_traits@D@std@@V?$allocator@D@2@@std@@@std@@@2@$0A@@std@@@std@@IAEXPAU_Node@?$_Tree_nod@V?$_Tmap_traits@PBDV?$basic_string@DU?$char_traits@D@std@@V?$allocator@D@2@@std@@U?$less@PBD@2@V?$allocator@U?$pair@QBDV?$basic_string@DU?$char_traits@D@std@@V?$allocator@D@2@@std@@@std@@@2@$0A@@std@@@2@@Z 1000a480 f i debug.obj
 0001:00009480       ?_Erase@?$_Tree@V?$_Tmap_traits@KV?$basic_string@DU?$char_traits@D@std@@V?$allocator@D@2@@std@@U?$less@K@2@V?$allocator@U?$pair@$$CBKV?$basic_string@DU?$char_traits@D@std@@V?$allocator@D@2@@std@@@std@@@2@$0A@@std@@@std@@IAEXPAU_Node@?$_Tree_nod@V?$_Tmap_traits@KV?$basic_string@DU?$char_traits@D@std@@V?$allocator@D@2@@std@@U?$less@K@2@V?$allocator@U?$pair@$$CBKV?$basic_string@DU?$char_traits@D@std@@V?$allocator@D@2@@std@@@std@@@2@$0A@@std@@@2@@Z 1000a480 f i debug.obj
 0001:000094e0       ?_Insert@?$_Tree@V?$_Tmap_traits@PBDV?$basic_string@DU?$char_traits@D@std@@V?$allocator@D@2@@std@@U?$less@PBD@2@V?$allocator@U?$pair@QBDV?$basic_string@DU?$char_traits@D@std@@V?$allocator@D@2@@std@@@std@@@2@$0A@@std@@@std@@IAE?AViterator@12@_NPAU_Node@?$_Tree_nod@V?$_Tmap_traits@PBDV?$basic_string@DU?$char_traits@D@std@@V?$allocator@D@2@@std@@U?$less@PBD@2@V?$allocator@U?$pair@QBDV?$basic_string@DU?$char_traits@D@std@@V?$allocator@D@2@@std@@@std@@@2@$0A@@std@@@2@ABU?$pair@QBDV?$basic_string@DU?$char_traits@D@std@@V?$allocator@D@2@@std@@@2@@Z 1000a4e0 f i debug.obj
 0001:000096e0       ?insert@?$_Tree@V?$_Tmap_traits@PBDV?$basic_string@DU?$char_traits@D@std@@V?$allocator@D@2@@std@@U?$less@PBD@2@V?$allocator@U?$pair@QBDV?$basic_string@DU?$char_traits@D@std@@V?$allocator@D@2@@std@@@std@@@2@$0A@@std@@@std@@QAE?AU?$pair@Viterator@?$_Tree@V?$_Tmap_traits@PBDV?$basic_string@DU?$char_traits@D@std@@V?$allocator@D@2@@std@@U?$less@PBD@2@V?$allocator@U?$pair@QBDV?$basic_string@DU?$char_traits@D@std@@V?$allocator@D@2@@std@@@std@@@2@$0A@@std@@@std@@_N@2@ABU?$pair@QBDV?$basic_string@DU?$char_traits@D@std@@V?$allocator@D@2@@std@@@2@@Z 1000a6e0 f i debug.obj
 0001:000097a0       ?erase@?$_Tree@V?$_Tmap_traits@PBDV?$basic_string@DU?$char_traits@D@std@@V?$allocator@D@2@@std@@U?$less@PBD@2@V?$allocator@U?$pair@QBDV?$basic_string@DU?$char_traits@D@std@@V?$allocator@D@2@@std@@@std@@@2@$0A@@std@@@std@@QAE?AViterator@12@V312@0@Z 1000a7a0 f i debug.obj
 0001:000097a0       ?erase@?$_Tree@V?$_Tmap_traits@KV?$basic_string@DU?$char_traits@D@std@@V?$allocator@D@2@@std@@U?$less@K@2@V?$allocator@U?$pair@$$CBKV?$basic_string@DU?$char_traits@D@std@@V?$allocator@D@2@@std@@@std@@@2@$0A@@std@@@std@@QAE?AViterator@12@V312@0@Z 1000a7a0 f i debug.obj
 0001:00009870       ?insert@?$_Tree@V?$_Tmap_traits@PBDV?$basic_string@DU?$char_traits@D@std@@V?$allocator@D@2@@std@@U?$less@PBD@2@V?$allocator@U?$pair@QBDV?$basic_string@DU?$char_traits@D@std@@V?$allocator@D@2@@std@@@std@@@2@$0A@@std@@@std@@QAE?AViterator@12@V312@ABU?$pair@QBDV?$basic_string@DU?$char_traits@D@std@@V?$allocator@D@2@@std@@@2@@Z 1000a870 f i debug.obj
 0001:00009a30       ??A?$map@PBDV?$basic_string@DU?$char_traits@D@std@@V?$allocator@D@2@@std@@U?$less@PBD@2@V?$allocator@U?$pair@QBDV?$basic_string@DU?$char_traits@D@std@@V?$allocator@D@2@@std@@@std@@@2@@std@@QAEAAV?$basic_string@DU?$char_traits@D@std@@V?$allocator@D@2@@1@ABQBD@Z 1000aa30 f i debug.obj
 0001:00009b60       ?_load256@@YGXPBD0@Z       1000ab60 f   debug.obj
 0001:00009ba0       ?DBG_load256@@YAXXZ        1000aba0 f   debug.obj
 0001:00009be0       ?GetLength@File@@QAEIXZ    1000abe0 f   File.obj
 0001:00009bf0       ?size@?$vector@URecord@FileArchive@@V?$allocator@URecord@FileArchive@@@std@@@std@@QBEIXZ 1000abf0 f i File.obj
 0001:00009c10       ??Y?$_String_const_iterator@DU?$char_traits@D@std@@V?$allocator@D@2@@std@@QAEAAV01@H@Z 1000ac10 f i File.obj
 0001:00009c70       ??$_Allocate@URecord@FileArchive@@@std@@YAPAURecord@FileArchive@@IPAU12@@Z 1000ac70 f i File.obj
 0001:00009cd0       ??$_Allocate@PAURecord@FileArchive@@@std@@YAPAPAURecord@FileArchive@@IPAPAU12@@Z 1000acd0 f i File.obj
 0001:00009cd0       ??$_Allocate@PAPAVResponse@happyhttp@@@std@@YAPAPAPAVResponse@happyhttp@@IPAPAPAV12@@Z 1000acd0 f i happyhttp.obj
 0001:00009cd0       ??$_Allocate@I@std@@YAPAIIPAI@Z 1000acd0 f i File.obj
 0001:00009d30       ?tellg@?$basic_istream@DU?$char_traits@D@std@@@std@@QAE?AV?$fpos@H@2@XZ 1000ad30 f i File.obj
 0001:00009d80       ?_Tidy@?$vector@URecord@FileArchive@@V?$allocator@URecord@FileArchive@@@std@@@std@@IAEXXZ 1000ad80 f i File.obj
 0001:00009dd0       ??$_Copy_opt@PAURecord@FileArchive@@PAU12@@std@@YAPAURecord@FileArchive@@PAU12@00Urandom_access_iterator_tag@0@U_Nonscalar_ptr_iterator_tag@0@U_Range_checked_iterator_tag@0@@Z 1000add0 f i File.obj
 0001:00009e20       ??1?$vector@URecord@FileArchive@@V?$allocator@URecord@FileArchive@@@std@@@std@@QAE@XZ 1000ae20 f i File.obj
 0001:00009e30       ??$fill@PAPAURecord@FileArchive@@PAU12@@std@@YAXPAPAURecord@FileArchive@@0ABQAU12@@Z 1000ae30 f i File.obj
 0001:00009e30       ??$fill@PAII@std@@YAXPAI0ABI@Z 1000ae30 f i File.obj
 0001:00009e50       ??$_Unchecked_move_backward@PAPAURecord@FileArchive@@PAPAU12@@stdext@@YAPAPAURecord@FileArchive@@PAPAU12@00@Z 1000ae50 f i File.obj
 0001:00009e50       ??$_Unchecked_move_backward@PAIPAI@stdext@@YAPAIPAI00@Z 1000ae50 f i File.obj
 0001:00009e80       ??$unchecked_copy@PAURecord@FileArchive@@PAU12@@stdext@@YAPAURecord@FileArchive@@PAU12@00@Z 1000ae80 f i File.obj
 0001:00009eb0       ??1?$vector@PAURecord@FileArchive@@V?$allocator@PAURecord@FileArchive@@@std@@@std@@QAE@XZ 1000aeb0 f i File.obj
 0001:00009eb0       ??1?$vector@IV?$allocator@I@std@@@std@@QAE@XZ 1000aeb0 f i File.obj
 0001:00009ee0       ??1FileArchive@@QAE@XZ     1000aee0 f i File.obj
 0001:00009f70       ??1Record@FileArchive@@QAE@XZ 1000af70 f i File.obj
 0001:0000a000       ?insert@?$basic_string@DU?$char_traits@D@std@@V?$allocator@D@2@@std@@QAEAAV12@IID@Z 1000b000 f i File.obj
 0001:0000a100       ?erase@?$basic_string@DU?$char_traits@D@std@@V?$allocator@D@2@@std@@QAE?AV?$_String_iterator@DU?$char_traits@D@std@@V?$allocator@D@2@@2@V32@0@Z 1000b100 f i File.obj
 0001:0000a1d0       ??$_Umove@PAPAURecord@FileArchive@@@?$vector@PAURecord@FileArchive@@V?$allocator@PAURecord@FileArchive@@@std@@@std@@IAEPAPAURecord@FileArchive@@PAPAU23@00@Z 1000b1d0 f i File.obj
 0001:0000a1d0       ??$_Umove@PAI@?$vector@IV?$allocator@I@std@@@std@@IAEPAIPAI00@Z 1000b1d0 f i File.obj
 0001:0000a200       ?insert@?$basic_string@DU?$char_traits@D@std@@V?$allocator@D@2@@std@@QAE?AV?$_String_iterator@DU?$char_traits@D@std@@V?$allocator@D@2@@2@V32@D@Z 1000b200 f i File.obj
 0001:0000a2e0       ?clear@?$basic_string@DU?$char_traits@D@std@@V?$allocator@D@2@@std@@QAEXXZ 1000b2e0 f i File.obj
 0001:0000a380       ?_Ufill@?$vector@PAURecord@FileArchive@@V?$allocator@PAURecord@FileArchive@@@std@@@std@@IAEPAPAURecord@FileArchive@@PAPAU34@IABQAU34@@Z 1000b380 f i File.obj
 0001:0000a380       ?_Ufill@?$vector@IV?$allocator@I@std@@@std@@IAEPAIPAIIABI@Z 1000b380 f i File.obj
 0001:0000a3b0       ?_Xlen@?$vector@IV?$allocator@I@std@@@std@@KAXXZ 1000b3b0 f i File.obj
 0001:0000a3b0       ?_Xlen@?$vector@EV?$allocator@E@std@@@std@@KAXXZ 1000b3b0 f i serialize.obj
 0001:0000a3b0       ?_Xlen@?$vector@V?$vector@V?$basic_string@DU?$char_traits@D@std@@V?$allocator@D@2@@std@@V?$allocator@V?$basic_string@DU?$char_traits@D@std@@V?$allocator@D@2@@std@@@2@@std@@V?$allocator@V?$vector@V?$basic_string@DU?$char_traits@D@std@@V?$allocator@D@2@@std@@V?$allocator@V?$basic_string@DU?$char_traits@D@std@@V?$allocator@D@2@@std@@@2@@std@@@2@@std@@KAXXZ 1000b3b0 f i chat_history.obj
 0001:0000a3b0       ?_Xlen@?$vector@URecord@FileArchive@@V?$allocator@URecord@FileArchive@@@std@@@std@@KAXXZ 1000b3b0 f i File.obj
 0001:0000a3b0       ?_Xlen@?$vector@PAURecord@FileArchive@@V?$allocator@PAURecord@FileArchive@@@std@@@std@@KAXXZ 1000b3b0 f i File.obj
 0001:0000a3b0       ?_Xlen@?$vector@V?$basic_string@DU?$char_traits@D@std@@V?$allocator@D@2@@std@@V?$allocator@V?$basic_string@DU?$char_traits@D@std@@V?$allocator@D@2@@std@@@2@@std@@KAXXZ 1000b3b0 f i chat_history.obj
 0001:0000a430       ??$?HDU?$char_traits@D@std@@V?$allocator@D@1@@std@@YA?AV?$basic_string@DU?$char_traits@D@std@@V?$allocator@D@2@@0@PBDABV10@@Z 1000b430 f i File.obj
 0001:0000a4f0       ?seekg@?$basic_istream@DU?$char_traits@D@std@@@std@@QAEAAV12@V?$fpos@H@2@@Z 1000b4f0 f i File.obj
 0001:0000a580       ?seekg@?$basic_istream@DU?$char_traits@D@std@@@std@@QAEAAV12@JH@Z 1000b580 f i File.obj
 0001:0000a5f0       ?_Buy@?$vector@URecord@FileArchive@@V?$allocator@URecord@FileArchive@@@std@@@std@@IAE_NI@Z 1000b5f0 f i File.obj
 0001:0000a640       ?_Insert_n@?$vector@IV?$allocator@I@std@@@std@@IAEXV?$_Vector_iterator@IV?$allocator@I@std@@@2@IABI@Z 1000b640 f i File.obj
 0001:0000a640       ?_Insert_n@?$vector@PAURecord@FileArchive@@V?$allocator@PAURecord@FileArchive@@@std@@@std@@IAEXV?$_Vector_iterator@PAURecord@FileArchive@@V?$allocator@PAURecord@FileArchive@@@std@@@2@IABQAURecord@FileArchive@@@Z 1000b640 f i File.obj
 0001:0000a800       ?Close@File@@QAEXXZ        1000b800 f   File.obj
 0001:0000a850       ?Seek@File@@QAEXI@Z        1000b850 f   File.obj
 0001:0000a880       ?insert@?$vector@PAURecord@FileArchive@@V?$allocator@PAURecord@FileArchive@@@std@@@std@@QAE?AV?$_Vector_iterator@PAURecord@FileArchive@@V?$allocator@PAURecord@FileArchive@@@std@@@2@V32@ABQAURecord@FileArchive@@@Z 1000b880 f i File.obj
 0001:0000a880       ?insert@?$vector@IV?$allocator@I@std@@@std@@QAE?AV?$_Vector_iterator@IV?$allocator@I@std@@@2@V32@ABI@Z 1000b880 f i File.obj
 0001:0000a910       ??0Record@FileArchive@@QAE@XZ 1000b910 f i File.obj
 0001:0000a9a0       ??1File@@QAE@XZ            1000b9a0 f i File.obj
 0001:0000aa30       ?push_back@?$vector@PAURecord@FileArchive@@V?$allocator@PAURecord@FileArchive@@@std@@@std@@QAEXABQAURecord@FileArchive@@@Z 1000ba30 f i File.obj
 0001:0000aa30       ?push_back@?$vector@IV?$allocator@I@std@@@std@@QAEXABI@Z 1000ba30 f i File.obj
 0001:0000aaa0       ?_Read_s@?$basic_istream@DU?$char_traits@D@std@@@std@@QAEAAV12@PADIH@Z 1000baa0 f i File.obj
 0001:0000abc0       ?_Destroy@?$vector@URecord@FileArchive@@V?$allocator@URecord@FileArchive@@@std@@@std@@IAEXPAURecord@FileArchive@@0@Z 1000bbc0 f i File.obj
 0001:0000abf0       ??0?$vector@URecord@FileArchive@@V?$allocator@URecord@FileArchive@@@std@@@std@@QAE@ABV01@@Z 1000bbf0 f i File.obj
 0001:0000acf0       ?erase@?$vector@URecord@FileArchive@@V?$allocator@URecord@FileArchive@@@std@@@std@@QAE?AV?$_Vector_iterator@URecord@FileArchive@@V?$allocator@URecord@FileArchive@@@std@@@2@V32@0@Z 1000bcf0 f i File.obj
 0001:0000ad70       ??0Record@FileArchive@@QAE@ABU01@@Z 1000bd70 f i File.obj
 0001:0000ae20       ?clear@?$vector@URecord@FileArchive@@V?$allocator@URecord@FileArchive@@@std@@@std@@QAEXXZ 1000be20 f i File.obj
 0001:0000ae60       ?GetRecord@FileArchive@@QAEABURecord@1@V?$basic_string@DU?$char_traits@D@std@@V?$allocator@D@2@@std@@@Z 1000be60 f   File.obj
 0001:0000b260       ?Read@File@@QAEIPAXI@Z     1000c260 f   File.obj
 0001:0000b2c0       ??$_Uninit_copy@PAURecord@FileArchive@@PAU12@V?$allocator@URecord@FileArchive@@@std@@@std@@YAPAURecord@FileArchive@@PAU12@00AAV?$allocator@URecord@FileArchive@@@0@U_Nonscalar_ptr_iterator_tag@0@U_Range_checked_iterator_tag@0@@Z 1000c2c0 f i File.obj
 0001:0000b2c0       ??$_Uninit_copy@PBURecord@FileArchive@@PAU12@V?$allocator@URecord@FileArchive@@@std@@@std@@YAPAURecord@FileArchive@@PBU12@0PAU12@AAV?$allocator@URecord@FileArchive@@@0@U_Nonscalar_ptr_iterator_tag@0@U_Range_checked_iterator_tag@0@@Z 1000c2c0 f i File.obj
 0001:0000b360       ??0File@@QAE@XZ            1000c360 f   File.obj
 0001:0000b3e0       ?Open@File@@QAE_NV?$basic_string@DU?$char_traits@D@std@@V?$allocator@D@2@@std@@@Z 1000c3e0 f   File.obj
 0001:0000b6a0       ?FileExistsEx@@YA_NV?$basic_string@DU?$char_traits@D@std@@V?$allocator@D@2@@std@@@Z 1000c6a0 f   File.obj
 0001:0000b7e0       ??$_Uninit_fill_n@PAURecord@FileArchive@@IU12@V?$allocator@URecord@FileArchive@@@std@@@std@@YAXPAURecord@FileArchive@@IABU12@AAV?$allocator@URecord@FileArchive@@@0@U_Nonscalar_ptr_iterator_tag@0@U_Range_checked_iterator_tag@0@@Z 1000c7e0 f i File.obj
 0001:0000b880       ??$_Ucopy@PAURecord@FileArchive@@@?$vector@URecord@FileArchive@@V?$allocator@URecord@FileArchive@@@std@@@std@@IAEPAURecord@FileArchive@@PAU23@00@Z 1000c880 f i File.obj
 0001:0000b880       ??$_Umove@PAURecord@FileArchive@@@?$vector@URecord@FileArchive@@V?$allocator@URecord@FileArchive@@@std@@@std@@IAEPAURecord@FileArchive@@PAU23@00@Z 1000c880 f i File.obj
 0001:0000b8b0       ?_Ufill@?$vector@URecord@FileArchive@@V?$allocator@URecord@FileArchive@@@std@@@std@@IAEPAURecord@FileArchive@@PAU34@IABU34@@Z 1000c8b0 f i File.obj
 0001:0000b8f0       ??4?$vector@URecord@FileArchive@@V?$allocator@URecord@FileArchive@@@std@@@std@@QAEAAV01@ABV01@@Z 1000c8f0 f i File.obj
 0001:0000ba70       ??4Record@FileArchive@@QAEAAU01@ABU01@@Z 1000ca70 f i File.obj
 0001:0000bac0       ??$_Copy_backward_opt@PAURecord@FileArchive@@PAU12@Uforward_iterator_tag@std@@@std@@YAPAURecord@FileArchive@@PAU12@00Uforward_iterator_tag@0@U_Nonscalar_ptr_iterator_tag@0@U_Range_checked_iterator_tag@0@@Z 1000cac0 f i File.obj
 0001:0000bb30       ??$_Fill@PAURecord@FileArchive@@U12@@std@@YAXPAURecord@FileArchive@@0ABU12@@Z 1000cb30 f i File.obj
 0001:0000bb90       ??$_Copy_backward_opt@PAURecord@FileArchive@@PAU12@@std@@YAPAURecord@FileArchive@@PAU12@00Urandom_access_iterator_tag@0@U_Nonscalar_ptr_iterator_tag@0@U_Range_checked_iterator_tag@0@@Z 1000cb90 f i File.obj
 0001:0000bbf0       ??$_Unchecked_move_backward@PAURecord@FileArchive@@PAU12@@stdext@@YAPAURecord@FileArchive@@PAU12@00@Z 1000cbf0 f i File.obj
 0001:0000bc20       ?_Insert_n@?$vector@URecord@FileArchive@@V?$allocator@URecord@FileArchive@@@std@@@std@@IAEXV?$_Vector_iterator@URecord@FileArchive@@V?$allocator@URecord@FileArchive@@@std@@@2@IABURecord@FileArchive@@@Z 1000cc20 f i File.obj
 0001:0000bf20       ?insert@?$vector@URecord@FileArchive@@V?$allocator@URecord@FileArchive@@@std@@@std@@QAE?AV?$_Vector_iterator@URecord@FileArchive@@V?$allocator@URecord@FileArchive@@@std@@@2@V32@ABURecord@FileArchive@@@Z 1000cf20 f i File.obj
 0001:0000bfd0       ?push_back@?$vector@URecord@FileArchive@@V?$allocator@URecord@FileArchive@@@std@@@std@@QAEXABURecord@FileArchive@@@Z 1000cfd0 f i File.obj
 0001:0000c070       ?Open@FileArchive@@QAE_NV?$basic_string@DU?$char_traits@D@std@@V?$allocator@D@2@@std@@0@Z 1000d070 f   File.obj
 0001:0000c8f0       ?GRID_part1@@YAXXZ         1000d8f0 f   grid.obj
 0001:0000c950       ?GRID_part2@@YAXXZ         1000d950 f   grid.obj
 0001:0000c9b0       ?GRID_part3@@YAXXZ         1000d9b0 f   grid.obj
 0001:0000ca10       ?GRID_part4@@YAXXZ         1000da10 f   grid.obj
 0001:0000ca80       ?GRID_part5@@YAXXZ         1000da80 f   grid.obj
 0001:0000cae0       ?OnGMEnter@@YAKKK@Z        1000dae0 f   gui_bugfix.obj
 0001:0000cb20       ?GUI_gmEnter@@YAXXZ        1000db20 f   gui_bugfix.obj
 0001:0000cb70       ?GUI_textField_MeasurePosition@@YGKK@Z 1000db70 f   gui_bugfix.obj
 0001:0000cd30       ??1Image@@QAE@XZ           1000dd30 f   Image.obj
 0001:0000cd60       ?GetWidth@Image@@QAEIXZ    1000dd60 f   Image.obj
 0001:0000cd70       ?GetHeight@Image@@QAEIXZ   1000dd70 f   Image.obj
 0001:0000cd80       ?GetPixels@Image@@QAEPAIXZ 1000dd80 f   Image.obj
 0001:0000cd90       ??0Image@@QAE@V?$basic_string@DU?$char_traits@D@std@@V?$allocator@D@2@@std@@@Z 1000dd90 f   Image.obj
 0001:0000d1b0       ?IImage_CopyTo@@YGXHHHH@Z  1000e1b0 f   itempng.obj
 0001:0000d220       ?IImage_Display@@YGXHHHHH@Z 1000e220 f   itempng.obj
 0001:0000d460       ?IImage_Destruct@@YGXK@Z   1000e460 f   itempng.obj
 0001:0000d4a0       ?IImage_Construct@@YGPAXV?$basic_string@DU?$char_traits@D@std@@V?$allocator@D@2@@std@@@Z 1000e4a0 f   itempng.obj
 0001:0000d5a0       ?ITEMPNG_doLoadPngChar@@YGPAXPBD0@Z 1000e5a0 f   itempng.obj
 0001:0000d720       ?ITEMPNG_loadPngChar@@YAXXZ 1000e720 f   itempng.obj
 0001:0000d750       ?ITEMPNG_doLoadPng@@YGXPBDH00@Z 1000e750 f   itempng.obj
 0001:0000dbe0       ?ITEMPNG_loadPng@@YAXXZ    1000ebe0 f   itempng.obj
 0001:0000dc40       ?P_UnloadTiles@@YAXXZ      1000ec40 f   landscape_renderer.obj
 0001:0000dcb0       ?P_DisplayTileNative@@YGXGHHHHHHIIII@Z 1000ecb0 f   landscape_renderer.obj
 0001:0000dd10       ?TILES_displayTile1@@YAXXZ 1000ed10 f   landscape_renderer.obj
 0001:0000dd60       ?P_LoadTiles@@YAXXZ        1000ed60 f   landscape_renderer.obj
 0001:0000e0b0       ?P_LoadTilesNative@@YGXI@Z 1000f0b0 f   landscape_renderer.obj
 0001:0000e0d0       ?TILES_loadTiles@@YAXXZ    1000f0d0 f   landscape_renderer.obj
 0001:0000e100       ?DecideLanguage@@YAXXZ     1000f100 f   language.obj
 0001:0000e3c0       ?LANG_change_43EDEB@@YAXXZ 1000f3c0 f   language.obj
 0001:0000e3f0       ?LANG_change_474F27@@YAXXZ 1000f3f0 f   language.obj
 0001:0000e410       ?LANG_change_48626D@@YAXXZ 1000f410 f   language.obj
 0001:0000e530       ?LANG_change_48BA07@@YAXXZ 1000f530 f   language.obj
 0001:0000e550       ?LANG_change_48CA55@@YAXXZ 1000f550 f   language.obj
 0001:0000e570       ?LANG_change_491CDF@@YAXXZ 1000f570 f   language.obj
 0001:0000e590       ?LANG_change_4939A2@@YAXXZ 1000f590 f   language.obj
 0001:0000e5b0       ?LANG_change_493B23@@YAXXZ 1000f5b0 f   language.obj
 0001:0000e5d0       ?LANG_change_4B018F@@YAXXZ 1000f5d0 f   language.obj
 0001:0000e5f0       ?LANG_change_42B3D5@@YAXXZ 1000f5f0 f   language.obj
 0001:0000e600       ?LANG_change_43EEC3@@YAXXZ 1000f600 f   language.obj
 0001:0000e620       ?LANG_change_460F9B@@YAXXZ 1000f620 f   language.obj
 0001:0000e630       ?LANG_change_474375@@YAXXZ 1000f630 f   language.obj
 0001:0000e640       ?LANG_change_4743C9@@YAXXZ 1000f640 f   language.obj
 0001:0000e650       ?LANG_change_496638@@YAXXZ 1000f650 f   language.obj
 0001:0000e660       ?LANG_change_4AEE20@@YAXXZ 1000f660 f   language.obj
 0001:0000e670       ?LANG_change_4AEE6D@@YAXXZ 1000f670 f   language.obj
 0001:0000e680       ?LANG_change_4AEF2A@@YAXXZ 1000f680 f   language.obj
 0001:0000e6a0       ?LANG_change_4AEF9C@@YAXXZ 1000f6a0 f   language.obj
 0001:0000e6c0       ?LANG_change_4AF00E@@YAXXZ 1000f6c0 f   language.obj
 0001:0000e6e0       ?LANG_fix_codepage@@YAXXZ  1000f6e0 f   language.obj
 0001:0000e700       ?get_map_name@@YGPBDPBD@Z  1000f700 f   map_location.obj
 0001:0000e810       ?move_map_file@@YGXPBD0@Z  1000f810 f   map_location.obj
 0001:0000e9f0       ?MAP_loadFromServer@@YAXXZ 1000f9f0 f   map_location.obj
 0001:0000ea10       ?MAP_CFileOpen1@@YAXXZ     1000fa10 f   map_location.obj
 0001:0000ea30       ?MAP_CFileOpen2@@YAXXZ     1000fa30 f   map_location.obj
 0001:0000ea50       ?logEscape@@YGXKE@Z        1000fa50 f   chat_history.obj
 0001:0000ea50       ?SYSTEM_setThreadPriority@@YAXXZ 1000fa50 f   misc.obj
 0001:0000ea60       ?crypt@@YAXPAEPBEH@Z       1000fa60 f   network_crypt.obj
 0001:0000eab0       ?NET_cryptPacket@@YAXPAEH@Z 1000fab0 f   network_crypt.obj
 0001:0000ead0       ?HATENT_url_text@@YAXXZ    1000fad0 f   network_hat_enter.obj
 0001:0000eaf0       ?HATENT_url_connect@@YAXXZ 1000faf0 f   network_hat_enter.obj
 0001:0000eb20       ?crcmain@@YGXPAD@Z         1000fb20 f   network_protocol.obj
 0001:0000ec80       ?NETPROTO_sendAuthorizationPacket@@YAHXZ 1000fc80 f   network_protocol.obj
 0001:0000ecf0       ?NETPROTO_createAuthorizationPacket@@YAHXZ 1000fcf0 f   network_protocol.obj
 0001:0000ede0       ?recv_@@YGHIPADHH@Z        1000fde0 f   network_protocol.obj
 0001:0000efb0       ?NETPROTO_enlargeBuffer@@YAXXZ 1000ffb0 f   network_protocol.obj
 0001:0000efe0       ?NETPROTO_enlargeBuffer2@@YAXXZ 1000ffe0 f   network_protocol.obj
 0001:0000eff0       ?real_4949CD@@YAHXZ        1000fff0 f   network_protocol_ext.obj
 0001:0000f010       ?NETPROTO_showErrorDialog@@YAHPBDH@Z 10010010 f   network_protocol_ext.obj
 0001:0000f070       ?NETPROTO_hhEndReply@@YAXPBVResponse@happyhttp@@PAX@Z 10010070 f   network_protocol_ext.obj
 0001:0000f090       ?do_always_noconv@codecvt_base@std@@MBE_NXZ 10010090 f   config.obj
 0001:0000f090       ?Cl_ProcessServerPacket@@YA_NAAVBinaryStream@@@Z 10010090 f   network_protocol_ext.obj
 0001:0000f0a0       ??1NETPROTO_fileProgress@@QAE@XZ 100100a0 f i network_protocol_ext.obj
 0001:0000f0f0       ??0NETPROTO_fileProgress@@QAE@XZ 100100f0 f i network_protocol_ext.obj
 0001:0000f190       ?NETPROTO_hhStartReply@@YAXPBVResponse@happyhttp@@PAX@Z 10010190 f   network_protocol_ext.obj
 0001:0000f2a0       ?NETPROTO_hhReadReply@@YAXPBVResponse@happyhttp@@PAXPBEH@Z 100102a0 f   network_protocol_ext.obj
 0001:0000f6a0       ?CurlEscape2@@YA?AV?$basic_string@DU?$char_traits@D@std@@V?$allocator@D@2@@std@@V12@@Z 100106a0 f   network_protocol_ext.obj
 0001:0000f7b0       ?NETPROTO_hhGetBlockingReply@@YA?AV?$basic_string@DU?$char_traits@D@std@@V?$allocator@D@2@@std@@V12@00@Z 100107b0 f   network_protocol_ext.obj
 0001:0000fa20       ?NETPROTO_loginToHat@@YGHXZ 10010a20 f   network_protocol_ext.obj
 0001:00010300       ?PSCRL_rep@@YGKK@Z         10011300 f   pack_scrolling.obj
 0001:000103d0       ?PSCRL_gameInventory@@YAXXZ 100113d0 f   pack_scrolling.obj
 0001:00010460       ?PSCRL_shopShelfOnKeyDown@@YAXXZ 10011460 f   pack_scrolling.obj
 0001:000104a0       ?PSCRL_InitializeInjection@@YAXXZ 100114a0 f   pack_scrolling.obj
 0001:000104c0       ?RES_loadException@@YAXXZ  100114c0 f   resource_control.obj
 0001:000104d0       ?RES_loadDirectories@@YAXXZ 100114d0 f   resource_control.obj
 0001:00010500       ?TestGraphics@@YG_NPBD@Z   10011500 f   resource_control.obj
 0001:00010520       ?RES_loadFile@@YAHH@Z      10011520 f   resource_control.obj
 0001:000105d0       ?FIL_world0@@YAXXZ         100115d0 f   resource_files_replace.obj
 0001:000105f0       ?FIL_world1@@YAXXZ         100115f0 f   resource_files_replace.obj
 0001:00010610       ?FIL_world2@@YAXXZ         10011610 f   resource_files_replace.obj
 0001:00010630       ?FIL_world3@@YAXXZ         10011630 f   resource_files_replace.obj
 0001:00010640       ?FIL_world4@@YAXXZ         10011640 f   resource_files_replace.obj
 0001:00010650       ?FIL_world5@@YAXXZ         10011650 f   resource_files_replace.obj
 0001:00010660       ?FIL_world6@@YAXXZ         10011660 f   resource_files_replace.obj
 0001:00010670       ?FIL_world7@@YAXXZ         10011670 f   resource_files_replace.obj
 0001:00010690       ?FIL_world8@@YAXXZ         10011690 f   resource_files_replace.obj
 0001:000106a0       ?FIL_world9@@YAXXZ         100116a0 f   resource_files_replace.obj
 0001:000106b0       ?FIL_worldA@@YAXXZ         100116b0 f   resource_files_replace.obj
 0001:000106c0       ?FIL_patch0@@YAXXZ         100116c0 f   resource_files_replace.obj
 0001:000106d0       ?FIL_patch1@@YAXXZ         100116d0 f   resource_files_replace.obj
 0001:000106f0       ?a2mgr_CheckValid@@YA_NFF@Z 100116f0 f   scanrange.obj
 0001:00010740       ?a2mgr_GetHeight@@YAEFF@Z  10011740 f   scanrange.obj
 0001:000107a0       ?CalcVisMapCLIENT@@YGHPAD@Z 100117a0 f   scanrange.obj
 0001:00010820       ?GetEncoderClsid@@YAHPB_WPAU_GUID@@@Z 10011820 f   screenshot.obj
 0001:00010920       ?SCREENSHOT_take@@YAXXZ    10011920 f   screenshot.obj
 0001:00010d40       ?SCROLL_part1@@YAXXZ       10011d40 f   scrolling.obj
 0001:00010da0       ?SCROLL_part2@@YAXXZ       10011da0 f   scrolling.obj
 0001:00010dd0       ??1?$basic_ostream@DU?$char_traits@D@std@@@std@@UAE@XZ 10011dd0 f i serialize.obj
 0001:00010de0       ??_G?$basic_ostream@DU?$char_traits@D@std@@@std@@UAEPAXI@Z 10011de0 f i serialize.obj
 0001:00010de0       ??_E?$basic_ostream@DU?$char_traits@D@std@@@std@@UAEPAXI@Z 10011de0 f i serialize.obj
 0001:00010e20       ??$fill@PAEE@std@@YAXPAE0ABE@Z 10011e20 f i serialize.obj
 0001:00010e40       ??$_Unchecked_move_backward@PAEPAE@stdext@@YAPAEPAE00@Z 10011e40 f i serialize.obj
 0001:00010e70       ??$_Umove@PAE@?$vector@EV?$allocator@E@std@@@std@@IAEPAEPAE00@Z 10011e70 f i serialize.obj
 0001:00010ea0       ?_Ufill@?$vector@EV?$allocator@E@std@@@std@@IAEPAEPAEIABE@Z 10011ea0 f i serialize.obj
 0001:00010ed0       ?_Insert_n@?$vector@EV?$allocator@E@std@@@std@@IAEXV?$_Vector_iterator@EV?$allocator@E@std@@@2@IABE@Z 10011ed0 f i serialize.obj
 0001:00011080       ??1?$basic_ofstream@DU?$char_traits@D@std@@@std@@UAE@XZ 10012080 f i serialize.obj
 0001:000110f0       ?insert@?$vector@EV?$allocator@E@std@@@std@@QAE?AV?$_Vector_iterator@EV?$allocator@E@std@@@2@V32@ABE@Z 100120f0 f i serialize.obj
 0001:00011180       ??_G?$basic_ofstream@DU?$char_traits@D@std@@@std@@UAEPAXI@Z 10012180 f i serialize.obj
 0001:00011180       ??_E?$basic_ofstream@DU?$char_traits@D@std@@@std@@UAEPAXI@Z 10012180 f i serialize.obj
 0001:000111c0       ??0sentry@?$basic_ostream@DU?$char_traits@D@std@@@std@@QAE@AAV12@@Z 100121c0 f i serialize.obj
 0001:00011250       ?_Osfx@?$basic_ostream@DU?$char_traits@D@std@@@std@@QAEXXZ 10012250 f i serialize.obj
 0001:000112b0       ??1sentry@?$basic_ostream@DU?$char_traits@D@std@@@std@@QAE@XZ 100122b0 f i serialize.obj
 0001:00011320       ??0?$basic_ofstream@DU?$char_traits@D@std@@@std@@QAE@XZ 10012320 f i serialize.obj
 0001:00011420       ?IsWhitespace@@YA_ND@Z     10012420 f   utils.obj
 0001:00011550       ?_call_func@@YAKKKZZ       10012550 f   utils.obj
 0001:00011580       ?_call_member_func@@YAKKKKZZ 10012580 f   utils.obj
 0001:000115b0       ?_get_this@@YAKXZ          100125b0 f   utils.obj
 0001:000115c0       ?StrToInt@@YAKABV?$basic_string@DU?$char_traits@D@std@@V?$allocator@D@2@@std@@@Z 100125c0 f   utils.obj
 0001:000115f0       ?CheckInteger@@YA_NABV?$basic_string@DU?$char_traits@D@std@@V?$allocator@D@2@@std@@@Z 100125f0 f   utils.obj
 0001:00011660       ?rbegin@?$basic_string@DU?$char_traits@D@std@@V?$allocator@D@2@@std@@QAE?AV?$reverse_iterator@V?$_String_iterator@DU?$char_traits@D@std@@V?$allocator@D@2@@std@@@2@XZ 10012660 f i utils.obj
 0001:000116c0       ?erase@?$basic_string@DU?$char_traits@D@std@@V?$allocator@D@2@@std@@QAE?AV?$_String_iterator@DU?$char_traits@D@std@@V?$allocator@D@2@@2@V32@@Z 100126c0 f i utils.obj
 0001:00011750       ?ToLower@@YA?AV?$basic_string@DU?$char_traits@D@std@@V?$allocator@D@2@@std@@ABV12@@Z 10012750 f   utils.obj
 0001:00011880       ?Basename@@YA?AV?$basic_string@DU?$char_traits@D@std@@V?$allocator@D@2@@std@@ABV12@@Z 10012880 f   utils.obj
 0001:00011980       ?Dirname@@YA?AV?$basic_string@DU?$char_traits@D@std@@V?$allocator@D@2@@std@@ABV12@@Z 10012980 f   utils.obj
 0001:00011a80       ?FixSlashes@@YA?AV?$basic_string@DU?$char_traits@D@std@@V?$allocator@D@2@@std@@ABV12@@Z 10012a80 f   utils.obj
 0001:00011bb0       ?TruncateSlashes@@YA?AV?$basic_string@DU?$char_traits@D@std@@V?$allocator@D@2@@std@@ABV12@@Z 10012bb0 f   utils.obj
 0001:00011d60       ?Format@@YA?AV?$basic_string@DU?$char_traits@D@std@@V?$allocator@D@2@@std@@V12@ZZ 10012d60 f   utils.obj
 0001:00011e60       ?TrimLeft@@YA?AV?$basic_string@DU?$char_traits@D@std@@V?$allocator@D@2@@std@@ABV12@P6A_ND@Z@Z 10012e60 f   utils.obj
 0001:000120b0       ?TrimRight@@YA?AV?$basic_string@DU?$char_traits@D@std@@V?$allocator@D@2@@std@@ABV12@P6A_ND@Z@Z 100130b0 f   utils.obj
 0001:00012310       ?Trim@@YA?AV?$basic_string@DU?$char_traits@D@std@@V?$allocator@D@2@@std@@ABV12@P6A_ND@Z@Z 10013310 f   utils.obj
 0001:00012390       ?StrToBoolean@@YA_NABV?$basic_string@DU?$char_traits@D@std@@V?$allocator@D@2@@std@@@Z 10013390 f   utils.obj
 0001:000124c0       ??$?6U?$char_traits@D@std@@@std@@YAAAV?$basic_ostream@DU?$char_traits@D@std@@@0@AAV10@PBD@Z 100134c0 f i utils.obj
[...]
 0001:000349a1       __ehhandler$?_Buynode@?$_Tree@V?$_Tmap_traits@V?$basic_string@DU?$char_traits@D@std@@V?$allocator@D@2@@std@@V12@U?$less@V?$basic_string@DU?$char_traits@D@std@@V?$allocator@D@2@@std@@@2@V?$allocator@U?$pair@$$CBV?$basic_string@DU?$char_traits@D@std@@V?$allocator@D@2@@std@@V12@@std@@@2@$0A@@std@@@std@@IAEPAU_Node@?$_Tree_nod@V?$_Tmap_traits@V?$basic_string@DU?$char_traits@D@std@@V?$allocator@D@2@@std@@V12@U?$less@V?$basic_string@DU?$char_traits@D@std@@V?$allocator@D@2@@std@@@2@V?$allocator@U?$pair@$$CBV?$basic_string@DU?$char_traits@D@std@@V?$allocator@D@2@@std@@V12@@std@@@2@$0A@@std@@@2@PAU342@00ABU?$pair@$$CBV?$basic_string@DU?$char_traits@D@std@@V?$allocator@D@2@@std@@V12@@2@D@Z 100359a1 f   happyhttp.obj
 0001:000349c0       __unwindfunclet$?_Insert@?$_Tree@V?$_Tmap_traits@V?$basic_string@DU?$char_traits@D@std@@V?$allocator@D@2@@std@@V12@U?$less@V?$basic_string@DU?$char_traits@D@std@@V?$allocator@D@2@@std@@@2@V?$allocator@U?$pair@$$CBV?$basic_string@DU?$char_traits@D@std@@V?$allocator@D@2@@std@@V12@@std@@@2@$0A@@std@@@std@@IAE?AViterator@12@_NPAU_Node@?$_Tree_nod@V?$_Tmap_traits@V?$basic_string@DU?$char_traits@D@std@@V?$allocator@D@2@@std@@V12@U?$less@V?$basic_string@DU?$char_traits@D@std@@V?$allocator@D@2@@std@@@2@V?$allocator@U?$pair@$$CBV?$basic_string@DU?$char_traits@D@std@@V?$allocator@D@2@@std@@V12@@std@@@2@$0A@@std@@@2@ABU?$pair@$$CBV?$basic_string@DU?$char_traits@D@std@@V?$allocator@D@2@@std@@V12@@2@@Z$0 100359c0 f   happyhttp.obj
 0001:000349c0       __unwindfunclet$?_Insert@?$_Tree@V?$_Tmap_traits@PBDV?$basic_string@DU?$char_traits@D@std@@V?$allocator@D@2@@std@@U?$less@PBD@2@V?$allocator@U?$pair@QBDV?$basic_string@DU?$char_traits@D@std@@V?$allocator@D@2@@std@@@std@@@2@$0A@@std@@@std@@IAE?AViterator@12@_NPAU_Node@?$_Tree_nod@V?$_Tmap_traits@PBDV?$basic_string@DU?$char_traits@D@std@@V?$allocator@D@2@@std@@U?$less@PBD@2@V?$allocator@U?$pair@QBDV?$basic_string@DU?$char_traits@D@std@@V?$allocator@D@2@@std@@@std@@@2@$0A@@std@@@2@ABU?$pair@QBDV?$basic_string@DU?$char_traits@D@std@@V?$allocator@D@2@@std@@@2@@Z$0 100359c0 f   happyhttp.obj
 0001:000349c8       __ehhandler$?_Insert@?$_Tree@V?$_Tmap_traits@V?$basic_string@DU?$char_traits@D@std@@V?$allocator@D@2@@std@@V12@U?$less@V?$basic_string@DU?$char_traits@D@std@@V?$allocator@D@2@@std@@@2@V?$allocator@U?$pair@$$CBV?$basic_string@DU?$char_traits@D@std@@V?$allocator@D@2@@std@@V12@@std@@@2@$0A@@std@@@std@@IAE?AViterator@12@_NPAU_Node@?$_Tree_nod@V?$_Tmap_traits@V?$basic_string@DU?$char_traits@D@std@@V?$allocator@D@2@@std@@V12@U?$less@V?$basic_string@DU?$char_traits@D@std@@V?$allocator@D@2@@std@@@2@V?$allocator@U?$pair@$$CBV?$basic_string@DU?$char_traits@D@std@@V?$allocator@D@2@@std@@V12@@std@@@2@$0A@@std@@@2@ABU?$pair@$$CBV?$basic_string@DU?$char_traits@D@std@@V?$allocator@D@2@@std@@V12@@2@@Z 100359c8 f   happyhttp.obj
 0001:000349c8       __ehhandler$?_Insert@?$_Tree@V?$_Tmap_traits@PBDV?$basic_string@DU?$char_traits@D@std@@V?$allocator@D@2@@std@@U?$less@PBD@2@V?$allocator@U?$pair@QBDV?$basic_string@DU?$char_traits@D@std@@V?$allocator@D@2@@std@@@std@@@2@$0A@@std@@@std@@IAE?AViterator@12@_NPAU_Node@?$_Tree_nod@V?$_Tmap_traits@PBDV?$basic_string@DU?$char_traits@D@std@@V?$allocator@D@2@@std@@U?$less@PBD@2@V?$allocator@U?$pair@QBDV?$basic_string@DU?$char_traits@D@std@@V?$allocator@D@2@@std@@@std@@@2@$0A@@std@@@2@ABU?$pair@QBDV?$basic_string@DU?$char_traits@D@std@@V?$allocator@D@2@@std@@@2@@Z 100359c8 f   happyhttp.obj
 0001:000349f0       __unwindfunclet$??0Connection@happyhttp@@QAE@PBDH@Z$0 100359f0 f   happyhttp.obj
 0001:000349fb       __ehhandler$??0Connection@happyhttp@@QAE@PBDH@Z 100359fb f   happyhttp.obj
 0001:00034a20       __unwindfunclet$??A?$map@V?$basic_string@DU?$char_traits@D@std@@V?$allocator@D@2@@std@@V12@U?$less@V?$basic_string@DU?$char_traits@D@std@@V?$allocator@D@2@@std@@@2@V?$allocator@U?$pair@$$CBV?$basic_string@DU?$char_traits@D@std@@V?$allocator@D@2@@std@@V12@@std@@@2@@std@@QAEAAV?$basic_string@DU?$char_traits@D@std@@V?$allocator@D@2@@1@ABV21@@Z$0 10035a20 f   happyhttp.obj
 0001:00034a28       __unwindfunclet$??A?$map@V?$basic_string@DU?$char_traits@D@std@@V?$allocator@D@2@@std@@V12@U?$less@V?$basic_string@DU?$char_traits@D@std@@V?$allocator@D@2@@std@@@2@V?$allocator@U?$pair@$$CBV?$basic_string@DU?$char_traits@D@std@@V?$allocator@D@2@@std@@V12@@std@@@2@@std@@QAEAAV?$basic_string@DU?$char_traits@D@std@@V?$allocator@D@2@@1@ABV21@@Z$1 10035a28 f   happyhttp.obj
 0001:00034a30       __ehhandler$??A?$map@V?$basic_string@DU?$char_traits@D@std@@V?$allocator@D@2@@std@@V12@U?$less@V?$basic_string@DU?$char_traits@D@std@@V?$allocator@D@2@@std@@@2@V?$allocator@U?$pair@$$CBV?$basic_string@DU?$char_traits@D@std@@V?$allocator@D@2@@std@@V12@@std@@@2@@std@@QAEAAV?$basic_string@DU?$char_traits@D@std@@V?$allocator@D@2@@1@ABV21@@Z 10035a30 f   happyhttp.obj
 0001:00034a50       __unwindfunclet$?FlushHeader@Response@happyhttp@@AAEXXZ$0 10035a50 f   happyhttp.obj
 0001:00034a58       __unwindfunclet$?FlushHeader@Response@happyhttp@@AAEXXZ$1 10035a58 f   happyhttp.obj
 0001:00034a60       __ehhandler$?FlushHeader@Response@happyhttp@@AAEXXZ 10035a60 f   happyhttp.obj
 0001:00034a90       __unwindfunclet$??1Response@happyhttp@@QAE@XZ$0 10035a90 f   happyhttp.obj
 0001:00034a9b       __unwindfunclet$??1Response@happyhttp@@QAE@XZ$1 10035a9b f   happyhttp.obj
 0001:00034aa6       __unwindfunclet$??1Response@happyhttp@@QAE@XZ$2 10035aa6 f   happyhttp.obj
 0001:00034ab1       __ehhandler$??1Response@happyhttp@@QAE@XZ 10035ab1 f   happyhttp.obj
 0001:00034ad0       __unwindfunclet$??0Response@happyhttp@@IAE@PBDAAVConnection@1@@Z$0 10035ad0 f   happyhttp.obj
 0001:00034adb       __unwindfunclet$??0Response@happyhttp@@IAE@PBDAAVConnection@1@@Z$1 10035adb f   happyhttp.obj
 0001:00034ae6       __unwindfunclet$??0Response@happyhttp@@IAE@PBDAAVConnection@1@@Z$2 10035ae6 f   happyhttp.obj
 0001:00034af1       __ehhandler$??0Response@happyhttp@@IAE@PBDAAVConnection@1@@Z 10035af1 f   happyhttp.obj
 0001:00034b10       __unwindfunclet$?putheader@Connection@happyhttp@@QAEXPBD0@Z$0 10035b10 f   happyhttp.obj
 0001:00034b1b       __unwindfunclet$?putheader@Connection@happyhttp@@QAEXPBD0@Z$1 10035b1b f   happyhttp.obj
 0001:00034b26       __unwindfunclet$?putheader@Connection@happyhttp@@QAEXPBD0@Z$2 10035b26 f   happyhttp.obj
 0001:00034b31       __unwindfunclet$?putheader@Connection@happyhttp@@QAEXPBD0@Z$3 10035b31 f   happyhttp.obj
 0001:00034b3c       __ehhandler$?putheader@Connection@happyhttp@@QAEXPBD0@Z 10035b3c f   happyhttp.obj
 0001:00034b60       __unwindfunclet$?endheaders@Connection@happyhttp@@QAEXXZ$0 10035b60 f   happyhttp.obj
 0001:00034b6b       __unwindfunclet$?endheaders@Connection@happyhttp@@QAEXXZ$1 10035b6b f   happyhttp.obj
 0001:00034b73       __unwindfunclet$?endheaders@Connection@happyhttp@@QAEXXZ$2 10035b73 f   happyhttp.obj
 0001:00034b7e       __ehhandler$?endheaders@Connection@happyhttp@@QAEXXZ 10035b7e f   happyhttp.obj
 0001:00034bb0       __unwindfunclet$??1Connection@happyhttp@@QAE@XZ$0 10035bb0 f   happyhttp.obj
 0001:00034bbb       __unwindfunclet$??1Connection@happyhttp@@QAE@XZ$1 10035bbb f   happyhttp.obj
 0001:00034bc6       __unwindfunclet$??1Connection@happyhttp@@QAE@XZ$2 10035bc6 f   happyhttp.obj
 0001:00034bd1       __ehhandler$??1Connection@happyhttp@@QAE@XZ 10035bd1 f   happyhttp.obj
 0001:00034bf0       __unwindfunclet$?putrequest@Connection@happyhttp@@QAEXPBD0@Z$0 10035bf0 f   happyhttp.obj
 0001:00034bfb       __unwindfunclet$?putrequest@Connection@happyhttp@@QAEXPBD0@Z$1 10035bfb f   happyhttp.obj
 0001:00034c09       __ehhandler$?putrequest@Connection@happyhttp@@QAEXPBD0@Z 10035c09 f   happyhttp.obj
 0001:00034c37       __unwindfunclet$?_Xlen@_String_base@std@@SAXXZ$0 10035c37 f   libcpmt:string.obj
 0001:00034c37       __unwindfunclet$?_Xran@_String_base@std@@SAXXZ$0 10035c37 f   libcpmt:string.obj
 0001:00034c3f       __ehhandler$?_Xlen@_String_base@std@@SAXXZ 10035c3f f   libcpmt:string.obj
 0001:00034c3f       __ehhandler$?_Xran@_String_base@std@@SAXXZ 10035c3f f   libcpmt:string.obj
 0001:00034c5a       __unwindfunclet$?_Locimp_dtor@_Locimp@locale@std@@CAXPAV123@@Z$0 10035c5a f   libcpmt:locale0.obj
 0001:00034c62       __ehhandler$?_Locimp_dtor@_Locimp@locale@std@@CAXPAV123@@Z 10035c62 f   libcpmt:locale0.obj
 0001:00034c7d       __unwindfunclet$??0_Locimp@locale@std@@AAE@_N@Z$0 10035c7d f   libcpmt:locale0.obj
 0001:00034c85       __ehhandler$??0_Locimp@locale@std@@AAE@_N@Z 10035c85 f   libcpmt:locale0.obj
 0001:00034ca0       __unwindfunclet$??1_Locimp@locale@std@@MAE@XZ$0 10035ca0 f   libcpmt:locale0.obj
 0001:00034ca8       __unwindfunclet$??1_Locimp@locale@std@@MAE@XZ$1 10035ca8 f   libcpmt:locale0.obj
 0001:00034cb3       __ehhandler$??1_Locimp@locale@std@@MAE@XZ 10035cb3 f   libcpmt:locale0.obj
 0001:00034cce       __unwindfunclet$?_Init@locale@std@@CAPAV_Locimp@12@XZ$0 10035cce f   libcpmt:locale0.obj
 0001:00034cd6       __unwindfunclet$?_Init@locale@std@@CAPAV_Locimp@12@XZ$1 10035cd6 f   libcpmt:locale0.obj
 0001:00034ce0       __ehhandler$?_Init@locale@std@@CAPAV_Locimp@12@XZ 10035ce0 f   libcpmt:locale0.obj
 0001:00034cfb       __ehhandler$?CallUnexpected@@YAXPBU_s_ESTypeList@@@Z 10035cfb f   LIBCMT:frame.obj
 0001:00034d20       ??__E__chat_history@@YAXXZ 10035d20 f   chat_history.obj
 0001:00034d30       ??__EAssocList@@YAXXZ      10035d30 f   class_extend.obj
 0001:00034d70       ??__Ecurrent_directory@@YAXXZ 10035d70 f   config.obj
 0001:00034d90       ??__Ed_strings@@YAXXZ      10035d90 f   debug.obj
 0001:00034dd0       ??__ENames@@YAXXZ          10035dd0 f   debug.obj
 0001:00034e10       ??__EArchives@@YAXXZ       10035e10 f   File.obj
 0001:00034e50       ??__ETiles@@YAXXZ          10035e50 f   landscape_renderer.obj
 0001:00034e80       ??__EhhC@@YAXXZ            10035e80 f   network_protocol_ext.obj
 0001:00034ea0       ??__EScanrange@@YAXXZ      10035ea0 f   scanrange.obj
 0001:00034eb0       ??__E_LOG_FILE@@YAXXZ      10035eb0 f   utils.obj
 0001:00034ed0       ??__E_LOG_NAME@@YAXXZ      10035ed0 f   utils.obj
 0001:00034edc       ??__Einitlocks@std@@YAXXZ  10035edc f   libcpmt:xlock.obj
 0001:00034ef2       ??__Eclassic_locale@std@@YAXXZ 10035ef2 f   libcpmt:locale0.obj
 0001:00034efe       ??__Einitlocks@std@@YAXXZ  10035efe f   libcpmt:iosptrs.obj
 0001:00034f14       ??__Einit_atexit@@YAXXZ    10035f14 f   libcpmt:iosptrs.obj
 0001:00034f20       ??__F__chat_history@@YAXXZ 10035f20 f   chat_history.obj
 0001:00034f70       ??__FAssocList@@YAXXZ      10035f70 f   class_extend.obj
 0001:00034fb0       ??__Fcurrent_directory@@YAXXZ 10035fb0 f   config.obj
 0001:00034fe0       ??__Fd_strings@@YAXXZ      10035fe0 f   debug.obj
 0001:00035020       ??__FNames@@YAXXZ          10036020 f   debug.obj
 0001:00035060       ??__Frec@?1??GetRecord@FileArchive@@QAEABURecord@1@V?$basic_string@DU?$char_traits@D@std@@V?$allocator@D@2@@std@@@Z@YAXXZ 10036060 f   File.obj
 0001:00035070       ??__FArchives@@YAXXZ       10036070 f   File.obj
 0001:00035080       ??__FhhC@@YAXXZ            10036080 f   network_protocol_ext.obj
 0001:00035090       ??__F_LOG_NAME@@YAXXZ      10036090 f   utils.obj
 0001:000350c0       ??__F_LOG_FILE@@YAXXZ      100360c0 f   utils.obj
 0001:000350e0       ??__Finitlocks@std@@YAXXZ  100360e0 f   libcpmt:xlock.obj
 0001:000350ea       ??__Fclassic_locale@std@@YAXXZ 100360ea f   libcpmt:locale0.obj
 0001:000350f4       ??__Finitlocks@std@@YAXXZ  100360f4 f   libcpmt:iosptrs.obj
 0001:000350fe       ??__Finit_atexit@@YAXXZ    100360fe f   libcpmt:iosptrs.obj
 0001:00035108       ??__Fnomem@?5???2@YAPAXI@Z@YAXXZ 10036108 f   LIBCMT:new.obj

 Exports

  ordinal    name

        1    ?RES_loadFile@@YAHH@Z (int __cdecl RES_loadFile(int))
        2    ?FIL_patch0@@YAXXZ (void __cdecl FIL_patch0(void))
        3    ?FIL_patch1@@YAXXZ (void __cdecl FIL_patch1(void))
        4    ?FIL_world0@@YAXXZ (void __cdecl FIL_world0(void))
        5    ?FIL_world1@@YAXXZ (void __cdecl FIL_world1(void))
        6    ?FIL_world2@@YAXXZ (void __cdecl FIL_world2(void))
        7    ?FIL_world3@@YAXXZ (void __cdecl FIL_world3(void))
        8    ?FIL_world4@@YAXXZ (void __cdecl FIL_world4(void))
        9    ?FIL_world5@@YAXXZ (void __cdecl FIL_world5(void))
       10    ?FIL_world6@@YAXXZ (void __cdecl FIL_world6(void))
       11    ?FIL_world7@@YAXXZ (void __cdecl FIL_world7(void))
       12    ?FIL_world8@@YAXXZ (void __cdecl FIL_world8(void))
       13    ?FIL_world9@@YAXXZ (void __cdecl FIL_world9(void))
       14    ?FIL_worldA@@YAXXZ (void __cdecl FIL_worldA(void))
       15    ?NETPROTO_createAuthorizationPacket@@YAHXZ (int __cdecl NETPROTO_createAuthorizationPacket(void))
       16    ?NETPROTO_sendAuthorizationPacket@@YAHXZ (int __cdecl NETPROTO_sendAuthorizationPacket(void))
       17    ?VIDEO_checkVideoMode@@YAXXZ (void __cdecl VIDEO_checkVideoMode(void))
       18    ?NET_cryptPacket@@YAXPAEH@Z (void __cdecl NET_cryptPacket(unsigned char *,int))
       19    ?MAP_loadFromServer@@YAXXZ (void __cdecl MAP_loadFromServer(void))
       20    ?SYSTEM_setThreadPriority@@YAXXZ (void __cdecl SYSTEM_setThreadPriority(void))
       21    ?CHAT_tilde0@@YAXXZ (void __cdecl CHAT_tilde0(void))
       22    ?CHAT_tilde1@@YAXXZ (void __cdecl CHAT_tilde1(void))
       23    ?CHAT_tilde2@@YAXXZ (void __cdecl CHAT_tilde2(void))
       24    ?CHAT_wmCharHandler@@YAXXZ (void __cdecl CHAT_wmCharHandler(void))
       25    ?CHAT_convWinToDos@@YAXXZ (void __cdecl CHAT_convWinToDos(void))
       26    ?CHAT_convDosToIdx@@YAXXZ (void __cdecl CHAT_convDosToIdx(void))
       27    ?DBG_logStrings@@YAXXZ (void __cdecl DBG_logStrings(void))
       28    ?GUI_textField_MeasurePosition@@YGKK@Z (unsigned long __stdcall GUI_textField_MeasurePosition(unsigned long))
       29    ?CHAT_logStrings@@YAHPADHH@Z (int __cdecl CHAT_logStrings(char *,int,int))
       30    ?CHAT_keyDown@@YAXXZ (void __cdecl CHAT_keyDown(void))
       31    ?CHAT_getMessageLast@@YAXXZ (void __cdecl CHAT_getMessageLast(void))
       33    ?CRASH_fix_414994@@YAXXZ (void __cdecl CRASH_fix_414994(void))
       34    ?CRASH_fix_42353A@@YAXXZ (void __cdecl CRASH_fix_42353A(void))
       35    ?CRASH_fix_523295@@YAXXZ (void __cdecl CRASH_fix_523295(void))
       36    ?CRASH_fix_46AD10@@YAXXZ (void __cdecl CRASH_fix_46AD10(void))
       37    ?CRASH_fix_420450@@YAXXZ (void __cdecl CRASH_fix_420450(void))
       38    ?CRASH_fix_45FC3B@@YAXXZ (void __cdecl CRASH_fix_45FC3B(void))
       39    ?CRASH_fix_458CF9@@YAXXZ (void __cdecl CRASH_fix_458CF9(void))
       40    ?CRASH_fix_4657AD@@YAXXZ (void __cdecl CRASH_fix_4657AD(void))
       41    ?CRASH_fix_46B685@@YAXXZ (void __cdecl CRASH_fix_46B685(void))
       42    ?CRASH_fix_4BEE2D@@YAXXZ (void __cdecl CRASH_fix_4BEE2D(void))
       43    ?HATENT_url_text@@YAXXZ (void __cdecl HATENT_url_text(void))
       44    ?HATENT_url_connect@@YAXXZ (void __cdecl HATENT_url_connect(void))
       45    ?SCREENSHOT_take@@YAXXZ (void __cdecl SCREENSHOT_take(void))
       46    ?CRASH_fix_4AAB7E@@YAXXZ (void __cdecl CRASH_fix_4AAB7E(void))
       47    ?INFO_fps@@YAXXZ (void __cdecl INFO_fps(void))
       48    ?RES_loadDirectories@@YAXXZ (void __cdecl RES_loadDirectories(void))
       49    ?RES_loadException@@YAXXZ (void __cdecl RES_loadException(void))
       50    ?LANG_change_43EDEB@@YAXXZ (void __cdecl LANG_change_43EDEB(void))
       51    ?LANG_change_474F27@@YAXXZ (void __cdecl LANG_change_474F27(void))
       52    ?LANG_change_48626D@@YAXXZ (void __cdecl LANG_change_48626D(void))
       53    ?LANG_change_48BA07@@YAXXZ (void __cdecl LANG_change_48BA07(void))
       54    ?LANG_change_48CA55@@YAXXZ (void __cdecl LANG_change_48CA55(void))
       55    ?LANG_change_491CDF@@YAXXZ (void __cdecl LANG_change_491CDF(void))
       56    ?LANG_change_4939A2@@YAXXZ (void __cdecl LANG_change_4939A2(void))
       57    ?CRASH_fix_multiwindow_1@@YAXXZ (void __cdecl CRASH_fix_multiwindow_1(void))
       58    ?CRASH_fix_multiwindow_2@@YAXXZ (void __cdecl CRASH_fix_multiwindow_2(void))
       59    ?CRASH_fix_multiwindow_3@@YAXXZ (void __cdecl CRASH_fix_multiwindow_3(void))
       60    ?CRASH_fix_multiwindow_4@@YAXXZ (void __cdecl CRASH_fix_multiwindow_4(void))
       61    ?LANG_change_493B23@@YAXXZ (void __cdecl LANG_change_493B23(void))
       62    ?LANG_change_4B018F@@YAXXZ (void __cdecl LANG_change_4B018F(void))
       63    ?SCROLL_part1@@YAXXZ (void __cdecl SCROLL_part1(void))
       64    ?SCROLL_part2@@YAXXZ (void __cdecl SCROLL_part2(void))
       65    ?GRID_part1@@YAXXZ (void __cdecl GRID_part1(void))
       66    ?GRID_part2@@YAXXZ (void __cdecl GRID_part2(void))
       67    ?GRID_part3@@YAXXZ (void __cdecl GRID_part3(void))
       68    ?GRID_part4@@YAXXZ (void __cdecl GRID_part4(void))
       69    ?GRID_part5@@YAXXZ (void __cdecl GRID_part5(void))
       70    ?LANG_change_42B3D5@@YAXXZ (void __cdecl LANG_change_42B3D5(void))
       71    ?LANG_change_43EEC3@@YAXXZ (void __cdecl LANG_change_43EEC3(void))
       72    ?LANG_change_460F9B@@YAXXZ (void __cdecl LANG_change_460F9B(void))
       73    ?LANG_change_474375@@YAXXZ (void __cdecl LANG_change_474375(void))
       74    ?LANG_change_4743C9@@YAXXZ (void __cdecl LANG_change_4743C9(void))
       75    ?LANG_change_496638@@YAXXZ (void __cdecl LANG_change_496638(void))
       76    ?LANG_change_4AEE20@@YAXXZ (void __cdecl LANG_change_4AEE20(void))
       77    ?LANG_change_4AEE6D@@YAXXZ (void __cdecl LANG_change_4AEE6D(void))
       78    ?LANG_change_4AEF2A@@YAXXZ (void __cdecl LANG_change_4AEF2A(void))
       79    ?LANG_change_4AEF9C@@YAXXZ (void __cdecl LANG_change_4AEF9C(void))
       80    ?LANG_change_4AF00E@@YAXXZ (void __cdecl LANG_change_4AF00E(void))
       81    ?LANG_fix_codepage@@YAXXZ (void __cdecl LANG_fix_codepage(void))
       84    ?NETPROTO_loginToHat@@YGHXZ (int __stdcall NETPROTO_loginToHat(void))
       85    ?BASE_setCurrentDirectory1@@YGHPAD@Z (int __stdcall BASE_setCurrentDirectory1(char *))
       86    ?CHAT_prependType_part1@@YAXXZ (void __cdecl CHAT_prependType_part1(void))
       87    ?CHAT_prependType_part2@@YAXXZ (void __cdecl CHAT_prependType_part2(void))
       88    ?ADMINISTRAT@@YAXXZ (void __cdecl ADMINISTRAT(void))
       89    ?_fix_launcher@@YAXXZ (void __cdecl _fix_launcher(void))
       90    ?MAP_CFileOpen1@@YAXXZ (void __cdecl MAP_CFileOpen1(void))
       91    ?MAP_CFileOpen2@@YAXXZ (void __cdecl MAP_CFileOpen2(void))
       92    ?GUI_gmEnter@@YAXXZ (void __cdecl GUI_gmEnter(void))
       93    ?CalcVisMapCLIENT@@YGHPAD@Z (int __stdcall CalcVisMapCLIENT(char *))
       94    ?TILES_loadTiles@@YAXXZ (void __cdecl TILES_loadTiles(void))
       95    ?TILES_displayTile1@@YAXXZ (void __cdecl TILES_displayTile1(void))
       96    ?TILES_debug@@YAXXZ (void __cdecl TILES_debug(void))
       97    ?recv_@@YGHIPADHH@Z (int __stdcall recv_(unsigned int,char *,int,int))
       98    ?CHAT_fixEscape@@YAXXZ (void __cdecl CHAT_fixEscape(void))
       99    ?CHAT_dbg@@YAXXZ (void __cdecl CHAT_dbg(void))
      100    ?NETPROTO_enlargeBuffer@@YAXXZ (void __cdecl NETPROTO_enlargeBuffer(void))
      101    ?NETPROTO_enlargeBuffer2@@YAXXZ (void __cdecl NETPROTO_enlargeBuffer2(void))
      102    ?ITEMPNG_loadPng@@YAXXZ (void __cdecl ITEMPNG_loadPng(void))
      103    ?ITEMPNG_loadPngChar@@YAXXZ (void __cdecl ITEMPNG_loadPngChar(void))
      300    ?DBG_load256@@YAXXZ (void __cdecl DBG_load256(void))
               exported name: DBG_load256
      301    ?DBG_disp256@@YAXXZ (void __cdecl DBG_disp256(void))
               exported name: DBG_disp256
      302    ?DBG_di2p256@@YAXXZ (void __cdecl DBG_di2p256(void))
               exported name: DBG_di2p256
      303    ?DBG_di3p256@@YAXXZ (void __cdecl DBG_di3p256(void))
               exported name: DBG_di3p256
      304    ?DBG_decideState@@YAXXZ (void __cdecl DBG_decideState(void))
               exported name: DBG_decideState
