 a2mgr

 Timestamp is 52f151d6 (Tue Feb 04 22:47:18 2014)

 Preferred load address is 10000000

 Start         Length     Name                   Class
 0001:00000000 0002fadcH .text                   CODE
 0001:0002fae0 0000185dH .text$x                 CODE
 0001:00031340 00000300H .text$yc                CODE
 0001:00031640 00000497H .text$yd                CODE
 0002:00000000 00000268H .idata$5                DATA
 0002:00000268 00000004H .CRT$XCA                DATA
 0002:0000026c 0000000cH .CRT$XCC                DATA
 0002:00000278 00000008H .CRT$XCL                DATA
 0002:00000280 00000044H .CRT$XCU                DATA
 0002:000002c4 00000004H .CRT$XCZ                DATA
 0002:000002c8 00000004H .CRT$XIA                DATA
 0002:000002cc 00000010H .CRT$XIC                DATA
 0002:000002dc 00000004H .CRT$XIZ                DATA
 0002:000002e0 00000004H .CRT$XPA                DATA
 0002:000002e4 00000004H .CRT$XPX                DATA
 0002:000002e8 00000004H .CRT$XPXA               DATA
 0002:000002ec 00000004H .CRT$XPZ                DATA
 0002:000002f0 00000004H .CRT$XTA                DATA
 0002:000002f4 00000004H .CRT$XTZ                DATA
 0002:00000300 00004cb8H .rdata                  DATA
 0002:00004fb8 00000950H .rdata$r                DATA
 0002:00005910 0000019cH .rdata$sxdata           DATA
 0002:00005aac 00000004H .rtc$IAA                DATA
 0002:00005ab0 00000004H .rtc$IZZ                DATA
 0002:00005ab4 00000004H .rtc$TAA                DATA
 0002:00005ab8 00000004H .rtc$TZZ                DATA
 0002:00005ac0 00002274H .xdata$x                DATA
 0002:00007d34 000000b4H .idata$2                DATA
 0002:00007de8 00000014H .idata$3                DATA
 0002:00007dfc 00000268H .idata$4                DATA
 0002:00008064 000009f2H .idata$6                DATA
 0002:00008a60 00000550H .edata                  DATA
 0003:00000000 00001c08H .data                   DATA
 0003:00001c20 00016d84H .bss                    DATA

  Address         Publics by Value              Rva+Base       Lib:Object

 0000:00000000       __except_list              00000000     <absolute>
 0000:00000067       ___safe_se_handler_count   00000067     <absolute>
 0000:00000000       ___ImageBase               10000000     <linker-defined>
 0001:00000000       ??1bad_alloc@std@@UAE@XZ   10001000 f i a2mgr.obj
 0001:00000010       ??_Ebad_alloc@std@@UAEPAXI@Z 10001010 f i a2mgr.obj
 0001:00000010       ??_Gbad_alloc@std@@UAEPAXI@Z 10001010 f i a2mgr.obj
 0001:00000040       ?compare@?$char_traits@D@std@@SAHPBD0I@Z 10001040 f i a2mgr.obj
 0001:000000c0       ?_fix_launcher@@YAXXZ      100010c0 f   a2mgr.obj
 0001:000000e0       ?_Myptr@?$basic_string@DU?$char_traits@D@std@@V?$allocator@D@2@@std@@QBEPBDXZ 100010e0 f i a2mgr.obj
 0001:000000f0       ??0bad_alloc@std@@QAE@ABV01@@Z 100010f0 f i a2mgr.obj
 0001:00000110       ?find_last_of@?$basic_string@DU?$char_traits@D@std@@V?$allocator@D@2@@std@@QBEIPBDII@Z 10001110 f i a2mgr.obj
 0001:000001a0       ?compare@?$basic_string@DU?$char_traits@D@std@@V?$allocator@D@2@@std@@QBEHIIPBDI@Z 100011a0 f i a2mgr.obj
 0001:00000210       ??1?$basic_string@DU?$char_traits@D@std@@V?$allocator@D@2@@std@@QAE@XZ 10001210 f i a2mgr.obj
 0001:00000240       ?erase@?$basic_string@DU?$char_traits@D@std@@V?$allocator@D@2@@std@@QAEAAV12@II@Z 10001240 f i a2mgr.obj
 0001:000002d0       ?_Copy@?$basic_string@DU?$char_traits@D@std@@V?$allocator@D@2@@std@@QAEXII@Z 100012d0 f i a2mgr.obj
 0001:00000440       ?_Grow@?$basic_string@DU?$char_traits@D@std@@V?$allocator@D@2@@std@@QAE_NI_N@Z 10001440 f i a2mgr.obj
 0001:000004f0       ?append@?$basic_string@DU?$char_traits@D@std@@V?$allocator@D@2@@std@@QAEAAV12@ABV12@II@Z 100014f0 f i a2mgr.obj
 0001:000005e0       ?append@?$basic_string@DU?$char_traits@D@std@@V?$allocator@D@2@@std@@QAEAAV12@PBDI@Z 100015e0 f i a2mgr.obj
 0001:00000700       ?assign@?$basic_string@DU?$char_traits@D@std@@V?$allocator@D@2@@std@@QAEAAV12@ABV12@II@Z 10001700 f i a2mgr.obj
 0001:000007f0       ?assign@?$basic_string@DU?$char_traits@D@std@@V?$allocator@D@2@@std@@QAEAAV12@PBDI@Z 100017f0 f i a2mgr.obj
 0001:000008f0       ??0?$basic_string@DU?$char_traits@D@std@@V?$allocator@D@2@@std@@QAE@PBD@Z 100018f0 f i a2mgr.obj
 0001:00000930       ?assign@?$basic_string@DU?$char_traits@D@std@@V?$allocator@D@2@@std@@QAEAAV12@$$QAV12@@Z 10001930 f i a2mgr.obj
 0001:000009b0       ?BASE_setCurrentDirectory1@@YGHPAD@Z 100019b0 f   a2mgr.obj
 0001:00000a80       ??$?HDU?$char_traits@D@std@@V?$allocator@D@1@@std@@YA?AV?$basic_string@DU?$char_traits@D@std@@V?$allocator@D@2@@0@ABV10@PBD@Z 10001a80 f i a2mgr.obj
 0001:00000b60       ?DllMain_Init@@YG_NPAUHINSTANCE__@@KPAX@Z 10001b60 f   a2mgr.obj
 0001:000016b0       _DllMain@12                100026b0 f   a2mgr.obj
 0001:00001740       ?ConsoleProc@@YG_NEH@Z     10002740 f   add_info.obj
 0001:00001830       ?FpsImpl@@YGXKPAUtagRECT@@@Z 10002830 f   add_info.obj
 0001:00001b00       ?INFO_fps@@YAXXZ           10002b00 f   add_info.obj
 0001:00001b20       ?GetFirstName@@YGPADK@Z    10002b20 f   administrat_fix.obj
 0001:00001b90       ?GetSecondName@@YGPADK@Z   10002b90 f   administrat_fix.obj
 0001:00001c10       ?CheckNickname@@YG_NK@Z    10002c10 f   administrat_fix.obj
 0001:00001c70       ?ADMINISTRAT@@YAXXZ        10002c70 f   administrat_fix.obj
 0001:00001d20       ?CHAT_wmCharHandler@@YAXXZ 10002d20 f   chat.obj
 0001:00001d50       ?conv_double_tilde@@YGPADPAD@Z 10002d50 f   chat.obj
 0001:00001d90       ?CHAT_tilde0@@YAXXZ        10002d90 f   chat.obj
 0001:00001da0       ?CHAT_tilde1@@YAXXZ        10002da0 f   chat.obj
 0001:00001db0       ?CHAT_tilde2@@YAXXZ        10002db0 f   chat.obj
 0001:00001dc0       ?CHAT_convWinToDos@@YAXXZ  10002dc0 f   chat.obj
 0001:00001e00       ?CHAT_convDosToIdx@@YAXXZ  10002e00 f   chat.obj
 0001:00001e40       ?CHAT_logStrings@@YAHPADHH@Z 10002e40 f   chat.obj
 0001:00001e80       ?chatAddStringCpp@@YGPADPADH@Z 10002e80 f   chat.obj
 0001:00001fa0       ?CHAT_prependType_part1@@YAXXZ 10002fa0 f   chat.obj
 0001:00001fd0       ?CHAT_prependType_part2@@YAXXZ 10002fd0 f   chat.obj
 0001:00002000       ?str_empty@@YAXPAPAD@Z     10003000 f   chat_history.obj
 0001:00002020       ?str_assign@@YAXPAPADPBD@Z 10003020 f   chat_history.obj
 0001:00002040       ?str_array_resize@@YAXPADK@Z 10003040 f   chat_history.obj
 0001:00002060       ?logOpen@@YGXK@Z           10003060 f   chat_history.obj
 0001:00002080       ?CHAT_fixEscape@@YAXXZ     10003080 f   chat_history.obj
 0001:00002100       ?CHAT_dbg@@YAXXZ           10003100 f   chat_history.obj
 0001:00002120       ?allocate@?$allocator@V?$basic_string@DU?$char_traits@D@std@@V?$allocator@D@2@@std@@@std@@QAEPAV?$basic_string@DU?$char_traits@D@std@@V?$allocator@D@2@@2@I@Z 10003120 f i chat_history.obj
 0001:00002180       ?allocate@?$allocator@V?$vector@V?$basic_string@DU?$char_traits@D@std@@V?$allocator@D@2@@std@@V?$allocator@V?$basic_string@DU?$char_traits@D@std@@V?$allocator@D@2@@std@@@2@@std@@@std@@QAEPAV?$vector@V?$basic_string@DU?$char_traits@D@std@@V?$allocator@D@2@@std@@V?$allocator@V?$basic_string@DU?$char_traits@D@std@@V?$allocator@D@2@@std@@@2@@2@I@Z 10003180 f i chat_history.obj
 0001:000021e0       ?setString@@YAKPAD@Z       100031e0 f   chat_history.obj
 0001:000022d0       ?consoleDown@@YGKPAD@Z     100032d0 f   chat_history.obj
 0001:00002320       ?consoleUp@@YGKPAD@Z       10003320 f   chat_history.obj
 0001:00002360       ??0?$basic_string@DU?$char_traits@D@std@@V?$allocator@D@2@@std@@QAE@ABV01@@Z 10003360 f i chat_history.obj
 0001:00002390       ??$_Dest_val@V?$allocator@V?$basic_string@DU?$char_traits@D@std@@V?$allocator@D@2@@std@@@std@@V?$basic_string@DU?$char_traits@D@std@@V?$allocator@D@2@@2@@std@@YAXAAV?$allocator@V?$basic_string@DU?$char_traits@D@std@@V?$allocator@D@2@@std@@@0@PAV?$basic_string@DU?$char_traits@D@std@@V?$allocator@D@2@@0@@Z 10003390 f i chat_history.obj
 0001:000023c0       ??$_Destroy_range@V?$allocator@V?$basic_string@DU?$char_traits@D@std@@V?$allocator@D@2@@std@@@std@@@std@@YAXPAV?$basic_string@DU?$char_traits@D@std@@V?$allocator@D@2@@0@0AAV?$allocator@V?$basic_string@DU?$char_traits@D@std@@V?$allocator@D@2@@std@@@0@U_Nonscalar_ptr_iterator_tag@0@@Z 100033c0 f i chat_history.obj
 0001:00002400       ??$_Uninit_copy@V?$_Vector_const_iterator@V?$_Vector_val@V?$basic_string@DU?$char_traits@D@std@@V?$allocator@D@2@@std@@V?$allocator@V?$basic_string@DU?$char_traits@D@std@@V?$allocator@D@2@@std@@@2@@std@@@std@@PAV?$basic_string@DU?$char_traits@D@std@@V?$allocator@D@2@@2@V?$allocator@V?$basic_string@DU?$char_traits@D@std@@V?$allocator@D@2@@std@@@2@@std@@YAPAV?$basic_string@DU?$char_traits@D@std@@V?$allocator@D@2@@0@V?$_Vector_const_iterator@V?$_Vector_val@V?$basic_string@DU?$char_traits@D@std@@V?$allocator@D@2@@std@@V?$allocator@V?$basic_string@DU?$char_traits@D@std@@V?$allocator@D@2@@std@@@2@@std@@@0@0PAV10@AAV?$allocator@V?$basic_string@DU?$char_traits@D@std@@V?$allocator@D@2@@std@@@0@U_Nonscalar_ptr_iterator_tag@0@@Z 10003400 f i chat_history.obj
 0001:000024c0       ??$_Move@PAV?$basic_string@DU?$char_traits@D@std@@V?$allocator@D@2@@std@@PAV12@@std@@YAPAV?$basic_string@DU?$char_traits@D@std@@V?$allocator@D@2@@0@PAV10@00U_Nonscalar_ptr_iterator_tag@0@@Z 100034c0 f i chat_history.obj
 0001:00002550       ??$_Uninit_move@PAV?$basic_string@DU?$char_traits@D@std@@V?$allocator@D@2@@std@@PAV12@V?$allocator@V?$basic_string@DU?$char_traits@D@std@@V?$allocator@D@2@@std@@@2@V12@@std@@YAPAV?$basic_string@DU?$char_traits@D@std@@V?$allocator@D@2@@0@PAV10@00AAV?$allocator@V?$basic_string@DU?$char_traits@D@std@@V?$allocator@D@2@@std@@@0@0U_Nonscalar_ptr_iterator_tag@0@@Z 10003550 f i chat_history.obj
 0001:00002610       ??0?$vector@V?$basic_string@DU?$char_traits@D@std@@V?$allocator@D@2@@std@@V?$allocator@V?$basic_string@DU?$char_traits@D@std@@V?$allocator@D@2@@std@@@2@@std@@QAE@ABV01@@Z 10003610 f i chat_history.obj
 0001:000026f0       ??1?$vector@V?$basic_string@DU?$char_traits@D@std@@V?$allocator@D@2@@std@@V?$allocator@V?$basic_string@DU?$char_traits@D@std@@V?$allocator@D@2@@std@@@2@@std@@QAE@XZ 100036f0 f i chat_history.obj
 0001:000026f0       ?_Tidy@?$vector@V?$basic_string@DU?$char_traits@D@std@@V?$allocator@D@2@@std@@V?$allocator@V?$basic_string@DU?$char_traits@D@std@@V?$allocator@D@2@@std@@@2@@std@@IAEXXZ 100036f0 f i chat_history.obj
 0001:00002740       ?getStringLastT@@YG?AV?$basic_string@DU?$char_traits@D@std@@V?$allocator@D@2@@std@@XZ 10003740 f   chat_history.obj
 0001:00002830       ?getStringLast@@YGXPAPAD@Z 10003830 f   chat_history.obj
 0001:000028e0       ?CHAT_getMessageLast@@YAXXZ 100038e0 f   chat_history.obj
 0001:000028f0       ?reserve@?$vector@V?$basic_string@DU?$char_traits@D@std@@V?$allocator@D@2@@std@@V?$allocator@V?$basic_string@DU?$char_traits@D@std@@V?$allocator@D@2@@std@@@2@@std@@QAEXI@Z 100038f0 f i chat_history.obj
 0001:00002a10       ?_Reserve@?$vector@V?$basic_string@DU?$char_traits@D@std@@V?$allocator@D@2@@std@@V?$allocator@V?$basic_string@DU?$char_traits@D@std@@V?$allocator@D@2@@std@@@2@@std@@IAEXI@Z 10003a10 f i chat_history.obj
 0001:00002a90       ?push_back@?$vector@V?$basic_string@DU?$char_traits@D@std@@V?$allocator@D@2@@std@@V?$allocator@V?$basic_string@DU?$char_traits@D@std@@V?$allocator@D@2@@std@@@2@@std@@QAEX$$QAV?$basic_string@DU?$char_traits@D@std@@V?$allocator@D@2@@2@@Z 10003a90 f i chat_history.obj
 0001:00002b60       ?push_back@?$vector@V?$basic_string@DU?$char_traits@D@std@@V?$allocator@D@2@@std@@V?$allocator@V?$basic_string@DU?$char_traits@D@std@@V?$allocator@D@2@@std@@@2@@std@@QAEXABV?$basic_string@DU?$char_traits@D@std@@V?$allocator@D@2@@2@@Z 10003b60 f i chat_history.obj
 0001:00002c30       ??$_Destroy_range@V?$allocator@V?$vector@V?$basic_string@DU?$char_traits@D@std@@V?$allocator@D@2@@std@@V?$allocator@V?$basic_string@DU?$char_traits@D@std@@V?$allocator@D@2@@std@@@2@@std@@@std@@@std@@YAXPAV?$vector@V?$basic_string@DU?$char_traits@D@std@@V?$allocator@D@2@@std@@V?$allocator@V?$basic_string@DU?$char_traits@D@std@@V?$allocator@D@2@@std@@@2@@0@0AAV?$allocator@V?$vector@V?$basic_string@DU?$char_traits@D@std@@V?$allocator@D@2@@std@@V?$allocator@V?$basic_string@DU?$char_traits@D@std@@V?$allocator@D@2@@std@@@2@@std@@@0@U_Nonscalar_ptr_iterator_tag@0@@Z 10003c30 f i chat_history.obj
 0001:00002ca0       ??$_Uninit_move@PAV?$vector@V?$basic_string@DU?$char_traits@D@std@@V?$allocator@D@2@@std@@V?$allocator@V?$basic_string@DU?$char_traits@D@std@@V?$allocator@D@2@@std@@@2@@std@@PAV12@V?$allocator@V?$vector@V?$basic_string@DU?$char_traits@D@std@@V?$allocator@D@2@@std@@V?$allocator@V?$basic_string@DU?$char_traits@D@std@@V?$allocator@D@2@@std@@@2@@std@@@2@V12@@std@@YAPAV?$vector@V?$basic_string@DU?$char_traits@D@std@@V?$allocator@D@2@@std@@V?$allocator@V?$basic_string@DU?$char_traits@D@std@@V?$allocator@D@2@@std@@@2@@0@PAV10@00AAV?$allocator@V?$vector@V?$basic_string@DU?$char_traits@D@std@@V?$allocator@D@2@@std@@V?$allocator@V?$basic_string@DU?$char_traits@D@std@@V?$allocator@D@2@@std@@@2@@std@@@0@0U_Nonscalar_ptr_iterator_tag@0@@Z 10003ca0 f i chat_history.obj
 0001:00002d20       ?reserve@?$vector@V?$vector@V?$basic_string@DU?$char_traits@D@std@@V?$allocator@D@2@@std@@V?$allocator@V?$basic_string@DU?$char_traits@D@std@@V?$allocator@D@2@@std@@@2@@std@@V?$allocator@V?$vector@V?$basic_string@DU?$char_traits@D@std@@V?$allocator@D@2@@std@@V?$allocator@V?$basic_string@DU?$char_traits@D@std@@V?$allocator@D@2@@std@@@2@@std@@@2@@std@@QAEXI@Z 10003d20 f i chat_history.obj
 0001:00002e10       ?_Reserve@?$vector@V?$vector@V?$basic_string@DU?$char_traits@D@std@@V?$allocator@D@2@@std@@V?$allocator@V?$basic_string@DU?$char_traits@D@std@@V?$allocator@D@2@@std@@@2@@std@@V?$allocator@V?$vector@V?$basic_string@DU?$char_traits@D@std@@V?$allocator@D@2@@std@@V?$allocator@V?$basic_string@DU?$char_traits@D@std@@V?$allocator@D@2@@std@@@2@@std@@@2@@std@@IAEXI@Z 10003e10 f i chat_history.obj
 0001:00002e70       ?push_back@?$vector@V?$vector@V?$basic_string@DU?$char_traits@D@std@@V?$allocator@D@2@@std@@V?$allocator@V?$basic_string@DU?$char_traits@D@std@@V?$allocator@D@2@@std@@@2@@std@@V?$allocator@V?$vector@V?$basic_string@DU?$char_traits@D@std@@V?$allocator@D@2@@std@@V?$allocator@V?$basic_string@DU?$char_traits@D@std@@V?$allocator@D@2@@std@@@2@@std@@@2@@std@@QAEXABV?$vector@V?$basic_string@DU?$char_traits@D@std@@V?$allocator@D@2@@std@@V?$allocator@V?$basic_string@DU?$char_traits@D@std@@V?$allocator@D@2@@std@@@2@@2@@Z 10003e70 f i chat_history.obj
 0001:00002f10       ?addString@@YAXPAD@Z       10003f10 f   chat_history.obj
 0001:00003030       ?consoleEnter@@YGKPAD@Z    10004030 f   chat_history.obj
 0001:00003070       ?CHAT_keyDown@@YAXXZ       10004070 f   chat_history.obj
 0001:00003100       ?_Max@?$_Tree_val@V?$_Tmap_traits@PAXPAXU?$less@PAX@std@@V?$allocator@U?$pair@QAXPAX@std@@@2@$0A@@std@@@std@@SAPAU_Node@?$_Tree_nod@V?$_Tmap_traits@PAXPAXU?$less@PAX@std@@V?$allocator@U?$pair@QAXPAX@std@@@2@$0A@@std@@@2@PAU342@@Z 10004100 f i class_extend.obj
 0001:00003120       ?_Min@?$_Tree_val@V?$_Tmap_traits@PAXPAXU?$less@PAX@std@@V?$allocator@U?$pair@QAXPAX@std@@@2@$0A@@std@@@std@@SAPAU_Node@?$_Tree_nod@V?$_Tmap_traits@PAXPAXU?$less@PAX@std@@V?$allocator@U?$pair@QAXPAX@std@@@2@$0A@@std@@@2@PAU342@@Z 10004120 f i class_extend.obj
 0001:00003140       ??E?$_Tree_unchecked_const_iterator@V?$_Tree_val@V?$_Tmap_traits@PAXPAXU?$less@PAX@std@@V?$allocator@U?$pair@QAXPAX@std@@@2@$0A@@std@@@std@@U_Iterator_base0@2@@std@@QAEAAV01@XZ 10004140 f i class_extend.obj
 0001:00003190       ?_Rrotate@?$_Tree@V?$_Tmap_traits@PAXPAXU?$less@PAX@std@@V?$allocator@U?$pair@QAXPAX@std@@@2@$0A@@std@@@std@@IAEXPAU_Node@?$_Tree_nod@V?$_Tmap_traits@PAXPAXU?$less@PAX@std@@V?$allocator@U?$pair@QAXPAX@std@@@2@$0A@@std@@@2@@Z 10004190 f i class_extend.obj
 0001:000031f0       ?_Lrotate@?$_Tree@V?$_Tmap_traits@PAXPAXU?$less@PAX@std@@V?$allocator@U?$pair@QAXPAX@std@@@2@$0A@@std@@@std@@IAEXPAU_Node@?$_Tree_nod@V?$_Tmap_traits@PAXPAXU?$less@PAX@std@@V?$allocator@U?$pair@QAXPAX@std@@@2@$0A@@std@@@2@@Z 100041f0 f i class_extend.obj
 0001:00003250       ?erase@?$_Tree@V?$_Tmap_traits@PAXPAXU?$less@PAX@std@@V?$allocator@U?$pair@QAXPAX@std@@@2@$0A@@std@@@std@@QAE?AV?$_Tree_iterator@V?$_Tree_val@V?$_Tmap_traits@PAXPAXU?$less@PAX@std@@V?$allocator@U?$pair@QAXPAX@std@@@2@$0A@@std@@@std@@@2@V?$_Tree_const_iterator@V?$_Tree_val@V?$_Tmap_traits@PAXPAXU?$less@PAX@std@@V?$allocator@U?$pair@QAXPAX@std@@@2@$0A@@std@@@std@@@2@@Z 10004250 f i class_extend.obj
 0001:000034a0       ?_Erase@?$_Tree@V?$_Tmap_traits@PAXPAXU?$less@PAX@std@@V?$allocator@U?$pair@QAXPAX@std@@@2@$0A@@std@@@std@@IAEXPAU_Node@?$_Tree_nod@V?$_Tmap_traits@PAXPAXU?$less@PAX@std@@V?$allocator@U?$pair@QAXPAX@std@@@2@$0A@@std@@@2@@Z 100044a0 f i class_extend.obj
 0001:000034e0       ?clear@?$_Tree@V?$_Tmap_traits@PAXPAXU?$less@PAX@std@@V?$allocator@U?$pair@QAXPAX@std@@@2@$0A@@std@@@std@@QAEXXZ 100044e0 f i class_extend.obj
 0001:00003530       ?erase@?$_Tree@V?$_Tmap_traits@PAXPAXU?$less@PAX@std@@V?$allocator@U?$pair@QAXPAX@std@@@2@$0A@@std@@@std@@QAE?AV?$_Tree_iterator@V?$_Tree_val@V?$_Tmap_traits@PAXPAXU?$less@PAX@std@@V?$allocator@U?$pair@QAXPAX@std@@@2@$0A@@std@@@std@@@2@V?$_Tree_const_iterator@V?$_Tree_val@V?$_Tmap_traits@PAXPAXU?$less@PAX@std@@V?$allocator@U?$pair@QAXPAX@std@@@2@$0A@@std@@@std@@@2@0@Z 10004530 f i class_extend.obj
 0001:000035d0       ?TILES_debug@@YAXXZ        100045d0 f   landscape_renderer.obj
 0001:000035d0       ??3@YAXPAX0@Z              100045d0 f   chat_history.obj
 0001:000035d0       ?CCMD_processCommand@@YAXPBD@Z 100045d0 f   client_cmd.obj
 0001:000035d0       ?IdleProcessing@CWindow@GUI@zxmgr@@SAXXZ 100045d0 f   zxmgr_gui.obj
 0001:000035e0       ??1failure@ios_base@std@@UAE@XZ 100045e0 f i config.obj
 0001:000035e0       ??1runtime_error@std@@UAE@XZ 100045e0 f i config.obj
 0001:000035f0       ?_Incref@facet@locale@std@@QAEXXZ 100045f0 f i config.obj
 0001:00003620       ?_Decref@facet@locale@std@@QAEPAV123@XZ 10004620 f i config.obj
 0001:00003660       ??1facet@locale@std@@UAE@XZ 10004660 f i config.obj
 0001:00003670       ??1locale@std@@QAE@XZ      10004670 f i config.obj
 0001:000036c0       ??_Efacet@locale@std@@UAEPAXI@Z 100046c0 f i config.obj
 0001:000036c0       ??_G?$codecvt@DDH@std@@MAEPAXI@Z 100046c0 f i config.obj
 0001:000036c0       ??_Gfacet@locale@std@@UAEPAXI@Z 100046c0 f i config.obj
 0001:000036c0       ??_E?$codecvt@DDH@std@@MAEPAXI@Z 100046c0 f i config.obj
 0001:000036f0       ?do_max_length@codecvt_base@std@@MBEHXZ 100046f0 f i config.obj
 0001:000036f0       ?do_encoding@codecvt_base@std@@MBEHXZ 100046f0 f i config.obj
 0001:00003700       ?getloc@ios_base@std@@QBE?AVlocale@2@XZ 10004700 f i config.obj
 0001:00003740       ??_G?$basic_ios@DU?$char_traits@D@std@@@std@@UAEPAXI@Z 10004740 f i config.obj
 0001:00003740       ??_Gios_base@std@@UAEPAXI@Z 10004740 f i config.obj
 0001:00003740       ??_E?$basic_ios@DU?$char_traits@D@std@@@std@@UAEPAXI@Z 10004740 f i config.obj
 0001:00003740       ??_Eios_base@std@@UAEPAXI@Z 10004740 f i config.obj
 0001:00003770       ??1?$basic_ios@DU?$char_traits@D@std@@@std@@UAE@XZ 10004770 f i config.obj
 0001:00003780       ??1?$basic_istream@DU?$char_traits@D@std@@@std@@UAE@XZ 10004780 f i config.obj
 0001:00003790       ?_Gnavail@?$basic_streambuf@DU?$char_traits@D@std@@@std@@IBE_JXZ 10004790 f i config.obj
 0001:000037b0       ?_Chassign@?$basic_string@DU?$char_traits@D@std@@V?$allocator@D@2@@std@@QAEXIID@Z 100047b0 f i config.obj
 0001:000037f0       ?getloc@?$basic_streambuf@DU?$char_traits@D@std@@@std@@QBE?AVlocale@2@XZ 100047f0 f i config.obj
 0001:00003830       ??_Efailure@ios_base@std@@UAEPAXI@Z 10004830 f i config.obj
 0001:00003830       ??_Gfailure@ios_base@std@@UAEPAXI@Z 10004830 f i config.obj
 0001:00003830       ??_Gruntime_error@std@@UAEPAXI@Z 10004830 f i config.obj
 0001:00003830       ??_Eruntime_error@std@@UAEPAXI@Z 10004830 f i config.obj
 0001:00003830       ??_Esystem_error@std@@UAEPAXI@Z 10004830 f i config.obj
 0001:00003830       ??_Gsystem_error@std@@UAEPAXI@Z 10004830 f i config.obj
 0001:00003860       ?do_tolower@?$ctype@D@std@@MBEDD@Z 10004860 f i config.obj
 0001:00003880       ?do_tolower@?$ctype@D@std@@MBEPBDPADPBD@Z 10004880 f i config.obj
 0001:000038b0       ?do_toupper@?$ctype@D@std@@MBEDD@Z 100048b0 f i config.obj
 0001:000038d0       ?do_toupper@?$ctype@D@std@@MBEPBDPADPBD@Z 100048d0 f i config.obj
 0001:00003900       ?do_widen@?$ctype@D@std@@MBEDD@Z 10004900 f i config.obj
 0001:00003910       ?do_widen@?$ctype@D@std@@MBEPBDPBD0PAD@Z 10004910 f i config.obj
 0001:00003940       ?do_narrow@?$ctype@D@std@@MBEDDD@Z 10004940 f i config.obj
 0001:00003950       ?do_narrow@?$ctype@D@std@@MBEPBDPBD0DPAD@Z 10004950 f i config.obj
 0001:00003980       ??_G?$ctype@D@std@@MAEPAXI@Z 10004980 f i config.obj
 0001:00003980       ??_E?$ctype@D@std@@MAEPAXI@Z 10004980 f i config.obj
 0001:000039d0       ?clear@ios_base@std@@QAEXH_N@Z 100049d0 f i config.obj
 0001:00003ab0       ??0runtime_error@std@@QAE@ABV01@@Z 10004ab0 f i config.obj
 0001:00003ad0       ??0system_error@std@@QAE@ABV01@@Z 10004ad0 f i config.obj
 0001:00003b00       ?_Init@ios_base@std@@IAEXXZ 10004b00 f i config.obj
 0001:00003b90       ??0failure@ios_base@std@@QAE@ABV012@@Z 10004b90 f i config.obj
 0001:00003bc0       ??1?$_Yarn@D@std@@QAE@XZ   10004bc0 f i config.obj
 0001:00003be0       ??1?$basic_streambuf@DU?$char_traits@D@std@@@std@@UAE@XZ 10004be0 f i config.obj
 0001:00003c60       ?_Lock@?$basic_streambuf@DU?$char_traits@D@std@@@std@@UAEXXZ 10004c60 f i config.obj
 0001:00003c70       ?_Unlock@?$basic_streambuf@DU?$char_traits@D@std@@@std@@UAEXXZ 10004c70 f i config.obj
 0001:00003c80       ?overflow@?$basic_streambuf@DU?$char_traits@D@std@@@std@@MAEHH@Z 10004c80 f i config.obj
 0001:00003c80       ?pbackfail@?$basic_streambuf@DU?$char_traits@D@std@@@std@@MAEHH@Z 10004c80 f i config.obj
 0001:00003c90       ?showmanyc@?$basic_streambuf@DU?$char_traits@D@std@@@std@@MAE_JXZ 10004c90 f i config.obj
 0001:00003ca0       ?underflow@?$basic_streambuf@DU?$char_traits@D@std@@@std@@MAEHXZ 10004ca0 f i config.obj
 0001:00003cb0       ?setbuf@?$basic_streambuf@DU?$char_traits@D@std@@@std@@MAEPAV12@PAD_J@Z 10004cb0 f i config.obj
 0001:00003cc0       ?imbue@?$basic_streambuf@DU?$char_traits@D@std@@@std@@MAEXABVlocale@2@@Z 10004cc0 f i config.obj
 0001:00003cc0       ?consoleTab@@YGXPAX@Z      10004cc0 f i chat_history.obj
 0001:00003cd0       ?_Pnavail@?$basic_streambuf@DU?$char_traits@D@std@@@std@@IBE_JXZ 10004cd0 f i config.obj
 0001:00003cf0       ?uflow@?$basic_streambuf@DU?$char_traits@D@std@@@std@@MAEHXZ 10004cf0 f i config.obj
 0001:00003d20       ?xsgetn@?$basic_streambuf@DU?$char_traits@D@std@@@std@@MAE_JPAD_J@Z 10004d20 f i config.obj
 0001:00003df0       ?xsputn@?$basic_streambuf@DU?$char_traits@D@std@@@std@@MAE_JPBD_J@Z 10004df0 f i config.obj
 0001:00003ec0       ?seekoff@?$basic_streambuf@DU?$char_traits@D@std@@@std@@MAE?AV?$fpos@H@2@_JHH@Z 10004ec0 f i config.obj
 0001:00003ef0       ?seekpos@?$basic_streambuf@DU?$char_traits@D@std@@@std@@MAE?AV?$fpos@H@2@V32@H@Z 10004ef0 f i config.obj
 0001:00003f20       ??_G?$basic_istream@DU?$char_traits@D@std@@@std@@UAEPAXI@Z 10004f20 f i config.obj
 0001:00003f20       ??_E?$basic_istream@DU?$char_traits@D@std@@@std@@UAEPAXI@Z 10004f20 f i config.obj
 0001:00003f60       ??_E?$basic_streambuf@DU?$char_traits@D@std@@@std@@UAEPAXI@Z 10004f60 f i config.obj
 0001:00003f60       ??_G?$basic_streambuf@DU?$char_traits@D@std@@@std@@UAEPAXI@Z 10004f60 f i config.obj
 0001:00003f90       ?find@?$basic_string@DU?$char_traits@D@std@@V?$allocator@D@2@@std@@QBEIPBDII@Z 10004f90 f i config.obj
 0001:00004040       ?find_first_of@?$basic_string@DU?$char_traits@D@std@@V?$allocator@D@2@@std@@QBEIPBDII@Z 10005040 f i config.obj
 0001:000040c0       ?_Reset_back@?$basic_filebuf@DU?$char_traits@D@std@@@std@@AAEXXZ 100050c0 f i config.obj
 0001:000040f0       ?_Init@?$basic_streambuf@DU?$char_traits@D@std@@@std@@IAEXXZ 100050f0 f i config.obj
 0001:00004150       ?do_in@?$codecvt@DDH@std@@MBEHAAHPBD1AAPBDPAD3AAPAD@Z 10005150 f i config.obj
 0001:00004150       ?do_out@?$codecvt@DDH@std@@MBEHAAHPBD1AAPBDPAD3AAPAD@Z 10005150 f i config.obj
 0001:00004170       ?do_unshift@?$codecvt@DDH@std@@MBEHAAHPAD1AAPAD@Z 10005170 f i config.obj
 0001:00004190       ?do_length@?$codecvt@DDH@std@@MBEHABHPBD1I@Z 10005190 f i config.obj
 0001:000041b0       ??0_Locinfo@std@@QAE@PBD@Z 100051b0 f i config.obj
 0001:00004260       ??1_Locinfo@std@@QAE@XZ    10005260 f i config.obj
 0001:00004310       ?_Getcat@?$ctype@D@std@@SAIPAPBVfacet@locale@2@PBV42@@Z 10005310 f i config.obj
 0001:000043f0       ?snextc@?$basic_streambuf@DU?$char_traits@D@std@@@std@@QAEHXZ 100053f0 f i config.obj
 0001:00004470       ?_Init@?$basic_filebuf@DU?$char_traits@D@std@@@std@@IAEXPAU_iobuf@@W4_Initfl@12@@Z 10005470 f i config.obj
 0001:00004510       ??0?$basic_streambuf@DU?$char_traits@D@std@@@std@@IAE@XZ 10005510 f i config.obj
 0001:00004600       ??$use_facet@V?$ctype@D@std@@@std@@YAABV?$ctype@D@0@ABVlocale@0@@Z 10005600 f i config.obj
 0001:00004740       ??$?8DU?$char_traits@D@std@@V?$allocator@D@1@@std@@YA_NABV?$basic_string@DU?$char_traits@D@std@@V?$allocator@D@2@@0@PBD@Z 10005740 f i config.obj
 0001:00004780       ?_Getcat@?$codecvt@DDH@std@@SAIPAPBVfacet@locale@2@PBV42@@Z 10005780 f i config.obj
 0001:00004830       ?flush@?$basic_ostream@DU?$char_traits@D@std@@@std@@QAEAAV12@XZ 10005830 f i config.obj
 0001:00004880       ?_Ipfx@?$basic_istream@DU?$char_traits@D@std@@@std@@QAE_N_N@Z 10005880 f i config.obj
 0001:00004a20       ??$_Fputc@D@std@@YA_NDPAU_iobuf@@@Z 10005a20 f i config.obj
 0001:00004a40       ?_Lock@?$basic_filebuf@DU?$char_traits@D@std@@@std@@UAEXXZ 10005a40 f i config.obj
 0001:00004a50       ?_Unlock@?$basic_filebuf@DU?$char_traits@D@std@@@std@@UAEXXZ 10005a50 f i config.obj
 0001:00004a60       ?sync@?$basic_filebuf@DU?$char_traits@D@std@@@std@@MAEHXZ 10005a60 f i config.obj
 0001:00004a90       ?underflow@?$basic_filebuf@DU?$char_traits@D@std@@@std@@MAEHXZ 10005a90 f i config.obj
 0001:00004ae0       ?_Set_back@?$basic_filebuf@DU?$char_traits@D@std@@@std@@AAEXXZ 10005ae0 f i config.obj
 0001:00004b20       ?pbackfail@?$basic_filebuf@DU?$char_traits@D@std@@@std@@MAEHH@Z 10005b20 f i config.obj
 0001:00004bb0       ?setbuf@?$basic_filebuf@DU?$char_traits@D@std@@@std@@MAEPAV?$basic_streambuf@DU?$char_traits@D@std@@@2@PAD_J@Z 10005bb0 f i config.obj
 0001:00004c10       ?widen@?$basic_ios@DU?$char_traits@D@std@@@std@@QBEDD@Z 10005c10 f i config.obj
 0001:00004cc0       ??$use_facet@V?$codecvt@DDH@std@@@std@@YAABV?$codecvt@DDH@0@ABVlocale@0@@Z 10005cc0 f i config.obj
 0001:00004e00       ?imbue@?$basic_filebuf@DU?$char_traits@D@std@@@std@@MAEXABVlocale@2@@Z 10005e00 f i config.obj
 0001:00004e40       ?append@?$basic_string@DU?$char_traits@D@std@@V?$allocator@D@2@@std@@QAEAAV12@ID@Z 10005e40 f i config.obj
 0001:00004ef0       ?open@?$basic_filebuf@DU?$char_traits@D@std@@@std@@QAEPAV12@PBDHH@Z 10005ef0 f i config.obj
 0001:00004fd0       ?uflow@?$basic_filebuf@DU?$char_traits@D@std@@@std@@MAEHXZ 10005fd0 f i config.obj
 0001:000051c0       ?open@?$basic_ifstream@DU?$char_traits@D@std@@@std@@QAEXPBDHH@Z 100061c0 f i config.obj
 0001:00005230       ?_Endwrite@?$basic_filebuf@DU?$char_traits@D@std@@@std@@IAE_NXZ 10006230 f i config.obj
 0001:00005370       ??$getline@DU?$char_traits@D@std@@V?$allocator@D@2@@std@@YAAAV?$basic_istream@DU?$char_traits@D@std@@@0@$$QAV10@AAV?$basic_string@DU?$char_traits@D@std@@V?$allocator@D@2@@0@D@Z 10006370 f i config.obj
 0001:00005530       ?overflow@?$basic_filebuf@DU?$char_traits@D@std@@@std@@MAEHH@Z 10006530 f i config.obj
 0001:00005720       ?seekoff@?$basic_filebuf@DU?$char_traits@D@std@@@std@@MAE?AV?$fpos@H@2@_JHH@Z 10006720 f i config.obj
 0001:00005810       ?seekpos@?$basic_filebuf@DU?$char_traits@D@std@@@std@@MAE?AV?$fpos@H@2@V32@H@Z 10006810 f i config.obj
 0001:000058f0       ?close@?$basic_filebuf@DU?$char_traits@D@std@@@std@@QAEPAV12@XZ 100068f0 f i config.obj
 0001:00005980       ??0?$basic_ifstream@DU?$char_traits@D@std@@@std@@QAE@XZ 10006980 f i config.obj
 0001:00005ab0       ??1?$basic_ifstream@DU?$char_traits@D@std@@@std@@UAE@XZ 10006ab0 f i config.obj
 0001:00005b60       ?close@?$basic_ifstream@DU?$char_traits@D@std@@@std@@QAEXXZ 10006b60 f i config.obj
 0001:00005b90       ??_E?$basic_filebuf@DU?$char_traits@D@std@@@std@@UAEPAXI@Z 10006b90 f i config.obj
 0001:00005b90       ??_G?$basic_filebuf@DU?$char_traits@D@std@@@std@@UAEPAXI@Z 10006b90 f i config.obj
 0001:00005c30       ?ParseConfig1x@@YAXAAV?$basic_ifstream@DU?$char_traits@D@std@@@std@@@Z 10006c30 f   config.obj
 0001:00006210       ??_D?$basic_ifstream@DU?$char_traits@D@std@@@std@@QAEXXZ 10007210 f i config.obj
 0001:00006230       ??_G?$basic_ifstream@DU?$char_traits@D@std@@@std@@UAEPAXI@Z 10007230 f i config.obj
 0001:00006230       ??_E?$basic_ifstream@DU?$char_traits@D@std@@@std@@UAEPAXI@Z 10007230 f i config.obj
 0001:00006270       ?ParseConfig2x@@YAXAAV?$basic_ifstream@DU?$char_traits@D@std@@@std@@@Z 10007270 f   config.obj
 0001:00006db0       ?ParseConfig@@YAXXZ        10007db0 f   config.obj
 0001:00006f70       ?CheckValid@@YGKPAXK@Z     10007f70 f   crash.obj
 0001:00006f90       ?CheckValidW@@YGKPAXK@Z    10007f90 f   crash.obj
 0001:00006fb0       ?CRASH_fix_414994@@YAXXZ   10007fb0 f   crash.obj
 0001:00006fe0       ?CRASH_fix_42353A@@YAXXZ   10007fe0 f   crash.obj
 0001:00007010       ?CRASH_fix_523295@@YAXXZ   10008010 f   crash.obj
 0001:00007040       ?CRASH_fix_46AD10@@YAXXZ   10008040 f   crash.obj
 0001:000070a0       ?CRASH_fix_420450@@YAXXZ   100080a0 f   crash.obj
 0001:000070d0       ?CRASH_fix_45FC3B@@YAXXZ   100080d0 f   crash.obj
 0001:00007100       ?CRASH_fix_458CF9@@YAXXZ   10008100 f   crash.obj
 0001:00007140       ?CRASH_fix_4657AD@@YAXXZ   10008140 f   crash.obj
 0001:00007170       ?CRASH_fix_46B685@@YAXXZ   10008170 f   crash.obj
 0001:000071a0       ?shop_init_2@@YAXXZ        100081a0 f   crash.obj
 0001:000071f0       ?CRASH_fix_4BEE2D@@YAXXZ   100081f0 f   crash.obj
 0001:00007200       ?CRASH_fix_4AAB7E@@YAXXZ   10008200 f   crash.obj
 0001:00007220       ?CRASH_fix_multiwindow_1@@YAXXZ 10008220 f   crash.obj
 0001:00007240       ?CRASH_fix_multiwindow_2@@YAXXZ 10008240 f   crash.obj
 0001:00007260       ?CRASH_fix_multiwindow_3@@YAXXZ 10008260 f   crash.obj
 0001:00007280       ?CRASH_fix_multiwindow_4@@YAXXZ 10008280 f   crash.obj
 0001:000072a0       ?Calculate@CRC_32@@AAEXQAEIAAK@Z 100082a0 f   CRC_32.obj
 0001:000072e0       ?CRC32ThreadProc@CRC_32@@CGKPAX@Z 100082e0 f   CRC_32.obj
 0001:00007600       ??0CRC_32@@QAE@XZ          10008600 f   CRC_32.obj
 0001:00007740       ?CalcCRC@CRC_32@@QAEKPAXIPAUHWND__@@@Z 10008740 f   CRC_32.obj
 0001:00007840       ?log_str@@YAXPADK@Z        10008840 f   debug.obj
 0001:00007860       ?DBG_logStrings@@YAXXZ     10008860 f   debug.obj
 0001:000078a0       ?exc_handler_run@@YAKPAU_EXCEPTION_POINTERS@@@Z 100088a0 f   debug.obj
 0001:000079d0       ?setup_handler@@YAXXZ      100089d0 f   debug.obj
 0001:000079e0       ?_decideState@@YGXK@Z      100089e0 f   debug.obj
 0001:00007a00       ?DBG_decideState@@YAXXZ    10008a00 f   debug.obj
 0001:00007a30       ?_Max@?$_Tree_val@V?$_Tmap_traits@PBDV?$basic_string@DU?$char_traits@D@std@@V?$allocator@D@2@@std@@U?$less@PBD@2@V?$allocator@U?$pair@QBDV?$basic_string@DU?$char_traits@D@std@@V?$allocator@D@2@@std@@@std@@@2@$0A@@std@@@std@@SAPAU_Node@?$_Tree_nod@V?$_Tmap_traits@PBDV?$basic_string@DU?$char_traits@D@std@@V?$allocator@D@2@@std@@U?$less@PBD@2@V?$allocator@U?$pair@QBDV?$basic_string@DU?$char_traits@D@std@@V?$allocator@D@2@@std@@@std@@@2@$0A@@std@@@2@PAU342@@Z 10008a30 f i debug.obj
 0001:00007a30       ?_Max@?$_Tree_val@V?$_Tmap_traits@KV?$basic_string@DU?$char_traits@D@std@@V?$allocator@D@2@@std@@U?$less@K@2@V?$allocator@U?$pair@$$CBKV?$basic_string@DU?$char_traits@D@std@@V?$allocator@D@2@@std@@@std@@@2@$0A@@std@@@std@@SAPAU_Node@?$_Tree_nod@V?$_Tmap_traits@KV?$basic_string@DU?$char_traits@D@std@@V?$allocator@D@2@@std@@U?$less@K@2@V?$allocator@U?$pair@$$CBKV?$basic_string@DU?$char_traits@D@std@@V?$allocator@D@2@@std@@@std@@@2@$0A@@std@@@2@PAU342@@Z 10008a30 f i debug.obj
 0001:00007a50       ?_Min@?$_Tree_val@V?$_Tmap_traits@PBDV?$basic_string@DU?$char_traits@D@std@@V?$allocator@D@2@@std@@U?$less@PBD@2@V?$allocator@U?$pair@QBDV?$basic_string@DU?$char_traits@D@std@@V?$allocator@D@2@@std@@@std@@@2@$0A@@std@@@std@@SAPAU_Node@?$_Tree_nod@V?$_Tmap_traits@PBDV?$basic_string@DU?$char_traits@D@std@@V?$allocator@D@2@@std@@U?$less@PBD@2@V?$allocator@U?$pair@QBDV?$basic_string@DU?$char_traits@D@std@@V?$allocator@D@2@@std@@@std@@@2@$0A@@std@@@2@PAU342@@Z 10008a50 f i debug.obj
 0001:00007a50       ?_Min@?$_Tree_val@V?$_Tmap_traits@KV?$basic_string@DU?$char_traits@D@std@@V?$allocator@D@2@@std@@U?$less@K@2@V?$allocator@U?$pair@$$CBKV?$basic_string@DU?$char_traits@D@std@@V?$allocator@D@2@@std@@@std@@@2@$0A@@std@@@std@@SAPAU_Node@?$_Tree_nod@V?$_Tmap_traits@KV?$basic_string@DU?$char_traits@D@std@@V?$allocator@D@2@@std@@U?$less@K@2@V?$allocator@U?$pair@$$CBKV?$basic_string@DU?$char_traits@D@std@@V?$allocator@D@2@@std@@@std@@@2@$0A@@std@@@2@PAU342@@Z 10008a50 f i debug.obj
 0001:00007a70       ??F?$_Tree_unchecked_const_iterator@V?$_Tree_val@V?$_Tmap_traits@PBDV?$basic_string@DU?$char_traits@D@std@@V?$allocator@D@2@@std@@U?$less@PBD@2@V?$allocator@U?$pair@QBDV?$basic_string@DU?$char_traits@D@std@@V?$allocator@D@2@@std@@@std@@@2@$0A@@std@@@std@@U_Iterator_base0@2@@std@@QAEAAV01@XZ 10008a70 f i debug.obj
 0001:00007ad0       ??E?$_Tree_unchecked_const_iterator@V?$_Tree_val@V?$_Tmap_traits@KV?$basic_string@DU?$char_traits@D@std@@V?$allocator@D@2@@std@@U?$less@K@2@V?$allocator@U?$pair@$$CBKV?$basic_string@DU?$char_traits@D@std@@V?$allocator@D@2@@std@@@std@@@2@$0A@@std@@@std@@U_Iterator_base0@2@@std@@QAEAAV01@XZ 10008ad0 f i debug.obj
 0001:00007ad0       ??E?$_Tree_unchecked_const_iterator@V?$_Tree_val@V?$_Tmap_traits@PBDV?$basic_string@DU?$char_traits@D@std@@V?$allocator@D@2@@std@@U?$less@PBD@2@V?$allocator@U?$pair@QBDV?$basic_string@DU?$char_traits@D@std@@V?$allocator@D@2@@std@@@std@@@2@$0A@@std@@@std@@U_Iterator_base0@2@@std@@QAEAAV01@XZ 10008ad0 f i debug.obj
 0001:00007b20       ?_Lrotate@?$_Tree@V?$_Tmap_traits@KV?$basic_string@DU?$char_traits@D@std@@V?$allocator@D@2@@std@@U?$less@K@2@V?$allocator@U?$pair@$$CBKV?$basic_string@DU?$char_traits@D@std@@V?$allocator@D@2@@std@@@std@@@2@$0A@@std@@@std@@IAEXPAU_Node@?$_Tree_nod@V?$_Tmap_traits@KV?$basic_string@DU?$char_traits@D@std@@V?$allocator@D@2@@std@@U?$less@K@2@V?$allocator@U?$pair@$$CBKV?$basic_string@DU?$char_traits@D@std@@V?$allocator@D@2@@std@@@std@@@2@$0A@@std@@@2@@Z 10008b20 f i debug.obj
 0001:00007b20       ?_Lrotate@?$_Tree@V?$_Tmap_traits@PBDV?$basic_string@DU?$char_traits@D@std@@V?$allocator@D@2@@std@@U?$less@PBD@2@V?$allocator@U?$pair@QBDV?$basic_string@DU?$char_traits@D@std@@V?$allocator@D@2@@std@@@std@@@2@$0A@@std@@@std@@IAEXPAU_Node@?$_Tree_nod@V?$_Tmap_traits@PBDV?$basic_string@DU?$char_traits@D@std@@V?$allocator@D@2@@std@@U?$less@PBD@2@V?$allocator@U?$pair@QBDV?$basic_string@DU?$char_traits@D@std@@V?$allocator@D@2@@std@@@std@@@2@$0A@@std@@@2@@Z 10008b20 f i debug.obj
 0001:00007b80       ?_Rrotate@?$_Tree@V?$_Tmap_traits@PBDV?$basic_string@DU?$char_traits@D@std@@V?$allocator@D@2@@std@@U?$less@PBD@2@V?$allocator@U?$pair@QBDV?$basic_string@DU?$char_traits@D@std@@V?$allocator@D@2@@std@@@std@@@2@$0A@@std@@@std@@IAEXPAU_Node@?$_Tree_nod@V?$_Tmap_traits@PBDV?$basic_string@DU?$char_traits@D@std@@V?$allocator@D@2@@std@@U?$less@PBD@2@V?$allocator@U?$pair@QBDV?$basic_string@DU?$char_traits@D@std@@V?$allocator@D@2@@std@@@std@@@2@$0A@@std@@@2@@Z 10008b80 f i debug.obj
 0001:00007b80       ?_Rrotate@?$_Tree@V?$_Tmap_traits@KV?$basic_string@DU?$char_traits@D@std@@V?$allocator@D@2@@std@@U?$less@K@2@V?$allocator@U?$pair@$$CBKV?$basic_string@DU?$char_traits@D@std@@V?$allocator@D@2@@std@@@std@@@2@$0A@@std@@@std@@IAEXPAU_Node@?$_Tree_nod@V?$_Tmap_traits@KV?$basic_string@DU?$char_traits@D@std@@V?$allocator@D@2@@std@@U?$less@K@2@V?$allocator@U?$pair@$$CBKV?$basic_string@DU?$char_traits@D@std@@V?$allocator@D@2@@std@@@std@@@2@$0A@@std@@@2@@Z 10008b80 f i debug.obj
 0001:00007be0       ??1?$pair@QBDV?$basic_string@DU?$char_traits@D@std@@V?$allocator@D@2@@std@@@std@@QAE@XZ 10008be0 f i debug.obj
 0001:00007c10       ?_disp256@@YGXPBDK@Z       10008c10 f   debug.obj
 0001:00007d20       ?DBG_disp256@@YAXXZ        10008d20 f   debug.obj
 0001:00007d40       ?DBG_di2p256@@YAXXZ        10008d40 f   debug.obj
 0001:00007d60       ?DBG_di3p256@@YAXXZ        10008d60 f   debug.obj
 0001:00007d80       ?_Insert@?$_Tree@V?$_Tmap_traits@PBDV?$basic_string@DU?$char_traits@D@std@@V?$allocator@D@2@@std@@U?$less@PBD@2@V?$allocator@U?$pair@QBDV?$basic_string@DU?$char_traits@D@std@@V?$allocator@D@2@@std@@@std@@@2@$0A@@std@@@std@@IAE?AV?$_Tree_iterator@V?$_Tree_val@V?$_Tmap_traits@PBDV?$basic_string@DU?$char_traits@D@std@@V?$allocator@D@2@@std@@U?$less@PBD@2@V?$allocator@U?$pair@QBDV?$basic_string@DU?$char_traits@D@std@@V?$allocator@D@2@@std@@@std@@@2@$0A@@std@@@std@@@2@_NPAU_Node@?$_Tree_nod@V?$_Tmap_traits@PBDV?$basic_string@DU?$char_traits@D@std@@V?$allocator@D@2@@std@@U?$less@PBD@2@V?$allocator@U?$pair@QBDV?$basic_string@DU?$char_traits@D@std@@V?$allocator@D@2@@std@@@std@@@2@$0A@@std@@@2@1@Z 10008d80 f i debug.obj
 0001:00007fd0       ?erase@?$_Tree@V?$_Tmap_traits@KV?$basic_string@DU?$char_traits@D@std@@V?$allocator@D@2@@std@@U?$less@K@2@V?$allocator@U?$pair@$$CBKV?$basic_string@DU?$char_traits@D@std@@V?$allocator@D@2@@std@@@std@@@2@$0A@@std@@@std@@QAE?AV?$_Tree_iterator@V?$_Tree_val@V?$_Tmap_traits@KV?$basic_string@DU?$char_traits@D@std@@V?$allocator@D@2@@std@@U?$less@K@2@V?$allocator@U?$pair@$$CBKV?$basic_string@DU?$char_traits@D@std@@V?$allocator@D@2@@std@@@std@@@2@$0A@@std@@@std@@@2@V?$_Tree_const_iterator@V?$_Tree_val@V?$_Tmap_traits@KV?$basic_string@DU?$char_traits@D@std@@V?$allocator@D@2@@std@@U?$less@K@2@V?$allocator@U?$pair@$$CBKV?$basic_string@DU?$char_traits@D@std@@V?$allocator@D@2@@std@@@std@@@2@$0A@@std@@@std@@@2@@Z 10008fd0 f i debug.obj
 0001:00007fd0       ?erase@?$_Tree@V?$_Tmap_traits@PBDV?$basic_string@DU?$char_traits@D@std@@V?$allocator@D@2@@std@@U?$less@PBD@2@V?$allocator@U?$pair@QBDV?$basic_string@DU?$char_traits@D@std@@V?$allocator@D@2@@std@@@std@@@2@$0A@@std@@@std@@QAE?AV?$_Tree_iterator@V?$_Tree_val@V?$_Tmap_traits@PBDV?$basic_string@DU?$char_traits@D@std@@V?$allocator@D@2@@std@@U?$less@PBD@2@V?$allocator@U?$pair@QBDV?$basic_string@DU?$char_traits@D@std@@V?$allocator@D@2@@std@@@std@@@2@$0A@@std@@@std@@@2@V?$_Tree_const_iterator@V?$_Tree_val@V?$_Tmap_traits@PBDV?$basic_string@DU?$char_traits@D@std@@V?$allocator@D@2@@std@@U?$less@PBD@2@V?$allocator@U?$pair@QBDV?$basic_string@DU?$char_traits@D@std@@V?$allocator@D@2@@std@@@std@@@2@$0A@@std@@@std@@@2@@Z 10008fd0 f i debug.obj
 0001:00008250       ?_Erase@?$_Tree@V?$_Tmap_traits@KV?$basic_string@DU?$char_traits@D@std@@V?$allocator@D@2@@std@@U?$less@K@2@V?$allocator@U?$pair@$$CBKV?$basic_string@DU?$char_traits@D@std@@V?$allocator@D@2@@std@@@std@@@2@$0A@@std@@@std@@IAEXPAU_Node@?$_Tree_nod@V?$_Tmap_traits@KV?$basic_string@DU?$char_traits@D@std@@V?$allocator@D@2@@std@@U?$less@K@2@V?$allocator@U?$pair@$$CBKV?$basic_string@DU?$char_traits@D@std@@V?$allocator@D@2@@std@@@std@@@2@$0A@@std@@@2@@Z 10009250 f i debug.obj
 0001:00008250       ?_Erase@?$_Tree@V?$_Tmap_traits@PBDV?$basic_string@DU?$char_traits@D@std@@V?$allocator@D@2@@std@@U?$less@PBD@2@V?$allocator@U?$pair@QBDV?$basic_string@DU?$char_traits@D@std@@V?$allocator@D@2@@std@@@std@@@2@$0A@@std@@@std@@IAEXPAU_Node@?$_Tree_nod@V?$_Tmap_traits@PBDV?$basic_string@DU?$char_traits@D@std@@V?$allocator@D@2@@std@@U?$less@PBD@2@V?$allocator@U?$pair@QBDV?$basic_string@DU?$char_traits@D@std@@V?$allocator@D@2@@std@@@std@@@2@$0A@@std@@@2@@Z 10009250 f i debug.obj
 0001:000082b0       ?_Linsert@?$_Tree@V?$_Tmap_traits@PBDV?$basic_string@DU?$char_traits@D@std@@V?$allocator@D@2@@std@@U?$less@PBD@2@V?$allocator@U?$pair@QBDV?$basic_string@DU?$char_traits@D@std@@V?$allocator@D@2@@std@@@std@@@2@$0A@@std@@@std@@QAE?AU?$pair@V?$_Tree_iterator@V?$_Tree_val@V?$_Tmap_traits@PBDV?$basic_string@DU?$char_traits@D@std@@V?$allocator@D@2@@std@@U?$less@PBD@2@V?$allocator@U?$pair@QBDV?$basic_string@DU?$char_traits@D@std@@V?$allocator@D@2@@std@@@std@@@2@$0A@@std@@@std@@@std@@_N@2@PAU_Node@?$_Tree_nod@V?$_Tmap_traits@PBDV?$basic_string@DU?$char_traits@D@std@@V?$allocator@D@2@@std@@U?$less@PBD@2@V?$allocator@U?$pair@QBDV?$basic_string@DU?$char_traits@D@std@@V?$allocator@D@2@@std@@@std@@@2@$0A@@std@@@2@_N@Z 100092b0 f i debug.obj
 0001:000083b0       ?_Insert@?$_Tree@V?$_Tmap_traits@PBDV?$basic_string@DU?$char_traits@D@std@@V?$allocator@D@2@@std@@U?$less@PBD@2@V?$allocator@U?$pair@QBDV?$basic_string@DU?$char_traits@D@std@@V?$allocator@D@2@@std@@@std@@@2@$0A@@std@@@std@@QAE?AV?$_Tree_iterator@V?$_Tree_val@V?$_Tmap_traits@PBDV?$basic_string@DU?$char_traits@D@std@@V?$allocator@D@2@@std@@U?$less@PBD@2@V?$allocator@U?$pair@QBDV?$basic_string@DU?$char_traits@D@std@@V?$allocator@D@2@@std@@@std@@@2@$0A@@std@@@std@@@2@V?$_Tree_const_iterator@V?$_Tree_val@V?$_Tmap_traits@PBDV?$basic_string@DU?$char_traits@D@std@@V?$allocator@D@2@@std@@U?$less@PBD@2@V?$allocator@U?$pair@QBDV?$basic_string@DU?$char_traits@D@std@@V?$allocator@D@2@@std@@@std@@@2@$0A@@std@@@std@@@2@PAU_Node@?$_Tree_nod@V?$_Tmap_traits@PBDV?$basic_string@DU?$char_traits@D@std@@V?$allocator@D@2@@std@@U?$less@PBD@2@V?$allocator@U?$pair@QBDV?$basic_string@DU?$char_traits@D@std@@V?$allocator@D@2@@std@@@std@@@2@$0A@@std@@@2@@Z 100093b0 f i debug.obj
 0001:00008510       ?erase@?$_Tree@V?$_Tmap_traits@KV?$basic_string@DU?$char_traits@D@std@@V?$allocator@D@2@@std@@U?$less@K@2@V?$allocator@U?$pair@$$CBKV?$basic_string@DU?$char_traits@D@std@@V?$allocator@D@2@@std@@@std@@@2@$0A@@std@@@std@@QAE?AV?$_Tree_iterator@V?$_Tree_val@V?$_Tmap_traits@KV?$basic_string@DU?$char_traits@D@std@@V?$allocator@D@2@@std@@U?$less@K@2@V?$allocator@U?$pair@$$CBKV?$basic_string@DU?$char_traits@D@std@@V?$allocator@D@2@@std@@@std@@@2@$0A@@std@@@std@@@2@V?$_Tree_const_iterator@V?$_Tree_val@V?$_Tmap_traits@KV?$basic_string@DU?$char_traits@D@std@@V?$allocator@D@2@@std@@U?$less@K@2@V?$allocator@U?$pair@$$CBKV?$basic_string@DU?$char_traits@D@std@@V?$allocator@D@2@@std@@@std@@@2@$0A@@std@@@std@@@2@0@Z 10009510 f i debug.obj
 0001:00008510       ?erase@?$_Tree@V?$_Tmap_traits@PBDV?$basic_string@DU?$char_traits@D@std@@V?$allocator@D@2@@std@@U?$less@PBD@2@V?$allocator@U?$pair@QBDV?$basic_string@DU?$char_traits@D@std@@V?$allocator@D@2@@std@@@std@@@2@$0A@@std@@@std@@QAE?AV?$_Tree_iterator@V?$_Tree_val@V?$_Tmap_traits@PBDV?$basic_string@DU?$char_traits@D@std@@V?$allocator@D@2@@std@@U?$less@PBD@2@V?$allocator@U?$pair@QBDV?$basic_string@DU?$char_traits@D@std@@V?$allocator@D@2@@std@@@std@@@2@$0A@@std@@@std@@@2@V?$_Tree_const_iterator@V?$_Tree_val@V?$_Tmap_traits@PBDV?$basic_string@DU?$char_traits@D@std@@V?$allocator@D@2@@std@@U?$less@PBD@2@V?$allocator@U?$pair@QBDV?$basic_string@DU?$char_traits@D@std@@V?$allocator@D@2@@std@@@std@@@2@$0A@@std@@@std@@@2@0@Z 10009510 f i debug.obj
 0001:000085d0       ??$_Buynode@U?$pair@QBDV?$basic_string@DU?$char_traits@D@std@@V?$allocator@D@2@@std@@@std@@@?$_Tree_val@V?$_Tmap_traits@PBDV?$basic_string@DU?$char_traits@D@std@@V?$allocator@D@2@@std@@U?$less@PBD@2@V?$allocator@U?$pair@QBDV?$basic_string@DU?$char_traits@D@std@@V?$allocator@D@2@@std@@@std@@@2@$0A@@std@@@std@@QAEPAU_Node@?$_Tree_nod@V?$_Tmap_traits@PBDV?$basic_string@DU?$char_traits@D@std@@V?$allocator@D@2@@std@@U?$less@PBD@2@V?$allocator@U?$pair@QBDV?$basic_string@DU?$char_traits@D@std@@V?$allocator@D@2@@std@@@std@@@2@$0A@@std@@@1@$$QAU?$pair@QBDV?$basic_string@DU?$char_traits@D@std@@V?$allocator@D@2@@std@@@1@@Z 100095d0 f i debug.obj
 0001:000086b0       ??A?$map@PBDV?$basic_string@DU?$char_traits@D@std@@V?$allocator@D@2@@std@@U?$less@PBD@2@V?$allocator@U?$pair@QBDV?$basic_string@DU?$char_traits@D@std@@V?$allocator@D@2@@std@@@std@@@2@@std@@QAEAAV?$basic_string@DU?$char_traits@D@std@@V?$allocator@D@2@@1@ABQBD@Z 100096b0 f i debug.obj
 0001:000087c0       ?_load256@@YGXPBD0@Z       100097c0 f   debug.obj
 0001:00008800       ?DBG_load256@@YAXXZ        10009800 f   debug.obj
 0001:00008840       ?GetLength@File@@QAEIXZ    10009840 f   File.obj
 0001:00008850       ?seekg@?$basic_istream@DU?$char_traits@D@std@@@std@@QAEAAV12@V?$fpos@H@2@@Z 10009850 f i File.obj
 0001:000088f0       ?seekg@?$basic_istream@DU?$char_traits@D@std@@@std@@QAEAAV12@_JH@Z 100098f0 f i File.obj
 0001:00008970       ?tellg@?$basic_istream@DU?$char_traits@D@std@@@std@@QAE?AV?$fpos@H@2@XZ 10009970 f i File.obj
 0001:000089d0       ??1?$vector@URecord@FileArchive@@V?$allocator@URecord@FileArchive@@@std@@@std@@QAE@XZ 100099d0 f i File.obj
 0001:000089e0       ?allocate@?$allocator@URecord@FileArchive@@@std@@QAEPAURecord@FileArchive@@I@Z 100099e0 f i File.obj
 0001:00008a40       ?allocate@?$allocator@PAURecord@FileArchive@@@std@@QAEPAPAURecord@FileArchive@@I@Z 10009a40 f i File.obj
 0001:00008a40       ?allocate@?$allocator@I@std@@QAEPAII@Z 10009a40 f i File.obj
 0001:00008aa0       ?Seek@File@@QAEXI@Z        10009aa0 f   File.obj
 0001:00008ad0       ??1Record@FileArchive@@QAE@XZ 10009ad0 f i File.obj
 0001:00008b60       ?reserve@?$vector@IV?$allocator@I@std@@@std@@QAEXI@Z 10009b60 f i File.obj
 0001:00008b60       ?reserve@?$vector@PAURecord@FileArchive@@V?$allocator@PAURecord@FileArchive@@@std@@@std@@QAEXI@Z 10009b60 f i File.obj
 0001:00008be0       ??1?$vector@IV?$allocator@I@std@@@std@@QAE@XZ 10009be0 f i File.obj
 0001:00008be0       ??1?$vector@PAURecord@FileArchive@@V?$allocator@PAURecord@FileArchive@@@std@@@std@@QAE@XZ 10009be0 f i File.obj
 0001:00008c10       ?insert@?$basic_string@DU?$char_traits@D@std@@V?$allocator@D@2@@std@@QAEAAV12@IID@Z 10009c10 f i File.obj
 0001:00008d10       ?_Reserve@?$vector@PAURecord@FileArchive@@V?$allocator@PAURecord@FileArchive@@@std@@@std@@IAEXI@Z 10009d10 f i File.obj
 0001:00008d10       ?_Reserve@?$vector@IV?$allocator@I@std@@@std@@IAEXI@Z 10009d10 f i File.obj
 0001:00008d70       ?read@?$basic_istream@DU?$char_traits@D@std@@@std@@QAEAAV12@PAD_J@Z 10009d70 f i File.obj
 0001:00008ec0       ?push_back@?$vector@IV?$allocator@I@std@@@std@@QAEX$$QAI@Z 10009ec0 f i File.obj
 0001:00008ec0       ?push_back@?$vector@IV?$allocator@I@std@@@std@@QAEXABI@Z 10009ec0 f i File.obj
 0001:00008ec0       ?push_back@?$vector@PAURecord@FileArchive@@V?$allocator@PAURecord@FileArchive@@@std@@@std@@QAEX$$QAPAURecord@FileArchive@@@Z 10009ec0 f i File.obj
 0001:00008f30       ?Read@File@@QAEIPAXI@Z     10009f30 f   File.obj
 0001:00008f90       ??$_Dest_val@V?$allocator@URecord@FileArchive@@@std@@URecord@FileArchive@@@std@@YAXAAV?$allocator@URecord@FileArchive@@@0@PAURecord@FileArchive@@@Z 10009f90 f i File.obj
 0001:00009020       ??0Record@FileArchive@@QAE@XZ 1000a020 f i File.obj
 0001:000090a0       ??$?HDU?$char_traits@D@std@@V?$allocator@D@1@@std@@YA?AV?$basic_string@DU?$char_traits@D@std@@V?$allocator@D@2@@0@PBDABV10@@Z 1000a0a0 f i File.obj
 0001:00009170       ??$_Destroy_range@V?$allocator@URecord@FileArchive@@@std@@@std@@YAXPAURecord@FileArchive@@0AAV?$allocator@URecord@FileArchive@@@0@U_Nonscalar_ptr_iterator_tag@0@@Z 1000a170 f i File.obj
 0001:00009210       ?Close@File@@QAEXXZ        1000a210 f   File.obj
 0001:00009260       ??0File@@QAE@XZ            1000a260 f   File.obj
 0001:000092e0       ??1File@@QAE@XZ            1000a2e0 f i File.obj
 0001:00009370       ?_Tidy@?$vector@URecord@FileArchive@@V?$allocator@URecord@FileArchive@@@std@@@std@@IAEXXZ 1000a370 f i File.obj
 0001:000093c0       ??0?$vector@URecord@FileArchive@@V?$allocator@URecord@FileArchive@@@std@@@std@@QAE@ABV01@@Z 1000a3c0 f i File.obj
 0001:000094a0       ?GetRecord@FileArchive@@QAEABURecord@1@V?$basic_string@DU?$char_traits@D@std@@V?$allocator@D@2@@std@@@Z 1000a4a0 f   File.obj
 0001:000098f0       ?Open@File@@QAE_NV?$basic_string@DU?$char_traits@D@std@@V?$allocator@D@2@@std@@@Z 1000a8f0 f   File.obj
 0001:00009bd0       ?FileExistsEx@@YA_NV?$basic_string@DU?$char_traits@D@std@@V?$allocator@D@2@@std@@@Z 1000abd0 f   File.obj
 0001:00009db0       ??0Record@FileArchive@@QAE@ABU01@@Z 1000adb0 f i File.obj
 0001:00009e60       ??$_Uninit_move@PAURecord@FileArchive@@PAU12@V?$allocator@URecord@FileArchive@@@std@@U12@@std@@YAPAURecord@FileArchive@@PAU12@00AAV?$allocator@URecord@FileArchive@@@0@0U_Nonscalar_ptr_iterator_tag@0@@Z 1000ae60 f i File.obj
 0001:00009f10       ??$_Uninit_copy@V?$_Vector_const_iterator@V?$_Vector_val@URecord@FileArchive@@V?$allocator@URecord@FileArchive@@@std@@@std@@@std@@PAURecord@FileArchive@@V?$allocator@URecord@FileArchive@@@2@@std@@YAPAURecord@FileArchive@@V?$_Vector_const_iterator@V?$_Vector_val@URecord@FileArchive@@V?$allocator@URecord@FileArchive@@@std@@@std@@@0@0PAU12@AAV?$allocator@URecord@FileArchive@@@0@U_Nonscalar_ptr_iterator_tag@0@@Z 1000af10 f i File.obj
 0001:00009fc0       ?reserve@?$vector@URecord@FileArchive@@V?$allocator@URecord@FileArchive@@@std@@@std@@QAEXI@Z 1000afc0 f i File.obj
 0001:0000a0d0       ?_Reserve@?$vector@URecord@FileArchive@@V?$allocator@URecord@FileArchive@@@std@@@std@@IAEXI@Z 1000b0d0 f i File.obj
 0001:0000a150       ?push_back@?$vector@URecord@FileArchive@@V?$allocator@URecord@FileArchive@@@std@@@std@@QAEXABURecord@FileArchive@@@Z 1000b150 f i File.obj
 0001:0000a200       ?Open@FileArchive@@QAE_NV?$basic_string@DU?$char_traits@D@std@@V?$allocator@D@2@@std@@0@Z 1000b200 f   File.obj
 0001:0000ad30       ?GRID_part1@@YAXXZ         1000bd30 f   grid.obj
 0001:0000ad90       ?GRID_part2@@YAXXZ         1000bd90 f   grid.obj
 0001:0000adf0       ?GRID_part3@@YAXXZ         1000bdf0 f   grid.obj
 0001:0000ae50       ?GRID_part4@@YAXXZ         1000be50 f   grid.obj
 0001:0000aec0       ?GRID_part5@@YAXXZ         1000bec0 f   grid.obj
 0001:0000af20       ?OnGMEnter@@YAKKK@Z        1000bf20 f   gui_bugfix.obj
 0001:0000af60       ?GUI_gmEnter@@YAXXZ        1000bf60 f   gui_bugfix.obj
 0001:0000afb0       ?GUI_textField_MeasurePosition@@YGKK@Z 1000bfb0 f   gui_bugfix.obj
 0001:0000b1c0       ?GUI_softcoreSwitch@@YAXXZ 1000c1c0 f   gui_replace.obj
 0001:0000b220       ?GUI_softcoreResetSwitch@@YAXXZ 1000c220 f   gui_replace.obj
 0001:0000b270       ?GUI_softcoreSaveSwitch@@YAXXZ 1000c270 f   gui_replace.obj
 0001:0000b2c0       ??1Image@@QAE@XZ           1000c2c0 f   Image.obj
 0001:0000b2f0       ?GetWidth@Image@@QAEIXZ    1000c2f0 f   Image.obj
 0001:0000b300       ?GetHeight@Image@@QAEIXZ   1000c300 f   Image.obj
 0001:0000b310       ?GetPixels@Image@@QAEPAIXZ 1000c310 f   Image.obj
 0001:0000b320       ??0Image@@QAE@V?$basic_string@DU?$char_traits@D@std@@V?$allocator@D@2@@std@@@Z 1000c320 f   Image.obj
 0001:0000b710       ?IImage_CopyTo@@YGXHHHH@Z  1000c710 f   itempng.obj
 0001:0000b780       ?IImage_Display@@YGXHHHHH@Z 1000c780 f   itempng.obj
 0001:0000b990       ?IImage_Destruct@@YGXK@Z   1000c990 f   itempng.obj
 0001:0000b9d0       ?IImage_Construct@@YGPAXV?$basic_string@DU?$char_traits@D@std@@V?$allocator@D@2@@std@@@Z 1000c9d0 f   itempng.obj
 0001:0000bad0       ?ITEMPNG_doLoadPngChar@@YGPAXPBD0@Z 1000cad0 f   itempng.obj
 0001:0000bc50       ?ITEMPNG_loadPngChar@@YAXXZ 1000cc50 f   itempng.obj
 0001:0000bc80       ??$?HDU?$char_traits@D@std@@V?$allocator@D@1@@std@@YA?AV?$basic_string@DU?$char_traits@D@std@@V?$allocator@D@2@@0@$$QAV10@PBD@Z 1000cc80 f i itempng.obj
 0001:0000bcd0       ?ITEMPNG_doLoadPng@@YGXPBDH00@Z 1000ccd0 f   itempng.obj
 0001:0000c100       ?ITEMPNG_loadPng@@YAXXZ    1000d100 f   itempng.obj
 0001:0000c160       ?P_UnloadTiles@@YAXXZ      1000d160 f   landscape_renderer.obj
 0001:0000c1d0       ?P_DisplayTileNative@@YGXGHHHHHHIIII@Z 1000d1d0 f   landscape_renderer.obj
 0001:0000c220       ?TILES_displayTile1@@YAXXZ 1000d220 f   landscape_renderer.obj
 0001:0000c270       ?P_LoadTiles@@YAXXZ        1000d270 f   landscape_renderer.obj
 0001:0000c570       ?P_LoadTilesNative@@YGXI@Z 1000d570 f   landscape_renderer.obj
 0001:0000c590       ?TILES_loadTiles@@YAXXZ    1000d590 f   landscape_renderer.obj
 0001:0000c5c0       ?DecideLanguage@@YAXXZ     1000d5c0 f   language.obj
 0001:0000c880       ?LANG_change_43EDEB@@YAXXZ 1000d880 f   language.obj
 0001:0000c8b0       ?LANG_change_474F27@@YAXXZ 1000d8b0 f   language.obj
 0001:0000c8d0       ?LANG_change_48626D@@YAXXZ 1000d8d0 f   language.obj
 0001:0000c9f0       ?LANG_change_48BA07@@YAXXZ 1000d9f0 f   language.obj
 0001:0000ca10       ?LANG_change_48CA55@@YAXXZ 1000da10 f   language.obj
 0001:0000ca30       ?LANG_change_491CDF@@YAXXZ 1000da30 f   language.obj
 0001:0000ca50       ?LANG_change_4939A2@@YAXXZ 1000da50 f   language.obj
 0001:0000ca70       ?LANG_change_493B23@@YAXXZ 1000da70 f   language.obj
 0001:0000ca90       ?LANG_change_4B018F@@YAXXZ 1000da90 f   language.obj
 0001:0000cab0       ?LANG_change_42B3D5@@YAXXZ 1000dab0 f   language.obj
 0001:0000cac0       ?LANG_change_43EEC3@@YAXXZ 1000dac0 f   language.obj
 0001:0000cae0       ?LANG_change_460F9B@@YAXXZ 1000dae0 f   language.obj
 0001:0000caf0       ?LANG_change_474375@@YAXXZ 1000daf0 f   language.obj
 0001:0000cb00       ?LANG_change_4743C9@@YAXXZ 1000db00 f   language.obj
 0001:0000cb10       ?LANG_change_496638@@YAXXZ 1000db10 f   language.obj
 0001:0000cb20       ?LANG_change_4AEE20@@YAXXZ 1000db20 f   language.obj
 0001:0000cb30       ?LANG_change_4AEE6D@@YAXXZ 1000db30 f   language.obj
 0001:0000cb40       ?LANG_change_4AEF2A@@YAXXZ 1000db40 f   language.obj
 0001:0000cb60       ?LANG_change_4AEF9C@@YAXXZ 1000db60 f   language.obj
 0001:0000cb80       ?LANG_change_4AF00E@@YAXXZ 1000db80 f   language.obj
 0001:0000cba0       ?LANG_fix_codepage@@YAXXZ  1000dba0 f   language.obj
 0001:0000cbc0       ?insert@?$basic_string@DU?$char_traits@D@std@@V?$allocator@D@2@@std@@QAEAAV12@IABV12@II@Z 1000dbc0 f i map_location.obj
 0001:0000cd40       ?insert@?$basic_string@DU?$char_traits@D@std@@V?$allocator@D@2@@std@@QAEAAV12@IPBDI@Z 1000dd40 f i map_location.obj
 0001:0000ce90       ??$?HDU?$char_traits@D@std@@V?$allocator@D@1@@std@@YA?AV?$basic_string@DU?$char_traits@D@std@@V?$allocator@D@2@@0@PBD$$QAV10@@Z 1000de90 f i map_location.obj
 0001:0000cee0       ?get_map_name@@YGPBDPBD@Z  1000dee0 f   map_location.obj
 0001:0000cfd0       ?move_map_file@@YGXPBD0@Z  1000dfd0 f   map_location.obj
 0001:0000d170       ?MAP_loadFromServer@@YAXXZ 1000e170 f   map_location.obj
 0001:0000d190       ?MAP_CFileOpen1@@YAXXZ     1000e190 f   map_location.obj
 0001:0000d1b0       ?MAP_CFileOpen2@@YAXXZ     1000e1b0 f   map_location.obj
 0001:0000d1d0       ?SYSTEM_setThreadPriority@@YAXXZ 1000e1d0 f   misc.obj
 0001:0000d1d0       ?logEscape@@YGXKE@Z        1000e1d0 f   chat_history.obj
 0001:0000d1e0       ?crypt@@YAXPAEPBEH@Z       1000e1e0 f   network_crypt.obj
 0001:0000d230       ?NET_cryptPacket@@YAXPAEH@Z 1000e230 f   network_crypt.obj
 0001:0000d250       ?HATENT_url_text@@YAXXZ    1000e250 f   network_hat_enter.obj
 0001:0000d290       ?HATENT_url_connect@@YAXXZ 1000e290 f   network_hat_enter.obj
 0001:0000d2c0       ?crcmain@@YGXPAD@Z         1000e2c0 f   network_protocol.obj
 0001:0000d470       ?NETPROTO_sendAuthorizationPacket@@YAHXZ 1000e470 f   network_protocol.obj
 0001:0000d4e0       ?NETPROTO_createAuthorizationPacket@@YAHXZ 1000e4e0 f   network_protocol.obj
 0001:0000d5d0       ?recv_@@YGHIPADHH@Z        1000e5d0 f   network_protocol.obj
 0001:0000d7e0       ?NETPROTO_enlargeBuffer@@YAXXZ 1000e7e0 f   network_protocol.obj
 0001:0000d810       ?NETPROTO_enlargeBuffer2@@YAXXZ 1000e810 f   network_protocol.obj
 0001:0000d820       ?real_4949CD@@YAHXZ        1000e820 f   network_protocol_ext.obj
 0001:0000d840       ?NETPROTO_showErrorDialog@@YAHPBDH@Z 1000e840 f   network_protocol_ext.obj
 0001:0000d8a0       ?NETPROTO_hhEndReply@@YAXPBVResponse@happyhttp@@PAX@Z 1000e8a0 f   network_protocol_ext.obj
 0001:0000d8c0       ?Cl_ProcessServerPacket@@YA_NAAVBinaryStream@@@Z 1000e8c0 f   network_protocol_ext.obj
 0001:0000d8c0       ?do_always_noconv@codecvt_base@std@@MBE_NXZ 1000e8c0 f   config.obj
 0001:0000d8d0       ??1NETPROTO_fileProgress@@QAE@XZ 1000e8d0 f i network_protocol_ext.obj
 0001:0000d920       ??0NETPROTO_fileProgress@@QAE@XZ 1000e920 f i network_protocol_ext.obj
 0001:0000d9c0       ?NETPROTO_hhStartReply@@YAXPBVResponse@happyhttp@@PAX@Z 1000e9c0 f   network_protocol_ext.obj
 0001:0000dab0       ?NETPROTO_hhReadReply@@YAXPBVResponse@happyhttp@@PAXPBEH@Z 1000eab0 f   network_protocol_ext.obj
 0001:0000de80       ?CurlEscape2@@YA?AV?$basic_string@DU?$char_traits@D@std@@V?$allocator@D@2@@std@@V12@@Z 1000ee80 f   network_protocol_ext.obj
 0001:0000df80       ?NETPROTO_hhGetBlockingReply@@YA?AV?$basic_string@DU?$char_traits@D@std@@V?$allocator@D@2@@std@@V12@00@Z 1000ef80 f   network_protocol_ext.obj
 0001:0000e160       ?NETPROTO_loginToHat@@YGHXZ 1000f160 f   network_protocol_ext.obj
 0001:0000ec00       ?PSCRL_rep@@YGKK@Z         1000fc00 f   pack_scrolling.obj
 0001:0000ecd0       ?PSCRL_gameInventory@@YAXXZ 1000fcd0 f   pack_scrolling.obj
 0001:0000ed60       ?PSCRL_shopShelfOnKeyDown@@YAXXZ 1000fd60 f   pack_scrolling.obj
 0001:0000eda0       ?PSCRL_InitializeInjection@@YAXXZ 1000fda0 f   pack_scrolling.obj
 0001:0000edc0       ?RES_loadException@@YAXXZ  1000fdc0 f   resource_control.obj
 0001:0000edd0       ?RES_loadDirectories@@YAXXZ 1000fdd0 f   resource_control.obj
 0001:0000ee00       ?TestGraphics@@YG_NPBD@Z   1000fe00 f   resource_control.obj
 0001:0000ee20       ?RES_loadFile@@YAHH@Z      1000fe20 f   resource_control.obj
 0001:0000eed0       ?FIL_world0@@YAXXZ         1000fed0 f   resource_files_replace.obj
 0001:0000eef0       ?FIL_world1@@YAXXZ         1000fef0 f   resource_files_replace.obj
 0001:0000ef10       ?FIL_world2@@YAXXZ         1000ff10 f   resource_files_replace.obj
 0001:0000ef30       ?FIL_world3@@YAXXZ         1000ff30 f   resource_files_replace.obj
 0001:0000ef40       ?FIL_world4@@YAXXZ         1000ff40 f   resource_files_replace.obj
 0001:0000ef50       ?FIL_world5@@YAXXZ         1000ff50 f   resource_files_replace.obj
 0001:0000ef60       ?FIL_world6@@YAXXZ         1000ff60 f   resource_files_replace.obj
 0001:0000ef70       ?FIL_world7@@YAXXZ         1000ff70 f   resource_files_replace.obj
 0001:0000ef90       ?FIL_world8@@YAXXZ         1000ff90 f   resource_files_replace.obj
 0001:0000efa0       ?FIL_world9@@YAXXZ         1000ffa0 f   resource_files_replace.obj
 0001:0000efb0       ?FIL_worldA@@YAXXZ         1000ffb0 f   resource_files_replace.obj
 0001:0000efc0       ?FIL_patch0@@YAXXZ         1000ffc0 f   resource_files_replace.obj
 0001:0000efd0       ?FIL_patch1@@YAXXZ         1000ffd0 f   resource_files_replace.obj
 0001:0000eff0       ?a2mgr_CheckValid@@YA_NFF@Z 1000fff0 f   scanrange.obj
 0001:0000f050       ?a2mgr_GetHeight@@YAEFF@Z  10010050 f   scanrange.obj
 0001:0000f0b0       ?CalcVisMapCLIENT@@YGHPAD@Z 100100b0 f   scanrange.obj
 0001:0000f130       ?GetEncoderClsid@@YAHPB_WPAU_GUID@@@Z 10010130 f   screenshot.obj
 0001:0000f210       ?SCREENSHOT_take@@YAXXZ    10010210 f   screenshot.obj
 0001:0000f5c0       ?SCROLL_part1@@YAXXZ       100105c0 f   scrolling.obj
 0001:0000f620       ?SCROLL_part2@@YAXXZ       10010620 f   scrolling.obj
 0001:0000f650       ??1?$basic_ostream@DU?$char_traits@D@std@@@std@@UAE@XZ 10010650 f i serialize.obj
 0001:0000f660       ??1_Sentry_base@?$basic_istream@DU?$char_traits@D@std@@@std@@QAE@XZ 10010660 f i config.obj
 0001:0000f660       ??1sentry@?$basic_istream@DU?$char_traits@D@std@@@std@@QAE@XZ 10010660 f i config.obj
 0001:0000f660       ??1_Sentry_base@?$basic_ostream@DU?$char_traits@D@std@@@std@@QAE@XZ 10010660 f i serialize.obj
 0001:0000f680       ??_E?$basic_ostream@DU?$char_traits@D@std@@@std@@UAEPAXI@Z 10010680 f i serialize.obj
 0001:0000f680       ??_G?$basic_ostream@DU?$char_traits@D@std@@@std@@UAEPAXI@Z 10010680 f i serialize.obj
 0001:0000f6c0       ?allocate@?$allocator@E@std@@QAEPAEI@Z 100106c0 f i serialize.obj
 0001:0000f6c0       ?allocate@?$allocator@D@std@@QAEPADI@Z 100106c0 f i a2mgr.obj
 0001:0000f710       ?_Osfx@?$basic_ostream@DU?$char_traits@D@std@@@std@@QAEXXZ 10010710 f i serialize.obj
 0001:0000f770       ?reserve@?$vector@EV?$allocator@E@std@@@std@@QAEXI@Z 10010770 f i serialize.obj
 0001:0000f7e0       ??1sentry@?$basic_ostream@DU?$char_traits@D@std@@@std@@QAE@XZ 100107e0 f i serialize.obj
 0001:0000f850       ??0?$basic_ofstream@DU?$char_traits@D@std@@@std@@QAE@XZ 10010850 f i serialize.obj
 0001:0000f980       ??1?$basic_ofstream@DU?$char_traits@D@std@@@std@@UAE@XZ 10010980 f i serialize.obj
 0001:0000fa30       ??_G?$basic_ofstream@DU?$char_traits@D@std@@@std@@UAEPAXI@Z 10010a30 f i serialize.obj
 0001:0000fa30       ??_E?$basic_ofstream@DU?$char_traits@D@std@@@std@@UAEPAXI@Z 10010a30 f i serialize.obj
 0001:0000fa70       ?IsWhitespace@@YA_ND@Z     10010a70 f   utils.obj
 0001:0000fba0       ?_call_func@@YAKKKZZ       10010ba0 f   utils.obj
 0001:0000fbd0       ?_call_member_func@@YAKKKKZZ 10010bd0 f   utils.obj
 0001:0000fc00       ?_get_this@@YAKXZ          10010c00 f   utils.obj
 0001:0000fc10       ?StrToInt@@YAKABV?$basic_string@DU?$char_traits@D@std@@V?$allocator@D@2@@std@@@Z 10010c10 f   utils.obj
 0001:0000fc40       ?CheckInteger@@YA_NABV?$basic_string@DU?$char_traits@D@std@@V?$allocator@D@2@@std@@@Z 10010c40 f   utils.obj
 0001:0000fc90       ??$?6U?$char_traits@D@std@@@std@@YAAAV?$basic_ostream@DU?$char_traits@D@std@@@0@AAV10@PBD@Z 10010c90 f i utils.obj
 0001:0000ff50       ?Format@@YA?AV?$basic_string@DU?$char_traits@D@std@@V?$allocator@D@2@@std@@V12@ZZ 10010f50 f   utils.obj
 0001:00010010       ?log_format@@YAXPADZZ      10011010 f   utils.obj
 0001:00010170       ?log_format2@@YAXPADZZ     10011170 f   utils.obj
 0001:00010280       ?TrimLeft@@YA?AV?$basic_string@DU?$char_traits@D@std@@V?$allocator@D@2@@std@@ABV12@P6A_ND@Z@Z 10011280 f   utils.obj
 0001:00010400       ?TrimRight@@YA?AV?$basic_string@DU?$char_traits@D@std@@V?$allocator@D@2@@std@@ABV12@P6A_ND@Z@Z 10011400 f   utils.obj
 0001:00010590       ?Trim@@YA?AV?$basic_string@DU?$char_traits@D@std@@V?$allocator@D@2@@std@@ABV12@P6A_ND@Z@Z 10011590 f   utils.obj
 0001:00010620       ?ToLower@@YA?AV?$basic_string@DU?$char_traits@D@std@@V?$allocator@D@2@@std@@ABV12@@Z 10011620 f   utils.obj
 0001:00010690       ?StrToBoolean@@YA_NABV?$basic_string@DU?$char_traits@D@std@@V?$allocator@D@2@@std@@@Z 10011690 f   utils.obj
 0001:00010820       ?Basename@@YA?AV?$basic_string@DU?$char_traits@D@std@@V?$allocator@D@2@@std@@ABV12@@Z 10011820 f   utils.obj
 0001:00010900       ?Dirname@@YA?AV?$basic_string@DU?$char_traits@D@std@@V?$allocator@D@2@@std@@ABV12@@Z 10011900 f   utils.obj
 0001:000109e0       ?FixSlashes@@YA?AV?$basic_string@DU?$char_traits@D@std@@V?$allocator@D@2@@std@@ABV12@@Z 100119e0 f   utils.obj
 0001:00010a40       ?TruncateSlashes@@YA?AV?$basic_string@DU?$char_traits@D@std@@V?$allocator@D@2@@std@@ABV12@@Z 10011a40 f   utils.obj
 0001:00010b10       ??$_Uninit_def_fill_n@PAV?$basic_string@DU?$char_traits@D@std@@V?$allocator@D@2@@std@@IV12@V?$allocator@V?$basic_string@DU?$char_traits@D@std@@V?$allocator@D@2@@std@@@2@V12@@std@@YAXPAV?$basic_string@DU?$char_traits@D@std@@V?$allocator@D@2@@0@IPBV10@AAV?$allocator@V?$basic_string@DU?$char_traits@D@std@@V?$allocator@D@2@@std@@@0@0U_Nonscalar_ptr_iterator_tag@0@@Z 10011b10 f i utils.obj
 0001:00010c10       ?FileExists@@YA_NABV?$basic_string@DU?$char_traits@D@std@@V?$allocator@D@2@@std@@@Z 10011c10 f   utils.obj
 0001:00010d60       ?resize@?$vector@V?$basic_string@DU?$char_traits@D@std@@V?$allocator@D@2@@std@@V?$allocator@V?$basic_string@DU?$char_traits@D@std@@V?$allocator@D@2@@std@@@2@@std@@QAEXI@Z 10011d60 f i utils.obj
 0001:00010e40       ?ParseCommandLine@@YA?AV?$vector@V?$basic_string@DU?$char_traits@D@std@@V?$allocator@D@2@@std@@V?$allocator@V?$basic_string@DU?$char_traits@D@std@@V?$allocator@D@2@@std@@@2@@std@@V?$basic_string@DU?$char_traits@D@std@@V?$allocator@D@2@@2@@Z 10011e40 f   utils.obj
 0001:000118a0       ?Explode@@YA?AV?$vector@V?$basic_string@DU?$char_traits@D@std@@V?$allocator@D@2@@std@@V?$allocator@V?$basic_string@DU?$char_traits@D@std@@V?$allocator@D@2@@std@@@2@@std@@ABV?$basic_string@DU?$char_traits@D@std@@V?$allocator@D@2@@2@0@Z 100128a0 f   utils.obj
 0001:000119c0       ?get_res@@YGXPAH0@Z        100129c0 f   video_init.obj
 0001:00011d30       ?VIDEO_checkVideoMode@@YAXXZ 10012d30 f   video_init.obj
 0001:00011d50       ?AfxGetMainWnd@zxmgr@@YAKXZ 10012d50 f   zxmgr.obj
 0001:00011d70       ?GetClientRect@GUI@zxmgr@@YAXKPAUtagRECT@@@Z 10012d70 f   zxmgr.obj
 0001:00011da0       ?DrawText@Font@zxmgr@@YAXKHHPBDKKK@Z 10012da0 f   zxmgr.obj
 0001:00011dd0       ?MeasureTextWidth@Font@zxmgr@@YAKKPBD@Z 10012dd0 f   zxmgr.obj
 0001:00011df0       ?WriteChatRaw@zxmgr@@YAXPBD@Z 10012df0 f   zxmgr.obj
 0001:00011e30       ?WriteChat@zxmgr@@YAXPBDZZ 10012e30 f   zxmgr.obj
 0001:00011e80       ?FillRect@zxmgr@@YAXHHHHK@Z 10012e80 f   zxmgr.obj
 0001:00011ea0       ?UpdateScreen@zxmgr@@YAXXZ 10012ea0 f   zxmgr.obj
 0001:00011eb0       ?GetPatchString@zxmgr@@YAPADK@Z 10012eb0 f   zxmgr.obj
 0001:00011ed0       ?LockBuffer@zxmgr@@YAXXZ   10012ed0 f   zxmgr.obj
 0001:00011ee0       ?UnlockBuffer@zxmgr@@YAXXZ 10012ee0 f   zxmgr.obj
 0001:00011ef0       ?DisplayMouse@zxmgr@@YAXXZ 10012ef0 f   zxmgr.obj
 0001:00011f00       ?GetHWND@zxmgr@@YAPAUHWND__@@XZ 10012f00 f   zxmgr.obj
 0001:00011f30       ?DoMessageLoop@zxmgr@@YAXXZ 10012f30 f   zxmgr.obj
 0001:00011f90       ?AfxAbort@zxmgr@@YAXXZ     10012f90 f   zxmgr.obj
 0001:00011fa0       ?sync@?$basic_streambuf@DU?$char_traits@D@std@@@std@@MAEHXZ 10012fa0 f i config.obj
 0001:00011fa0       ?PopulateWindow@CWindow@GUI@zxmgr@@SAKKPAUtagRECT@@@Z 10012fa0 f i zxmgr_gui.obj
 0001:00011fa0       ?OnMessage@CWindow@GUI@zxmgr@@SAKKKK@Z 10012fa0 f i zxmgr_gui.obj
 0001:00011fc0       ?GetWinsockErrorString@happyhttp@@YAPBDH@Z 10012fc0 f   happyhttp.obj
 0001:00012290       ??0Wobbly@happyhttp@@QAA@PBDZZ 10013290 f   happyhttp.obj
 0001:000122c0       ?setcallbacks@Connection@happyhttp@@QAEXP6AXPBVResponse@2@PAX@ZP6AX01PBEH@Z21@Z 100132c0 f   happyhttp.obj
 0001:000122e0       ?getstatus@Response@happyhttp@@QBEHXZ 100132e0 f   happyhttp.obj
 0001:000122f0       ?ProcessDataChunked@Response@happyhttp@@AAEHPBEH@Z 100132f0 f   happyhttp.obj
 0001:00012340       ?_Max@?$_Tree_val@V?$_Tmap_traits@V?$basic_string@DU?$char_traits@D@std@@V?$allocator@D@2@@std@@V12@U?$less@V?$basic_string@DU?$char_traits@D@std@@V?$allocator@D@2@@std@@@2@V?$allocator@U?$pair@$$CBV?$basic_string@DU?$char_traits@D@std@@V?$allocator@D@2@@std@@V12@@std@@@2@$0A@@std@@@std@@SAPAU_Node@?$_Tree_nod@V?$_Tmap_traits@V?$basic_string@DU?$char_traits@D@std@@V?$allocator@D@2@@std@@V12@U?$less@V?$basic_string@DU?$char_traits@D@std@@V?$allocator@D@2@@std@@@2@V?$allocator@U?$pair@$$CBV?$basic_string@DU?$char_traits@D@std@@V?$allocator@D@2@@std@@V12@@std@@@2@$0A@@std@@@2@PAU342@@Z 10013340 f i happyhttp.obj
 0001:00012360       ?_Min@?$_Tree_val@V?$_Tmap_traits@V?$basic_string@DU?$char_traits@D@std@@V?$allocator@D@2@@std@@V12@U?$less@V?$basic_string@DU?$char_traits@D@std@@V?$allocator@D@2@@std@@@2@V?$allocator@U?$pair@$$CBV?$basic_string@DU?$char_traits@D@std@@V?$allocator@D@2@@std@@V12@@std@@@2@$0A@@std@@@std@@SAPAU_Node@?$_Tree_nod@V?$_Tmap_traits@V?$basic_string@DU?$char_traits@D@std@@V?$allocator@D@2@@std@@V12@U?$less@V?$basic_string@DU?$char_traits@D@std@@V?$allocator@D@2@@std@@@2@V?$allocator@U?$pair@$$CBV?$basic_string@DU?$char_traits@D@std@@V?$allocator@D@2@@std@@V12@@std@@@2@$0A@@std@@@2@PAU342@@Z 10013360 f i happyhttp.obj
 0001:00012380       ??E?$_Tree_unchecked_const_iterator@V?$_Tree_val@V?$_Tmap_traits@V?$basic_string@DU?$char_traits@D@std@@V?$allocator@D@2@@std@@V12@U?$less@V?$basic_string@DU?$char_traits@D@std@@V?$allocator@D@2@@std@@@2@V?$allocator@U?$pair@$$CBV?$basic_string@DU?$char_traits@D@std@@V?$allocator@D@2@@std@@V12@@std@@@2@$0A@@std@@@std@@U_Iterator_base0@2@@std@@QAEAAV01@XZ 10013380 f i happyhttp.obj
 0001:000123d0       ??F?$_Tree_unchecked_const_iterator@V?$_Tree_val@V?$_Tmap_traits@V?$basic_string@DU?$char_traits@D@std@@V?$allocator@D@2@@std@@V12@U?$less@V?$basic_string@DU?$char_traits@D@std@@V?$allocator@D@2@@std@@@2@V?$allocator@U?$pair@$$CBV?$basic_string@DU?$char_traits@D@std@@V?$allocator@D@2@@std@@V12@@std@@@2@$0A@@std@@@std@@U_Iterator_base0@2@@std@@QAEAAV01@XZ 100133d0 f i happyhttp.obj
 0001:00012430       ?BailOnSocketError@happyhttp@@YAXPBD@Z 10013430 f   happyhttp.obj
 0001:00012490       ?datawaiting@happyhttp@@YA_NH@Z 10013490 f   happyhttp.obj
 0001:00012510       ?notifyconnectionclosed@Response@happyhttp@@IAEXXZ 10013510 f   happyhttp.obj
 0001:000125a0       ?ProcessDataNonChunked@Response@happyhttp@@AAEHPBEH@Z 100135a0 f   happyhttp.obj
 0001:00012610       ??1?$_Tree_val@V?$_Tmap_traits@KV?$basic_string@DU?$char_traits@D@std@@V?$allocator@D@2@@std@@U?$less@K@2@V?$allocator@U?$pair@$$CBKV?$basic_string@DU?$char_traits@D@std@@V?$allocator@D@2@@std@@@std@@@2@$0A@@std@@@std@@QAE@XZ 10013610 f i debug.obj
 0001:00012610       ??1?$_Tree_val@V?$_Tmap_traits@PAXPAXU?$less@PAX@std@@V?$allocator@U?$pair@QAXPAX@std@@@2@$0A@@std@@@std@@QAE@XZ 10013610 f i class_extend.obj
 0001:00012610       ??1?$_Tree_val@V?$_Tmap_traits@V?$basic_string@DU?$char_traits@D@std@@V?$allocator@D@2@@std@@V12@U?$less@V?$basic_string@DU?$char_traits@D@std@@V?$allocator@D@2@@std@@@2@V?$allocator@U?$pair@$$CBV?$basic_string@DU?$char_traits@D@std@@V?$allocator@D@2@@std@@V12@@std@@@2@$0A@@std@@@std@@QAE@XZ 10013610 f i happyhttp.obj
 0001:00012610       ??1?$_Tree_val@V?$_Tmap_traits@PBDV?$basic_string@DU?$char_traits@D@std@@V?$allocator@D@2@@std@@U?$less@PBD@2@V?$allocator@U?$pair@QBDV?$basic_string@DU?$char_traits@D@std@@V?$allocator@D@2@@std@@@std@@@2@$0A@@std@@@std@@QAE@XZ 10013610 f i debug.obj
 0001:00012620       ?_Lrotate@?$_Tree@V?$_Tmap_traits@V?$basic_string@DU?$char_traits@D@std@@V?$allocator@D@2@@std@@V12@U?$less@V?$basic_string@DU?$char_traits@D@std@@V?$allocator@D@2@@std@@@2@V?$allocator@U?$pair@$$CBV?$basic_string@DU?$char_traits@D@std@@V?$allocator@D@2@@std@@V12@@std@@@2@$0A@@std@@@std@@IAEXPAU_Node@?$_Tree_nod@V?$_Tmap_traits@V?$basic_string@DU?$char_traits@D@std@@V?$allocator@D@2@@std@@V12@U?$less@V?$basic_string@DU?$char_traits@D@std@@V?$allocator@D@2@@std@@@2@V?$allocator@U?$pair@$$CBV?$basic_string@DU?$char_traits@D@std@@V?$allocator@D@2@@std@@V12@@std@@@2@$0A@@std@@@2@@Z 10013620 f i happyhttp.obj
 0001:00012680       ?_Rrotate@?$_Tree@V?$_Tmap_traits@V?$basic_string@DU?$char_traits@D@std@@V?$allocator@D@2@@std@@V12@U?$less@V?$basic_string@DU?$char_traits@D@std@@V?$allocator@D@2@@std@@@2@V?$allocator@U?$pair@$$CBV?$basic_string@DU?$char_traits@D@std@@V?$allocator@D@2@@std@@V12@@std@@@2@$0A@@std@@@std@@IAEXPAU_Node@?$_Tree_nod@V?$_Tmap_traits@V?$basic_string@DU?$char_traits@D@std@@V?$allocator@D@2@@std@@V12@U?$less@V?$basic_string@DU?$char_traits@D@std@@V?$allocator@D@2@@std@@@2@V?$allocator@U?$pair@$$CBV?$basic_string@DU?$char_traits@D@std@@V?$allocator@D@2@@std@@V12@@std@@@2@$0A@@std@@@2@@Z 10013680 f i happyhttp.obj
 0001:000126e0       ?connect@Connection@happyhttp@@QAEXXZ 100136e0 f   happyhttp.obj
 0001:000127e0       ?send@Connection@happyhttp@@QAEXPBEH@Z 100137e0 f   happyhttp.obj
 0001:00012830       ??$_Transform@PADV?$_String_iterator@DU?$char_traits@D@std@@V?$allocator@D@2@@std@@P6AHH@Z@std@@YA?AV?$_String_iterator@DU?$char_traits@D@std@@V?$allocator@D@2@@0@PAD0V10@P6AHH@Z@Z 10013830 f i happyhttp.obj
 0001:00012870       ?pop_front@?$deque@PAVResponse@happyhttp@@V?$allocator@PAVResponse@happyhttp@@@std@@@std@@QAEXXZ 10013870 f i happyhttp.obj
 0001:000128a0       ??1?$pair@$$CBV?$basic_string@DU?$char_traits@D@std@@V?$allocator@D@2@@std@@V12@@std@@QAE@XZ 100138a0 f i happyhttp.obj
 0001:000128f0       ?begin@?$deque@PAVResponse@happyhttp@@V?$allocator@PAVResponse@happyhttp@@@std@@@std@@QAE?AV?$_Deque_iterator@PAVResponse@happyhttp@@V?$allocator@PAVResponse@happyhttp@@@std@@@2@XZ 100138f0 f i happyhttp.obj
 0001:00012910       ?_Growmap@?$deque@PAVResponse@happyhttp@@V?$allocator@PAVResponse@happyhttp@@@std@@@std@@IAEXI@Z 10013910 f i happyhttp.obj
 0001:00012aa0       ??R?$less@V?$basic_string@DU?$char_traits@D@std@@V?$allocator@D@2@@std@@@std@@QBE_NABV?$basic_string@DU?$char_traits@D@std@@V?$allocator@D@2@@1@0@Z 10013aa0 f i happyhttp.obj
 0001:00012ad0       ?_Lbound@?$_Tree@V?$_Tmap_traits@V?$basic_string@DU?$char_traits@D@std@@V?$allocator@D@2@@std@@V12@U?$less@V?$basic_string@DU?$char_traits@D@std@@V?$allocator@D@2@@std@@@2@V?$allocator@U?$pair@$$CBV?$basic_string@DU?$char_traits@D@std@@V?$allocator@D@2@@std@@V12@@std@@@2@$0A@@std@@@std@@IAEPAU_Node@?$_Tree_nod@V?$_Tmap_traits@V?$basic_string@DU?$char_traits@D@std@@V?$allocator@D@2@@std@@V12@U?$less@V?$basic_string@DU?$char_traits@D@std@@V?$allocator@D@2@@std@@@2@V?$allocator@U?$pair@$$CBV?$basic_string@DU?$char_traits@D@std@@V?$allocator@D@2@@std@@V12@@std@@@2@$0A@@std@@@2@ABV?$basic_string@DU?$char_traits@D@std@@V?$allocator@D@2@@2@@Z 10013ad0 f i happyhttp.obj
 0001:00012ad0       ?_Lbound@?$_Tree@V?$_Tmap_traits@V?$basic_string@DU?$char_traits@D@std@@V?$allocator@D@2@@std@@V12@U?$less@V?$basic_string@DU?$char_traits@D@std@@V?$allocator@D@2@@std@@@2@V?$allocator@U?$pair@$$CBV?$basic_string@DU?$char_traits@D@std@@V?$allocator@D@2@@std@@V12@@std@@@2@$0A@@std@@@std@@IBEPAU_Node@?$_Tree_nod@V?$_Tmap_traits@V?$basic_string@DU?$char_traits@D@std@@V?$allocator@D@2@@std@@V12@U?$less@V?$basic_string@DU?$char_traits@D@std@@V?$allocator@D@2@@std@@@2@V?$allocator@U?$pair@$$CBV?$basic_string@DU?$char_traits@D@std@@V?$allocator@D@2@@std@@V12@@std@@@2@$0A@@std@@@2@ABV?$basic_string@DU?$char_traits@D@std@@V?$allocator@D@2@@2@@Z 10013ad0 f i happyhttp.obj
 0001:00012b60       ?front@?$deque@PAVResponse@happyhttp@@V?$allocator@PAVResponse@happyhttp@@@std@@@std@@QAEAAPAVResponse@happyhttp@@XZ 10013b60 f i happyhttp.obj
 0001:00012ba0       ?push_back@?$deque@PAVResponse@happyhttp@@V?$allocator@PAVResponse@happyhttp@@@std@@@std@@QAEXABQAVResponse@happyhttp@@@Z 10013ba0 f i happyhttp.obj
 0001:00012c50       ?_Tidy@?$deque@PAVResponse@happyhttp@@V?$allocator@PAVResponse@happyhttp@@@std@@@std@@IAEXXZ 10013c50 f i happyhttp.obj
 0001:00012cc0       ??1?$deque@PAVResponse@happyhttp@@V?$allocator@PAVResponse@happyhttp@@@std@@@std@@QAE@XZ 10013cc0 f i happyhttp.obj
 0001:00012ce0       ?ProcessStatusLine@Response@happyhttp@@AAEXABV?$basic_string@DU?$char_traits@D@std@@V?$allocator@D@2@@std@@@Z 10013ce0 f   happyhttp.obj
 0001:00013130       ??$_Dest_val@V?$allocator@U?$pair@$$CBV?$basic_string@DU?$char_traits@D@std@@V?$allocator@D@2@@std@@V12@@std@@@std@@U?$pair@$$CBV?$basic_string@DU?$char_traits@D@std@@V?$allocator@D@2@@std@@V12@@2@@std@@YAXAAV?$allocator@U?$pair@$$CBV?$basic_string@DU?$char_traits@D@std@@V?$allocator@D@2@@std@@V12@@std@@@0@PAU?$pair@$$CBV?$basic_string@DU?$char_traits@D@std@@V?$allocator@D@2@@std@@V12@@0@@Z 10014130 f i happyhttp.obj
 0001:00013180       ?_Insert@?$_Tree@V?$_Tmap_traits@V?$basic_string@DU?$char_traits@D@std@@V?$allocator@D@2@@std@@V12@U?$less@V?$basic_string@DU?$char_traits@D@std@@V?$allocator@D@2@@std@@@2@V?$allocator@U?$pair@$$CBV?$basic_string@DU?$char_traits@D@std@@V?$allocator@D@2@@std@@V12@@std@@@2@$0A@@std@@@std@@IAE?AV?$_Tree_iterator@V?$_Tree_val@V?$_Tmap_traits@V?$basic_string@DU?$char_traits@D@std@@V?$allocator@D@2@@std@@V12@U?$less@V?$basic_string@DU?$char_traits@D@std@@V?$allocator@D@2@@std@@@2@V?$allocator@U?$pair@$$CBV?$basic_string@DU?$char_traits@D@std@@V?$allocator@D@2@@std@@V12@@std@@@2@$0A@@std@@@std@@@2@_NPAU_Node@?$_Tree_nod@V?$_Tmap_traits@V?$basic_string@DU?$char_traits@D@std@@V?$allocator@D@2@@std@@V12@U?$less@V?$basic_string@DU?$char_traits@D@std@@V?$allocator@D@2@@std@@@2@V?$allocator@U?$pair@$$CBV?$basic_string@DU?$char_traits@D@std@@V?$allocator@D@2@@std@@V12@@std@@@2@$0A@@std@@@2@1@Z 10014180 f i happyhttp.obj
 0001:000133e0       ?getheader@Response@happyhttp@@QBEPBDPBD@Z 100143e0 f   happyhttp.obj
 0001:00013550       ?erase@?$_Tree@V?$_Tmap_traits@V?$basic_string@DU?$char_traits@D@std@@V?$allocator@D@2@@std@@V12@U?$less@V?$basic_string@DU?$char_traits@D@std@@V?$allocator@D@2@@std@@@2@V?$allocator@U?$pair@$$CBV?$basic_string@DU?$char_traits@D@std@@V?$allocator@D@2@@std@@V12@@std@@@2@$0A@@std@@@std@@QAE?AV?$_Tree_iterator@V?$_Tree_val@V?$_Tmap_traits@V?$basic_string@DU?$char_traits@D@std@@V?$allocator@D@2@@std@@V12@U?$less@V?$basic_string@DU?$char_traits@D@std@@V?$allocator@D@2@@std@@@2@V?$allocator@U?$pair@$$CBV?$basic_string@DU?$char_traits@D@std@@V?$allocator@D@2@@std@@V12@@std@@@2@$0A@@std@@@std@@@2@V?$_Tree_const_iterator@V?$_Tree_val@V?$_Tmap_traits@V?$basic_string@DU?$char_traits@D@std@@V?$allocator@D@2@@std@@V12@U?$less@V?$basic_string@DU?$char_traits@D@std@@V?$allocator@D@2@@std@@@2@V?$allocator@U?$pair@$$CBV?$basic_string@DU?$char_traits@D@std@@V?$allocator@D@2@@std@@V12@@std@@@2@$0A@@std@@@std@@@2@@Z 10014550 f i happyhttp.obj
 0001:000137f0       ?_Erase@?$_Tree@V?$_Tmap_traits@V?$basic_string@DU?$char_traits@D@std@@V?$allocator@D@2@@std@@V12@U?$less@V?$basic_string@DU?$char_traits@D@std@@V?$allocator@D@2@@std@@@2@V?$allocator@U?$pair@$$CBV?$basic_string@DU?$char_traits@D@std@@V?$allocator@D@2@@std@@V12@@std@@@2@$0A@@std@@@std@@IAEXPAU_Node@?$_Tree_nod@V?$_Tmap_traits@V?$basic_string@DU?$char_traits@D@std@@V?$allocator@D@2@@std@@V12@U?$less@V?$basic_string@DU?$char_traits@D@std@@V?$allocator@D@2@@std@@@2@V?$allocator@U?$pair@$$CBV?$basic_string@DU?$char_traits@D@std@@V?$allocator@D@2@@std@@V12@@std@@@2@$0A@@std@@@2@@Z 100147f0 f i happyhttp.obj
 0001:00013870       ??$?HDU?$char_traits@D@std@@V?$allocator@D@1@@std@@YA?AV?$basic_string@DU?$char_traits@D@std@@V?$allocator@D@2@@0@$$QAV10@0@Z 10014870 f i happyhttp.obj
 0001:000138e0       ?_Linsert@?$_Tree@V?$_Tmap_traits@V?$basic_string@DU?$char_traits@D@std@@V?$allocator@D@2@@std@@V12@U?$less@V?$basic_string@DU?$char_traits@D@std@@V?$allocator@D@2@@std@@@2@V?$allocator@U?$pair@$$CBV?$basic_string@DU?$char_traits@D@std@@V?$allocator@D@2@@std@@V12@@std@@@2@$0A@@std@@@std@@QAE?AU?$pair@V?$_Tree_iterator@V?$_Tree_val@V?$_Tmap_traits@V?$basic_string@DU?$char_traits@D@std@@V?$allocator@D@2@@std@@V12@U?$less@V?$basic_string@DU?$char_traits@D@std@@V?$allocator@D@2@@std@@@2@V?$allocator@U?$pair@$$CBV?$basic_string@DU?$char_traits@D@std@@V?$allocator@D@2@@std@@V12@@std@@@2@$0A@@std@@@std@@@std@@_N@2@PAU_Node@?$_Tree_nod@V?$_Tmap_traits@V?$basic_string@DU?$char_traits@D@std@@V?$allocator@D@2@@std@@V12@U?$less@V?$basic_string@DU?$char_traits@D@std@@V?$allocator@D@2@@std@@@2@V?$allocator@U?$pair@$$CBV?$basic_string@DU?$char_traits@D@std@@V?$allocator@D@2@@std@@V12@@std@@@2@$0A@@std@@@2@_N@Z 100148e0 f i happyhttp.obj
 0001:00013a90       ?BeginBody@Response@happyhttp@@AAEXXZ 10014a90 f   happyhttp.obj
 0001:00013be0       ?_Insert@?$_Tree@V?$_Tmap_traits@V?$basic_string@DU?$char_traits@D@std@@V?$allocator@D@2@@std@@V12@U?$less@V?$basic_string@DU?$char_traits@D@std@@V?$allocator@D@2@@std@@@2@V?$allocator@U?$pair@$$CBV?$basic_string@DU?$char_traits@D@std@@V?$allocator@D@2@@std@@V12@@std@@@2@$0A@@std@@@std@@QAE?AV?$_Tree_iterator@V?$_Tree_val@V?$_Tmap_traits@V?$basic_string@DU?$char_traits@D@std@@V?$allocator@D@2@@std@@V12@U?$less@V?$basic_string@DU?$char_traits@D@std@@V?$allocator@D@2@@std@@@2@V?$allocator@U?$pair@$$CBV?$basic_string@DU?$char_traits@D@std@@V?$allocator@D@2@@std@@V12@@std@@@2@$0A@@std@@@std@@@2@V?$_Tree_const_iterator@V?$_Tree_val@V?$_Tmap_traits@V?$basic_string@DU?$char_traits@D@std@@V?$allocator@D@2@@std@@V12@U?$less@V?$basic_string@DU?$char_traits@D@std@@V?$allocator@D@2@@std@@@2@V?$allocator@U?$pair@$$CBV?$basic_string@DU?$char_traits@D@std@@V?$allocator@D@2@@std@@V12@@std@@@2@$0A@@std@@@std@@@2@PAU_Node@?$_Tree_nod@V?$_Tmap_traits@V?$basic_string@DU?$char_traits@D@std@@V?$allocator@D@2@@std@@V12@U?$less@V?$basic_string@DU?$char_traits@D@std@@V?$allocator@D@2@@std@@@2@V?$allocator@U?$pair@$$CBV?$basic_string@DU?$char_traits@D@std@@V?$allocator@D@2@@std@@V12@@std@@@2@$0A@@std@@@2@@Z 10014be0 f i happyhttp.obj
[...]
 0001:00031081       __unwindfunclet$??$_Buynode@U?$pair@$$CBV?$basic_string@DU?$char_traits@D@std@@V?$allocator@D@2@@std@@V12@@std@@@?$_Tree_val@V?$_Tmap_traits@V?$basic_string@DU?$char_traits@D@std@@V?$allocator@D@2@@std@@V12@U?$less@V?$basic_string@DU?$char_traits@D@std@@V?$allocator@D@2@@std@@@2@V?$allocator@U?$pair@$$CBV?$basic_string@DU?$char_traits@D@std@@V?$allocator@D@2@@std@@V12@@std@@@2@$0A@@std@@@std@@QAEPAU_Node@?$_Tree_nod@V?$_Tmap_traits@V?$basic_string@DU?$char_traits@D@std@@V?$allocator@D@2@@std@@V12@U?$less@V?$basic_string@DU?$char_traits@D@std@@V?$allocator@D@2@@std@@@2@V?$allocator@U?$pair@$$CBV?$basic_string@DU?$char_traits@D@std@@V?$allocator@D@2@@std@@V12@@std@@@2@$0A@@std@@@1@$$QAU?$pair@$$CBV?$basic_string@DU?$char_traits@D@std@@V?$allocator@D@2@@std@@V12@@1@@Z$4 10032081 f   happyhttp.obj
 0001:00031089       __ehhandler$??$_Buynode@U?$pair@$$CBV?$basic_string@DU?$char_traits@D@std@@V?$allocator@D@2@@std@@V12@@std@@@?$_Tree_val@V?$_Tmap_traits@V?$basic_string@DU?$char_traits@D@std@@V?$allocator@D@2@@std@@V12@U?$less@V?$basic_string@DU?$char_traits@D@std@@V?$allocator@D@2@@std@@@2@V?$allocator@U?$pair@$$CBV?$basic_string@DU?$char_traits@D@std@@V?$allocator@D@2@@std@@V12@@std@@@2@$0A@@std@@@std@@QAEPAU_Node@?$_Tree_nod@V?$_Tmap_traits@V?$basic_string@DU?$char_traits@D@std@@V?$allocator@D@2@@std@@V12@U?$less@V?$basic_string@DU?$char_traits@D@std@@V?$allocator@D@2@@std@@@2@V?$allocator@U?$pair@$$CBV?$basic_string@DU?$char_traits@D@std@@V?$allocator@D@2@@std@@V12@@std@@@2@$0A@@std@@@1@$$QAU?$pair@$$CBV?$basic_string@DU?$char_traits@D@std@@V?$allocator@D@2@@std@@V12@@1@@Z 10032089 f   happyhttp.obj
 0001:000310b0       __unwindfunclet$??1Response@happyhttp@@QAE@XZ$0 100320b0 f   happyhttp.obj
 0001:000310bb       __unwindfunclet$??1Response@happyhttp@@QAE@XZ$1 100320bb f   happyhttp.obj
 0001:000310c6       __unwindfunclet$??1Response@happyhttp@@QAE@XZ$2 100320c6 f   happyhttp.obj
 0001:000310d1       __unwindfunclet$??1Response@happyhttp@@QAE@XZ$7 100320d1 f   happyhttp.obj
 0001:000310d9       __ehhandler$??1Response@happyhttp@@QAE@XZ 100320d9 f   happyhttp.obj
 0001:00031100       __unwindfunclet$??0Response@happyhttp@@IAE@PBDAAVConnection@1@@Z$0 10032100 f   happyhttp.obj
 0001:0003110b       __unwindfunclet$??0Response@happyhttp@@IAE@PBDAAVConnection@1@@Z$1 1003210b f   happyhttp.obj
 0001:00031116       __unwindfunclet$??0Response@happyhttp@@IAE@PBDAAVConnection@1@@Z$2 10032116 f   happyhttp.obj
 0001:00031121       __ehhandler$??0Response@happyhttp@@IAE@PBDAAVConnection@1@@Z 10032121 f   happyhttp.obj
 0001:00031140       __unwindfunclet$??A?$map@V?$basic_string@DU?$char_traits@D@std@@V?$allocator@D@2@@std@@V12@U?$less@V?$basic_string@DU?$char_traits@D@std@@V?$allocator@D@2@@std@@@2@V?$allocator@U?$pair@$$CBV?$basic_string@DU?$char_traits@D@std@@V?$allocator@D@2@@std@@V12@@std@@@2@@std@@QAEAAV?$basic_string@DU?$char_traits@D@std@@V?$allocator@D@2@@1@ABV21@@Z$0 10032140 f   happyhttp.obj
 0001:00031148       __unwindfunclet$??A?$map@V?$basic_string@DU?$char_traits@D@std@@V?$allocator@D@2@@std@@V12@U?$less@V?$basic_string@DU?$char_traits@D@std@@V?$allocator@D@2@@std@@@2@V?$allocator@U?$pair@$$CBV?$basic_string@DU?$char_traits@D@std@@V?$allocator@D@2@@std@@V12@@std@@@2@@std@@QAEAAV?$basic_string@DU?$char_traits@D@std@@V?$allocator@D@2@@1@ABV21@@Z$3 10032148 f   happyhttp.obj
 0001:00031150       __unwindfunclet$??A?$map@V?$basic_string@DU?$char_traits@D@std@@V?$allocator@D@2@@std@@V12@U?$less@V?$basic_string@DU?$char_traits@D@std@@V?$allocator@D@2@@std@@@2@V?$allocator@U?$pair@$$CBV?$basic_string@DU?$char_traits@D@std@@V?$allocator@D@2@@std@@V12@@std@@@2@@std@@QAEAAV?$basic_string@DU?$char_traits@D@std@@V?$allocator@D@2@@1@ABV21@@Z$1 10032150 f   happyhttp.obj
 0001:00031158       __ehhandler$??A?$map@V?$basic_string@DU?$char_traits@D@std@@V?$allocator@D@2@@std@@V12@U?$less@V?$basic_string@DU?$char_traits@D@std@@V?$allocator@D@2@@std@@@2@V?$allocator@U?$pair@$$CBV?$basic_string@DU?$char_traits@D@std@@V?$allocator@D@2@@std@@V12@@std@@@2@@std@@QAEAAV?$basic_string@DU?$char_traits@D@std@@V?$allocator@D@2@@1@ABV21@@Z 10032158 f   happyhttp.obj
 0001:00031180       __unwindfunclet$?putheader@Connection@happyhttp@@QAEXPBD0@Z$0 10032180 f   happyhttp.obj
 0001:00031188       __unwindfunclet$?putheader@Connection@happyhttp@@QAEXPBD0@Z$1 10032188 f   happyhttp.obj
 0001:00031190       __unwindfunclet$?putheader@Connection@happyhttp@@QAEXPBD0@Z$2 10032190 f   happyhttp.obj
 0001:00031198       __unwindfunclet$?putheader@Connection@happyhttp@@QAEXPBD0@Z$3 10032198 f   happyhttp.obj
 0001:000311a0       __ehhandler$?putheader@Connection@happyhttp@@QAEXPBD0@Z 100321a0 f   happyhttp.obj
 0001:000311d0       __unwindfunclet$?endheaders@Connection@happyhttp@@QAEXXZ$0 100321d0 f   happyhttp.obj
 0001:000311d8       __unwindfunclet$?endheaders@Connection@happyhttp@@QAEXXZ$1 100321d8 f   happyhttp.obj
 0001:000311e0       __unwindfunclet$?endheaders@Connection@happyhttp@@QAEXXZ$2 100321e0 f   happyhttp.obj
 0001:000311e8       __ehhandler$?endheaders@Connection@happyhttp@@QAEXXZ 100321e8 f   happyhttp.obj
 0001:00031210       __unwindfunclet$?FlushHeader@Response@happyhttp@@AAEXXZ$0 10032210 f   happyhttp.obj
 0001:00031218       __unwindfunclet$?FlushHeader@Response@happyhttp@@AAEXXZ$1 10032218 f   happyhttp.obj
 0001:00031220       __ehhandler$?FlushHeader@Response@happyhttp@@AAEXXZ 10032220 f   happyhttp.obj
 0001:00031250       __unwindfunclet$??1Connection@happyhttp@@QAE@XZ$0 10032250 f   happyhttp.obj
 0001:0003125b       __unwindfunclet$??1Connection@happyhttp@@QAE@XZ$1 1003225b f   happyhttp.obj
 0001:00031266       __unwindfunclet$??1Connection@happyhttp@@QAE@XZ$2 10032266 f   happyhttp.obj
 0001:00031271       __ehhandler$??1Connection@happyhttp@@QAE@XZ 10032271 f   happyhttp.obj
 0001:00031290       __unwindfunclet$?putrequest@Connection@happyhttp@@QAEXPBD0@Z$0 10032290 f   happyhttp.obj
 0001:0003129b       __unwindfunclet$?putrequest@Connection@happyhttp@@QAEXPBD0@Z$1 1003229b f   happyhttp.obj
 0001:000312a9       __ehhandler$?putrequest@Connection@happyhttp@@QAEXPBD0@Z 100322a9 f   happyhttp.obj
 0001:000312d1       __unwindfunclet$?_Init@locale@std@@CAPAV_Locimp@12@XZ$0 100322d1 f   libcpmt:locale0.obj
 0001:000312d1       __unwindfunclet$??1_Fac_tidy_reg_t@std@@QAE@XZ$0 100322d1 f   libcpmt:locale0.obj
 0001:000312d1       __unwindfunclet$?_Locimp_dtor@_Locimp@locale@std@@CAXPAV123@@Z$0 100322d1 f   libcpmt:locale0.obj
 0001:000312d9       __ehhandler$?_Init@locale@std@@CAPAV_Locimp@12@XZ 100322d9 f   libcpmt:locale0.obj
 0001:000312d9       __ehhandler$?_Locimp_dtor@_Locimp@locale@std@@CAXPAV123@@Z 100322d9 f   libcpmt:locale0.obj
 0001:000312d9       __ehhandler$??1_Fac_tidy_reg_t@std@@QAE@XZ 100322d9 f   libcpmt:locale0.obj
 0001:000312f4       __unwindfunclet$??1_Locimp@locale@std@@MAE@XZ$0 100322f4 f   libcpmt:locale0.obj
 0001:000312fc       __unwindfunclet$??1_Locimp@locale@std@@MAE@XZ$1 100322fc f   libcpmt:locale0.obj
 0001:00031307       __ehhandler$??1_Locimp@locale@std@@MAE@XZ 10032307 f   libcpmt:locale0.obj
 0001:00031322       __ehhandler$?CallUnexpected@@YAXPBU_s_ESTypeList@@@Z 10032322 f   LIBCMT:frame.obj
 0001:00031340       ??__Estart_time@@YAXXZ     10032340 f   add_info.obj
 0001:00031360       ??__E__chat_history@@YAXXZ 10032360 f   chat_history.obj
 0001:00031370       ??__EAssocList@@YAXXZ      10032370 f   class_extend.obj
 0001:000313f0       ??__Ecurrent_directory@@YAXXZ 100323f0 f   config.obj
 0001:00031410       ??__Ed_strings@@YAXXZ      10032410 f   debug.obj
 0001:00031490       ??__ENames@@YAXXZ          10032490 f   debug.obj
 0001:00031510       ??__EArchives@@YAXXZ       10032510 f   File.obj
 0001:00031520       ??__ETiles@@YAXXZ          10032520 f   landscape_renderer.obj
 0001:00031550       ??__EcmdLine@@YAXXZ        10032550 f   network_hat_enter.obj
 0001:00031560       ??__Ematch@@YAXXZ          10032560 f   network_hat_enter.obj
 0001:00031570       ??__EhhC@@YAXXZ            10032570 f   network_protocol_ext.obj
 0001:00031590       ??__EScanrange@@YAXXZ      10032590 f   scanrange.obj
 0001:000315a0       ??__E_LOG_FILE@@YAXXZ      100325a0 f   utils.obj
 0001:000315c0       ??__E_LOG_NAME@@YAXXZ      100325c0 f   utils.obj
 0001:000315cc       ??__Einitlocks@std@@YAXXZ  100325cc f   libcpmt:xlock.obj
 0001:000315e2       ??__E_Fac_tidy_reg@std@@YAXXZ 100325e2 f   libcpmt:locale0.obj
 0001:000315ee       ??__Eclassic_locale@std@@YAXXZ 100325ee f   libcpmt:locale0.obj
 0001:000315fa       ??__E_Generic_object@std@@YAXXZ 100325fa f   libcpmt:syserror.obj
 0001:00031606       ??__E_Iostream_object@std@@YAXXZ 10032606 f   libcpmt:syserror.obj
 0001:00031612       ??__E_System_object@std@@YAXXZ 10032612 f   libcpmt:syserror.obj
 0001:0003161e       ??__Einitlocks@std@@YAXXZ  1003261e f   libcpmt:iosptrs.obj
 0001:00031634       ??__Einit_atexit@@YAXXZ    10032634 f   libcpmt:iosptrs.obj
 0001:00031640       ??__F__chat_history@@YAXXZ 10032640 f   chat_history.obj
 0001:000316a0       ??__FAssocList@@YAXXZ      100326a0 f   class_extend.obj
 0001:00031700       ??__Fcurrent_directory@@YAXXZ 10032700 f   config.obj
 0001:00031730       ??__Fd_strings@@YAXXZ      10032730 f   debug.obj
 0001:00031790       ??__FNames@@YAXXZ          10032790 f   debug.obj
 0001:000317f0       ??__Frec@?1??GetRecord@FileArchive@@QAEABURecord@1@V?$basic_string@DU?$char_traits@D@std@@V?$allocator@D@2@@std@@@Z@YAXXZ 100327f0 f   File.obj
 0001:000318d0       ??__FArchives@@YAXXZ       100328d0 f   File.obj
 0001:000319b0       ??__FcmdLine@@YAXXZ        100329b0 f   network_hat_enter.obj
 0001:000319e0       ??__Fmatch@@YAXXZ          100329e0 f   network_hat_enter.obj
 0001:00031a10       ??__FhhC@@YAXXZ            10032a10 f   network_protocol_ext.obj
 0001:00031a20       ??__F_LOG_NAME@@YAXXZ      10032a20 f   utils.obj
 0001:00031a50       ??__F_LOG_FILE@@YAXXZ      10032a50 f   utils.obj
 0001:00031a70       ??__Finitlocks@std@@YAXXZ  10032a70 f   libcpmt:xlock.obj
 0001:00031a7a       ??__Fclassic_locale@std@@YAXXZ 10032a7a f   libcpmt:locale0.obj
 0001:00031a84       ??__F_Fac_tidy_reg@std@@YAXXZ 10032a84 f   libcpmt:locale0.obj
 0001:00031a8e       ??__F_Generic_object@std@@YAXXZ 10032a8e f   libcpmt:syserror.obj
 0001:00031a99       ??__F_Iostream_object@std@@YAXXZ 10032a99 f   libcpmt:syserror.obj
 0001:00031aa4       ??__F_System_object@std@@YAXXZ 10032aa4 f   libcpmt:syserror.obj
 0001:00031aaf       ??__Finitlocks@std@@YAXXZ  10032aaf f   libcpmt:iosptrs.obj
 0001:00031ab9       ??__Finit_atexit@@YAXXZ    10032ab9 f   libcpmt:iosptrs.obj
 0001:00031ac3       ??__Fnomem@?5???2@YAPAXI@Z@YAXXZ 10032ac3 f   LIBCMT:new.obj

 Exports

  ordinal    name

        1    ?RES_loadFile@@YAHH@Z (int __cdecl RES_loadFile(int))
        2    ?FIL_patch0@@YAXXZ (void __cdecl FIL_patch0(void))
        3    ?FIL_patch1@@YAXXZ (void __cdecl FIL_patch1(void))
        4    ?FIL_world0@@YAXXZ (void __cdecl FIL_world0(void))
        5    ?FIL_world1@@YAXXZ (void __cdecl FIL_world1(void))
        6    ?FIL_world2@@YAXXZ (void __cdecl FIL_world2(void))
        7    ?FIL_world3@@YAXXZ (void __cdecl FIL_world3(void))
        8    ?FIL_world4@@YAXXZ (void __cdecl FIL_world4(void))
        9    ?FIL_world5@@YAXXZ (void __cdecl FIL_world5(void))
       10    ?FIL_world6@@YAXXZ (void __cdecl FIL_world6(void))
       11    ?FIL_world7@@YAXXZ (void __cdecl FIL_world7(void))
       12    ?FIL_world8@@YAXXZ (void __cdecl FIL_world8(void))
       13    ?FIL_world9@@YAXXZ (void __cdecl FIL_world9(void))
       14    ?FIL_worldA@@YAXXZ (void __cdecl FIL_worldA(void))
       15    ?NETPROTO_createAuthorizationPacket@@YAHXZ (int __cdecl NETPROTO_createAuthorizationPacket(void))
       16    ?NETPROTO_sendAuthorizationPacket@@YAHXZ (int __cdecl NETPROTO_sendAuthorizationPacket(void))
       17    ?VIDEO_checkVideoMode@@YAXXZ (void __cdecl VIDEO_checkVideoMode(void))
       18    ?NET_cryptPacket@@YAXPAEH@Z (void __cdecl NET_cryptPacket(unsigned char *,int))
       19    ?MAP_loadFromServer@@YAXXZ (void __cdecl MAP_loadFromServer(void))
       20    ?SYSTEM_setThreadPriority@@YAXXZ (void __cdecl SYSTEM_setThreadPriority(void))
       21    ?CHAT_tilde0@@YAXXZ (void __cdecl CHAT_tilde0(void))
       22    ?CHAT_tilde1@@YAXXZ (void __cdecl CHAT_tilde1(void))
       23    ?CHAT_tilde2@@YAXXZ (void __cdecl CHAT_tilde2(void))
       24    ?CHAT_wmCharHandler@@YAXXZ (void __cdecl CHAT_wmCharHandler(void))
       25    ?CHAT_convWinToDos@@YAXXZ (void __cdecl CHAT_convWinToDos(void))
       26    ?CHAT_convDosToIdx@@YAXXZ (void __cdecl CHAT_convDosToIdx(void))
       27    ?DBG_logStrings@@YAXXZ (void __cdecl DBG_logStrings(void))
       28    ?GUI_textField_MeasurePosition@@YGKK@Z (unsigned long __stdcall GUI_textField_MeasurePosition(unsigned long))
       29    ?CHAT_logStrings@@YAHPADHH@Z (int __cdecl CHAT_logStrings(char *,int,int))
       30    ?CHAT_keyDown@@YAXXZ (void __cdecl CHAT_keyDown(void))
       31    ?CHAT_getMessageLast@@YAXXZ (void __cdecl CHAT_getMessageLast(void))
       33    ?CRASH_fix_414994@@YAXXZ (void __cdecl CRASH_fix_414994(void))
       34    ?CRASH_fix_42353A@@YAXXZ (void __cdecl CRASH_fix_42353A(void))
       35    ?CRASH_fix_523295@@YAXXZ (void __cdecl CRASH_fix_523295(void))
       36    ?CRASH_fix_46AD10@@YAXXZ (void __cdecl CRASH_fix_46AD10(void))
       37    ?CRASH_fix_420450@@YAXXZ (void __cdecl CRASH_fix_420450(void))
       38    ?CRASH_fix_45FC3B@@YAXXZ (void __cdecl CRASH_fix_45FC3B(void))
       39    ?CRASH_fix_458CF9@@YAXXZ (void __cdecl CRASH_fix_458CF9(void))
       40    ?CRASH_fix_4657AD@@YAXXZ (void __cdecl CRASH_fix_4657AD(void))
       41    ?CRASH_fix_46B685@@YAXXZ (void __cdecl CRASH_fix_46B685(void))
       42    ?CRASH_fix_4BEE2D@@YAXXZ (void __cdecl CRASH_fix_4BEE2D(void))
       43    ?HATENT_url_text@@YAXXZ (void __cdecl HATENT_url_text(void))
       44    ?HATENT_url_connect@@YAXXZ (void __cdecl HATENT_url_connect(void))
       45    ?SCREENSHOT_take@@YAXXZ (void __cdecl SCREENSHOT_take(void))
       46    ?CRASH_fix_4AAB7E@@YAXXZ (void __cdecl CRASH_fix_4AAB7E(void))
       47    ?INFO_fps@@YAXXZ (void __cdecl INFO_fps(void))
       48    ?RES_loadDirectories@@YAXXZ (void __cdecl RES_loadDirectories(void))
       49    ?RES_loadException@@YAXXZ (void __cdecl RES_loadException(void))
       50    ?LANG_change_43EDEB@@YAXXZ (void __cdecl LANG_change_43EDEB(void))
       51    ?LANG_change_474F27@@YAXXZ (void __cdecl LANG_change_474F27(void))
       52    ?LANG_change_48626D@@YAXXZ (void __cdecl LANG_change_48626D(void))
       53    ?LANG_change_48BA07@@YAXXZ (void __cdecl LANG_change_48BA07(void))
       54    ?LANG_change_48CA55@@YAXXZ (void __cdecl LANG_change_48CA55(void))
       55    ?LANG_change_491CDF@@YAXXZ (void __cdecl LANG_change_491CDF(void))
       56    ?LANG_change_4939A2@@YAXXZ (void __cdecl LANG_change_4939A2(void))
       57    ?CRASH_fix_multiwindow_1@@YAXXZ (void __cdecl CRASH_fix_multiwindow_1(void))
       58    ?CRASH_fix_multiwindow_2@@YAXXZ (void __cdecl CRASH_fix_multiwindow_2(void))
       59    ?CRASH_fix_multiwindow_3@@YAXXZ (void __cdecl CRASH_fix_multiwindow_3(void))
       60    ?CRASH_fix_multiwindow_4@@YAXXZ (void __cdecl CRASH_fix_multiwindow_4(void))
       61    ?LANG_change_493B23@@YAXXZ (void __cdecl LANG_change_493B23(void))
       62    ?LANG_change_4B018F@@YAXXZ (void __cdecl LANG_change_4B018F(void))
       63    ?SCROLL_part1@@YAXXZ (void __cdecl SCROLL_part1(void))
       64    ?SCROLL_part2@@YAXXZ (void __cdecl SCROLL_part2(void))
       65    ?GRID_part1@@YAXXZ (void __cdecl GRID_part1(void))
       66    ?GRID_part2@@YAXXZ (void __cdecl GRID_part2(void))
       67    ?GRID_part3@@YAXXZ (void __cdecl GRID_part3(void))
       68    ?GRID_part4@@YAXXZ (void __cdecl GRID_part4(void))
       69    ?GRID_part5@@YAXXZ (void __cdecl GRID_part5(void))
       70    ?LANG_change_42B3D5@@YAXXZ (void __cdecl LANG_change_42B3D5(void))
       71    ?LANG_change_43EEC3@@YAXXZ (void __cdecl LANG_change_43EEC3(void))
       72    ?LANG_change_460F9B@@YAXXZ (void __cdecl LANG_change_460F9B(void))
       73    ?LANG_change_474375@@YAXXZ (void __cdecl LANG_change_474375(void))
       74    ?LANG_change_4743C9@@YAXXZ (void __cdecl LANG_change_4743C9(void))
       75    ?LANG_change_496638@@YAXXZ (void __cdecl LANG_change_496638(void))
       76    ?LANG_change_4AEE20@@YAXXZ (void __cdecl LANG_change_4AEE20(void))
       77    ?LANG_change_4AEE6D@@YAXXZ (void __cdecl LANG_change_4AEE6D(void))
       78    ?LANG_change_4AEF2A@@YAXXZ (void __cdecl LANG_change_4AEF2A(void))
       79    ?LANG_change_4AEF9C@@YAXXZ (void __cdecl LANG_change_4AEF9C(void))
       80    ?LANG_change_4AF00E@@YAXXZ (void __cdecl LANG_change_4AF00E(void))
       81    ?LANG_fix_codepage@@YAXXZ (void __cdecl LANG_fix_codepage(void))
       84    ?NETPROTO_loginToHat@@YGHXZ (int __stdcall NETPROTO_loginToHat(void))
       85    ?BASE_setCurrentDirectory1@@YGHPAD@Z (int __stdcall BASE_setCurrentDirectory1(char *))
       86    ?CHAT_prependType_part1@@YAXXZ (void __cdecl CHAT_prependType_part1(void))
       87    ?CHAT_prependType_part2@@YAXXZ (void __cdecl CHAT_prependType_part2(void))
       88    ?ADMINISTRAT@@YAXXZ (void __cdecl ADMINISTRAT(void))
       89    ?_fix_launcher@@YAXXZ (void __cdecl _fix_launcher(void))
       90    ?MAP_CFileOpen1@@YAXXZ (void __cdecl MAP_CFileOpen1(void))
       91    ?MAP_CFileOpen2@@YAXXZ (void __cdecl MAP_CFileOpen2(void))
       92    ?GUI_gmEnter@@YAXXZ (void __cdecl GUI_gmEnter(void))
       93    ?CalcVisMapCLIENT@@YGHPAD@Z (int __stdcall CalcVisMapCLIENT(char *))
       94    ?TILES_loadTiles@@YAXXZ (void __cdecl TILES_loadTiles(void))
       95    ?TILES_displayTile1@@YAXXZ (void __cdecl TILES_displayTile1(void))
       96    ?TILES_debug@@YAXXZ (void __cdecl TILES_debug(void))
       97    ?recv_@@YGHIPADHH@Z (int __stdcall recv_(unsigned int,char *,int,int))
       98    ?CHAT_fixEscape@@YAXXZ (void __cdecl CHAT_fixEscape(void))
       99    ?CHAT_dbg@@YAXXZ (void __cdecl CHAT_dbg(void))
      100    ?NETPROTO_enlargeBuffer@@YAXXZ (void __cdecl NETPROTO_enlargeBuffer(void))
      101    ?NETPROTO_enlargeBuffer2@@YAXXZ (void __cdecl NETPROTO_enlargeBuffer2(void))
      102    ?ITEMPNG_loadPng@@YAXXZ (void __cdecl ITEMPNG_loadPng(void))
      103    ?ITEMPNG_loadPngChar@@YAXXZ (void __cdecl ITEMPNG_loadPngChar(void))
      104    ?GUI_softcoreSwitch@@YAXXZ (void __cdecl GUI_softcoreSwitch(void))
      105    ?GUI_softcoreResetSwitch@@YAXXZ (void __cdecl GUI_softcoreResetSwitch(void))
      106    ?GUI_softcoreSaveSwitch@@YAXXZ (void __cdecl GUI_softcoreSaveSwitch(void))
      300    ?DBG_load256@@YAXXZ (void __cdecl DBG_load256(void))
               exported name: DBG_load256
      301    ?DBG_disp256@@YAXXZ (void __cdecl DBG_disp256(void))
               exported name: DBG_disp256
      302    ?DBG_di2p256@@YAXXZ (void __cdecl DBG_di2p256(void))
               exported name: DBG_di2p256
      303    ?DBG_di3p256@@YAXXZ (void __cdecl DBG_di3p256(void))
               exported name: DBG_di3p256
      304    ?DBG_decideState@@YAXXZ (void __cdecl DBG_decideState(void))
               exported name: DBG_decideState
