 a2mgr

 Timestamp is 52f17718 (Wed Feb 05 01:26:16 2014)

 Preferred load address is 10000000

 Start         Length     Name                   Class
 0001:00000000 0002fb1cH .text                   CODE
 0001:0002fb20 0000185dH .text$x                 CODE
 0001:00031380 00000300H .text$yc                CODE
 0001:00031680 00000497H .text$yd                CODE
 0002:00000000 00000268H .idata$5                DATA
 0002:00000268 00000004H .CRT$XCA                DATA
 0002:0000026c 0000000cH .CRT$XCC                DATA
 0002:00000278 00000008H .CRT$XCL                DATA
 0002:00000280 00000044H .CRT$XCU                DATA
 0002:000002c4 00000004H .CRT$XCZ                DATA
 0002:000002c8 00000004H .CRT$XIA                DATA
 0002:000002cc 00000010H .CRT$XIC                DATA
 0002:000002dc 00000004H .CRT$XIZ                DATA
 0002:000002e0 00000004H .CRT$XPA                DATA
 0002:000002e4 00000004H .CRT$XPX                DATA
 0002:000002e8 00000004H .CRT$XPXA               DATA
 0002:000002ec 00000004H .CRT$XPZ                DATA
 0002:000002f0 00000004H .CRT$XTA                DATA
 0002:000002f4 00000004H .CRT$XTZ                DATA
 0002:00000300 00004cb8H .rdata                  DATA
 0002:00004fb8 00000950H .rdata$r                DATA
 0002:00005910 0000019cH .rdata$sxdata           DATA
 0002:00005aac 00000004H .rtc$IAA                DATA
 0002:00005ab0 00000004H .rtc$IZZ                DATA
 0002:00005ab4 00000004H .rtc$TAA                DATA
 0002:00005ab8 00000004H .rtc$TZZ                DATA
 0002:00005ac0 00002274H .xdata$x                DATA
 0002:00007d34 000000b4H .idata$2                DATA
 0002:00007de8 00000014H .idata$3                DATA
 0002:00007dfc 00000268H .idata$4                DATA
 0002:00008064 000009f2H .idata$6                DATA
 0002:00008a60 00000550H .edata                  DATA
 0003:00000000 00001c08H .data                   DATA
 0003:00001c20 00016d84H .bss                    DATA

  Address         Publics by Value              Rva+Base       Lib:Object

 0000:00000000       __except_list              00000000     <absolute>
 0000:00000067       ___safe_se_handler_count   00000067     <absolute>
 0000:00000000       ___ImageBase               10000000     <linker-defined>
 0001:00000000       ??1bad_alloc@std@@UAE@XZ   10001000 f i a2mgr.obj
 0001:00000010       ??_Ebad_alloc@std@@UAEPAXI@Z 10001010 f i a2mgr.obj
 0001:00000010       ??_Gbad_alloc@std@@UAEPAXI@Z 10001010 f i a2mgr.obj
 0001:00000040       ?compare@?$char_traits@D@std@@SAHPBD0I@Z 10001040 f i a2mgr.obj
 0001:000000c0       ?_fix_launcher@@YAXXZ      100010c0 f   a2mgr.obj
 0001:000000e0       ?_Myptr@?$basic_string@DU?$char_traits@D@std@@V?$allocator@D@2@@std@@QBEPBDXZ 100010e0 f i a2mgr.obj
 0001:000000f0       ??0bad_alloc@std@@QAE@ABV01@@Z 100010f0 f i a2mgr.obj
 0001:00000110       ?find_last_of@?$basic_string@DU?$char_traits@D@std@@V?$allocator@D@2@@std@@QBEIPBDII@Z 10001110 f i a2mgr.obj
 0001:000001a0       ?compare@?$basic_string@DU?$char_traits@D@std@@V?$allocator@D@2@@std@@QBEHIIPBDI@Z 100011a0 f i a2mgr.obj
 0001:00000210       ??1?$basic_string@DU?$char_traits@D@std@@V?$allocator@D@2@@std@@QAE@XZ 10001210 f i a2mgr.obj
 0001:00000240       ?erase@?$basic_string@DU?$char_traits@D@std@@V?$allocator@D@2@@std@@QAEAAV12@II@Z 10001240 f i a2mgr.obj
 0001:000002d0       ?_Copy@?$basic_string@DU?$char_traits@D@std@@V?$allocator@D@2@@std@@QAEXII@Z 100012d0 f i a2mgr.obj
 0001:00000440       ?_Grow@?$basic_string@DU?$char_traits@D@std@@V?$allocator@D@2@@std@@QAE_NI_N@Z 10001440 f i a2mgr.obj
 0001:000004f0       ?append@?$basic_string@DU?$char_traits@D@std@@V?$allocator@D@2@@std@@QAEAAV12@ABV12@II@Z 100014f0 f i a2mgr.obj
 0001:000005e0       ?append@?$basic_string@DU?$char_traits@D@std@@V?$allocator@D@2@@std@@QAEAAV12@PBDI@Z 100015e0 f i a2mgr.obj
 0001:00000700       ?assign@?$basic_string@DU?$char_traits@D@std@@V?$allocator@D@2@@std@@QAEAAV12@ABV12@II@Z 10001700 f i a2mgr.obj
 0001:000007f0       ?assign@?$basic_string@DU?$char_traits@D@std@@V?$allocator@D@2@@std@@QAEAAV12@PBDI@Z 100017f0 f i a2mgr.obj
 0001:000008f0       ??0?$basic_string@DU?$char_traits@D@std@@V?$allocator@D@2@@std@@QAE@PBD@Z 100018f0 f i a2mgr.obj
 0001:00000930       ?assign@?$basic_string@DU?$char_traits@D@std@@V?$allocator@D@2@@std@@QAEAAV12@$$QAV12@@Z 10001930 f i a2mgr.obj
 0001:000009b0       ?BASE_setCurrentDirectory1@@YGHPAD@Z 100019b0 f   a2mgr.obj
 0001:00000a80       ??$?HDU?$char_traits@D@std@@V?$allocator@D@1@@std@@YA?AV?$basic_string@DU?$char_traits@D@std@@V?$allocator@D@2@@0@ABV10@PBD@Z 10001a80 f i a2mgr.obj
 0001:00000b60       ?DllMain_Init@@YG_NPAUHINSTANCE__@@KPAX@Z 10001b60 f   a2mgr.obj
 0001:000016b0       _DllMain@12                100026b0 f   a2mgr.obj
 0001:00001740       ?ConsoleProc@@YG_NEH@Z     10002740 f   add_info.obj
 0001:00001830       ?FpsImpl@@YGXKPAUtagRECT@@@Z 10002830 f   add_info.obj
 0001:00001b00       ?INFO_fps@@YAXXZ           10002b00 f   add_info.obj
 0001:00001b20       ?GetFirstName@@YGPADK@Z    10002b20 f   administrat_fix.obj
 0001:00001b90       ?GetSecondName@@YGPADK@Z   10002b90 f   administrat_fix.obj
 0001:00001c10       ?CheckNickname@@YG_NK@Z    10002c10 f   administrat_fix.obj
 0001:00001c70       ?ADMINISTRAT@@YAXXZ        10002c70 f   administrat_fix.obj
 0001:00001d20       ?CHAT_wmCharHandler@@YAXXZ 10002d20 f   chat.obj
 0001:00001d50       ?conv_double_tilde@@YGPADPAD@Z 10002d50 f   chat.obj
 0001:00001d90       ?CHAT_tilde0@@YAXXZ        10002d90 f   chat.obj
 0001:00001da0       ?CHAT_tilde1@@YAXXZ        10002da0 f   chat.obj
 0001:00001db0       ?CHAT_tilde2@@YAXXZ        10002db0 f   chat.obj
 0001:00001dc0       ?CHAT_convWinToDos@@YAXXZ  10002dc0 f   chat.obj
 0001:00001e00       ?CHAT_convDosToIdx@@YAXXZ  10002e00 f   chat.obj
 0001:00001e40       ?CHAT_logStrings@@YAHPADHH@Z 10002e40 f   chat.obj
 0001:00001e80       ?chatAddStringCpp@@YGPADPADH@Z 10002e80 f   chat.obj
 0001:00001fa0       ?CHAT_prependType_part1@@YAXXZ 10002fa0 f   chat.obj
 0001:00001fd0       ?CHAT_prependType_part2@@YAXXZ 10002fd0 f   chat.obj
 0001:00002000       ?str_empty@@YAXPAPAD@Z     10003000 f   chat_history.obj
 0001:00002020       ?str_assign@@YAXPAPADPBD@Z 10003020 f   chat_history.obj
 0001:00002040       ?str_array_resize@@YAXPADK@Z 10003040 f   chat_history.obj
 0001:00002060       ?imbue@?$basic_streambuf@DU?$char_traits@D@std@@@std@@MAEXABVlocale@2@@Z 10003060 f   config.obj
 0001:00002060       ?consoleTab@@YGXPAX@Z      10003060 f   chat_history.obj
 0001:00002070       ?logOpen@@YGXK@Z           10003070 f   chat_history.obj
 0001:00002090       ?CHAT_fixEscape@@YAXXZ     10003090 f   chat_history.obj
 0001:00002110       ?CHAT_dbg@@YAXXZ           10003110 f   chat_history.obj
 0001:00002130       ?allocate@?$allocator@V?$basic_string@DU?$char_traits@D@std@@V?$allocator@D@2@@std@@@std@@QAEPAV?$basic_string@DU?$char_traits@D@std@@V?$allocator@D@2@@2@I@Z 10003130 f i chat_history.obj
 0001:00002190       ?allocate@?$allocator@V?$vector@V?$basic_string@DU?$char_traits@D@std@@V?$allocator@D@2@@std@@V?$allocator@V?$basic_string@DU?$char_traits@D@std@@V?$allocator@D@2@@std@@@2@@std@@@std@@QAEPAV?$vector@V?$basic_string@DU?$char_traits@D@std@@V?$allocator@D@2@@std@@V?$allocator@V?$basic_string@DU?$char_traits@D@std@@V?$allocator@D@2@@std@@@2@@2@I@Z 10003190 f i chat_history.obj
 0001:000021f0       ?setString@@YAKPAD@Z       100031f0 f   chat_history.obj
 0001:000022e0       ?consoleDown@@YGKPAD@Z     100032e0 f   chat_history.obj
 0001:00002330       ?consoleUp@@YGKPAD@Z       10003330 f   chat_history.obj
 0001:00002370       ??0?$basic_string@DU?$char_traits@D@std@@V?$allocator@D@2@@std@@QAE@ABV01@@Z 10003370 f i chat_history.obj
 0001:000023a0       ??$_Dest_val@V?$allocator@V?$basic_string@DU?$char_traits@D@std@@V?$allocator@D@2@@std@@@std@@V?$basic_string@DU?$char_traits@D@std@@V?$allocator@D@2@@2@@std@@YAXAAV?$allocator@V?$basic_string@DU?$char_traits@D@std@@V?$allocator@D@2@@std@@@0@PAV?$basic_string@DU?$char_traits@D@std@@V?$allocator@D@2@@0@@Z 100033a0 f i chat_history.obj
 0001:000023d0       ??$_Destroy_range@V?$allocator@V?$basic_string@DU?$char_traits@D@std@@V?$allocator@D@2@@std@@@std@@@std@@YAXPAV?$basic_string@DU?$char_traits@D@std@@V?$allocator@D@2@@0@0AAV?$allocator@V?$basic_string@DU?$char_traits@D@std@@V?$allocator@D@2@@std@@@0@U_Nonscalar_ptr_iterator_tag@0@@Z 100033d0 f i chat_history.obj
 0001:00002410       ??$_Uninit_copy@V?$_Vector_const_iterator@V?$_Vector_val@V?$basic_string@DU?$char_traits@D@std@@V?$allocator@D@2@@std@@V?$allocator@V?$basic_string@DU?$char_traits@D@std@@V?$allocator@D@2@@std@@@2@@std@@@std@@PAV?$basic_string@DU?$char_traits@D@std@@V?$allocator@D@2@@2@V?$allocator@V?$basic_string@DU?$char_traits@D@std@@V?$allocator@D@2@@std@@@2@@std@@YAPAV?$basic_string@DU?$char_traits@D@std@@V?$allocator@D@2@@0@V?$_Vector_const_iterator@V?$_Vector_val@V?$basic_string@DU?$char_traits@D@std@@V?$allocator@D@2@@std@@V?$allocator@V?$basic_string@DU?$char_traits@D@std@@V?$allocator@D@2@@std@@@2@@std@@@0@0PAV10@AAV?$allocator@V?$basic_string@DU?$char_traits@D@std@@V?$allocator@D@2@@std@@@0@U_Nonscalar_ptr_iterator_tag@0@@Z 10003410 f i chat_history.obj
 0001:000024d0       ??$_Move@PAV?$basic_string@DU?$char_traits@D@std@@V?$allocator@D@2@@std@@PAV12@@std@@YAPAV?$basic_string@DU?$char_traits@D@std@@V?$allocator@D@2@@0@PAV10@00U_Nonscalar_ptr_iterator_tag@0@@Z 100034d0 f i chat_history.obj
 0001:00002560       ??$_Uninit_move@PAV?$basic_string@DU?$char_traits@D@std@@V?$allocator@D@2@@std@@PAV12@V?$allocator@V?$basic_string@DU?$char_traits@D@std@@V?$allocator@D@2@@std@@@2@V12@@std@@YAPAV?$basic_string@DU?$char_traits@D@std@@V?$allocator@D@2@@0@PAV10@00AAV?$allocator@V?$basic_string@DU?$char_traits@D@std@@V?$allocator@D@2@@std@@@0@0U_Nonscalar_ptr_iterator_tag@0@@Z 10003560 f i chat_history.obj
 0001:00002620       ??1?$vector@V?$basic_string@DU?$char_traits@D@std@@V?$allocator@D@2@@std@@V?$allocator@V?$basic_string@DU?$char_traits@D@std@@V?$allocator@D@2@@std@@@2@@std@@QAE@XZ 10003620 f i chat_history.obj
 0001:00002620       ?_Tidy@?$vector@V?$basic_string@DU?$char_traits@D@std@@V?$allocator@D@2@@std@@V?$allocator@V?$basic_string@DU?$char_traits@D@std@@V?$allocator@D@2@@std@@@2@@std@@IAEXXZ 10003620 f i chat_history.obj
 0001:00002670       ??0?$vector@V?$basic_string@DU?$char_traits@D@std@@V?$allocator@D@2@@std@@V?$allocator@V?$basic_string@DU?$char_traits@D@std@@V?$allocator@D@2@@std@@@2@@std@@QAE@ABV01@@Z 10003670 f i chat_history.obj
 0001:00002750       ?getStringLastT@@YG?AV?$basic_string@DU?$char_traits@D@std@@V?$allocator@D@2@@std@@XZ 10003750 f   chat_history.obj
 0001:00002840       ?getStringLast@@YGXPAPAD@Z 10003840 f   chat_history.obj
 0001:000028f0       ?CHAT_getMessageLast@@YAXXZ 100038f0 f   chat_history.obj
 0001:00002900       ?reserve@?$vector@V?$basic_string@DU?$char_traits@D@std@@V?$allocator@D@2@@std@@V?$allocator@V?$basic_string@DU?$char_traits@D@std@@V?$allocator@D@2@@std@@@2@@std@@QAEXI@Z 10003900 f i chat_history.obj
 0001:00002a20       ?_Reserve@?$vector@V?$basic_string@DU?$char_traits@D@std@@V?$allocator@D@2@@std@@V?$allocator@V?$basic_string@DU?$char_traits@D@std@@V?$allocator@D@2@@std@@@2@@std@@IAEXI@Z 10003a20 f i chat_history.obj
 0001:00002aa0       ?push_back@?$vector@V?$basic_string@DU?$char_traits@D@std@@V?$allocator@D@2@@std@@V?$allocator@V?$basic_string@DU?$char_traits@D@std@@V?$allocator@D@2@@std@@@2@@std@@QAEX$$QAV?$basic_string@DU?$char_traits@D@std@@V?$allocator@D@2@@2@@Z 10003aa0 f i chat_history.obj
 0001:00002b70       ?push_back@?$vector@V?$basic_string@DU?$char_traits@D@std@@V?$allocator@D@2@@std@@V?$allocator@V?$basic_string@DU?$char_traits@D@std@@V?$allocator@D@2@@std@@@2@@std@@QAEXABV?$basic_string@DU?$char_traits@D@std@@V?$allocator@D@2@@2@@Z 10003b70 f i chat_history.obj
 0001:00002c40       ??$_Destroy_range@V?$allocator@V?$vector@V?$basic_string@DU?$char_traits@D@std@@V?$allocator@D@2@@std@@V?$allocator@V?$basic_string@DU?$char_traits@D@std@@V?$allocator@D@2@@std@@@2@@std@@@std@@@std@@YAXPAV?$vector@V?$basic_string@DU?$char_traits@D@std@@V?$allocator@D@2@@std@@V?$allocator@V?$basic_string@DU?$char_traits@D@std@@V?$allocator@D@2@@std@@@2@@0@0AAV?$allocator@V?$vector@V?$basic_string@DU?$char_traits@D@std@@V?$allocator@D@2@@std@@V?$allocator@V?$basic_string@DU?$char_traits@D@std@@V?$allocator@D@2@@std@@@2@@std@@@0@U_Nonscalar_ptr_iterator_tag@0@@Z 10003c40 f i chat_history.obj
 0001:00002cb0       ??$_Uninit_move@PAV?$vector@V?$basic_string@DU?$char_traits@D@std@@V?$allocator@D@2@@std@@V?$allocator@V?$basic_string@DU?$char_traits@D@std@@V?$allocator@D@2@@std@@@2@@std@@PAV12@V?$allocator@V?$vector@V?$basic_string@DU?$char_traits@D@std@@V?$allocator@D@2@@std@@V?$allocator@V?$basic_string@DU?$char_traits@D@std@@V?$allocator@D@2@@std@@@2@@std@@@2@V12@@std@@YAPAV?$vector@V?$basic_string@DU?$char_traits@D@std@@V?$allocator@D@2@@std@@V?$allocator@V?$basic_string@DU?$char_traits@D@std@@V?$allocator@D@2@@std@@@2@@0@PAV10@00AAV?$allocator@V?$vector@V?$basic_string@DU?$char_traits@D@std@@V?$allocator@D@2@@std@@V?$allocator@V?$basic_string@DU?$char_traits@D@std@@V?$allocator@D@2@@std@@@2@@std@@@0@0U_Nonscalar_ptr_iterator_tag@0@@Z 10003cb0 f i chat_history.obj
 0001:00002d30       ?reserve@?$vector@V?$vector@V?$basic_string@DU?$char_traits@D@std@@V?$allocator@D@2@@std@@V?$allocator@V?$basic_string@DU?$char_traits@D@std@@V?$allocator@D@2@@std@@@2@@std@@V?$allocator@V?$vector@V?$basic_string@DU?$char_traits@D@std@@V?$allocator@D@2@@std@@V?$allocator@V?$basic_string@DU?$char_traits@D@std@@V?$allocator@D@2@@std@@@2@@std@@@2@@std@@QAEXI@Z 10003d30 f i chat_history.obj
 0001:00002e20       ?_Reserve@?$vector@V?$vector@V?$basic_string@DU?$char_traits@D@std@@V?$allocator@D@2@@std@@V?$allocator@V?$basic_string@DU?$char_traits@D@std@@V?$allocator@D@2@@std@@@2@@std@@V?$allocator@V?$vector@V?$basic_string@DU?$char_traits@D@std@@V?$allocator@D@2@@std@@V?$allocator@V?$basic_string@DU?$char_traits@D@std@@V?$allocator@D@2@@std@@@2@@std@@@2@@std@@IAEXI@Z 10003e20 f i chat_history.obj
 0001:00002e80       ?push_back@?$vector@V?$vector@V?$basic_string@DU?$char_traits@D@std@@V?$allocator@D@2@@std@@V?$allocator@V?$basic_string@DU?$char_traits@D@std@@V?$allocator@D@2@@std@@@2@@std@@V?$allocator@V?$vector@V?$basic_string@DU?$char_traits@D@std@@V?$allocator@D@2@@std@@V?$allocator@V?$basic_string@DU?$char_traits@D@std@@V?$allocator@D@2@@std@@@2@@std@@@2@@std@@QAEXABV?$vector@V?$basic_string@DU?$char_traits@D@std@@V?$allocator@D@2@@std@@V?$allocator@V?$basic_string@DU?$char_traits@D@std@@V?$allocator@D@2@@std@@@2@@2@@Z 10003e80 f i chat_history.obj
 0001:00002f20       ?addString@@YAXPAD@Z       10003f20 f   chat_history.obj
 0001:00003040       ?consoleEnter@@YGKPAD@Z    10004040 f   chat_history.obj
 0001:00003080       ?CHAT_keyDown@@YAXXZ       10004080 f   chat_history.obj
 0001:00003110       ?_Max@?$_Tree_val@V?$_Tmap_traits@PAXPAXU?$less@PAX@std@@V?$allocator@U?$pair@QAXPAX@std@@@2@$0A@@std@@@std@@SAPAU_Node@?$_Tree_nod@V?$_Tmap_traits@PAXPAXU?$less@PAX@std@@V?$allocator@U?$pair@QAXPAX@std@@@2@$0A@@std@@@2@PAU342@@Z 10004110 f i class_extend.obj
 0001:00003130       ?_Min@?$_Tree_val@V?$_Tmap_traits@PAXPAXU?$less@PAX@std@@V?$allocator@U?$pair@QAXPAX@std@@@2@$0A@@std@@@std@@SAPAU_Node@?$_Tree_nod@V?$_Tmap_traits@PAXPAXU?$less@PAX@std@@V?$allocator@U?$pair@QAXPAX@std@@@2@$0A@@std@@@2@PAU342@@Z 10004130 f i class_extend.obj
 0001:00003150       ??E?$_Tree_unchecked_const_iterator@V?$_Tree_val@V?$_Tmap_traits@PAXPAXU?$less@PAX@std@@V?$allocator@U?$pair@QAXPAX@std@@@2@$0A@@std@@@std@@U_Iterator_base0@2@@std@@QAEAAV01@XZ 10004150 f i class_extend.obj
 0001:000031a0       ?_Rrotate@?$_Tree@V?$_Tmap_traits@PAXPAXU?$less@PAX@std@@V?$allocator@U?$pair@QAXPAX@std@@@2@$0A@@std@@@std@@IAEXPAU_Node@?$_Tree_nod@V?$_Tmap_traits@PAXPAXU?$less@PAX@std@@V?$allocator@U?$pair@QAXPAX@std@@@2@$0A@@std@@@2@@Z 100041a0 f i class_extend.obj
 0001:00003200       ?_Lrotate@?$_Tree@V?$_Tmap_traits@PAXPAXU?$less@PAX@std@@V?$allocator@U?$pair@QAXPAX@std@@@2@$0A@@std@@@std@@IAEXPAU_Node@?$_Tree_nod@V?$_Tmap_traits@PAXPAXU?$less@PAX@std@@V?$allocator@U?$pair@QAXPAX@std@@@2@$0A@@std@@@2@@Z 10004200 f i class_extend.obj
 0001:00003260       ?erase@?$_Tree@V?$_Tmap_traits@PAXPAXU?$less@PAX@std@@V?$allocator@U?$pair@QAXPAX@std@@@2@$0A@@std@@@std@@QAE?AV?$_Tree_iterator@V?$_Tree_val@V?$_Tmap_traits@PAXPAXU?$less@PAX@std@@V?$allocator@U?$pair@QAXPAX@std@@@2@$0A@@std@@@std@@@2@V?$_Tree_const_iterator@V?$_Tree_val@V?$_Tmap_traits@PAXPAXU?$less@PAX@std@@V?$allocator@U?$pair@QAXPAX@std@@@2@$0A@@std@@@std@@@2@@Z 10004260 f i class_extend.obj
 0001:000034b0       ?_Erase@?$_Tree@V?$_Tmap_traits@PAXPAXU?$less@PAX@std@@V?$allocator@U?$pair@QAXPAX@std@@@2@$0A@@std@@@std@@IAEXPAU_Node@?$_Tree_nod@V?$_Tmap_traits@PAXPAXU?$less@PAX@std@@V?$allocator@U?$pair@QAXPAX@std@@@2@$0A@@std@@@2@@Z 100044b0 f i class_extend.obj
 0001:000034f0       ?clear@?$_Tree@V?$_Tmap_traits@PAXPAXU?$less@PAX@std@@V?$allocator@U?$pair@QAXPAX@std@@@2@$0A@@std@@@std@@QAEXXZ 100044f0 f i class_extend.obj
 0001:00003540       ?erase@?$_Tree@V?$_Tmap_traits@PAXPAXU?$less@PAX@std@@V?$allocator@U?$pair@QAXPAX@std@@@2@$0A@@std@@@std@@QAE?AV?$_Tree_iterator@V?$_Tree_val@V?$_Tmap_traits@PAXPAXU?$less@PAX@std@@V?$allocator@U?$pair@QAXPAX@std@@@2@$0A@@std@@@std@@@2@V?$_Tree_const_iterator@V?$_Tree_val@V?$_Tmap_traits@PAXPAXU?$less@PAX@std@@V?$allocator@U?$pair@QAXPAX@std@@@2@$0A@@std@@@std@@@2@0@Z 10004540 f i class_extend.obj
 0001:000035e0       ?TILES_debug@@YAXXZ        100045e0 f   landscape_renderer.obj
 0001:000035e0       ??3@YAXPAX0@Z              100045e0 f   chat_history.obj
 0001:000035e0       ?IdleProcessing@CWindow@GUI@zxmgr@@SAXXZ 100045e0 f   zxmgr_gui.obj
 0001:000035e0       ?CCMD_processCommand@@YAXPBD@Z 100045e0 f   client_cmd.obj
 0001:000035f0       ?_Incref@facet@locale@std@@QAEXXZ 100045f0 f i config.obj
 0001:00003620       ?_Decref@facet@locale@std@@QAEPAV123@XZ 10004620 f i config.obj
 0001:00003660       ??1facet@locale@std@@UAE@XZ 10004660 f i config.obj
 0001:00003670       ??1locale@std@@QAE@XZ      10004670 f i config.obj
 0001:000036c0       ??_Efacet@locale@std@@UAEPAXI@Z 100046c0 f i config.obj
 0001:000036c0       ??_G?$codecvt@DDH@std@@MAEPAXI@Z 100046c0 f i config.obj
 0001:000036c0       ??_Gfacet@locale@std@@UAEPAXI@Z 100046c0 f i config.obj
 0001:000036c0       ??_E?$codecvt@DDH@std@@MAEPAXI@Z 100046c0 f i config.obj
 0001:000036f0       ?Cl_ProcessServerPacket@@YA_NAAVBinaryStream@@@Z 100046f0 f i network_protocol_ext.obj
 0001:000036f0       ?do_always_noconv@codecvt_base@std@@MBE_NXZ 100046f0 f i config.obj
 0001:00003700       ?do_encoding@codecvt_base@std@@MBEHXZ 10004700 f i config.obj
 0001:00003700       ?do_max_length@codecvt_base@std@@MBEHXZ 10004700 f i config.obj
 0001:00003710       ?getloc@ios_base@std@@QBE?AVlocale@2@XZ 10004710 f i config.obj
 0001:00003750       ??_Gios_base@std@@UAEPAXI@Z 10004750 f i config.obj
 0001:00003750       ??_Eios_base@std@@UAEPAXI@Z 10004750 f i config.obj
 0001:00003750       ??_E?$basic_ios@DU?$char_traits@D@std@@@std@@UAEPAXI@Z 10004750 f i config.obj
 0001:00003750       ??_G?$basic_ios@DU?$char_traits@D@std@@@std@@UAEPAXI@Z 10004750 f i config.obj
 0001:00003780       ??1?$basic_ios@DU?$char_traits@D@std@@@std@@UAE@XZ 10004780 f i config.obj
 0001:00003790       ??1?$basic_istream@DU?$char_traits@D@std@@@std@@UAE@XZ 10004790 f i config.obj
 0001:000037a0       ??1_Sentry_base@?$basic_ostream@DU?$char_traits@D@std@@@std@@QAE@XZ 100047a0 f i serialize.obj
 0001:000037a0       ??1sentry@?$basic_istream@DU?$char_traits@D@std@@@std@@QAE@XZ 100047a0 f i config.obj
 0001:000037a0       ??1_Sentry_base@?$basic_istream@DU?$char_traits@D@std@@@std@@QAE@XZ 100047a0 f i config.obj
 0001:000037c0       ?_Gnavail@?$basic_streambuf@DU?$char_traits@D@std@@@std@@IBE_JXZ 100047c0 f i config.obj
 0001:000037e0       ?_Chassign@?$basic_string@DU?$char_traits@D@std@@V?$allocator@D@2@@std@@QAEXIID@Z 100047e0 f i config.obj
 0001:00003820       ?getloc@?$basic_streambuf@DU?$char_traits@D@std@@@std@@QBE?AVlocale@2@XZ 10004820 f i config.obj
 0001:00003860       ?do_tolower@?$ctype@D@std@@MBEDD@Z 10004860 f i config.obj
 0001:00003880       ?do_tolower@?$ctype@D@std@@MBEPBDPADPBD@Z 10004880 f i config.obj
 0001:000038b0       ?do_toupper@?$ctype@D@std@@MBEDD@Z 100048b0 f i config.obj
 0001:000038d0       ?do_toupper@?$ctype@D@std@@MBEPBDPADPBD@Z 100048d0 f i config.obj
 0001:00003900       ?do_widen@?$ctype@D@std@@MBEDD@Z 10004900 f i config.obj
 0001:00003910       ?do_widen@?$ctype@D@std@@MBEPBDPBD0PAD@Z 10004910 f i config.obj
 0001:00003940       ?do_narrow@?$ctype@D@std@@MBEDDD@Z 10004940 f i config.obj
 0001:00003950       ?do_narrow@?$ctype@D@std@@MBEPBDPBD0DPAD@Z 10004950 f i config.obj
 0001:00003980       ??_E?$ctype@D@std@@MAEPAXI@Z 10004980 f i config.obj
 0001:00003980       ??_G?$ctype@D@std@@MAEPAXI@Z 10004980 f i config.obj
 0001:000039d0       ??_Eruntime_error@std@@UAEPAXI@Z 100049d0 f i config.obj
 0001:000039d0       ??_Esystem_error@std@@UAEPAXI@Z 100049d0 f i config.obj
 0001:000039d0       ??_Efailure@ios_base@std@@UAEPAXI@Z 100049d0 f i config.obj
 0001:000039d0       ??_Gsystem_error@std@@UAEPAXI@Z 100049d0 f i config.obj
 0001:000039d0       ??_Gfailure@ios_base@std@@UAEPAXI@Z 100049d0 f i config.obj
 0001:000039d0       ??_Gruntime_error@std@@UAEPAXI@Z 100049d0 f i config.obj
 0001:00003a00       ??1runtime_error@std@@UAE@XZ 10004a00 f i config.obj
 0001:00003a00       ??1failure@ios_base@std@@UAE@XZ 10004a00 f i config.obj
 0001:00003a10       ?clear@ios_base@std@@QAEXH_N@Z 10004a10 f i config.obj
 0001:00003af0       ??0runtime_error@std@@QAE@ABV01@@Z 10004af0 f i config.obj
 0001:00003b10       ??0system_error@std@@QAE@ABV01@@Z 10004b10 f i config.obj
 0001:00003b40       ?_Init@ios_base@std@@IAEXXZ 10004b40 f i config.obj
 0001:00003bd0       ??0failure@ios_base@std@@QAE@ABV012@@Z 10004bd0 f i config.obj
 0001:00003c00       ??1?$_Yarn@D@std@@QAE@XZ   10004c00 f i config.obj
 0001:00003c20       ??1?$basic_streambuf@DU?$char_traits@D@std@@@std@@UAE@XZ 10004c20 f i config.obj
 0001:00003ca0       ?_Lock@?$basic_streambuf@DU?$char_traits@D@std@@@std@@UAEXXZ 10004ca0 f i config.obj
 0001:00003cb0       ?_Unlock@?$basic_streambuf@DU?$char_traits@D@std@@@std@@UAEXXZ 10004cb0 f i config.obj
 0001:00003cc0       ?overflow@?$basic_streambuf@DU?$char_traits@D@std@@@std@@MAEHH@Z 10004cc0 f i config.obj
 0001:00003cc0       ?pbackfail@?$basic_streambuf@DU?$char_traits@D@std@@@std@@MAEHH@Z 10004cc0 f i config.obj
 0001:00003cd0       ?showmanyc@?$basic_streambuf@DU?$char_traits@D@std@@@std@@MAE_JXZ 10004cd0 f i config.obj
 0001:00003ce0       ?underflow@?$basic_streambuf@DU?$char_traits@D@std@@@std@@MAEHXZ 10004ce0 f i config.obj
 0001:00003cf0       ?setbuf@?$basic_streambuf@DU?$char_traits@D@std@@@std@@MAEPAV12@PAD_J@Z 10004cf0 f i config.obj
 0001:00003d00       ?_Pnavail@?$basic_streambuf@DU?$char_traits@D@std@@@std@@IBE_JXZ 10004d00 f i config.obj
 0001:00003d20       ?uflow@?$basic_streambuf@DU?$char_traits@D@std@@@std@@MAEHXZ 10004d20 f i config.obj
 0001:00003d50       ?xsgetn@?$basic_streambuf@DU?$char_traits@D@std@@@std@@MAE_JPAD_J@Z 10004d50 f i config.obj
 0001:00003e20       ?xsputn@?$basic_streambuf@DU?$char_traits@D@std@@@std@@MAE_JPBD_J@Z 10004e20 f i config.obj
 0001:00003ef0       ?seekoff@?$basic_streambuf@DU?$char_traits@D@std@@@std@@MAE?AV?$fpos@H@2@_JHH@Z 10004ef0 f i config.obj
 0001:00003f20       ?seekpos@?$basic_streambuf@DU?$char_traits@D@std@@@std@@MAE?AV?$fpos@H@2@V32@H@Z 10004f20 f i config.obj
 0001:00003f50       ??_E?$basic_istream@DU?$char_traits@D@std@@@std@@UAEPAXI@Z 10004f50 f i config.obj
 0001:00003f50       ??_G?$basic_istream@DU?$char_traits@D@std@@@std@@UAEPAXI@Z 10004f50 f i config.obj
 0001:00003f90       ??_E?$basic_streambuf@DU?$char_traits@D@std@@@std@@UAEPAXI@Z 10004f90 f i config.obj
 0001:00003f90       ??_G?$basic_streambuf@DU?$char_traits@D@std@@@std@@UAEPAXI@Z 10004f90 f i config.obj
 0001:00003fc0       ?find@?$basic_string@DU?$char_traits@D@std@@V?$allocator@D@2@@std@@QBEIPBDII@Z 10004fc0 f i config.obj
 0001:00004070       ?find_first_of@?$basic_string@DU?$char_traits@D@std@@V?$allocator@D@2@@std@@QBEIPBDII@Z 10005070 f i config.obj
 0001:000040f0       ?_Reset_back@?$basic_filebuf@DU?$char_traits@D@std@@@std@@AAEXXZ 100050f0 f i config.obj
 0001:00004120       ?_Init@?$basic_streambuf@DU?$char_traits@D@std@@@std@@IAEXXZ 10005120 f i config.obj
 0001:00004180       ?do_in@?$codecvt@DDH@std@@MBEHAAHPBD1AAPBDPAD3AAPAD@Z 10005180 f i config.obj
 0001:00004180       ?do_out@?$codecvt@DDH@std@@MBEHAAHPBD1AAPBDPAD3AAPAD@Z 10005180 f i config.obj
 0001:000041a0       ?do_unshift@?$codecvt@DDH@std@@MBEHAAHPAD1AAPAD@Z 100051a0 f i config.obj
 0001:000041c0       ?do_length@?$codecvt@DDH@std@@MBEHABHPBD1I@Z 100051c0 f i config.obj
 0001:000041e0       ??0_Locinfo@std@@QAE@PBD@Z 100051e0 f i config.obj
 0001:00004290       ??1_Locinfo@std@@QAE@XZ    10005290 f i config.obj
 0001:00004340       ?_Getcat@?$ctype@D@std@@SAIPAPBVfacet@locale@2@PBV42@@Z 10005340 f i config.obj
 0001:00004420       ?snextc@?$basic_streambuf@DU?$char_traits@D@std@@@std@@QAEHXZ 10005420 f i config.obj
 0001:000044a0       ?_Init@?$basic_filebuf@DU?$char_traits@D@std@@@std@@IAEXPAU_iobuf@@W4_Initfl@12@@Z 100054a0 f i config.obj
 0001:00004540       ??0?$basic_streambuf@DU?$char_traits@D@std@@@std@@IAE@XZ 10005540 f i config.obj
 0001:00004630       ??$use_facet@V?$ctype@D@std@@@std@@YAABV?$ctype@D@0@ABVlocale@0@@Z 10005630 f i config.obj
 0001:00004770       ??$?8DU?$char_traits@D@std@@V?$allocator@D@1@@std@@YA_NABV?$basic_string@DU?$char_traits@D@std@@V?$allocator@D@2@@0@PBD@Z 10005770 f i config.obj
 0001:000047b0       ?_Getcat@?$codecvt@DDH@std@@SAIPAPBVfacet@locale@2@PBV42@@Z 100057b0 f i config.obj
 0001:00004860       ?flush@?$basic_ostream@DU?$char_traits@D@std@@@std@@QAEAAV12@XZ 10005860 f i config.obj
 0001:000048b0       ?_Ipfx@?$basic_istream@DU?$char_traits@D@std@@@std@@QAE_N_N@Z 100058b0 f i config.obj
 0001:00004a50       ??$_Fputc@D@std@@YA_NDPAU_iobuf@@@Z 10005a50 f i config.obj
 0001:00004a70       ?_Lock@?$basic_filebuf@DU?$char_traits@D@std@@@std@@UAEXXZ 10005a70 f i config.obj
 0001:00004a80       ?_Unlock@?$basic_filebuf@DU?$char_traits@D@std@@@std@@UAEXXZ 10005a80 f i config.obj
 0001:00004a90       ?sync@?$basic_filebuf@DU?$char_traits@D@std@@@std@@MAEHXZ 10005a90 f i config.obj
 0001:00004ac0       ?underflow@?$basic_filebuf@DU?$char_traits@D@std@@@std@@MAEHXZ 10005ac0 f i config.obj
 0001:00004b10       ?_Set_back@?$basic_filebuf@DU?$char_traits@D@std@@@std@@AAEXXZ 10005b10 f i config.obj
 0001:00004b50       ?pbackfail@?$basic_filebuf@DU?$char_traits@D@std@@@std@@MAEHH@Z 10005b50 f i config.obj
 0001:00004be0       ?setbuf@?$basic_filebuf@DU?$char_traits@D@std@@@std@@MAEPAV?$basic_streambuf@DU?$char_traits@D@std@@@2@PAD_J@Z 10005be0 f i config.obj
 0001:00004c40       ?widen@?$basic_ios@DU?$char_traits@D@std@@@std@@QBEDD@Z 10005c40 f i config.obj
 0001:00004cf0       ??$use_facet@V?$codecvt@DDH@std@@@std@@YAABV?$codecvt@DDH@0@ABVlocale@0@@Z 10005cf0 f i config.obj
 0001:00004e30       ?imbue@?$basic_filebuf@DU?$char_traits@D@std@@@std@@MAEXABVlocale@2@@Z 10005e30 f i config.obj
 0001:00004e70       ?append@?$basic_string@DU?$char_traits@D@std@@V?$allocator@D@2@@std@@QAEAAV12@ID@Z 10005e70 f i config.obj
 0001:00004f20       ?open@?$basic_filebuf@DU?$char_traits@D@std@@@std@@QAEPAV12@PBDHH@Z 10005f20 f i config.obj
 0001:00005000       ?uflow@?$basic_filebuf@DU?$char_traits@D@std@@@std@@MAEHXZ 10006000 f i config.obj
 0001:000051f0       ?open@?$basic_ifstream@DU?$char_traits@D@std@@@std@@QAEXPBDHH@Z 100061f0 f i config.obj
 0001:00005260       ?_Endwrite@?$basic_filebuf@DU?$char_traits@D@std@@@std@@IAE_NXZ 10006260 f i config.obj
 0001:000053a0       ??$getline@DU?$char_traits@D@std@@V?$allocator@D@2@@std@@YAAAV?$basic_istream@DU?$char_traits@D@std@@@0@$$QAV10@AAV?$basic_string@DU?$char_traits@D@std@@V?$allocator@D@2@@0@D@Z 100063a0 f i config.obj
 0001:00005560       ?overflow@?$basic_filebuf@DU?$char_traits@D@std@@@std@@MAEHH@Z 10006560 f i config.obj
 0001:00005750       ?seekoff@?$basic_filebuf@DU?$char_traits@D@std@@@std@@MAE?AV?$fpos@H@2@_JHH@Z 10006750 f i config.obj
 0001:00005840       ?seekpos@?$basic_filebuf@DU?$char_traits@D@std@@@std@@MAE?AV?$fpos@H@2@V32@H@Z 10006840 f i config.obj
 0001:00005920       ?close@?$basic_filebuf@DU?$char_traits@D@std@@@std@@QAEPAV12@XZ 10006920 f i config.obj
 0001:000059b0       ??0?$basic_ifstream@DU?$char_traits@D@std@@@std@@QAE@XZ 100069b0 f i config.obj
 0001:00005ae0       ??1?$basic_ifstream@DU?$char_traits@D@std@@@std@@UAE@XZ 10006ae0 f i config.obj
 0001:00005b90       ?close@?$basic_ifstream@DU?$char_traits@D@std@@@std@@QAEXXZ 10006b90 f i config.obj
 0001:00005bc0       ??_E?$basic_filebuf@DU?$char_traits@D@std@@@std@@UAEPAXI@Z 10006bc0 f i config.obj
 0001:00005bc0       ??_G?$basic_filebuf@DU?$char_traits@D@std@@@std@@UAEPAXI@Z 10006bc0 f i config.obj
 0001:00005c60       ?ParseConfig1x@@YAXAAV?$basic_ifstream@DU?$char_traits@D@std@@@std@@@Z 10006c60 f   config.obj
 0001:00006240       ??_D?$basic_ifstream@DU?$char_traits@D@std@@@std@@QAEXXZ 10007240 f i config.obj
 0001:00006260       ??_G?$basic_ifstream@DU?$char_traits@D@std@@@std@@UAEPAXI@Z 10007260 f i config.obj
 0001:00006260       ??_E?$basic_ifstream@DU?$char_traits@D@std@@@std@@UAEPAXI@Z 10007260 f i config.obj
 0001:000062a0       ?ParseConfig2x@@YAXAAV?$basic_ifstream@DU?$char_traits@D@std@@@std@@@Z 100072a0 f   config.obj
 0001:00006de0       ?ParseConfig@@YAXXZ        10007de0 f   config.obj
 0001:00006fa0       ?CheckValid@@YGKPAXK@Z     10007fa0 f   crash.obj
 0001:00006fc0       ?CheckValidW@@YGKPAXK@Z    10007fc0 f   crash.obj
 0001:00006fe0       ?CRASH_fix_414994@@YAXXZ   10007fe0 f   crash.obj
 0001:00007010       ?CRASH_fix_42353A@@YAXXZ   10008010 f   crash.obj
 0001:00007040       ?CRASH_fix_523295@@YAXXZ   10008040 f   crash.obj
 0001:00007070       ?CRASH_fix_46AD10@@YAXXZ   10008070 f   crash.obj
 0001:000070d0       ?CRASH_fix_420450@@YAXXZ   100080d0 f   crash.obj
 0001:00007100       ?CRASH_fix_45FC3B@@YAXXZ   10008100 f   crash.obj
 0001:00007130       ?CRASH_fix_458CF9@@YAXXZ   10008130 f   crash.obj
 0001:00007170       ?CRASH_fix_4657AD@@YAXXZ   10008170 f   crash.obj
 0001:000071a0       ?CRASH_fix_46B685@@YAXXZ   100081a0 f   crash.obj
 0001:000071d0       ?shop_init_2@@YAXXZ        100081d0 f   crash.obj
 0001:00007220       ?CRASH_fix_4BEE2D@@YAXXZ   10008220 f   crash.obj
 0001:00007230       ?CRASH_fix_4AAB7E@@YAXXZ   10008230 f   crash.obj
 0001:00007250       ?CRASH_fix_multiwindow_1@@YAXXZ 10008250 f   crash.obj
 0001:00007270       ?CRASH_fix_multiwindow_2@@YAXXZ 10008270 f   crash.obj
 0001:00007290       ?CRASH_fix_multiwindow_3@@YAXXZ 10008290 f   crash.obj
 0001:000072b0       ?CRASH_fix_multiwindow_4@@YAXXZ 100082b0 f   crash.obj
 0001:000072d0       ?Calculate@CRC_32@@AAEXQAEIAAK@Z 100082d0 f   CRC_32.obj
 0001:00007310       ?CRC32ThreadProc@CRC_32@@CGKPAX@Z 10008310 f   CRC_32.obj
 0001:00007630       ??0CRC_32@@QAE@XZ          10008630 f   CRC_32.obj
 0001:00007770       ?CalcCRC@CRC_32@@QAEKPAXIPAUHWND__@@@Z 10008770 f   CRC_32.obj
 0001:00007870       ?log_str@@YAXPADK@Z        10008870 f   debug.obj
 0001:00007890       ?DBG_logStrings@@YAXXZ     10008890 f   debug.obj
 0001:000078d0       ?exc_handler_run@@YAKPAU_EXCEPTION_POINTERS@@@Z 100088d0 f   debug.obj
 0001:00007a00       ?setup_handler@@YAXXZ      10008a00 f   debug.obj
 0001:00007a10       ?_decideState@@YGXK@Z      10008a10 f   debug.obj
 0001:00007a30       ?DBG_decideState@@YAXXZ    10008a30 f   debug.obj
 0001:00007a60       ?_Min@?$_Tree_val@V?$_Tmap_traits@KV?$basic_string@DU?$char_traits@D@std@@V?$allocator@D@2@@std@@U?$less@K@2@V?$allocator@U?$pair@$$CBKV?$basic_string@DU?$char_traits@D@std@@V?$allocator@D@2@@std@@@std@@@2@$0A@@std@@@std@@SAPAU_Node@?$_Tree_nod@V?$_Tmap_traits@KV?$basic_string@DU?$char_traits@D@std@@V?$allocator@D@2@@std@@U?$less@K@2@V?$allocator@U?$pair@$$CBKV?$basic_string@DU?$char_traits@D@std@@V?$allocator@D@2@@std@@@std@@@2@$0A@@std@@@2@PAU342@@Z 10008a60 f i debug.obj
 0001:00007a60       ?_Min@?$_Tree_val@V?$_Tmap_traits@PBDV?$basic_string@DU?$char_traits@D@std@@V?$allocator@D@2@@std@@U?$less@PBD@2@V?$allocator@U?$pair@QBDV?$basic_string@DU?$char_traits@D@std@@V?$allocator@D@2@@std@@@std@@@2@$0A@@std@@@std@@SAPAU_Node@?$_Tree_nod@V?$_Tmap_traits@PBDV?$basic_string@DU?$char_traits@D@std@@V?$allocator@D@2@@std@@U?$less@PBD@2@V?$allocator@U?$pair@QBDV?$basic_string@DU?$char_traits@D@std@@V?$allocator@D@2@@std@@@std@@@2@$0A@@std@@@2@PAU342@@Z 10008a60 f i debug.obj
 0001:00007a80       ?_Max@?$_Tree_val@V?$_Tmap_traits@KV?$basic_string@DU?$char_traits@D@std@@V?$allocator@D@2@@std@@U?$less@K@2@V?$allocator@U?$pair@$$CBKV?$basic_string@DU?$char_traits@D@std@@V?$allocator@D@2@@std@@@std@@@2@$0A@@std@@@std@@SAPAU_Node@?$_Tree_nod@V?$_Tmap_traits@KV?$basic_string@DU?$char_traits@D@std@@V?$allocator@D@2@@std@@U?$less@K@2@V?$allocator@U?$pair@$$CBKV?$basic_string@DU?$char_traits@D@std@@V?$allocator@D@2@@std@@@std@@@2@$0A@@std@@@2@PAU342@@Z 10008a80 f i debug.obj
 0001:00007a80       ?_Max@?$_Tree_val@V?$_Tmap_traits@PBDV?$basic_string@DU?$char_traits@D@std@@V?$allocator@D@2@@std@@U?$less@PBD@2@V?$allocator@U?$pair@QBDV?$basic_string@DU?$char_traits@D@std@@V?$allocator@D@2@@std@@@std@@@2@$0A@@std@@@std@@SAPAU_Node@?$_Tree_nod@V?$_Tmap_traits@PBDV?$basic_string@DU?$char_traits@D@std@@V?$allocator@D@2@@std@@U?$less@PBD@2@V?$allocator@U?$pair@QBDV?$basic_string@DU?$char_traits@D@std@@V?$allocator@D@2@@std@@@std@@@2@$0A@@std@@@2@PAU342@@Z 10008a80 f i debug.obj
 0001:00007aa0       ??E?$_Tree_unchecked_const_iterator@V?$_Tree_val@V?$_Tmap_traits@PBDV?$basic_string@DU?$char_traits@D@std@@V?$allocator@D@2@@std@@U?$less@PBD@2@V?$allocator@U?$pair@QBDV?$basic_string@DU?$char_traits@D@std@@V?$allocator@D@2@@std@@@std@@@2@$0A@@std@@@std@@U_Iterator_base0@2@@std@@QAEAAV01@XZ 10008aa0 f i debug.obj
 0001:00007aa0       ??E?$_Tree_unchecked_const_iterator@V?$_Tree_val@V?$_Tmap_traits@KV?$basic_string@DU?$char_traits@D@std@@V?$allocator@D@2@@std@@U?$less@K@2@V?$allocator@U?$pair@$$CBKV?$basic_string@DU?$char_traits@D@std@@V?$allocator@D@2@@std@@@std@@@2@$0A@@std@@@std@@U_Iterator_base0@2@@std@@QAEAAV01@XZ 10008aa0 f i debug.obj
 0001:00007af0       ??F?$_Tree_unchecked_const_iterator@V?$_Tree_val@V?$_Tmap_traits@PBDV?$basic_string@DU?$char_traits@D@std@@V?$allocator@D@2@@std@@U?$less@PBD@2@V?$allocator@U?$pair@QBDV?$basic_string@DU?$char_traits@D@std@@V?$allocator@D@2@@std@@@std@@@2@$0A@@std@@@std@@U_Iterator_base0@2@@std@@QAEAAV01@XZ 10008af0 f i debug.obj
 0001:00007b50       ??1?$_Tree_val@V?$_Tmap_traits@KV?$basic_string@DU?$char_traits@D@std@@V?$allocator@D@2@@std@@U?$less@K@2@V?$allocator@U?$pair@$$CBKV?$basic_string@DU?$char_traits@D@std@@V?$allocator@D@2@@std@@@std@@@2@$0A@@std@@@std@@QAE@XZ 10008b50 f i debug.obj
 0001:00007b50       ??1?$_Tree_val@V?$_Tmap_traits@PAXPAXU?$less@PAX@std@@V?$allocator@U?$pair@QAXPAX@std@@@2@$0A@@std@@@std@@QAE@XZ 10008b50 f i class_extend.obj
 0001:00007b50       ??1?$_Tree_val@V?$_Tmap_traits@V?$basic_string@DU?$char_traits@D@std@@V?$allocator@D@2@@std@@V12@U?$less@V?$basic_string@DU?$char_traits@D@std@@V?$allocator@D@2@@std@@@2@V?$allocator@U?$pair@$$CBV?$basic_string@DU?$char_traits@D@std@@V?$allocator@D@2@@std@@V12@@std@@@2@$0A@@std@@@std@@QAE@XZ 10008b50 f i happyhttp.obj
 0001:00007b50       ??1?$_Tree_val@V?$_Tmap_traits@PBDV?$basic_string@DU?$char_traits@D@std@@V?$allocator@D@2@@std@@U?$less@PBD@2@V?$allocator@U?$pair@QBDV?$basic_string@DU?$char_traits@D@std@@V?$allocator@D@2@@std@@@std@@@2@$0A@@std@@@std@@QAE@XZ 10008b50 f i debug.obj
 0001:00007b60       ?_Lrotate@?$_Tree@V?$_Tmap_traits@KV?$basic_string@DU?$char_traits@D@std@@V?$allocator@D@2@@std@@U?$less@K@2@V?$allocator@U?$pair@$$CBKV?$basic_string@DU?$char_traits@D@std@@V?$allocator@D@2@@std@@@std@@@2@$0A@@std@@@std@@IAEXPAU_Node@?$_Tree_nod@V?$_Tmap_traits@KV?$basic_string@DU?$char_traits@D@std@@V?$allocator@D@2@@std@@U?$less@K@2@V?$allocator@U?$pair@$$CBKV?$basic_string@DU?$char_traits@D@std@@V?$allocator@D@2@@std@@@std@@@2@$0A@@std@@@2@@Z 10008b60 f i debug.obj
 0001:00007b60       ?_Lrotate@?$_Tree@V?$_Tmap_traits@PBDV?$basic_string@DU?$char_traits@D@std@@V?$allocator@D@2@@std@@U?$less@PBD@2@V?$allocator@U?$pair@QBDV?$basic_string@DU?$char_traits@D@std@@V?$allocator@D@2@@std@@@std@@@2@$0A@@std@@@std@@IAEXPAU_Node@?$_Tree_nod@V?$_Tmap_traits@PBDV?$basic_string@DU?$char_traits@D@std@@V?$allocator@D@2@@std@@U?$less@PBD@2@V?$allocator@U?$pair@QBDV?$basic_string@DU?$char_traits@D@std@@V?$allocator@D@2@@std@@@std@@@2@$0A@@std@@@2@@Z 10008b60 f i debug.obj
 0001:00007bc0       ?_Rrotate@?$_Tree@V?$_Tmap_traits@KV?$basic_string@DU?$char_traits@D@std@@V?$allocator@D@2@@std@@U?$less@K@2@V?$allocator@U?$pair@$$CBKV?$basic_string@DU?$char_traits@D@std@@V?$allocator@D@2@@std@@@std@@@2@$0A@@std@@@std@@IAEXPAU_Node@?$_Tree_nod@V?$_Tmap_traits@KV?$basic_string@DU?$char_traits@D@std@@V?$allocator@D@2@@std@@U?$less@K@2@V?$allocator@U?$pair@$$CBKV?$basic_string@DU?$char_traits@D@std@@V?$allocator@D@2@@std@@@std@@@2@$0A@@std@@@2@@Z 10008bc0 f i debug.obj
 0001:00007bc0       ?_Rrotate@?$_Tree@V?$_Tmap_traits@PBDV?$basic_string@DU?$char_traits@D@std@@V?$allocator@D@2@@std@@U?$less@PBD@2@V?$allocator@U?$pair@QBDV?$basic_string@DU?$char_traits@D@std@@V?$allocator@D@2@@std@@@std@@@2@$0A@@std@@@std@@IAEXPAU_Node@?$_Tree_nod@V?$_Tmap_traits@PBDV?$basic_string@DU?$char_traits@D@std@@V?$allocator@D@2@@std@@U?$less@PBD@2@V?$allocator@U?$pair@QBDV?$basic_string@DU?$char_traits@D@std@@V?$allocator@D@2@@std@@@std@@@2@$0A@@std@@@2@@Z 10008bc0 f i debug.obj
 0001:00007c20       ??1?$pair@QBDV?$basic_string@DU?$char_traits@D@std@@V?$allocator@D@2@@std@@@std@@QAE@XZ 10008c20 f i debug.obj
 0001:00007c50       ?_disp256@@YGXPBDK@Z       10008c50 f   debug.obj
 0001:00007d60       ?DBG_disp256@@YAXXZ        10008d60 f   debug.obj
 0001:00007d80       ?DBG_di2p256@@YAXXZ        10008d80 f   debug.obj
 0001:00007da0       ?DBG_di3p256@@YAXXZ        10008da0 f   debug.obj
 0001:00007dc0       ?_Insert@?$_Tree@V?$_Tmap_traits@PBDV?$basic_string@DU?$char_traits@D@std@@V?$allocator@D@2@@std@@U?$less@PBD@2@V?$allocator@U?$pair@QBDV?$basic_string@DU?$char_traits@D@std@@V?$allocator@D@2@@std@@@std@@@2@$0A@@std@@@std@@IAE?AV?$_Tree_iterator@V?$_Tree_val@V?$_Tmap_traits@PBDV?$basic_string@DU?$char_traits@D@std@@V?$allocator@D@2@@std@@U?$less@PBD@2@V?$allocator@U?$pair@QBDV?$basic_string@DU?$char_traits@D@std@@V?$allocator@D@2@@std@@@std@@@2@$0A@@std@@@std@@@2@_NPAU_Node@?$_Tree_nod@V?$_Tmap_traits@PBDV?$basic_string@DU?$char_traits@D@std@@V?$allocator@D@2@@std@@U?$less@PBD@2@V?$allocator@U?$pair@QBDV?$basic_string@DU?$char_traits@D@std@@V?$allocator@D@2@@std@@@std@@@2@$0A@@std@@@2@1@Z 10008dc0 f i debug.obj
 0001:00008010       ?erase@?$_Tree@V?$_Tmap_traits@KV?$basic_string@DU?$char_traits@D@std@@V?$allocator@D@2@@std@@U?$less@K@2@V?$allocator@U?$pair@$$CBKV?$basic_string@DU?$char_traits@D@std@@V?$allocator@D@2@@std@@@std@@@2@$0A@@std@@@std@@QAE?AV?$_Tree_iterator@V?$_Tree_val@V?$_Tmap_traits@KV?$basic_string@DU?$char_traits@D@std@@V?$allocator@D@2@@std@@U?$less@K@2@V?$allocator@U?$pair@$$CBKV?$basic_string@DU?$char_traits@D@std@@V?$allocator@D@2@@std@@@std@@@2@$0A@@std@@@std@@@2@V?$_Tree_const_iterator@V?$_Tree_val@V?$_Tmap_traits@KV?$basic_string@DU?$char_traits@D@std@@V?$allocator@D@2@@std@@U?$less@K@2@V?$allocator@U?$pair@$$CBKV?$basic_string@DU?$char_traits@D@std@@V?$allocator@D@2@@std@@@std@@@2@$0A@@std@@@std@@@2@@Z 10009010 f i debug.obj
 0001:00008010       ?erase@?$_Tree@V?$_Tmap_traits@PBDV?$basic_string@DU?$char_traits@D@std@@V?$allocator@D@2@@std@@U?$less@PBD@2@V?$allocator@U?$pair@QBDV?$basic_string@DU?$char_traits@D@std@@V?$allocator@D@2@@std@@@std@@@2@$0A@@std@@@std@@QAE?AV?$_Tree_iterator@V?$_Tree_val@V?$_Tmap_traits@PBDV?$basic_string@DU?$char_traits@D@std@@V?$allocator@D@2@@std@@U?$less@PBD@2@V?$allocator@U?$pair@QBDV?$basic_string@DU?$char_traits@D@std@@V?$allocator@D@2@@std@@@std@@@2@$0A@@std@@@std@@@2@V?$_Tree_const_iterator@V?$_Tree_val@V?$_Tmap_traits@PBDV?$basic_string@DU?$char_traits@D@std@@V?$allocator@D@2@@std@@U?$less@PBD@2@V?$allocator@U?$pair@QBDV?$basic_string@DU?$char_traits@D@std@@V?$allocator@D@2@@std@@@std@@@2@$0A@@std@@@std@@@2@@Z 10009010 f i debug.obj
 0001:00008290       ?_Erase@?$_Tree@V?$_Tmap_traits@PBDV?$basic_string@DU?$char_traits@D@std@@V?$allocator@D@2@@std@@U?$less@PBD@2@V?$allocator@U?$pair@QBDV?$basic_string@DU?$char_traits@D@std@@V?$allocator@D@2@@std@@@std@@@2@$0A@@std@@@std@@IAEXPAU_Node@?$_Tree_nod@V?$_Tmap_traits@PBDV?$basic_string@DU?$char_traits@D@std@@V?$allocator@D@2@@std@@U?$less@PBD@2@V?$allocator@U?$pair@QBDV?$basic_string@DU?$char_traits@D@std@@V?$allocator@D@2@@std@@@std@@@2@$0A@@std@@@2@@Z 10009290 f i debug.obj
 0001:00008290       ?_Erase@?$_Tree@V?$_Tmap_traits@KV?$basic_string@DU?$char_traits@D@std@@V?$allocator@D@2@@std@@U?$less@K@2@V?$allocator@U?$pair@$$CBKV?$basic_string@DU?$char_traits@D@std@@V?$allocator@D@2@@std@@@std@@@2@$0A@@std@@@std@@IAEXPAU_Node@?$_Tree_nod@V?$_Tmap_traits@KV?$basic_string@DU?$char_traits@D@std@@V?$allocator@D@2@@std@@U?$less@K@2@V?$allocator@U?$pair@$$CBKV?$basic_string@DU?$char_traits@D@std@@V?$allocator@D@2@@std@@@std@@@2@$0A@@std@@@2@@Z 10009290 f i debug.obj
 0001:000082f0       ?_Linsert@?$_Tree@V?$_Tmap_traits@PBDV?$basic_string@DU?$char_traits@D@std@@V?$allocator@D@2@@std@@U?$less@PBD@2@V?$allocator@U?$pair@QBDV?$basic_string@DU?$char_traits@D@std@@V?$allocator@D@2@@std@@@std@@@2@$0A@@std@@@std@@QAE?AU?$pair@V?$_Tree_iterator@V?$_Tree_val@V?$_Tmap_traits@PBDV?$basic_string@DU?$char_traits@D@std@@V?$allocator@D@2@@std@@U?$less@PBD@2@V?$allocator@U?$pair@QBDV?$basic_string@DU?$char_traits@D@std@@V?$allocator@D@2@@std@@@std@@@2@$0A@@std@@@std@@@std@@_N@2@PAU_Node@?$_Tree_nod@V?$_Tmap_traits@PBDV?$basic_string@DU?$char_traits@D@std@@V?$allocator@D@2@@std@@U?$less@PBD@2@V?$allocator@U?$pair@QBDV?$basic_string@DU?$char_traits@D@std@@V?$allocator@D@2@@std@@@std@@@2@$0A@@std@@@2@_N@Z 100092f0 f i debug.obj
 0001:000083f0       ?_Insert@?$_Tree@V?$_Tmap_traits@PBDV?$basic_string@DU?$char_traits@D@std@@V?$allocator@D@2@@std@@U?$less@PBD@2@V?$allocator@U?$pair@QBDV?$basic_string@DU?$char_traits@D@std@@V?$allocator@D@2@@std@@@std@@@2@$0A@@std@@@std@@QAE?AV?$_Tree_iterator@V?$_Tree_val@V?$_Tmap_traits@PBDV?$basic_string@DU?$char_traits@D@std@@V?$allocator@D@2@@std@@U?$less@PBD@2@V?$allocator@U?$pair@QBDV?$basic_string@DU?$char_traits@D@std@@V?$allocator@D@2@@std@@@std@@@2@$0A@@std@@@std@@@2@V?$_Tree_const_iterator@V?$_Tree_val@V?$_Tmap_traits@PBDV?$basic_string@DU?$char_traits@D@std@@V?$allocator@D@2@@std@@U?$less@PBD@2@V?$allocator@U?$pair@QBDV?$basic_string@DU?$char_traits@D@std@@V?$allocator@D@2@@std@@@std@@@2@$0A@@std@@@std@@@2@PAU_Node@?$_Tree_nod@V?$_Tmap_traits@PBDV?$basic_string@DU?$char_traits@D@std@@V?$allocator@D@2@@std@@U?$less@PBD@2@V?$allocator@U?$pair@QBDV?$basic_string@DU?$char_traits@D@std@@V?$allocator@D@2@@std@@@std@@@2@$0A@@std@@@2@@Z 100093f0 f i debug.obj
 0001:00008550       ?erase@?$_Tree@V?$_Tmap_traits@KV?$basic_string@DU?$char_traits@D@std@@V?$allocator@D@2@@std@@U?$less@K@2@V?$allocator@U?$pair@$$CBKV?$basic_string@DU?$char_traits@D@std@@V?$allocator@D@2@@std@@@std@@@2@$0A@@std@@@std@@QAE?AV?$_Tree_iterator@V?$_Tree_val@V?$_Tmap_traits@KV?$basic_string@DU?$char_traits@D@std@@V?$allocator@D@2@@std@@U?$less@K@2@V?$allocator@U?$pair@$$CBKV?$basic_string@DU?$char_traits@D@std@@V?$allocator@D@2@@std@@@std@@@2@$0A@@std@@@std@@@2@V?$_Tree_const_iterator@V?$_Tree_val@V?$_Tmap_traits@KV?$basic_string@DU?$char_traits@D@std@@V?$allocator@D@2@@std@@U?$less@K@2@V?$allocator@U?$pair@$$CBKV?$basic_string@DU?$char_traits@D@std@@V?$allocator@D@2@@std@@@std@@@2@$0A@@std@@@std@@@2@0@Z 10009550 f i debug.obj
 0001:00008550       ?erase@?$_Tree@V?$_Tmap_traits@PBDV?$basic_string@DU?$char_traits@D@std@@V?$allocator@D@2@@std@@U?$less@PBD@2@V?$allocator@U?$pair@QBDV?$basic_string@DU?$char_traits@D@std@@V?$allocator@D@2@@std@@@std@@@2@$0A@@std@@@std@@QAE?AV?$_Tree_iterator@V?$_Tree_val@V?$_Tmap_traits@PBDV?$basic_string@DU?$char_traits@D@std@@V?$allocator@D@2@@std@@U?$less@PBD@2@V?$allocator@U?$pair@QBDV?$basic_string@DU?$char_traits@D@std@@V?$allocator@D@2@@std@@@std@@@2@$0A@@std@@@std@@@2@V?$_Tree_const_iterator@V?$_Tree_val@V?$_Tmap_traits@PBDV?$basic_string@DU?$char_traits@D@std@@V?$allocator@D@2@@std@@U?$less@PBD@2@V?$allocator@U?$pair@QBDV?$basic_string@DU?$char_traits@D@std@@V?$allocator@D@2@@std@@@std@@@2@$0A@@std@@@std@@@2@0@Z 10009550 f i debug.obj
 0001:00008610       ??$_Buynode@U?$pair@QBDV?$basic_string@DU?$char_traits@D@std@@V?$allocator@D@2@@std@@@std@@@?$_Tree_val@V?$_Tmap_traits@PBDV?$basic_string@DU?$char_traits@D@std@@V?$allocator@D@2@@std@@U?$less@PBD@2@V?$allocator@U?$pair@QBDV?$basic_string@DU?$char_traits@D@std@@V?$allocator@D@2@@std@@@std@@@2@$0A@@std@@@std@@QAEPAU_Node@?$_Tree_nod@V?$_Tmap_traits@PBDV?$basic_string@DU?$char_traits@D@std@@V?$allocator@D@2@@std@@U?$less@PBD@2@V?$allocator@U?$pair@QBDV?$basic_string@DU?$char_traits@D@std@@V?$allocator@D@2@@std@@@std@@@2@$0A@@std@@@1@$$QAU?$pair@QBDV?$basic_string@DU?$char_traits@D@std@@V?$allocator@D@2@@std@@@1@@Z 10009610 f i debug.obj
 0001:000086f0       ??A?$map@PBDV?$basic_string@DU?$char_traits@D@std@@V?$allocator@D@2@@std@@U?$less@PBD@2@V?$allocator@U?$pair@QBDV?$basic_string@DU?$char_traits@D@std@@V?$allocator@D@2@@std@@@std@@@2@@std@@QAEAAV?$basic_string@DU?$char_traits@D@std@@V?$allocator@D@2@@1@ABQBD@Z 100096f0 f i debug.obj
 0001:00008800       ?_load256@@YGXPBD0@Z       10009800 f   debug.obj
 0001:00008840       ?DBG_load256@@YAXXZ        10009840 f   debug.obj
 0001:00008880       ?GetLength@File@@QAEIXZ    10009880 f   File.obj
 0001:00008890       ?seekg@?$basic_istream@DU?$char_traits@D@std@@@std@@QAEAAV12@V?$fpos@H@2@@Z 10009890 f i File.obj
 0001:00008930       ?seekg@?$basic_istream@DU?$char_traits@D@std@@@std@@QAEAAV12@_JH@Z 10009930 f i File.obj
 0001:000089b0       ?tellg@?$basic_istream@DU?$char_traits@D@std@@@std@@QAE?AV?$fpos@H@2@XZ 100099b0 f i File.obj
 0001:00008a10       ??1?$vector@URecord@FileArchive@@V?$allocator@URecord@FileArchive@@@std@@@std@@QAE@XZ 10009a10 f i File.obj
 0001:00008a20       ?allocate@?$allocator@URecord@FileArchive@@@std@@QAEPAURecord@FileArchive@@I@Z 10009a20 f i File.obj
 0001:00008a80       ?allocate@?$allocator@PAURecord@FileArchive@@@std@@QAEPAPAURecord@FileArchive@@I@Z 10009a80 f i File.obj
 0001:00008a80       ?allocate@?$allocator@I@std@@QAEPAII@Z 10009a80 f i File.obj
 0001:00008ae0       ?Seek@File@@QAEXI@Z        10009ae0 f   File.obj
 0001:00008b10       ??1Record@FileArchive@@QAE@XZ 10009b10 f i File.obj
 0001:00008ba0       ?reserve@?$vector@PAURecord@FileArchive@@V?$allocator@PAURecord@FileArchive@@@std@@@std@@QAEXI@Z 10009ba0 f i File.obj
 0001:00008ba0       ?reserve@?$vector@IV?$allocator@I@std@@@std@@QAEXI@Z 10009ba0 f i File.obj
 0001:00008c20       ??1?$vector@PAURecord@FileArchive@@V?$allocator@PAURecord@FileArchive@@@std@@@std@@QAE@XZ 10009c20 f i File.obj
 0001:00008c20       ??1?$vector@IV?$allocator@I@std@@@std@@QAE@XZ 10009c20 f i File.obj
 0001:00008c50       ?insert@?$basic_string@DU?$char_traits@D@std@@V?$allocator@D@2@@std@@QAEAAV12@IID@Z 10009c50 f i File.obj
 0001:00008d50       ?_Reserve@?$vector@IV?$allocator@I@std@@@std@@IAEXI@Z 10009d50 f i File.obj
 0001:00008d50       ?_Reserve@?$vector@PAURecord@FileArchive@@V?$allocator@PAURecord@FileArchive@@@std@@@std@@IAEXI@Z 10009d50 f i File.obj
 0001:00008db0       ?read@?$basic_istream@DU?$char_traits@D@std@@@std@@QAEAAV12@PAD_J@Z 10009db0 f i File.obj
 0001:00008f00       ?push_back@?$vector@IV?$allocator@I@std@@@std@@QAEXABI@Z 10009f00 f i File.obj
 0001:00008f00       ?push_back@?$vector@IV?$allocator@I@std@@@std@@QAEX$$QAI@Z 10009f00 f i File.obj
 0001:00008f00       ?push_back@?$vector@PAURecord@FileArchive@@V?$allocator@PAURecord@FileArchive@@@std@@@std@@QAEX$$QAPAURecord@FileArchive@@@Z 10009f00 f i File.obj
 0001:00008f70       ?Read@File@@QAEIPAXI@Z     10009f70 f   File.obj
 0001:00008fd0       ??$_Dest_val@V?$allocator@URecord@FileArchive@@@std@@URecord@FileArchive@@@std@@YAXAAV?$allocator@URecord@FileArchive@@@0@PAURecord@FileArchive@@@Z 10009fd0 f i File.obj
 0001:00009060       ??0Record@FileArchive@@QAE@XZ 1000a060 f i File.obj
 0001:000090e0       ??$?HDU?$char_traits@D@std@@V?$allocator@D@1@@std@@YA?AV?$basic_string@DU?$char_traits@D@std@@V?$allocator@D@2@@0@PBDABV10@@Z 1000a0e0 f i File.obj
 0001:000091b0       ??$_Destroy_range@V?$allocator@URecord@FileArchive@@@std@@@std@@YAXPAURecord@FileArchive@@0AAV?$allocator@URecord@FileArchive@@@0@U_Nonscalar_ptr_iterator_tag@0@@Z 1000a1b0 f i File.obj
 0001:00009250       ?Close@File@@QAEXXZ        1000a250 f   File.obj
 0001:000092a0       ??0File@@QAE@XZ            1000a2a0 f   File.obj
 0001:00009320       ??1File@@QAE@XZ            1000a320 f i File.obj
 0001:000093b0       ?_Tidy@?$vector@URecord@FileArchive@@V?$allocator@URecord@FileArchive@@@std@@@std@@IAEXXZ 1000a3b0 f i File.obj
 0001:00009400       ??0?$vector@URecord@FileArchive@@V?$allocator@URecord@FileArchive@@@std@@@std@@QAE@ABV01@@Z 1000a400 f i File.obj
 0001:000094e0       ?GetRecord@FileArchive@@QAEABURecord@1@V?$basic_string@DU?$char_traits@D@std@@V?$allocator@D@2@@std@@@Z 1000a4e0 f   File.obj
 0001:00009930       ?Open@File@@QAE_NV?$basic_string@DU?$char_traits@D@std@@V?$allocator@D@2@@std@@@Z 1000a930 f   File.obj
 0001:00009c10       ?FileExistsEx@@YA_NV?$basic_string@DU?$char_traits@D@std@@V?$allocator@D@2@@std@@@Z 1000ac10 f   File.obj
 0001:00009df0       ??0Record@FileArchive@@QAE@ABU01@@Z 1000adf0 f i File.obj
 0001:00009ea0       ??$_Uninit_move@PAURecord@FileArchive@@PAU12@V?$allocator@URecord@FileArchive@@@std@@U12@@std@@YAPAURecord@FileArchive@@PAU12@00AAV?$allocator@URecord@FileArchive@@@0@0U_Nonscalar_ptr_iterator_tag@0@@Z 1000aea0 f i File.obj
 0001:00009f50       ??$_Uninit_copy@V?$_Vector_const_iterator@V?$_Vector_val@URecord@FileArchive@@V?$allocator@URecord@FileArchive@@@std@@@std@@@std@@PAURecord@FileArchive@@V?$allocator@URecord@FileArchive@@@2@@std@@YAPAURecord@FileArchive@@V?$_Vector_const_iterator@V?$_Vector_val@URecord@FileArchive@@V?$allocator@URecord@FileArchive@@@std@@@std@@@0@0PAU12@AAV?$allocator@URecord@FileArchive@@@0@U_Nonscalar_ptr_iterator_tag@0@@Z 1000af50 f i File.obj
 0001:0000a000       ?reserve@?$vector@URecord@FileArchive@@V?$allocator@URecord@FileArchive@@@std@@@std@@QAEXI@Z 1000b000 f i File.obj
 0001:0000a110       ?_Reserve@?$vector@URecord@FileArchive@@V?$allocator@URecord@FileArchive@@@std@@@std@@IAEXI@Z 1000b110 f i File.obj
 0001:0000a190       ?push_back@?$vector@URecord@FileArchive@@V?$allocator@URecord@FileArchive@@@std@@@std@@QAEXABURecord@FileArchive@@@Z 1000b190 f i File.obj
 0001:0000a240       ?Open@FileArchive@@QAE_NV?$basic_string@DU?$char_traits@D@std@@V?$allocator@D@2@@std@@0@Z 1000b240 f   File.obj
 0001:0000ad70       ?GRID_part1@@YAXXZ         1000bd70 f   grid.obj
 0001:0000add0       ?GRID_part2@@YAXXZ         1000bdd0 f   grid.obj
 0001:0000ae30       ?GRID_part3@@YAXXZ         1000be30 f   grid.obj
 0001:0000ae90       ?GRID_part4@@YAXXZ         1000be90 f   grid.obj
 0001:0000af00       ?GRID_part5@@YAXXZ         1000bf00 f   grid.obj
 0001:0000af60       ?OnGMEnter@@YAKKK@Z        1000bf60 f   gui_bugfix.obj
 0001:0000afa0       ?GUI_gmEnter@@YAXXZ        1000bfa0 f   gui_bugfix.obj
 0001:0000aff0       ?GUI_softcoreEnter@@YAXXZ  1000bff0 f   gui_bugfix.obj
 0001:0000b030       ?GUI_textField_MeasurePosition@@YGKK@Z 1000c030 f   gui_bugfix.obj
 0001:0000b240       ?GUI_softcoreSwitch@@YAXXZ 1000c240 f   gui_replace.obj
 0001:0000b2a0       ?GUI_softcoreResetSwitch@@YAXXZ 1000c2a0 f   gui_replace.obj
 0001:0000b2f0       ?GUI_softcoreSaveSwitch@@YAXXZ 1000c2f0 f   gui_replace.obj
 0001:0000b340       ??1Image@@QAE@XZ           1000c340 f   Image.obj
 0001:0000b370       ?GetWidth@Image@@QAEIXZ    1000c370 f   Image.obj
 0001:0000b380       ?GetHeight@Image@@QAEIXZ   1000c380 f   Image.obj
 0001:0000b390       ?GetPixels@Image@@QAEPAIXZ 1000c390 f   Image.obj
 0001:0000b3a0       ??0Image@@QAE@V?$basic_string@DU?$char_traits@D@std@@V?$allocator@D@2@@std@@@Z 1000c3a0 f   Image.obj
 0001:0000b790       ?IImage_CopyTo@@YGXHHHH@Z  1000c790 f   itempng.obj
 0001:0000b800       ?IImage_Display@@YGXHHHHH@Z 1000c800 f   itempng.obj
 0001:0000ba10       ?IImage_Destruct@@YGXK@Z   1000ca10 f   itempng.obj
 0001:0000ba50       ?IImage_Construct@@YGPAXV?$basic_string@DU?$char_traits@D@std@@V?$allocator@D@2@@std@@@Z 1000ca50 f   itempng.obj
 0001:0000bb50       ?ITEMPNG_doLoadPngChar@@YGPAXPBD0@Z 1000cb50 f   itempng.obj
 0001:0000bcd0       ?ITEMPNG_loadPngChar@@YAXXZ 1000ccd0 f   itempng.obj
 0001:0000bd00       ??$?HDU?$char_traits@D@std@@V?$allocator@D@1@@std@@YA?AV?$basic_string@DU?$char_traits@D@std@@V?$allocator@D@2@@0@$$QAV10@PBD@Z 1000cd00 f i itempng.obj
 0001:0000bd50       ?ITEMPNG_doLoadPng@@YGXPBDH00@Z 1000cd50 f   itempng.obj
 0001:0000c180       ?ITEMPNG_loadPng@@YAXXZ    1000d180 f   itempng.obj
 0001:0000c1e0       ?P_UnloadTiles@@YAXXZ      1000d1e0 f   landscape_renderer.obj
 0001:0000c250       ?P_DisplayTileNative@@YGXGHHHHHHIIII@Z 1000d250 f   landscape_renderer.obj
 0001:0000c2a0       ?TILES_displayTile1@@YAXXZ 1000d2a0 f   landscape_renderer.obj
 0001:0000c2f0       ?P_LoadTiles@@YAXXZ        1000d2f0 f   landscape_renderer.obj
 0001:0000c5f0       ?P_LoadTilesNative@@YGXI@Z 1000d5f0 f   landscape_renderer.obj
 0001:0000c610       ?TILES_loadTiles@@YAXXZ    1000d610 f   landscape_renderer.obj
 0001:0000c640       ?DecideLanguage@@YAXXZ     1000d640 f   language.obj
 0001:0000c900       ?LANG_change_43EDEB@@YAXXZ 1000d900 f   language.obj
 0001:0000c930       ?LANG_change_474F27@@YAXXZ 1000d930 f   language.obj
 0001:0000c950       ?LANG_change_48626D@@YAXXZ 1000d950 f   language.obj
 0001:0000ca70       ?LANG_change_48BA07@@YAXXZ 1000da70 f   language.obj
 0001:0000ca90       ?LANG_change_48CA55@@YAXXZ 1000da90 f   language.obj
 0001:0000cab0       ?LANG_change_491CDF@@YAXXZ 1000dab0 f   language.obj
 0001:0000cad0       ?LANG_change_4939A2@@YAXXZ 1000dad0 f   language.obj
 0001:0000caf0       ?LANG_change_493B23@@YAXXZ 1000daf0 f   language.obj
 0001:0000cb10       ?LANG_change_4B018F@@YAXXZ 1000db10 f   language.obj
 0001:0000cb30       ?LANG_change_42B3D5@@YAXXZ 1000db30 f   language.obj
 0001:0000cb40       ?LANG_change_43EEC3@@YAXXZ 1000db40 f   language.obj
 0001:0000cb60       ?LANG_change_460F9B@@YAXXZ 1000db60 f   language.obj
 0001:0000cb70       ?LANG_change_474375@@YAXXZ 1000db70 f   language.obj
 0001:0000cb80       ?LANG_change_4743C9@@YAXXZ 1000db80 f   language.obj
 0001:0000cb90       ?LANG_change_496638@@YAXXZ 1000db90 f   language.obj
 0001:0000cba0       ?LANG_change_4AEE20@@YAXXZ 1000dba0 f   language.obj
 0001:0000cbb0       ?LANG_change_4AEE6D@@YAXXZ 1000dbb0 f   language.obj
 0001:0000cbc0       ?LANG_change_4AEF2A@@YAXXZ 1000dbc0 f   language.obj
 0001:0000cbe0       ?LANG_change_4AEF9C@@YAXXZ 1000dbe0 f   language.obj
 0001:0000cc00       ?LANG_change_4AF00E@@YAXXZ 1000dc00 f   language.obj
 0001:0000cc20       ?LANG_fix_codepage@@YAXXZ  1000dc20 f   language.obj
 0001:0000cc40       ?insert@?$basic_string@DU?$char_traits@D@std@@V?$allocator@D@2@@std@@QAEAAV12@IABV12@II@Z 1000dc40 f i map_location.obj
 0001:0000cdc0       ?insert@?$basic_string@DU?$char_traits@D@std@@V?$allocator@D@2@@std@@QAEAAV12@IPBDI@Z 1000ddc0 f i map_location.obj
 0001:0000cf10       ??$?HDU?$char_traits@D@std@@V?$allocator@D@1@@std@@YA?AV?$basic_string@DU?$char_traits@D@std@@V?$allocator@D@2@@0@PBD$$QAV10@@Z 1000df10 f i map_location.obj
 0001:0000cf60       ?get_map_name@@YGPBDPBD@Z  1000df60 f   map_location.obj
 0001:0000d050       ?move_map_file@@YGXPBD0@Z  1000e050 f   map_location.obj
 0001:0000d1f0       ?MAP_loadFromServer@@YAXXZ 1000e1f0 f   map_location.obj
 0001:0000d210       ?MAP_CFileOpen1@@YAXXZ     1000e210 f   map_location.obj
 0001:0000d230       ?MAP_CFileOpen2@@YAXXZ     1000e230 f   map_location.obj
 0001:0000d250       ?logEscape@@YGXKE@Z        1000e250 f   chat_history.obj
 0001:0000d250       ?SYSTEM_setThreadPriority@@YAXXZ 1000e250 f   misc.obj
 0001:0000d260       ?crypt@@YAXPAEPBEH@Z       1000e260 f   network_crypt.obj
 0001:0000d2b0       ?NET_cryptPacket@@YAXPAEH@Z 1000e2b0 f   network_crypt.obj
 0001:0000d2d0       ?HATENT_url_text@@YAXXZ    1000e2d0 f   network_hat_enter.obj
 0001:0000d310       ?HATENT_url_connect@@YAXXZ 1000e310 f   network_hat_enter.obj
 0001:0000d340       ?crcmain@@YGXPAD@Z         1000e340 f   network_protocol.obj
 0001:0000d4f0       ?NETPROTO_sendAuthorizationPacket@@YAHXZ 1000e4f0 f   network_protocol.obj
 0001:0000d560       ?NETPROTO_createAuthorizationPacket@@YAHXZ 1000e560 f   network_protocol.obj
 0001:0000d650       ?recv_@@YGHIPADHH@Z        1000e650 f   network_protocol.obj
 0001:0000d860       ?NETPROTO_enlargeBuffer@@YAXXZ 1000e860 f   network_protocol.obj
 0001:0000d890       ?NETPROTO_enlargeBuffer2@@YAXXZ 1000e890 f   network_protocol.obj
 0001:0000d8a0       ?real_4949CD@@YAHXZ        1000e8a0 f   network_protocol_ext.obj
 0001:0000d8c0       ?NETPROTO_showErrorDialog@@YAHPBDH@Z 1000e8c0 f   network_protocol_ext.obj
 0001:0000d920       ?NETPROTO_hhEndReply@@YAXPBVResponse@happyhttp@@PAX@Z 1000e920 f   network_protocol_ext.obj
 0001:0000d940       ??1NETPROTO_fileProgress@@QAE@XZ 1000e940 f i network_protocol_ext.obj
 0001:0000d990       ??0NETPROTO_fileProgress@@QAE@XZ 1000e990 f i network_protocol_ext.obj
 0001:0000da30       ?NETPROTO_hhStartReply@@YAXPBVResponse@happyhttp@@PAX@Z 1000ea30 f   network_protocol_ext.obj
 0001:0000db20       ?NETPROTO_hhReadReply@@YAXPBVResponse@happyhttp@@PAXPBEH@Z 1000eb20 f   network_protocol_ext.obj
 0001:0000def0       ?CurlEscape2@@YA?AV?$basic_string@DU?$char_traits@D@std@@V?$allocator@D@2@@std@@V12@@Z 1000eef0 f   network_protocol_ext.obj
 0001:0000dff0       ?NETPROTO_hhGetBlockingReply@@YA?AV?$basic_string@DU?$char_traits@D@std@@V?$allocator@D@2@@std@@V12@00@Z 1000eff0 f   network_protocol_ext.obj
 0001:0000e1d0       ?NETPROTO_loginToHat@@YGHXZ 1000f1d0 f   network_protocol_ext.obj
 0001:0000ec70       ?PSCRL_rep@@YGKK@Z         1000fc70 f   pack_scrolling.obj
 0001:0000ed40       ?PSCRL_gameInventory@@YAXXZ 1000fd40 f   pack_scrolling.obj
 0001:0000edd0       ?PSCRL_shopShelfOnKeyDown@@YAXXZ 1000fdd0 f   pack_scrolling.obj
 0001:0000ee10       ?PSCRL_InitializeInjection@@YAXXZ 1000fe10 f   pack_scrolling.obj
 0001:0000ee30       ?RES_loadException@@YAXXZ  1000fe30 f   resource_control.obj
 0001:0000ee40       ?RES_loadDirectories@@YAXXZ 1000fe40 f   resource_control.obj
 0001:0000ee70       ?TestGraphics@@YG_NPBD@Z   1000fe70 f   resource_control.obj
 0001:0000ee90       ?RES_loadFile@@YAHH@Z      1000fe90 f   resource_control.obj
 0001:0000ef40       ?FIL_world0@@YAXXZ         1000ff40 f   resource_files_replace.obj
 0001:0000ef60       ?FIL_world1@@YAXXZ         1000ff60 f   resource_files_replace.obj
 0001:0000ef80       ?FIL_world2@@YAXXZ         1000ff80 f   resource_files_replace.obj
 0001:0000efa0       ?FIL_world3@@YAXXZ         1000ffa0 f   resource_files_replace.obj
 0001:0000efb0       ?FIL_world4@@YAXXZ         1000ffb0 f   resource_files_replace.obj
 0001:0000efc0       ?FIL_world5@@YAXXZ         1000ffc0 f   resource_files_replace.obj
 0001:0000efd0       ?FIL_world6@@YAXXZ         1000ffd0 f   resource_files_replace.obj
 0001:0000efe0       ?FIL_world7@@YAXXZ         1000ffe0 f   resource_files_replace.obj
 0001:0000f000       ?FIL_world8@@YAXXZ         10010000 f   resource_files_replace.obj
 0001:0000f010       ?FIL_world9@@YAXXZ         10010010 f   resource_files_replace.obj
 0001:0000f020       ?FIL_worldA@@YAXXZ         10010020 f   resource_files_replace.obj
 0001:0000f030       ?FIL_patch0@@YAXXZ         10010030 f   resource_files_replace.obj
 0001:0000f040       ?FIL_patch1@@YAXXZ         10010040 f   resource_files_replace.obj
 0001:0000f060       ?a2mgr_CheckValid@@YA_NFF@Z 10010060 f   scanrange.obj
 0001:0000f0c0       ?a2mgr_GetHeight@@YAEFF@Z  100100c0 f   scanrange.obj
 0001:0000f120       ?CalcVisMapCLIENT@@YGHPAD@Z 10010120 f   scanrange.obj
 0001:0000f1a0       ?GetEncoderClsid@@YAHPB_WPAU_GUID@@@Z 100101a0 f   screenshot.obj
 0001:0000f280       ?SCREENSHOT_take@@YAXXZ    10010280 f   screenshot.obj
 0001:0000f630       ?SCROLL_part1@@YAXXZ       10010630 f   scrolling.obj
 0001:0000f690       ?SCROLL_part2@@YAXXZ       10010690 f   scrolling.obj
 0001:0000f6c0       ??1?$basic_ostream@DU?$char_traits@D@std@@@std@@UAE@XZ 100106c0 f i serialize.obj
 0001:0000f6d0       ??_E?$basic_ostream@DU?$char_traits@D@std@@@std@@UAEPAXI@Z 100106d0 f i serialize.obj
 0001:0000f6d0       ??_G?$basic_ostream@DU?$char_traits@D@std@@@std@@UAEPAXI@Z 100106d0 f i serialize.obj
 0001:0000f710       ?allocate@?$allocator@E@std@@QAEPAEI@Z 10010710 f i serialize.obj
 0001:0000f710       ?allocate@?$allocator@D@std@@QAEPADI@Z 10010710 f i a2mgr.obj
 0001:0000f760       ?_Osfx@?$basic_ostream@DU?$char_traits@D@std@@@std@@QAEXXZ 10010760 f i serialize.obj
 0001:0000f7c0       ?reserve@?$vector@EV?$allocator@E@std@@@std@@QAEXI@Z 100107c0 f i serialize.obj
 0001:0000f830       ??1sentry@?$basic_ostream@DU?$char_traits@D@std@@@std@@QAE@XZ 10010830 f i serialize.obj
 0001:0000f8a0       ??0?$basic_ofstream@DU?$char_traits@D@std@@@std@@QAE@XZ 100108a0 f i serialize.obj
 0001:0000f9d0       ??1?$basic_ofstream@DU?$char_traits@D@std@@@std@@UAE@XZ 100109d0 f i serialize.obj
 0001:0000fa80       ??_E?$basic_ofstream@DU?$char_traits@D@std@@@std@@UAEPAXI@Z 10010a80 f i serialize.obj
 0001:0000fa80       ??_G?$basic_ofstream@DU?$char_traits@D@std@@@std@@UAEPAXI@Z 10010a80 f i serialize.obj
 0001:0000fac0       ?IsWhitespace@@YA_ND@Z     10010ac0 f   utils.obj
 0001:0000fbf0       ?_call_func@@YAKKKZZ       10010bf0 f   utils.obj
 0001:0000fc20       ?_call_member_func@@YAKKKKZZ 10010c20 f   utils.obj
 0001:0000fc50       ?_get_this@@YAKXZ          10010c50 f   utils.obj
 0001:0000fc60       ?StrToInt@@YAKABV?$basic_string@DU?$char_traits@D@std@@V?$allocator@D@2@@std@@@Z 10010c60 f   utils.obj
 0001:0000fc90       ?CheckInteger@@YA_NABV?$basic_string@DU?$char_traits@D@std@@V?$allocator@D@2@@std@@@Z 10010c90 f   utils.obj
 0001:0000fce0       ??$?6U?$char_traits@D@std@@@std@@YAAAV?$basic_ostream@DU?$char_traits@D@std@@@0@AAV10@PBD@Z 10010ce0 f i utils.obj
 0001:0000ffa0       ?Format@@YA?AV?$basic_string@DU?$char_traits@D@std@@V?$allocator@D@2@@std@@V12@ZZ 10010fa0 f   utils.obj
 0001:00010060       ?log_format@@YAXPADZZ      10011060 f   utils.obj
 0001:000101c0       ?log_format2@@YAXPADZZ     100111c0 f   utils.obj
 0001:000102d0       ?TrimLeft@@YA?AV?$basic_string@DU?$char_traits@D@std@@V?$allocator@D@2@@std@@ABV12@P6A_ND@Z@Z 100112d0 f   utils.obj
 0001:00010450       ?TrimRight@@YA?AV?$basic_string@DU?$char_traits@D@std@@V?$allocator@D@2@@std@@ABV12@P6A_ND@Z@Z 10011450 f   utils.obj
 0001:000105e0       ?Trim@@YA?AV?$basic_string@DU?$char_traits@D@std@@V?$allocator@D@2@@std@@ABV12@P6A_ND@Z@Z 100115e0 f   utils.obj
 0001:00010670       ?ToLower@@YA?AV?$basic_string@DU?$char_traits@D@std@@V?$allocator@D@2@@std@@ABV12@@Z 10011670 f   utils.obj
 0001:000106e0       ?StrToBoolean@@YA_NABV?$basic_string@DU?$char_traits@D@std@@V?$allocator@D@2@@std@@@Z 100116e0 f   utils.obj
 0001:00010870       ?Basename@@YA?AV?$basic_string@DU?$char_traits@D@std@@V?$allocator@D@2@@std@@ABV12@@Z 10011870 f   utils.obj
 0001:00010950       ?Dirname@@YA?AV?$basic_string@DU?$char_traits@D@std@@V?$allocator@D@2@@std@@ABV12@@Z 10011950 f   utils.obj
 0001:00010a30       ?FixSlashes@@YA?AV?$basic_string@DU?$char_traits@D@std@@V?$allocator@D@2@@std@@ABV12@@Z 10011a30 f   utils.obj
 0001:00010a90       ?TruncateSlashes@@YA?AV?$basic_string@DU?$char_traits@D@std@@V?$allocator@D@2@@std@@ABV12@@Z 10011a90 f   utils.obj
 0001:00010b60       ??$_Uninit_def_fill_n@PAV?$basic_string@DU?$char_traits@D@std@@V?$allocator@D@2@@std@@IV12@V?$allocator@V?$basic_string@DU?$char_traits@D@std@@V?$allocator@D@2@@std@@@2@V12@@std@@YAXPAV?$basic_string@DU?$char_traits@D@std@@V?$allocator@D@2@@0@IPBV10@AAV?$allocator@V?$basic_string@DU?$char_traits@D@std@@V?$allocator@D@2@@std@@@0@0U_Nonscalar_ptr_iterator_tag@0@@Z 10011b60 f i utils.obj
 0001:00010c60       ?FileExists@@YA_NABV?$basic_string@DU?$char_traits@D@std@@V?$allocator@D@2@@std@@@Z 10011c60 f   utils.obj
 0001:00010db0       ?resize@?$vector@V?$basic_string@DU?$char_traits@D@std@@V?$allocator@D@2@@std@@V?$allocator@V?$basic_string@DU?$char_traits@D@std@@V?$allocator@D@2@@std@@@2@@std@@QAEXI@Z 10011db0 f i utils.obj
 0001:00010e90       ?ParseCommandLine@@YA?AV?$vector@V?$basic_string@DU?$char_traits@D@std@@V?$allocator@D@2@@std@@V?$allocator@V?$basic_string@DU?$char_traits@D@std@@V?$allocator@D@2@@std@@@2@@std@@V?$basic_string@DU?$char_traits@D@std@@V?$allocator@D@2@@2@@Z 10011e90 f   utils.obj
 0001:000118f0       ?Explode@@YA?AV?$vector@V?$basic_string@DU?$char_traits@D@std@@V?$allocator@D@2@@std@@V?$allocator@V?$basic_string@DU?$char_traits@D@std@@V?$allocator@D@2@@std@@@2@@std@@ABV?$basic_string@DU?$char_traits@D@std@@V?$allocator@D@2@@2@0@Z 100128f0 f   utils.obj
 0001:00011a10       ?get_res@@YGXPAH0@Z        10012a10 f   video_init.obj
 0001:00011d80       ?VIDEO_checkVideoMode@@YAXXZ 10012d80 f   video_init.obj
 0001:00011da0       ?AfxGetMainWnd@zxmgr@@YAKXZ 10012da0 f   zxmgr.obj
 0001:00011dc0       ?GetClientRect@GUI@zxmgr@@YAXKPAUtagRECT@@@Z 10012dc0 f   zxmgr.obj
 0001:00011df0       ?DrawText@Font@zxmgr@@YAXKHHPBDKKK@Z 10012df0 f   zxmgr.obj
 0001:00011e20       ?MeasureTextWidth@Font@zxmgr@@YAKKPBD@Z 10012e20 f   zxmgr.obj
 0001:00011e40       ?WriteChatRaw@zxmgr@@YAXPBD@Z 10012e40 f   zxmgr.obj
 0001:00011e80       ?WriteChat@zxmgr@@YAXPBDZZ 10012e80 f   zxmgr.obj
 0001:00011ed0       ?FillRect@zxmgr@@YAXHHHHK@Z 10012ed0 f   zxmgr.obj
 0001:00011ef0       ?UpdateScreen@zxmgr@@YAXXZ 10012ef0 f   zxmgr.obj
 0001:00011f00       ?GetPatchString@zxmgr@@YAPADK@Z 10012f00 f   zxmgr.obj
 0001:00011f20       ?LockBuffer@zxmgr@@YAXXZ   10012f20 f   zxmgr.obj
 0001:00011f30       ?UnlockBuffer@zxmgr@@YAXXZ 10012f30 f   zxmgr.obj
 0001:00011f40       ?DisplayMouse@zxmgr@@YAXXZ 10012f40 f   zxmgr.obj
 0001:00011f50       ?GetHWND@zxmgr@@YAPAUHWND__@@XZ 10012f50 f   zxmgr.obj
 0001:00011f80       ?DoMessageLoop@zxmgr@@YAXXZ 10012f80 f   zxmgr.obj
 0001:00011fe0       ?AfxAbort@zxmgr@@YAXXZ     10012fe0 f   zxmgr.obj
 0001:00011ff0       ?PopulateWindow@CWindow@GUI@zxmgr@@SAKKPAUtagRECT@@@Z 10012ff0 f i zxmgr_gui.obj
 0001:00011ff0       ?OnMessage@CWindow@GUI@zxmgr@@SAKKKK@Z 10012ff0 f i zxmgr_gui.obj
 0001:00011ff0       ?sync@?$basic_streambuf@DU?$char_traits@D@std@@@std@@MAEHXZ 10012ff0 f i config.obj
 0001:00012000       ?GetWinsockErrorString@happyhttp@@YAPBDH@Z 10013000 f   happyhttp.obj
 0001:000122d0       ??0Wobbly@happyhttp@@QAA@PBDZZ 100132d0 f   happyhttp.obj
 0001:00012300       ?setcallbacks@Connection@happyhttp@@QAEXP6AXPBVResponse@2@PAX@ZP6AX01PBEH@Z21@Z 10013300 f   happyhttp.obj
 0001:00012320       ?getstatus@Response@happyhttp@@QBEHXZ 10013320 f   happyhttp.obj
 0001:00012330       ?ProcessDataChunked@Response@happyhttp@@AAEHPBEH@Z 10013330 f   happyhttp.obj
 0001:00012380       ?_Max@?$_Tree_val@V?$_Tmap_traits@V?$basic_string@DU?$char_traits@D@std@@V?$allocator@D@2@@std@@V12@U?$less@V?$basic_string@DU?$char_traits@D@std@@V?$allocator@D@2@@std@@@2@V?$allocator@U?$pair@$$CBV?$basic_string@DU?$char_traits@D@std@@V?$allocator@D@2@@std@@V12@@std@@@2@$0A@@std@@@std@@SAPAU_Node@?$_Tree_nod@V?$_Tmap_traits@V?$basic_string@DU?$char_traits@D@std@@V?$allocator@D@2@@std@@V12@U?$less@V?$basic_string@DU?$char_traits@D@std@@V?$allocator@D@2@@std@@@2@V?$allocator@U?$pair@$$CBV?$basic_string@DU?$char_traits@D@std@@V?$allocator@D@2@@std@@V12@@std@@@2@$0A@@std@@@2@PAU342@@Z 10013380 f i happyhttp.obj
 0001:000123a0       ?_Min@?$_Tree_val@V?$_Tmap_traits@V?$basic_string@DU?$char_traits@D@std@@V?$allocator@D@2@@std@@V12@U?$less@V?$basic_string@DU?$char_traits@D@std@@V?$allocator@D@2@@std@@@2@V?$allocator@U?$pair@$$CBV?$basic_string@DU?$char_traits@D@std@@V?$allocator@D@2@@std@@V12@@std@@@2@$0A@@std@@@std@@SAPAU_Node@?$_Tree_nod@V?$_Tmap_traits@V?$basic_string@DU?$char_traits@D@std@@V?$allocator@D@2@@std@@V12@U?$less@V?$basic_string@DU?$char_traits@D@std@@V?$allocator@D@2@@std@@@2@V?$allocator@U?$pair@$$CBV?$basic_string@DU?$char_traits@D@std@@V?$allocator@D@2@@std@@V12@@std@@@2@$0A@@std@@@2@PAU342@@Z 100133a0 f i happyhttp.obj
 0001:000123c0       ??E?$_Tree_unchecked_const_iterator@V?$_Tree_val@V?$_Tmap_traits@V?$basic_string@DU?$char_traits@D@std@@V?$allocator@D@2@@std@@V12@U?$less@V?$basic_string@DU?$char_traits@D@std@@V?$allocator@D@2@@std@@@2@V?$allocator@U?$pair@$$CBV?$basic_string@DU?$char_traits@D@std@@V?$allocator@D@2@@std@@V12@@std@@@2@$0A@@std@@@std@@U_Iterator_base0@2@@std@@QAEAAV01@XZ 100133c0 f i happyhttp.obj
 0001:00012410       ??F?$_Tree_unchecked_const_iterator@V?$_Tree_val@V?$_Tmap_traits@V?$basic_string@DU?$char_traits@D@std@@V?$allocator@D@2@@std@@V12@U?$less@V?$basic_string@DU?$char_traits@D@std@@V?$allocator@D@2@@std@@@2@V?$allocator@U?$pair@$$CBV?$basic_string@DU?$char_traits@D@std@@V?$allocator@D@2@@std@@V12@@std@@@2@$0A@@std@@@std@@U_Iterator_base0@2@@std@@QAEAAV01@XZ 10013410 f i happyhttp.obj
 0001:00012470       ?BailOnSocketError@happyhttp@@YAXPBD@Z 10013470 f   happyhttp.obj
 0001:000124d0       ?datawaiting@happyhttp@@YA_NH@Z 100134d0 f   happyhttp.obj
 0001:00012550       ?notifyconnectionclosed@Response@happyhttp@@IAEXXZ 10013550 f   happyhttp.obj
 0001:000125e0       ?ProcessDataNonChunked@Response@happyhttp@@AAEHPBEH@Z 100135e0 f   happyhttp.obj
 0001:00012650       ?_Lrotate@?$_Tree@V?$_Tmap_traits@V?$basic_string@DU?$char_traits@D@std@@V?$allocator@D@2@@std@@V12@U?$less@V?$basic_string@DU?$char_traits@D@std@@V?$allocator@D@2@@std@@@2@V?$allocator@U?$pair@$$CBV?$basic_string@DU?$char_traits@D@std@@V?$allocator@D@2@@std@@V12@@std@@@2@$0A@@std@@@std@@IAEXPAU_Node@?$_Tree_nod@V?$_Tmap_traits@V?$basic_string@DU?$char_traits@D@std@@V?$allocator@D@2@@std@@V12@U?$less@V?$basic_string@DU?$char_traits@D@std@@V?$allocator@D@2@@std@@@2@V?$allocator@U?$pair@$$CBV?$basic_string@DU?$char_traits@D@std@@V?$allocator@D@2@@std@@V12@@std@@@2@$0A@@std@@@2@@Z 10013650 f i happyhttp.obj
 0001:000126b0       ?_Rrotate@?$_Tree@V?$_Tmap_traits@V?$basic_string@DU?$char_traits@D@std@@V?$allocator@D@2@@std@@V12@U?$less@V?$basic_string@DU?$char_traits@D@std@@V?$allocator@D@2@@std@@@2@V?$allocator@U?$pair@$$CBV?$basic_string@DU?$char_traits@D@std@@V?$allocator@D@2@@std@@V12@@std@@@2@$0A@@std@@@std@@IAEXPAU_Node@?$_Tree_nod@V?$_Tmap_traits@V?$basic_string@DU?$char_traits@D@std@@V?$allocator@D@2@@std@@V12@U?$less@V?$basic_string@DU?$char_traits@D@std@@V?$allocator@D@2@@std@@@2@V?$allocator@U?$pair@$$CBV?$basic_string@DU?$char_traits@D@std@@V?$allocator@D@2@@std@@V12@@std@@@2@$0A@@std@@@2@@Z 100136b0 f i happyhttp.obj
 0001:00012710       ?connect@Connection@happyhttp@@QAEXXZ 10013710 f   happyhttp.obj
 0001:00012810       ?send@Connection@happyhttp@@QAEXPBEH@Z 10013810 f   happyhttp.obj
 0001:00012860       ??$_Transform@PADV?$_String_iterator@DU?$char_traits@D@std@@V?$allocator@D@2@@std@@P6AHH@Z@std@@YA?AV?$_String_iterator@DU?$char_traits@D@std@@V?$allocator@D@2@@0@PAD0V10@P6AHH@Z@Z 10013860 f i happyhttp.obj
 0001:000128a0       ?pop_front@?$deque@PAVResponse@happyhttp@@V?$allocator@PAVResponse@happyhttp@@@std@@@std@@QAEXXZ 100138a0 f i happyhttp.obj
 0001:000128d0       ??1?$pair@$$CBV?$basic_string@DU?$char_traits@D@std@@V?$allocator@D@2@@std@@V12@@std@@QAE@XZ 100138d0 f i happyhttp.obj
 0001:00012920       ?begin@?$deque@PAVResponse@happyhttp@@V?$allocator@PAVResponse@happyhttp@@@std@@@std@@QAE?AV?$_Deque_iterator@PAVResponse@happyhttp@@V?$allocator@PAVResponse@happyhttp@@@std@@@2@XZ 10013920 f i happyhttp.obj
 0001:00012940       ?_Growmap@?$deque@PAVResponse@happyhttp@@V?$allocator@PAVResponse@happyhttp@@@std@@@std@@IAEXI@Z 10013940 f i happyhttp.obj
 0001:00012ad0       ??R?$less@V?$basic_string@DU?$char_traits@D@std@@V?$allocator@D@2@@std@@@std@@QBE_NABV?$basic_string@DU?$char_traits@D@std@@V?$allocator@D@2@@1@0@Z 10013ad0 f i happyhttp.obj
 0001:00012b00       ?_Lbound@?$_Tree@V?$_Tmap_traits@V?$basic_string@DU?$char_traits@D@std@@V?$allocator@D@2@@std@@V12@U?$less@V?$basic_string@DU?$char_traits@D@std@@V?$allocator@D@2@@std@@@2@V?$allocator@U?$pair@$$CBV?$basic_string@DU?$char_traits@D@std@@V?$allocator@D@2@@std@@V12@@std@@@2@$0A@@std@@@std@@IAEPAU_Node@?$_Tree_nod@V?$_Tmap_traits@V?$basic_string@DU?$char_traits@D@std@@V?$allocator@D@2@@std@@V12@U?$less@V?$basic_string@DU?$char_traits@D@std@@V?$allocator@D@2@@std@@@2@V?$allocator@U?$pair@$$CBV?$basic_string@DU?$char_traits@D@std@@V?$allocator@D@2@@std@@V12@@std@@@2@$0A@@std@@@2@ABV?$basic_string@DU?$char_traits@D@std@@V?$allocator@D@2@@2@@Z 10013b00 f i happyhttp.obj
 0001:00012b00       ?_Lbound@?$_Tree@V?$_Tmap_traits@V?$basic_string@DU?$char_traits@D@std@@V?$allocator@D@2@@std@@V12@U?$less@V?$basic_string@DU?$char_traits@D@std@@V?$allocator@D@2@@std@@@2@V?$allocator@U?$pair@$$CBV?$basic_string@DU?$char_traits@D@std@@V?$allocator@D@2@@std@@V12@@std@@@2@$0A@@std@@@std@@IBEPAU_Node@?$_Tree_nod@V?$_Tmap_traits@V?$basic_string@DU?$char_traits@D@std@@V?$allocator@D@2@@std@@V12@U?$less@V?$basic_string@DU?$char_traits@D@std@@V?$allocator@D@2@@std@@@2@V?$allocator@U?$pair@$$CBV?$basic_string@DU?$char_traits@D@std@@V?$allocator@D@2@@std@@V12@@std@@@2@$0A@@std@@@2@ABV?$basic_string@DU?$char_traits@D@std@@V?$allocator@D@2@@2@@Z 10013b00 f i happyhttp.obj
 0001:00012b90       ?front@?$deque@PAVResponse@happyhttp@@V?$allocator@PAVResponse@happyhttp@@@std@@@std@@QAEAAPAVResponse@happyhttp@@XZ 10013b90 f i happyhttp.obj
 0001:00012bd0       ?push_back@?$deque@PAVResponse@happyhttp@@V?$allocator@PAVResponse@happyhttp@@@std@@@std@@QAEXABQAVResponse@happyhttp@@@Z 10013bd0 f i happyhttp.obj
 0001:00012c80       ?_Tidy@?$deque@PAVResponse@happyhttp@@V?$allocator@PAVResponse@happyhttp@@@std@@@std@@IAEXXZ 10013c80 f i happyhttp.obj
 0001:00012cf0       ??1?$deque@PAVResponse@happyhttp@@V?$allocator@PAVResponse@happyhttp@@@std@@@std@@QAE@XZ 10013cf0 f i happyhttp.obj
 0001:00012d10       ?ProcessStatusLine@Response@happyhttp@@AAEXABV?$basic_string@DU?$char_traits@D@std@@V?$allocator@D@2@@std@@@Z 10013d10 f   happyhttp.obj
 0001:00013160       ??$_Dest_val@V?$allocator@U?$pair@$$CBV?$basic_string@DU?$char_traits@D@std@@V?$allocator@D@2@@std@@V12@@std@@@std@@U?$pair@$$CBV?$basic_string@DU?$char_traits@D@std@@V?$allocator@D@2@@std@@V12@@2@@std@@YAXAAV?$allocator@U?$pair@$$CBV?$basic_string@DU?$char_traits@D@std@@V?$allocator@D@2@@std@@V12@@std@@@0@PAU?$pair@$$CBV?$basic_string@DU?$char_traits@D@std@@V?$allocator@D@2@@std@@V12@@0@@Z 10014160 f i happyhttp.obj
 0001:000131b0       ?_Insert@?$_Tree@V?$_Tmap_traits@V?$basic_string@DU?$char_traits@D@std@@V?$allocator@D@2@@std@@V12@U?$less@V?$basic_string@DU?$char_traits@D@std@@V?$allocator@D@2@@std@@@2@V?$allocator@U?$pair@$$CBV?$basic_string@DU?$char_traits@D@std@@V?$allocator@D@2@@std@@V12@@std@@@2@$0A@@std@@@std@@IAE?AV?$_Tree_iterator@V?$_Tree_val@V?$_Tmap_traits@V?$basic_string@DU?$char_traits@D@std@@V?$allocator@D@2@@std@@V12@U?$less@V?$basic_string@DU?$char_traits@D@std@@V?$allocator@D@2@@std@@@2@V?$allocator@U?$pair@$$CBV?$basic_string@DU?$char_traits@D@std@@V?$allocator@D@2@@std@@V12@@std@@@2@$0A@@std@@@std@@@2@_NPAU_Node@?$_Tree_nod@V?$_Tmap_traits@V?$basic_string@DU?$char_traits@D@std@@V?$allocator@D@2@@std@@V12@U?$less@V?$basic_string@DU?$char_traits@D@std@@V?$allocator@D@2@@std@@@2@V?$allocator@U?$pair@$$CBV?$basic_string@DU?$char_traits@D@std@@V?$allocator@D@2@@std@@V12@@std@@@2@$0A@@std@@@2@1@Z 100141b0 f i happyhttp.obj
 0001:00013410       ?getheader@Response@happyhttp@@QBEPBDPBD@Z 10014410 f   happyhttp.obj
 0001:00013580       ?erase@?$_Tree@V?$_Tmap_traits@V?$basic_string@DU?$char_traits@D@std@@V?$allocator@D@2@@std@@V12@U?$less@V?$basic_string@DU?$char_traits@D@std@@V?$allocator@D@2@@std@@@2@V?$allocator@U?$pair@$$CBV?$basic_string@DU?$char_traits@D@std@@V?$allocator@D@2@@std@@V12@@std@@@2@$0A@@std@@@std@@QAE?AV?$_Tree_iterator@V?$_Tree_val@V?$_Tmap_traits@V?$basic_string@DU?$char_traits@D@std@@V?$allocator@D@2@@std@@V12@U?$less@V?$basic_string@DU?$char_traits@D@std@@V?$allocator@D@2@@std@@@2@V?$allocator@U?$pair@$$CBV?$basic_string@DU?$char_traits@D@std@@V?$allocator@D@2@@std@@V12@@std@@@2@$0A@@std@@@std@@@2@V?$_Tree_const_iterator@V?$_Tree_val@V?$_Tmap_traits@V?$basic_string@DU?$char_traits@D@std@@V?$allocator@D@2@@std@@V12@U?$less@V?$basic_string@DU?$char_traits@D@std@@V?$allocator@D@2@@std@@@2@V?$allocator@U?$pair@$$CBV?$basic_string@DU?$char_traits@D@std@@V?$allocator@D@2@@std@@V12@@std@@@2@$0A@@std@@@std@@@2@@Z 10014580 f i happyhttp.obj
 0001:00013820       ?_Erase@?$_Tree@V?$_Tmap_traits@V?$basic_string@DU?$char_traits@D@std@@V?$allocator@D@2@@std@@V12@U?$less@V?$basic_string@DU?$char_traits@D@std@@V?$allocator@D@2@@std@@@2@V?$allocator@U?$pair@$$CBV?$basic_string@DU?$char_traits@D@std@@V?$allocator@D@2@@std@@V12@@std@@@2@$0A@@std@@@std@@IAEXPAU_Node@?$_Tree_nod@V?$_Tmap_traits@V?$basic_string@DU?$char_traits@D@std@@V?$allocator@D@2@@std@@V12@U?$less@V?$basic_string@DU?$char_traits@D@std@@V?$allocator@D@2@@std@@@2@V?$allocator@U?$pair@$$CBV?$basic_string@DU?$char_traits@D@std@@V?$allocator@D@2@@std@@V12@@std@@@2@$0A@@std@@@2@@Z 10014820 f i happyhttp.obj
 0001:000138a0       ??$?HDU?$char_traits@D@std@@V?$allocator@D@1@@std@@YA?AV?$basic_string@DU?$char_traits@D@std@@V?$allocator@D@2@@0@$$QAV10@0@Z 100148a0 f i happyhttp.obj
 0001:00013910       ?_Linsert@?$_Tree@V?$_Tmap_traits@V?$basic_string@DU?$char_traits@D@std@@V?$allocator@D@2@@std@@V12@U?$less@V?$basic_string@DU?$char_traits@D@std@@V?$allocator@D@2@@std@@@2@V?$allocator@U?$pair@$$CBV?$basic_string@DU?$char_traits@D@std@@V?$allocator@D@2@@std@@V12@@std@@@2@$0A@@std@@@std@@QAE?AU?$pair@V?$_Tree_iterator@V?$_Tree_val@V?$_Tmap_traits@V?$basic_string@DU?$char_traits@D@std@@V?$allocator@D@2@@std@@V12@U?$less@V?$basic_string@DU?$char_traits@D@std@@V?$allocator@D@2@@std@@@2@V?$allocator@U?$pair@$$CBV?$basic_string@DU?$char_traits@D@std@@V?$allocator@D@2@@std@@V12@@std@@@2@$0A@@std@@@std@@@std@@_N@2@PAU_Node@?$_Tree_nod@V?$_Tmap_traits@V?$basic_string@DU?$char_traits@D@std@@V?$allocator@D@2@@std@@V12@U?$less@V?$basic_string@DU?$char_traits@D@std@@V?$allocator@D@2@@std@@@2@V?$allocator@U?$pair@$$CBV?$basic_string@DU?$char_traits@D@std@@V?$allocator@D@2@@std@@V12@@std@@@2@$0A@@std@@@2@_N@Z 10014910 f i happyhttp.obj
 0001:00013ac0       ?BeginBody@Response@happyhttp@@AAEXXZ 10014ac0 f   happyhttp.obj
[...]
 0001:000310c1       __unwindfunclet$??$_Buynode@U?$pair@$$CBV?$basic_string@DU?$char_traits@D@std@@V?$allocator@D@2@@std@@V12@@std@@@?$_Tree_val@V?$_Tmap_traits@V?$basic_string@DU?$char_traits@D@std@@V?$allocator@D@2@@std@@V12@U?$less@V?$basic_string@DU?$char_traits@D@std@@V?$allocator@D@2@@std@@@2@V?$allocator@U?$pair@$$CBV?$basic_string@DU?$char_traits@D@std@@V?$allocator@D@2@@std@@V12@@std@@@2@$0A@@std@@@std@@QAEPAU_Node@?$_Tree_nod@V?$_Tmap_traits@V?$basic_string@DU?$char_traits@D@std@@V?$allocator@D@2@@std@@V12@U?$less@V?$basic_string@DU?$char_traits@D@std@@V?$allocator@D@2@@std@@@2@V?$allocator@U?$pair@$$CBV?$basic_string@DU?$char_traits@D@std@@V?$allocator@D@2@@std@@V12@@std@@@2@$0A@@std@@@1@$$QAU?$pair@$$CBV?$basic_string@DU?$char_traits@D@std@@V?$allocator@D@2@@std@@V12@@1@@Z$4 100320c1 f   happyhttp.obj
 0001:000310c9       __ehhandler$??$_Buynode@U?$pair@$$CBV?$basic_string@DU?$char_traits@D@std@@V?$allocator@D@2@@std@@V12@@std@@@?$_Tree_val@V?$_Tmap_traits@V?$basic_string@DU?$char_traits@D@std@@V?$allocator@D@2@@std@@V12@U?$less@V?$basic_string@DU?$char_traits@D@std@@V?$allocator@D@2@@std@@@2@V?$allocator@U?$pair@$$CBV?$basic_string@DU?$char_traits@D@std@@V?$allocator@D@2@@std@@V12@@std@@@2@$0A@@std@@@std@@QAEPAU_Node@?$_Tree_nod@V?$_Tmap_traits@V?$basic_string@DU?$char_traits@D@std@@V?$allocator@D@2@@std@@V12@U?$less@V?$basic_string@DU?$char_traits@D@std@@V?$allocator@D@2@@std@@@2@V?$allocator@U?$pair@$$CBV?$basic_string@DU?$char_traits@D@std@@V?$allocator@D@2@@std@@V12@@std@@@2@$0A@@std@@@1@$$QAU?$pair@$$CBV?$basic_string@DU?$char_traits@D@std@@V?$allocator@D@2@@std@@V12@@1@@Z 100320c9 f   happyhttp.obj
 0001:000310f0       __unwindfunclet$??1Response@happyhttp@@QAE@XZ$0 100320f0 f   happyhttp.obj
 0001:000310fb       __unwindfunclet$??1Response@happyhttp@@QAE@XZ$1 100320fb f   happyhttp.obj
 0001:00031106       __unwindfunclet$??1Response@happyhttp@@QAE@XZ$2 10032106 f   happyhttp.obj
 0001:00031111       __unwindfunclet$??1Response@happyhttp@@QAE@XZ$7 10032111 f   happyhttp.obj
 0001:00031119       __ehhandler$??1Response@happyhttp@@QAE@XZ 10032119 f   happyhttp.obj
 0001:00031140       __unwindfunclet$??0Response@happyhttp@@IAE@PBDAAVConnection@1@@Z$0 10032140 f   happyhttp.obj
 0001:0003114b       __unwindfunclet$??0Response@happyhttp@@IAE@PBDAAVConnection@1@@Z$1 1003214b f   happyhttp.obj
 0001:00031156       __unwindfunclet$??0Response@happyhttp@@IAE@PBDAAVConnection@1@@Z$2 10032156 f   happyhttp.obj
 0001:00031161       __ehhandler$??0Response@happyhttp@@IAE@PBDAAVConnection@1@@Z 10032161 f   happyhttp.obj
 0001:00031180       __unwindfunclet$??A?$map@V?$basic_string@DU?$char_traits@D@std@@V?$allocator@D@2@@std@@V12@U?$less@V?$basic_string@DU?$char_traits@D@std@@V?$allocator@D@2@@std@@@2@V?$allocator@U?$pair@$$CBV?$basic_string@DU?$char_traits@D@std@@V?$allocator@D@2@@std@@V12@@std@@@2@@std@@QAEAAV?$basic_string@DU?$char_traits@D@std@@V?$allocator@D@2@@1@ABV21@@Z$0 10032180 f   happyhttp.obj
 0001:00031188       __unwindfunclet$??A?$map@V?$basic_string@DU?$char_traits@D@std@@V?$allocator@D@2@@std@@V12@U?$less@V?$basic_string@DU?$char_traits@D@std@@V?$allocator@D@2@@std@@@2@V?$allocator@U?$pair@$$CBV?$basic_string@DU?$char_traits@D@std@@V?$allocator@D@2@@std@@V12@@std@@@2@@std@@QAEAAV?$basic_string@DU?$char_traits@D@std@@V?$allocator@D@2@@1@ABV21@@Z$3 10032188 f   happyhttp.obj
 0001:00031190       __unwindfunclet$??A?$map@V?$basic_string@DU?$char_traits@D@std@@V?$allocator@D@2@@std@@V12@U?$less@V?$basic_string@DU?$char_traits@D@std@@V?$allocator@D@2@@std@@@2@V?$allocator@U?$pair@$$CBV?$basic_string@DU?$char_traits@D@std@@V?$allocator@D@2@@std@@V12@@std@@@2@@std@@QAEAAV?$basic_string@DU?$char_traits@D@std@@V?$allocator@D@2@@1@ABV21@@Z$1 10032190 f   happyhttp.obj
 0001:00031198       __ehhandler$??A?$map@V?$basic_string@DU?$char_traits@D@std@@V?$allocator@D@2@@std@@V12@U?$less@V?$basic_string@DU?$char_traits@D@std@@V?$allocator@D@2@@std@@@2@V?$allocator@U?$pair@$$CBV?$basic_string@DU?$char_traits@D@std@@V?$allocator@D@2@@std@@V12@@std@@@2@@std@@QAEAAV?$basic_string@DU?$char_traits@D@std@@V?$allocator@D@2@@1@ABV21@@Z 10032198 f   happyhttp.obj
 0001:000311c0       __unwindfunclet$?putheader@Connection@happyhttp@@QAEXPBD0@Z$0 100321c0 f   happyhttp.obj
 0001:000311c8       __unwindfunclet$?putheader@Connection@happyhttp@@QAEXPBD0@Z$1 100321c8 f   happyhttp.obj
 0001:000311d0       __unwindfunclet$?putheader@Connection@happyhttp@@QAEXPBD0@Z$2 100321d0 f   happyhttp.obj
 0001:000311d8       __unwindfunclet$?putheader@Connection@happyhttp@@QAEXPBD0@Z$3 100321d8 f   happyhttp.obj
 0001:000311e0       __ehhandler$?putheader@Connection@happyhttp@@QAEXPBD0@Z 100321e0 f   happyhttp.obj
 0001:00031210       __unwindfunclet$?endheaders@Connection@happyhttp@@QAEXXZ$0 10032210 f   happyhttp.obj
 0001:00031218       __unwindfunclet$?endheaders@Connection@happyhttp@@QAEXXZ$1 10032218 f   happyhttp.obj
 0001:00031220       __unwindfunclet$?endheaders@Connection@happyhttp@@QAEXXZ$2 10032220 f   happyhttp.obj
 0001:00031228       __ehhandler$?endheaders@Connection@happyhttp@@QAEXXZ 10032228 f   happyhttp.obj
 0001:00031250       __unwindfunclet$?FlushHeader@Response@happyhttp@@AAEXXZ$0 10032250 f   happyhttp.obj
 0001:00031258       __unwindfunclet$?FlushHeader@Response@happyhttp@@AAEXXZ$1 10032258 f   happyhttp.obj
 0001:00031260       __ehhandler$?FlushHeader@Response@happyhttp@@AAEXXZ 10032260 f   happyhttp.obj
 0001:00031290       __unwindfunclet$??1Connection@happyhttp@@QAE@XZ$0 10032290 f   happyhttp.obj
 0001:0003129b       __unwindfunclet$??1Connection@happyhttp@@QAE@XZ$1 1003229b f   happyhttp.obj
 0001:000312a6       __unwindfunclet$??1Connection@happyhttp@@QAE@XZ$2 100322a6 f   happyhttp.obj
 0001:000312b1       __ehhandler$??1Connection@happyhttp@@QAE@XZ 100322b1 f   happyhttp.obj
 0001:000312d0       __unwindfunclet$?putrequest@Connection@happyhttp@@QAEXPBD0@Z$0 100322d0 f   happyhttp.obj
 0001:000312db       __unwindfunclet$?putrequest@Connection@happyhttp@@QAEXPBD0@Z$1 100322db f   happyhttp.obj
 0001:000312e9       __ehhandler$?putrequest@Connection@happyhttp@@QAEXPBD0@Z 100322e9 f   happyhttp.obj
 0001:00031311       __unwindfunclet$?_Init@locale@std@@CAPAV_Locimp@12@XZ$0 10032311 f   libcpmt:locale0.obj
 0001:00031311       __unwindfunclet$??1_Fac_tidy_reg_t@std@@QAE@XZ$0 10032311 f   libcpmt:locale0.obj
 0001:00031311       __unwindfunclet$?_Locimp_dtor@_Locimp@locale@std@@CAXPAV123@@Z$0 10032311 f   libcpmt:locale0.obj
 0001:00031319       __ehhandler$?_Init@locale@std@@CAPAV_Locimp@12@XZ 10032319 f   libcpmt:locale0.obj
 0001:00031319       __ehhandler$?_Locimp_dtor@_Locimp@locale@std@@CAXPAV123@@Z 10032319 f   libcpmt:locale0.obj
 0001:00031319       __ehhandler$??1_Fac_tidy_reg_t@std@@QAE@XZ 10032319 f   libcpmt:locale0.obj
 0001:00031334       __unwindfunclet$??1_Locimp@locale@std@@MAE@XZ$0 10032334 f   libcpmt:locale0.obj
 0001:0003133c       __unwindfunclet$??1_Locimp@locale@std@@MAE@XZ$1 1003233c f   libcpmt:locale0.obj
 0001:00031347       __ehhandler$??1_Locimp@locale@std@@MAE@XZ 10032347 f   libcpmt:locale0.obj
 0001:00031362       __ehhandler$?CallUnexpected@@YAXPBU_s_ESTypeList@@@Z 10032362 f   LIBCMT:frame.obj
 0001:00031380       ??__Estart_time@@YAXXZ     10032380 f   add_info.obj
 0001:000313a0       ??__E__chat_history@@YAXXZ 100323a0 f   chat_history.obj
 0001:000313b0       ??__EAssocList@@YAXXZ      100323b0 f   class_extend.obj
 0001:00031430       ??__Ecurrent_directory@@YAXXZ 10032430 f   config.obj
 0001:00031450       ??__Ed_strings@@YAXXZ      10032450 f   debug.obj
 0001:000314d0       ??__ENames@@YAXXZ          100324d0 f   debug.obj
 0001:00031550       ??__EArchives@@YAXXZ       10032550 f   File.obj
 0001:00031560       ??__ETiles@@YAXXZ          10032560 f   landscape_renderer.obj
 0001:00031590       ??__EcmdLine@@YAXXZ        10032590 f   network_hat_enter.obj
 0001:000315a0       ??__Ematch@@YAXXZ          100325a0 f   network_hat_enter.obj
 0001:000315b0       ??__EhhC@@YAXXZ            100325b0 f   network_protocol_ext.obj
 0001:000315d0       ??__EScanrange@@YAXXZ      100325d0 f   scanrange.obj
 0001:000315e0       ??__E_LOG_FILE@@YAXXZ      100325e0 f   utils.obj
 0001:00031600       ??__E_LOG_NAME@@YAXXZ      10032600 f   utils.obj
 0001:0003160c       ??__Einitlocks@std@@YAXXZ  1003260c f   libcpmt:xlock.obj
 0001:00031622       ??__E_Fac_tidy_reg@std@@YAXXZ 10032622 f   libcpmt:locale0.obj
 0001:0003162e       ??__Eclassic_locale@std@@YAXXZ 1003262e f   libcpmt:locale0.obj
 0001:0003163a       ??__E_Generic_object@std@@YAXXZ 1003263a f   libcpmt:syserror.obj
 0001:00031646       ??__E_Iostream_object@std@@YAXXZ 10032646 f   libcpmt:syserror.obj
 0001:00031652       ??__E_System_object@std@@YAXXZ 10032652 f   libcpmt:syserror.obj
 0001:0003165e       ??__Einitlocks@std@@YAXXZ  1003265e f   libcpmt:iosptrs.obj
 0001:00031674       ??__Einit_atexit@@YAXXZ    10032674 f   libcpmt:iosptrs.obj
 0001:00031680       ??__F__chat_history@@YAXXZ 10032680 f   chat_history.obj
 0001:000316e0       ??__FAssocList@@YAXXZ      100326e0 f   class_extend.obj
 0001:00031740       ??__Fcurrent_directory@@YAXXZ 10032740 f   config.obj
 0001:00031770       ??__Fd_strings@@YAXXZ      10032770 f   debug.obj
 0001:000317d0       ??__FNames@@YAXXZ          100327d0 f   debug.obj
 0001:00031830       ??__Frec@?1??GetRecord@FileArchive@@QAEABURecord@1@V?$basic_string@DU?$char_traits@D@std@@V?$allocator@D@2@@std@@@Z@YAXXZ 10032830 f   File.obj
 0001:00031910       ??__FArchives@@YAXXZ       10032910 f   File.obj
 0001:000319f0       ??__FcmdLine@@YAXXZ        100329f0 f   network_hat_enter.obj
 0001:00031a20       ??__Fmatch@@YAXXZ          10032a20 f   network_hat_enter.obj
 0001:00031a50       ??__FhhC@@YAXXZ            10032a50 f   network_protocol_ext.obj
 0001:00031a60       ??__F_LOG_NAME@@YAXXZ      10032a60 f   utils.obj
 0001:00031a90       ??__F_LOG_FILE@@YAXXZ      10032a90 f   utils.obj
 0001:00031ab0       ??__Finitlocks@std@@YAXXZ  10032ab0 f   libcpmt:xlock.obj
 0001:00031aba       ??__Fclassic_locale@std@@YAXXZ 10032aba f   libcpmt:locale0.obj
 0001:00031ac4       ??__F_Fac_tidy_reg@std@@YAXXZ 10032ac4 f   libcpmt:locale0.obj
 0001:00031ace       ??__F_Generic_object@std@@YAXXZ 10032ace f   libcpmt:syserror.obj
 0001:00031ad9       ??__F_Iostream_object@std@@YAXXZ 10032ad9 f   libcpmt:syserror.obj
 0001:00031ae4       ??__F_System_object@std@@YAXXZ 10032ae4 f   libcpmt:syserror.obj
 0001:00031aef       ??__Finitlocks@std@@YAXXZ  10032aef f   libcpmt:iosptrs.obj
 0001:00031af9       ??__Finit_atexit@@YAXXZ    10032af9 f   libcpmt:iosptrs.obj
 0001:00031b03       ??__Fnomem@?5???2@YAPAXI@Z@YAXXZ 10032b03 f   LIBCMT:new.obj

 Exports

  ordinal    name

        1    ?RES_loadFile@@YAHH@Z (int __cdecl RES_loadFile(int))
        2    ?FIL_patch0@@YAXXZ (void __cdecl FIL_patch0(void))
        3    ?FIL_patch1@@YAXXZ (void __cdecl FIL_patch1(void))
        4    ?FIL_world0@@YAXXZ (void __cdecl FIL_world0(void))
        5    ?FIL_world1@@YAXXZ (void __cdecl FIL_world1(void))
        6    ?FIL_world2@@YAXXZ (void __cdecl FIL_world2(void))
        7    ?FIL_world3@@YAXXZ (void __cdecl FIL_world3(void))
        8    ?FIL_world4@@YAXXZ (void __cdecl FIL_world4(void))
        9    ?FIL_world5@@YAXXZ (void __cdecl FIL_world5(void))
       10    ?FIL_world6@@YAXXZ (void __cdecl FIL_world6(void))
       11    ?FIL_world7@@YAXXZ (void __cdecl FIL_world7(void))
       12    ?FIL_world8@@YAXXZ (void __cdecl FIL_world8(void))
       13    ?FIL_world9@@YAXXZ (void __cdecl FIL_world9(void))
       14    ?FIL_worldA@@YAXXZ (void __cdecl FIL_worldA(void))
       15    ?NETPROTO_createAuthorizationPacket@@YAHXZ (int __cdecl NETPROTO_createAuthorizationPacket(void))
       16    ?NETPROTO_sendAuthorizationPacket@@YAHXZ (int __cdecl NETPROTO_sendAuthorizationPacket(void))
       17    ?VIDEO_checkVideoMode@@YAXXZ (void __cdecl VIDEO_checkVideoMode(void))
       18    ?NET_cryptPacket@@YAXPAEH@Z (void __cdecl NET_cryptPacket(unsigned char *,int))
       19    ?MAP_loadFromServer@@YAXXZ (void __cdecl MAP_loadFromServer(void))
       20    ?SYSTEM_setThreadPriority@@YAXXZ (void __cdecl SYSTEM_setThreadPriority(void))
       21    ?CHAT_tilde0@@YAXXZ (void __cdecl CHAT_tilde0(void))
       22    ?CHAT_tilde1@@YAXXZ (void __cdecl CHAT_tilde1(void))
       23    ?CHAT_tilde2@@YAXXZ (void __cdecl CHAT_tilde2(void))
       24    ?CHAT_wmCharHandler@@YAXXZ (void __cdecl CHAT_wmCharHandler(void))
       25    ?CHAT_convWinToDos@@YAXXZ (void __cdecl CHAT_convWinToDos(void))
       26    ?CHAT_convDosToIdx@@YAXXZ (void __cdecl CHAT_convDosToIdx(void))
       27    ?DBG_logStrings@@YAXXZ (void __cdecl DBG_logStrings(void))
       28    ?GUI_textField_MeasurePosition@@YGKK@Z (unsigned long __stdcall GUI_textField_MeasurePosition(unsigned long))
       29    ?CHAT_logStrings@@YAHPADHH@Z (int __cdecl CHAT_logStrings(char *,int,int))
       30    ?CHAT_keyDown@@YAXXZ (void __cdecl CHAT_keyDown(void))
       31    ?CHAT_getMessageLast@@YAXXZ (void __cdecl CHAT_getMessageLast(void))
       33    ?CRASH_fix_414994@@YAXXZ (void __cdecl CRASH_fix_414994(void))
       34    ?CRASH_fix_42353A@@YAXXZ (void __cdecl CRASH_fix_42353A(void))
       35    ?CRASH_fix_523295@@YAXXZ (void __cdecl CRASH_fix_523295(void))
       36    ?CRASH_fix_46AD10@@YAXXZ (void __cdecl CRASH_fix_46AD10(void))
       37    ?CRASH_fix_420450@@YAXXZ (void __cdecl CRASH_fix_420450(void))
       38    ?CRASH_fix_45FC3B@@YAXXZ (void __cdecl CRASH_fix_45FC3B(void))
       39    ?CRASH_fix_458CF9@@YAXXZ (void __cdecl CRASH_fix_458CF9(void))
       40    ?CRASH_fix_4657AD@@YAXXZ (void __cdecl CRASH_fix_4657AD(void))
       41    ?CRASH_fix_46B685@@YAXXZ (void __cdecl CRASH_fix_46B685(void))
       42    ?CRASH_fix_4BEE2D@@YAXXZ (void __cdecl CRASH_fix_4BEE2D(void))
       43    ?HATENT_url_text@@YAXXZ (void __cdecl HATENT_url_text(void))
       44    ?HATENT_url_connect@@YAXXZ (void __cdecl HATENT_url_connect(void))
       45    ?SCREENSHOT_take@@YAXXZ (void __cdecl SCREENSHOT_take(void))
       46    ?CRASH_fix_4AAB7E@@YAXXZ (void __cdecl CRASH_fix_4AAB7E(void))
       47    ?INFO_fps@@YAXXZ (void __cdecl INFO_fps(void))
       48    ?RES_loadDirectories@@YAXXZ (void __cdecl RES_loadDirectories(void))
       49    ?RES_loadException@@YAXXZ (void __cdecl RES_loadException(void))
       50    ?LANG_change_43EDEB@@YAXXZ (void __cdecl LANG_change_43EDEB(void))
       51    ?LANG_change_474F27@@YAXXZ (void __cdecl LANG_change_474F27(void))
       52    ?LANG_change_48626D@@YAXXZ (void __cdecl LANG_change_48626D(void))
       53    ?LANG_change_48BA07@@YAXXZ (void __cdecl LANG_change_48BA07(void))
       54    ?LANG_change_48CA55@@YAXXZ (void __cdecl LANG_change_48CA55(void))
       55    ?LANG_change_491CDF@@YAXXZ (void __cdecl LANG_change_491CDF(void))
       56    ?LANG_change_4939A2@@YAXXZ (void __cdecl LANG_change_4939A2(void))
       57    ?CRASH_fix_multiwindow_1@@YAXXZ (void __cdecl CRASH_fix_multiwindow_1(void))
       58    ?CRASH_fix_multiwindow_2@@YAXXZ (void __cdecl CRASH_fix_multiwindow_2(void))
       59    ?CRASH_fix_multiwindow_3@@YAXXZ (void __cdecl CRASH_fix_multiwindow_3(void))
       60    ?CRASH_fix_multiwindow_4@@YAXXZ (void __cdecl CRASH_fix_multiwindow_4(void))
       61    ?LANG_change_493B23@@YAXXZ (void __cdecl LANG_change_493B23(void))
       62    ?LANG_change_4B018F@@YAXXZ (void __cdecl LANG_change_4B018F(void))
       63    ?SCROLL_part1@@YAXXZ (void __cdecl SCROLL_part1(void))
       64    ?SCROLL_part2@@YAXXZ (void __cdecl SCROLL_part2(void))
       65    ?GRID_part1@@YAXXZ (void __cdecl GRID_part1(void))
       66    ?GRID_part2@@YAXXZ (void __cdecl GRID_part2(void))
       67    ?GRID_part3@@YAXXZ (void __cdecl GRID_part3(void))
       68    ?GRID_part4@@YAXXZ (void __cdecl GRID_part4(void))
       69    ?GRID_part5@@YAXXZ (void __cdecl GRID_part5(void))
       70    ?LANG_change_42B3D5@@YAXXZ (void __cdecl LANG_change_42B3D5(void))
       71    ?LANG_change_43EEC3@@YAXXZ (void __cdecl LANG_change_43EEC3(void))
       72    ?LANG_change_460F9B@@YAXXZ (void __cdecl LANG_change_460F9B(void))
       73    ?LANG_change_474375@@YAXXZ (void __cdecl LANG_change_474375(void))
       74    ?LANG_change_4743C9@@YAXXZ (void __cdecl LANG_change_4743C9(void))
       75    ?LANG_change_496638@@YAXXZ (void __cdecl LANG_change_496638(void))
       76    ?LANG_change_4AEE20@@YAXXZ (void __cdecl LANG_change_4AEE20(void))
       77    ?LANG_change_4AEE6D@@YAXXZ (void __cdecl LANG_change_4AEE6D(void))
       78    ?LANG_change_4AEF2A@@YAXXZ (void __cdecl LANG_change_4AEF2A(void))
       79    ?LANG_change_4AEF9C@@YAXXZ (void __cdecl LANG_change_4AEF9C(void))
       80    ?LANG_change_4AF00E@@YAXXZ (void __cdecl LANG_change_4AF00E(void))
       81    ?LANG_fix_codepage@@YAXXZ (void __cdecl LANG_fix_codepage(void))
       84    ?NETPROTO_loginToHat@@YGHXZ (int __stdcall NETPROTO_loginToHat(void))
       85    ?BASE_setCurrentDirectory1@@YGHPAD@Z (int __stdcall BASE_setCurrentDirectory1(char *))
       86    ?CHAT_prependType_part1@@YAXXZ (void __cdecl CHAT_prependType_part1(void))
       87    ?CHAT_prependType_part2@@YAXXZ (void __cdecl CHAT_prependType_part2(void))
       88    ?ADMINISTRAT@@YAXXZ (void __cdecl ADMINISTRAT(void))
       89    ?_fix_launcher@@YAXXZ (void __cdecl _fix_launcher(void))
       90    ?MAP_CFileOpen1@@YAXXZ (void __cdecl MAP_CFileOpen1(void))
       91    ?MAP_CFileOpen2@@YAXXZ (void __cdecl MAP_CFileOpen2(void))
       92    ?GUI_gmEnter@@YAXXZ (void __cdecl GUI_gmEnter(void))
       93    ?CalcVisMapCLIENT@@YGHPAD@Z (int __stdcall CalcVisMapCLIENT(char *))
       94    ?TILES_loadTiles@@YAXXZ (void __cdecl TILES_loadTiles(void))
       95    ?TILES_displayTile1@@YAXXZ (void __cdecl TILES_displayTile1(void))
       96    ?TILES_debug@@YAXXZ (void __cdecl TILES_debug(void))
       97    ?recv_@@YGHIPADHH@Z (int __stdcall recv_(unsigned int,char *,int,int))
       98    ?CHAT_fixEscape@@YAXXZ (void __cdecl CHAT_fixEscape(void))
       99    ?CHAT_dbg@@YAXXZ (void __cdecl CHAT_dbg(void))
      100    ?NETPROTO_enlargeBuffer@@YAXXZ (void __cdecl NETPROTO_enlargeBuffer(void))
      101    ?NETPROTO_enlargeBuffer2@@YAXXZ (void __cdecl NETPROTO_enlargeBuffer2(void))
      102    ?ITEMPNG_loadPng@@YAXXZ (void __cdecl ITEMPNG_loadPng(void))
      103    ?ITEMPNG_loadPngChar@@YAXXZ (void __cdecl ITEMPNG_loadPngChar(void))
      104    ?GUI_softcoreSwitch@@YAXXZ (void __cdecl GUI_softcoreSwitch(void))
      105    ?GUI_softcoreResetSwitch@@YAXXZ (void __cdecl GUI_softcoreResetSwitch(void))
      106    ?GUI_softcoreSaveSwitch@@YAXXZ (void __cdecl GUI_softcoreSaveSwitch(void))
      107    ?GUI_softcoreEnter@@YAXXZ (void __cdecl GUI_softcoreEnter(void))
      300    ?DBG_load256@@YAXXZ (void __cdecl DBG_load256(void))
               exported name: DBG_load256
      301    ?DBG_disp256@@YAXXZ (void __cdecl DBG_disp256(void))
               exported name: DBG_disp256
      302    ?DBG_di2p256@@YAXXZ (void __cdecl DBG_di2p256(void))
               exported name: DBG_di2p256
      303    ?DBG_di3p256@@YAXXZ (void __cdecl DBG_di3p256(void))
               exported name: DBG_di3p256
      304    ?DBG_decideState@@YAXXZ (void __cdecl DBG_decideState(void))
               exported name: DBG_decideState
