 a2mgr

 Timestamp is 571c6a6d (Sun Apr 24 09:40:45 2016)

 Preferred load address is 10000000

 Start         Length     Name                   Class
 0001:00000000 0004de56H .text                   CODE
 0001:0004de60 00002b1bH .text$x                 CODE
 0001:00050980 000002cfH .text$yc                CODE
 0001:00050c50 00000325H .text$yd                CODE
 0002:00000000 00000288H .idata$5                DATA
 0002:00000288 00000004H .CRT$XCA                DATA
 0002:0000028c 0000000cH .CRT$XCC                DATA
 0002:00000298 00000010H .CRT$XCL                DATA
 0002:000002a8 00000044H .CRT$XCU                DATA
 0002:000002ec 00000004H .CRT$XCZ                DATA
 0002:000002f0 00000004H .CRT$XIA                DATA
 0002:000002f4 00000014H .CRT$XIC                DATA
 0002:00000308 00000004H .CRT$XIY                DATA
 0002:0000030c 00000004H .CRT$XIZ                DATA
 0002:00000310 00000004H .CRT$XPA                DATA
 0002:00000314 00000004H .CRT$XPX                DATA
 0002:00000318 00000004H .CRT$XPXA               DATA
 0002:0000031c 00000004H .CRT$XPZ                DATA
 0002:00000320 00000004H .CRT$XTA                DATA
 0002:00000324 00000004H .CRT$XTB                DATA
 0002:00000328 00000004H .CRT$XTZ                DATA
 0002:00000330 00006070H .rdata                  DATA
 0002:000063a0 000008a8H .rdata$r                DATA
 0002:00006c50 00000300H .rdata$sxdata           DATA
 0002:00006f50 00000004H .rtc$IAA                DATA
 0002:00006f54 00000004H .rtc$IZZ                DATA
 0002:00006f58 00000004H .rtc$TAA                DATA
 0002:00006f5c 00000004H .rtc$TZZ                DATA
 0002:00006f60 00003d7cH .xdata$x                DATA
 0002:0000acdc 00000000H ATL$__a                 DATA
 0002:0000acdc 00000000H ATL$__z                 DATA
 0002:0000acdc 000000a0H .idata$2                DATA
 0002:0000ad7c 00000014H .idata$3                DATA
 0002:0000ad90 00000288H .idata$4                DATA
 0002:0000b018 00000a0eH .idata$6                DATA
 0002:0000ba30 00000550H .edata                  DATA
 0003:00000000 0000209cH .data                   DATA
 0003:000020a0 00016c44H .bss                    DATA

  Address         Publics by Value              Rva+Base       Lib:Object

 0000:00000000       __except_list              00000000     <absolute>
 0000:000000c0       ___safe_se_handler_count   000000c0     <absolute>
 0000:00000000       ___ImageBase               10000000     <linker-defined>
 0001:00000000       ??1bad_alloc@std@@UAE@XZ   10001000 f i a2mgr.obj
 0001:00000010       ??_Gbad_alloc@std@@UAEPAXI@Z 10001010 f i a2mgr.obj
 0001:00000010       ??_Ebad_alloc@std@@UAEPAXI@Z 10001010 f i a2mgr.obj
 0001:00000040       ?compare@?$char_traits@D@std@@SAHPBD0I@Z 10001040 f i a2mgr.obj
 0001:000000f0       ?DirectoryExists@@YAHPBD@Z 100010f0 f   a2mgr.obj
 0001:00000110       ?DllMain_Shutdown@@YGXPAUHINSTANCE__@@KPAX@Z 10001110 f   a2mgr.obj
 0001:00000150       ?_fix_launcher@@YAXXZ      10001150 f   a2mgr.obj
 0001:00000170       ?BASE_setCurrentDirectory1@@YGHPAD@Z 10001170 f   a2mgr.obj
 0001:00000260       ?DumpSHA@@YA?AV?$basic_string@DU?$char_traits@D@std@@V?$allocator@D@2@@std@@QAE@Z 10001260 f   a2mgr.obj
 0001:00000350       ?DllMain_Init@@YG_NPAUHINSTANCE__@@KPAX@Z 10001350 f   a2mgr.obj
 0001:00001000       _DllMain@12                10002000 f   a2mgr.obj
 0001:00001070       ?size@?$vector@V?$basic_string@DU?$char_traits@D@std@@V?$allocator@D@2@@std@@V?$allocator@V?$basic_string@DU?$char_traits@D@std@@V?$allocator@D@2@@std@@@2@@std@@QBEIXZ 10002070 f i a2mgr.obj
 0001:000010a0       ??A?$vector@V?$basic_string@DU?$char_traits@D@std@@V?$allocator@D@2@@std@@V?$allocator@V?$basic_string@DU?$char_traits@D@std@@V?$allocator@D@2@@std@@@2@@std@@QAEAAV?$basic_string@DU?$char_traits@D@std@@V?$allocator@D@2@@1@I@Z 100020a0 f i a2mgr.obj
 0001:000010f0       ?_Myptr@?$basic_string@DU?$char_traits@D@std@@V?$allocator@D@2@@std@@IBEPBDXZ 100020f0 f i a2mgr.obj
 0001:00001100       ??0bad_alloc@std@@QAE@ABV01@@Z 10002100 f i a2mgr.obj
 0001:00001120       ?find_last_of@?$basic_string@DU?$char_traits@D@std@@V?$allocator@D@2@@std@@QBEIPBDII@Z 10002120 f i a2mgr.obj
 0001:000011d0       ?compare@?$basic_string@DU?$char_traits@D@std@@V?$allocator@D@2@@std@@QBEHIIPBDI@Z 100021d0 f i a2mgr.obj
 0001:00001240       ?erase@?$basic_string@DU?$char_traits@D@std@@V?$allocator@D@2@@std@@QAEAAV12@II@Z 10002240 f i a2mgr.obj
 0001:000012d0       ?_Tidy@?$basic_string@DU?$char_traits@D@std@@V?$allocator@D@2@@std@@IAEX_NI@Z 100022d0 f i a2mgr.obj
 0001:00001320       ?_Copy@?$basic_string@DU?$char_traits@D@std@@V?$allocator@D@2@@std@@IAEXII@Z 10002320 f i a2mgr.obj
 0001:00001470       ??$?8DU?$char_traits@D@std@@V?$allocator@D@1@@std@@YA_NABV?$basic_string@DU?$char_traits@D@std@@V?$allocator@D@2@@0@PBD@Z 10002470 f i a2mgr.obj
 0001:000014b0       ??1IPAddress@IPFilter@@QAE@XZ 100024b0 f i socket.obj
 0001:000014b0       ??1?$basic_string@DU?$char_traits@D@std@@V?$allocator@D@2@@std@@QAE@XZ 100024b0 f i a2mgr.obj
 0001:000014e0       ?assign@?$basic_string@DU?$char_traits@D@std@@V?$allocator@D@2@@std@@QAEAAV12@ABV12@II@Z 100024e0 f i a2mgr.obj
 0001:000015c0       ?append@?$basic_string@DU?$char_traits@D@std@@V?$allocator@D@2@@std@@QAEAAV12@ABV12@II@Z 100025c0 f i a2mgr.obj
 0001:000016c0       ?append@?$basic_string@DU?$char_traits@D@std@@V?$allocator@D@2@@std@@QAEAAV12@PBDI@Z 100026c0 f i a2mgr.obj
 0001:000017b0       ?assign@?$basic_string@DU?$char_traits@D@std@@V?$allocator@D@2@@std@@QAEAAV12@PBDI@Z 100027b0 f i a2mgr.obj
 0001:00001880       ??0?$basic_string@DU?$char_traits@D@std@@V?$allocator@D@2@@std@@QAE@ABV01@@Z 10002880 f i a2mgr.obj
 0001:000018b0       ?assign@?$basic_string@DU?$char_traits@D@std@@V?$allocator@D@2@@std@@QAEAAV12@PBD@Z 100028b0 f i a2mgr.obj
 0001:000018e0       ?destroy@?$allocator@V?$basic_string@DU?$char_traits@D@std@@V?$allocator@D@2@@std@@@std@@QAEXPAV?$basic_string@DU?$char_traits@D@std@@V?$allocator@D@2@@2@@Z 100028e0 f i a2mgr.obj
 0001:00001910       ??0?$basic_string@DU?$char_traits@D@std@@V?$allocator@D@2@@std@@QAE@PBD@Z 10002910 f i a2mgr.obj
 0001:00001950       ??$?HDU?$char_traits@D@std@@V?$allocator@D@1@@std@@YA?AV?$basic_string@DU?$char_traits@D@std@@V?$allocator@D@2@@0@ABV10@PBD@Z 10002950 f i a2mgr.obj
 0001:00001a10       ??$_Destroy_range@V?$basic_string@DU?$char_traits@D@std@@V?$allocator@D@2@@std@@V?$allocator@V?$basic_string@DU?$char_traits@D@std@@V?$allocator@D@2@@std@@@2@@std@@YAXPAV?$basic_string@DU?$char_traits@D@std@@V?$allocator@D@2@@0@0AAV?$allocator@V?$basic_string@DU?$char_traits@D@std@@V?$allocator@D@2@@std@@@0@U_Nonscalar_ptr_iterator_tag@0@@Z 10002a10 f i a2mgr.obj
 0001:00001a50       ?_Destroy@?$vector@V?$basic_string@DU?$char_traits@D@std@@V?$allocator@D@2@@std@@V?$allocator@V?$basic_string@DU?$char_traits@D@std@@V?$allocator@D@2@@std@@@2@@std@@IAEXPAV?$basic_string@DU?$char_traits@D@std@@V?$allocator@D@2@@2@0@Z 10002a50 f i a2mgr.obj
 0001:00001a70       ?_Tidy@?$vector@V?$basic_string@DU?$char_traits@D@std@@V?$allocator@D@2@@std@@V?$allocator@V?$basic_string@DU?$char_traits@D@std@@V?$allocator@D@2@@std@@@2@@std@@IAEXXZ 10002a70 f i a2mgr.obj
 0001:00001a70       ??1?$vector@V?$basic_string@DU?$char_traits@D@std@@V?$allocator@D@2@@std@@V?$allocator@V?$basic_string@DU?$char_traits@D@std@@V?$allocator@D@2@@std@@@2@@std@@QAE@XZ 10002a70 f i a2mgr.obj
 0001:00001b00       ?ConsoleProc@@YG_NEH@Z     10002b00 f   add_info.obj
 0001:00001c00       ?ConsoleImpl@@YAXXZ        10002c00 f   add_info.obj
 0001:00001ea0       ?FpsImpl@@YGXKPAUtagRECT@@@Z 10002ea0 f   add_info.obj
 0001:00002190       ?INFO_fps@@YAXXZ           10003190 f   add_info.obj
 0001:000021b0       ?GetFirstName@@YGPADK@Z    100031b0 f   administrat_fix.obj
 0001:00002230       ?GetSecondName@@YGPADK@Z   10003230 f   administrat_fix.obj
 0001:000022c0       ?CheckNickname@@YG_NK@Z    100032c0 f   administrat_fix.obj
 0001:00002330       ?ADMINISTRAT@@YAXXZ        10003330 f   administrat_fix.obj
 0001:000023e0       ?CHAT_wmCharHandler@@YAXXZ 100033e0 f   chat.obj
 0001:00002410       ?conv_double_tilde@@YGPADPAD@Z 10003410 f   chat.obj
 0001:00002450       ?CHAT_tilde0@@YAXXZ        10003450 f   chat.obj
 0001:00002460       ?CHAT_tilde1@@YAXXZ        10003460 f   chat.obj
 0001:00002470       ?CHAT_tilde2@@YAXXZ        10003470 f   chat.obj
 0001:00002480       ?CHAT_convWinToDos@@YAXXZ  10003480 f   chat.obj
 0001:000024c0       ?CHAT_convDosToIdx@@YAXXZ  100034c0 f   chat.obj
 0001:00002500       ?CHAT_logStrings@@YAHPADHH@Z 10003500 f   chat.obj
 0001:00002540       ?chatAddStringCpp@@YGPADPADH@Z 10003540 f   chat.obj
 0001:00002660       ?CHAT_prependType_part1@@YAXXZ 10003660 f   chat.obj
 0001:00002690       ?CHAT_prependType_part2@@YAXXZ 10003690 f   chat.obj
 0001:000026c0       ?IdleProcessing@CWindow@GUI@zxmgr@@SAXXZ 100036c0 f i zxmgr_gui.obj
 0001:000026c0       ??3@YAXPAX0@Z              100036c0 f i chat_history.obj
 0001:000026d0       ?str_empty@@YAXPAPAD@Z     100036d0 f   chat_history.obj
 0001:000026f0       ?str_assign@@YAXPAPADPBD@Z 100036f0 f   chat_history.obj
 0001:00002710       ?str_array_resize@@YAXPADK@Z 10003710 f   chat_history.obj
 0001:00002730       ?consoleTab@@YGXPAX@Z      10003730 f   chat_history.obj
 0001:00002740       ?logOpen@@YGXK@Z           10003740 f   chat_history.obj
 0001:00002760       ?logEscape@@YGXKE@Z        10003760 f   chat_history.obj
 0001:00002770       ?CHAT_fixEscape@@YAXXZ     10003770 f   chat_history.obj
 0001:000027f0       ?CHAT_dbg@@YAXXZ           100037f0 f   chat_history.obj
 0001:00002810       ?setString@@YAKPAD@Z       10003810 f   chat_history.obj
 0001:000029b0       ?consoleDown@@YGKPAD@Z     100039b0 f   chat_history.obj
 0001:00002a10       ?consoleUp@@YGKPAD@Z       10003a10 f   chat_history.obj
 0001:00002a50       ?getStringLastT@@YG?AV?$basic_string@DU?$char_traits@D@std@@V?$allocator@D@2@@std@@XZ 10003a50 f   chat_history.obj
 0001:00002b70       ?getStringLast@@YGXPAPAD@Z 10003b70 f   chat_history.obj
 0001:00002c30       ?CHAT_getMessageLast@@YAXXZ 10003c30 f   chat_history.obj
 0001:00002c40       ?addString@@YAXPAD@Z       10003c40 f   chat_history.obj
 0001:00002d90       ?consoleEnter@@YGKPAD@Z    10003d90 f   chat_history.obj
 0001:00002dc0       ?CHAT_keyDown@@YAXXZ       10003dc0 f   chat_history.obj
 0001:00002e50       ??$_Allocate@V?$vector@V?$basic_string@DU?$char_traits@D@std@@V?$allocator@D@2@@std@@V?$allocator@V?$basic_string@DU?$char_traits@D@std@@V?$allocator@D@2@@std@@@2@@std@@@std@@YAPAV?$vector@V?$basic_string@DU?$char_traits@D@std@@V?$allocator@D@2@@std@@V?$allocator@V?$basic_string@DU?$char_traits@D@std@@V?$allocator@D@2@@std@@@2@@0@IPAV10@@Z 10003e50 f i chat_history.obj
 0001:00002eb0       ??$_Allocate@V?$basic_string@DU?$char_traits@D@std@@V?$allocator@D@2@@std@@@std@@YAPAV?$basic_string@DU?$char_traits@D@std@@V?$allocator@D@2@@0@IPAV10@@Z 10003eb0 f i chat_history.obj
 0001:00002f20       ?what@runtime_error@std@@UBEPBDXZ 10003f20 f i config.obj
 0001:00002f20       ?what@logic_error@std@@UBEPBDXZ 10003f20 f i chat_history.obj
 0001:00002f30       ??$_Copy_opt@PAV?$basic_string@DU?$char_traits@D@std@@V?$allocator@D@2@@std@@PAV12@Uforward_iterator_tag@2@@std@@YAPAV?$basic_string@DU?$char_traits@D@std@@V?$allocator@D@2@@0@PAV10@00Uforward_iterator_tag@0@U_Nonscalar_ptr_iterator_tag@0@U_Range_checked_iterator_tag@0@@Z 10003f30 f i chat_history.obj
 0001:00002f70       ??0logic_error@std@@QAE@ABV?$basic_string@DU?$char_traits@D@std@@V?$allocator@D@2@@1@@Z 10003f70 f i chat_history.obj
 0001:00002fe0       ??1out_of_range@std@@UAE@XZ 10003fe0 f i class_extend.obj
 0001:00002fe0       ??1length_error@std@@UAE@XZ 10003fe0 f i chat_history.obj
 0001:00003020       ??0logic_error@std@@QAE@ABV01@@Z 10004020 f i chat_history.obj
 0001:000030a0       ??0length_error@std@@QAE@ABV01@@Z 100040a0 f i chat_history.obj
 0001:000030c0       ??$_Copy_opt@PAV?$basic_string@DU?$char_traits@D@std@@V?$allocator@D@2@@std@@PAV12@@std@@YAPAV?$basic_string@DU?$char_traits@D@std@@V?$allocator@D@2@@0@PAV10@00Urandom_access_iterator_tag@0@U_Nonscalar_ptr_iterator_tag@0@U_Range_checked_iterator_tag@0@@Z 100040c0 f i chat_history.obj
 0001:00003120       ??$_Uninit_copy@PAV?$basic_string@DU?$char_traits@D@std@@V?$allocator@D@2@@std@@PAV12@V?$allocator@V?$basic_string@DU?$char_traits@D@std@@V?$allocator@D@2@@std@@@2@@std@@YAPAV?$basic_string@DU?$char_traits@D@std@@V?$allocator@D@2@@0@PAV10@00AAV?$allocator@V?$basic_string@DU?$char_traits@D@std@@V?$allocator@D@2@@std@@@0@U_Nonscalar_ptr_iterator_tag@0@U_Range_checked_iterator_tag@0@@Z 10004120 f i chat_history.obj
 0001:00003120       ??$_Uninit_copy@PBV?$basic_string@DU?$char_traits@D@std@@V?$allocator@D@2@@std@@PAV12@V?$allocator@V?$basic_string@DU?$char_traits@D@std@@V?$allocator@D@2@@std@@@2@@std@@YAPAV?$basic_string@DU?$char_traits@D@std@@V?$allocator@D@2@@0@PBV10@0PAV10@AAV?$allocator@V?$basic_string@DU?$char_traits@D@std@@V?$allocator@D@2@@std@@@0@U_Nonscalar_ptr_iterator_tag@0@U_Range_checked_iterator_tag@0@@Z 10004120 f i chat_history.obj
 0001:000031e0       ?_Buy@?$vector@V?$basic_string@DU?$char_traits@D@std@@V?$allocator@D@2@@std@@V?$allocator@V?$basic_string@DU?$char_traits@D@std@@V?$allocator@D@2@@std@@@2@@std@@IAE_NI@Z 100041e0 f i chat_history.obj
 0001:00003240       ??$fill@PAV?$basic_string@DU?$char_traits@D@std@@V?$allocator@D@2@@std@@V12@@std@@YAXPAV?$basic_string@DU?$char_traits@D@std@@V?$allocator@D@2@@0@0ABV10@@Z 10004240 f i chat_history.obj
 0001:00003270       ??$_Uninit_fill_n@PAV?$basic_string@DU?$char_traits@D@std@@V?$allocator@D@2@@std@@IV12@V?$allocator@V?$basic_string@DU?$char_traits@D@std@@V?$allocator@D@2@@std@@@2@@std@@YAXPAV?$basic_string@DU?$char_traits@D@std@@V?$allocator@D@2@@0@IABV10@AAV?$allocator@V?$basic_string@DU?$char_traits@D@std@@V?$allocator@D@2@@std@@@0@U_Nonscalar_ptr_iterator_tag@0@U_Range_checked_iterator_tag@0@@Z 10004270 f i chat_history.obj
 0001:00003330       ??$_Uninit_move@PAV?$basic_string@DU?$char_traits@D@std@@V?$allocator@D@2@@std@@PAV12@V?$allocator@V?$basic_string@DU?$char_traits@D@std@@V?$allocator@D@2@@std@@@2@@std@@YAPAV?$basic_string@DU?$char_traits@D@std@@V?$allocator@D@2@@0@PAV10@00AAV?$allocator@V?$basic_string@DU?$char_traits@D@std@@V?$allocator@D@2@@std@@@0@U_Swap_move_tag@0@U_Range_checked_iterator_tag@0@@Z 10004330 f i chat_history.obj
 0001:00003470       ??$_Move_backward_opt@PAV?$basic_string@DU?$char_traits@D@std@@V?$allocator@D@2@@std@@PAV12@Uforward_iterator_tag@2@@std@@YAPAV?$basic_string@DU?$char_traits@D@std@@V?$allocator@D@2@@0@PAV10@00Uforward_iterator_tag@0@U_Swap_move_tag@0@U_Range_checked_iterator_tag@0@@Z 10004470 f i chat_history.obj
 0001:00003500       ??$unchecked_copy@PAV?$basic_string@DU?$char_traits@D@std@@V?$allocator@D@2@@std@@PAV12@@stdext@@YAPAV?$basic_string@DU?$char_traits@D@std@@V?$allocator@D@2@@std@@PAV12@00@Z 10004500 f i chat_history.obj
 0001:00003530       ??$_Move_backward_opt@PAV?$basic_string@DU?$char_traits@D@std@@V?$allocator@D@2@@std@@PAV12@@std@@YAPAV?$basic_string@DU?$char_traits@D@std@@V?$allocator@D@2@@0@PAV10@00Urandom_access_iterator_tag@0@U_Swap_move_tag@0@U_Range_checked_iterator_tag@0@@Z 10004530 f i chat_history.obj
 0001:00003590       ?erase@?$vector@V?$basic_string@DU?$char_traits@D@std@@V?$allocator@D@2@@std@@V?$allocator@V?$basic_string@DU?$char_traits@D@std@@V?$allocator@D@2@@std@@@2@@std@@QAE?AV?$_Vector_iterator@V?$basic_string@DU?$char_traits@D@std@@V?$allocator@D@2@@std@@V?$allocator@V?$basic_string@DU?$char_traits@D@std@@V?$allocator@D@2@@std@@@2@@2@V32@0@Z 10004590 f i chat_history.obj
 0001:00003600       ??$_Ucopy@PAV?$basic_string@DU?$char_traits@D@std@@V?$allocator@D@2@@std@@@?$vector@V?$basic_string@DU?$char_traits@D@std@@V?$allocator@D@2@@std@@V?$allocator@V?$basic_string@DU?$char_traits@D@std@@V?$allocator@D@2@@std@@@2@@std@@IAEPAV?$basic_string@DU?$char_traits@D@std@@V?$allocator@D@2@@1@PAV21@00@Z 10004600 f i chat_history.obj
 0001:00003630       ?_Ufill@?$vector@V?$basic_string@DU?$char_traits@D@std@@V?$allocator@D@2@@std@@V?$allocator@V?$basic_string@DU?$char_traits@D@std@@V?$allocator@D@2@@std@@@2@@std@@IAEPAV?$basic_string@DU?$char_traits@D@std@@V?$allocator@D@2@@2@PAV32@IABV32@@Z 10004630 f i chat_history.obj
 0001:00003670       ??$_Umove@PAV?$basic_string@DU?$char_traits@D@std@@V?$allocator@D@2@@std@@@?$vector@V?$basic_string@DU?$char_traits@D@std@@V?$allocator@D@2@@std@@V?$allocator@V?$basic_string@DU?$char_traits@D@std@@V?$allocator@D@2@@std@@@2@@std@@IAEPAV?$basic_string@DU?$char_traits@D@std@@V?$allocator@D@2@@1@PAV21@00@Z 10004670 f i chat_history.obj
 0001:000036a0       ??$_Unchecked_move_backward@PAV?$basic_string@DU?$char_traits@D@std@@V?$allocator@D@2@@std@@PAV12@@stdext@@YAPAV?$basic_string@DU?$char_traits@D@std@@V?$allocator@D@2@@std@@PAV12@00@Z 100046a0 f i chat_history.obj
 0001:000036d0       ?clear@?$vector@V?$basic_string@DU?$char_traits@D@std@@V?$allocator@D@2@@std@@V?$allocator@V?$basic_string@DU?$char_traits@D@std@@V?$allocator@D@2@@std@@@2@@std@@QAEXXZ 100046d0 f i chat_history.obj
 0001:00003710       ??0?$vector@V?$basic_string@DU?$char_traits@D@std@@V?$allocator@D@2@@std@@V?$allocator@V?$basic_string@DU?$char_traits@D@std@@V?$allocator@D@2@@std@@@2@@std@@QAE@ABV01@@Z 10004710 f i chat_history.obj
 0001:000037e0       ?_Insert_n@?$vector@V?$basic_string@DU?$char_traits@D@std@@V?$allocator@D@2@@std@@V?$allocator@V?$basic_string@DU?$char_traits@D@std@@V?$allocator@D@2@@std@@@2@@std@@IAEXV?$_Vector_iterator@V?$basic_string@DU?$char_traits@D@std@@V?$allocator@D@2@@std@@V?$allocator@V?$basic_string@DU?$char_traits@D@std@@V?$allocator@D@2@@std@@@2@@2@IABV?$basic_string@DU?$char_traits@D@std@@V?$allocator@D@2@@2@@Z 100047e0 f i chat_history.obj
 0001:00003b40       ??4?$vector@V?$basic_string@DU?$char_traits@D@std@@V?$allocator@D@2@@std@@V?$allocator@V?$basic_string@DU?$char_traits@D@std@@V?$allocator@D@2@@std@@@2@@std@@QAEAAV01@ABV01@@Z 10004b40 f i chat_history.obj
 0001:00003cf0       ?insert@?$vector@V?$basic_string@DU?$char_traits@D@std@@V?$allocator@D@2@@std@@V?$allocator@V?$basic_string@DU?$char_traits@D@std@@V?$allocator@D@2@@std@@@2@@std@@QAE?AV?$_Vector_iterator@V?$basic_string@DU?$char_traits@D@std@@V?$allocator@D@2@@std@@V?$allocator@V?$basic_string@DU?$char_traits@D@std@@V?$allocator@D@2@@std@@@2@@2@V32@ABV?$basic_string@DU?$char_traits@D@std@@V?$allocator@D@2@@2@@Z 10004cf0 f i chat_history.obj
 0001:00003db0       ?push_back@?$vector@V?$basic_string@DU?$char_traits@D@std@@V?$allocator@D@2@@std@@V?$allocator@V?$basic_string@DU?$char_traits@D@std@@V?$allocator@D@2@@std@@@2@@std@@QAEXABV?$basic_string@DU?$char_traits@D@std@@V?$allocator@D@2@@2@@Z 10004db0 f i chat_history.obj
 0001:00003e60       ??$fill@PAV?$vector@V?$basic_string@DU?$char_traits@D@std@@V?$allocator@D@2@@std@@V?$allocator@V?$basic_string@DU?$char_traits@D@std@@V?$allocator@D@2@@std@@@2@@std@@V12@@std@@YAXPAV?$vector@V?$basic_string@DU?$char_traits@D@std@@V?$allocator@D@2@@std@@V?$allocator@V?$basic_string@DU?$char_traits@D@std@@V?$allocator@D@2@@std@@@2@@0@0ABV10@@Z 10004e60 f i chat_history.obj
 0001:00003e90       ?destroy@?$allocator@V?$vector@V?$basic_string@DU?$char_traits@D@std@@V?$allocator@D@2@@std@@V?$allocator@V?$basic_string@DU?$char_traits@D@std@@V?$allocator@D@2@@std@@@2@@std@@@std@@QAEXPAV?$vector@V?$basic_string@DU?$char_traits@D@std@@V?$allocator@D@2@@std@@V?$allocator@V?$basic_string@DU?$char_traits@D@std@@V?$allocator@D@2@@std@@@2@@2@@Z 10004e90 f i chat_history.obj
 0001:00003ee0       ??$_Uninit_move@PAV?$vector@V?$basic_string@DU?$char_traits@D@std@@V?$allocator@D@2@@std@@V?$allocator@V?$basic_string@DU?$char_traits@D@std@@V?$allocator@D@2@@std@@@2@@std@@PAV12@V?$allocator@V?$vector@V?$basic_string@DU?$char_traits@D@std@@V?$allocator@D@2@@std@@V?$allocator@V?$basic_string@DU?$char_traits@D@std@@V?$allocator@D@2@@std@@@2@@std@@@2@@std@@YAPAV?$vector@V?$basic_string@DU?$char_traits@D@std@@V?$allocator@D@2@@std@@V?$allocator@V?$basic_string@DU?$char_traits@D@std@@V?$allocator@D@2@@std@@@2@@0@PAV10@00AAV?$allocator@V?$vector@V?$basic_string@DU?$char_traits@D@std@@V?$allocator@D@2@@std@@V?$allocator@V?$basic_string@DU?$char_traits@D@std@@V?$allocator@D@2@@std@@@2@@std@@@0@U_Swap_move_tag@0@U_Range_checked_iterator_tag@0@@Z 10004ee0 f i chat_history.obj
 0001:00003fe0       ??$_Move_backward_opt@PAV?$vector@V?$basic_string@DU?$char_traits@D@std@@V?$allocator@D@2@@std@@V?$allocator@V?$basic_string@DU?$char_traits@D@std@@V?$allocator@D@2@@std@@@2@@std@@PAV12@Uforward_iterator_tag@2@@std@@YAPAV?$vector@V?$basic_string@DU?$char_traits@D@std@@V?$allocator@D@2@@std@@V?$allocator@V?$basic_string@DU?$char_traits@D@std@@V?$allocator@D@2@@std@@@2@@0@PAV10@00Uforward_iterator_tag@0@U_Swap_move_tag@0@U_Range_checked_iterator_tag@0@@Z 10004fe0 f i chat_history.obj
 0001:00004030       ??$_Uninit_fill_n@PAV?$vector@V?$basic_string@DU?$char_traits@D@std@@V?$allocator@D@2@@std@@V?$allocator@V?$basic_string@DU?$char_traits@D@std@@V?$allocator@D@2@@std@@@2@@std@@IV12@V?$allocator@V?$vector@V?$basic_string@DU?$char_traits@D@std@@V?$allocator@D@2@@std@@V?$allocator@V?$basic_string@DU?$char_traits@D@std@@V?$allocator@D@2@@std@@@2@@std@@@2@@std@@YAXPAV?$vector@V?$basic_string@DU?$char_traits@D@std@@V?$allocator@D@2@@std@@V?$allocator@V?$basic_string@DU?$char_traits@D@std@@V?$allocator@D@2@@std@@@2@@0@IABV10@AAV?$allocator@V?$vector@V?$basic_string@DU?$char_traits@D@std@@V?$allocator@D@2@@std@@V?$allocator@V?$basic_string@DU?$char_traits@D@std@@V?$allocator@D@2@@std@@@2@@std@@@0@U_Nonscalar_ptr_iterator_tag@0@U_Range_checked_iterator_tag@0@@Z 10005030 f i chat_history.obj
 0001:000040e0       ??$_Destroy_range@V?$vector@V?$basic_string@DU?$char_traits@D@std@@V?$allocator@D@2@@std@@V?$allocator@V?$basic_string@DU?$char_traits@D@std@@V?$allocator@D@2@@std@@@2@@std@@V?$allocator@V?$vector@V?$basic_string@DU?$char_traits@D@std@@V?$allocator@D@2@@std@@V?$allocator@V?$basic_string@DU?$char_traits@D@std@@V?$allocator@D@2@@std@@@2@@std@@@2@@std@@YAXPAV?$vector@V?$basic_string@DU?$char_traits@D@std@@V?$allocator@D@2@@std@@V?$allocator@V?$basic_string@DU?$char_traits@D@std@@V?$allocator@D@2@@std@@@2@@0@0AAV?$allocator@V?$vector@V?$basic_string@DU?$char_traits@D@std@@V?$allocator@D@2@@std@@V?$allocator@V?$basic_string@DU?$char_traits@D@std@@V?$allocator@D@2@@std@@@2@@std@@@0@U_Nonscalar_ptr_iterator_tag@0@@Z 100050e0 f i chat_history.obj
 0001:00004130       ??$_Umove@PAV?$vector@V?$basic_string@DU?$char_traits@D@std@@V?$allocator@D@2@@std@@V?$allocator@V?$basic_string@DU?$char_traits@D@std@@V?$allocator@D@2@@std@@@2@@std@@@?$vector@V?$vector@V?$basic_string@DU?$char_traits@D@std@@V?$allocator@D@2@@std@@V?$allocator@V?$basic_string@DU?$char_traits@D@std@@V?$allocator@D@2@@std@@@2@@std@@V?$allocator@V?$vector@V?$basic_string@DU?$char_traits@D@std@@V?$allocator@D@2@@std@@V?$allocator@V?$basic_string@DU?$char_traits@D@std@@V?$allocator@D@2@@std@@@2@@std@@@2@@std@@IAEPAV?$vector@V?$basic_string@DU?$char_traits@D@std@@V?$allocator@D@2@@std@@V?$allocator@V?$basic_string@DU?$char_traits@D@std@@V?$allocator@D@2@@std@@@2@@1@PAV21@00@Z 10005130 f i chat_history.obj
 0001:00004160       ??$_Unchecked_move_backward@PAV?$vector@V?$basic_string@DU?$char_traits@D@std@@V?$allocator@D@2@@std@@V?$allocator@V?$basic_string@DU?$char_traits@D@std@@V?$allocator@D@2@@std@@@2@@std@@PAV12@@stdext@@YAPAV?$vector@V?$basic_string@DU?$char_traits@D@std@@V?$allocator@D@2@@std@@V?$allocator@V?$basic_string@DU?$char_traits@D@std@@V?$allocator@D@2@@std@@@2@@std@@PAV12@00@Z 10005160 f i chat_history.obj
 0001:000041a0       ?_Ufill@?$vector@V?$vector@V?$basic_string@DU?$char_traits@D@std@@V?$allocator@D@2@@std@@V?$allocator@V?$basic_string@DU?$char_traits@D@std@@V?$allocator@D@2@@std@@@2@@std@@V?$allocator@V?$vector@V?$basic_string@DU?$char_traits@D@std@@V?$allocator@D@2@@std@@V?$allocator@V?$basic_string@DU?$char_traits@D@std@@V?$allocator@D@2@@std@@@2@@std@@@2@@std@@IAEPAV?$vector@V?$basic_string@DU?$char_traits@D@std@@V?$allocator@D@2@@std@@V?$allocator@V?$basic_string@DU?$char_traits@D@std@@V?$allocator@D@2@@std@@@2@@2@PAV32@IABV32@@Z 100051a0 f i chat_history.obj
 0001:000041e0       ?_Destroy@?$vector@V?$vector@V?$basic_string@DU?$char_traits@D@std@@V?$allocator@D@2@@std@@V?$allocator@V?$basic_string@DU?$char_traits@D@std@@V?$allocator@D@2@@std@@@2@@std@@V?$allocator@V?$vector@V?$basic_string@DU?$char_traits@D@std@@V?$allocator@D@2@@std@@V?$allocator@V?$basic_string@DU?$char_traits@D@std@@V?$allocator@D@2@@std@@@2@@std@@@2@@std@@IAEXPAV?$vector@V?$basic_string@DU?$char_traits@D@std@@V?$allocator@D@2@@std@@V?$allocator@V?$basic_string@DU?$char_traits@D@std@@V?$allocator@D@2@@std@@@2@@2@0@Z 100051e0 f i chat_history.obj
 0001:00004200       ?_Insert_n@?$vector@V?$vector@V?$basic_string@DU?$char_traits@D@std@@V?$allocator@D@2@@std@@V?$allocator@V?$basic_string@DU?$char_traits@D@std@@V?$allocator@D@2@@std@@@2@@std@@V?$allocator@V?$vector@V?$basic_string@DU?$char_traits@D@std@@V?$allocator@D@2@@std@@V?$allocator@V?$basic_string@DU?$char_traits@D@std@@V?$allocator@D@2@@std@@@2@@std@@@2@@std@@IAEXV?$_Vector_iterator@V?$vector@V?$basic_string@DU?$char_traits@D@std@@V?$allocator@D@2@@std@@V?$allocator@V?$basic_string@DU?$char_traits@D@std@@V?$allocator@D@2@@std@@@2@@std@@V?$allocator@V?$vector@V?$basic_string@DU?$char_traits@D@std@@V?$allocator@D@2@@std@@V?$allocator@V?$basic_string@DU?$char_traits@D@std@@V?$allocator@D@2@@std@@@2@@std@@@2@@2@IABV?$vector@V?$basic_string@DU?$char_traits@D@std@@V?$allocator@D@2@@std@@V?$allocator@V?$basic_string@DU?$char_traits@D@std@@V?$allocator@D@2@@std@@@2@@2@@Z 10005200 f i chat_history.obj
 0001:000044a0       ?insert@?$vector@V?$vector@V?$basic_string@DU?$char_traits@D@std@@V?$allocator@D@2@@std@@V?$allocator@V?$basic_string@DU?$char_traits@D@std@@V?$allocator@D@2@@std@@@2@@std@@V?$allocator@V?$vector@V?$basic_string@DU?$char_traits@D@std@@V?$allocator@D@2@@std@@V?$allocator@V?$basic_string@DU?$char_traits@D@std@@V?$allocator@D@2@@std@@@2@@std@@@2@@std@@QAE?AV?$_Vector_iterator@V?$vector@V?$basic_string@DU?$char_traits@D@std@@V?$allocator@D@2@@std@@V?$allocator@V?$basic_string@DU?$char_traits@D@std@@V?$allocator@D@2@@std@@@2@@std@@V?$allocator@V?$vector@V?$basic_string@DU?$char_traits@D@std@@V?$allocator@D@2@@std@@V?$allocator@V?$basic_string@DU?$char_traits@D@std@@V?$allocator@D@2@@std@@@2@@std@@@2@@2@V32@ABV?$vector@V?$basic_string@DU?$char_traits@D@std@@V?$allocator@D@2@@std@@V?$allocator@V?$basic_string@DU?$char_traits@D@std@@V?$allocator@D@2@@std@@@2@@2@@Z 100054a0 f i chat_history.obj
 0001:00004530       ?push_back@?$vector@V?$vector@V?$basic_string@DU?$char_traits@D@std@@V?$allocator@D@2@@std@@V?$allocator@V?$basic_string@DU?$char_traits@D@std@@V?$allocator@D@2@@std@@@2@@std@@V?$allocator@V?$vector@V?$basic_string@DU?$char_traits@D@std@@V?$allocator@D@2@@std@@V?$allocator@V?$basic_string@DU?$char_traits@D@std@@V?$allocator@D@2@@std@@@2@@std@@@2@@std@@QAEXABV?$vector@V?$basic_string@DU?$char_traits@D@std@@V?$allocator@D@2@@std@@V?$allocator@V?$basic_string@DU?$char_traits@D@std@@V?$allocator@D@2@@std@@@2@@2@@Z 10005530 f i chat_history.obj
 0001:000045c0       ?_Max@?$_Tree@V?$_Tmap_traits@PAXPAXU?$less@PAX@std@@V?$allocator@U?$pair@QAXPAX@std@@@2@$0A@@std@@@std@@KAPAU_Node@?$_Tree_nod@V?$_Tmap_traits@PAXPAXU?$less@PAX@std@@V?$allocator@U?$pair@QAXPAX@std@@@2@$0A@@std@@@2@PAU342@@Z 100055c0 f i class_extend.obj
 0001:000045e0       ?_Min@?$_Tree@V?$_Tmap_traits@PAXPAXU?$less@PAX@std@@V?$allocator@U?$pair@QAXPAX@std@@@2@$0A@@std@@@std@@KAPAU_Node@?$_Tree_nod@V?$_Tmap_traits@PAXPAXU?$less@PAX@std@@V?$allocator@U?$pair@QAXPAX@std@@@2@$0A@@std@@@2@PAU342@@Z 100055e0 f i class_extend.obj
 0001:00004600       ?_Rrotate@?$_Tree@V?$_Tmap_traits@PAXPAXU?$less@PAX@std@@V?$allocator@U?$pair@QAXPAX@std@@@2@$0A@@std@@@std@@IAEXPAU_Node@?$_Tree_nod@V?$_Tmap_traits@PAXPAXU?$less@PAX@std@@V?$allocator@U?$pair@QAXPAX@std@@@2@$0A@@std@@@2@@Z 10005600 f i class_extend.obj
 0001:00004660       ?_Inc@const_iterator@?$_Tree@V?$_Tmap_traits@PAXPAXU?$less@PAX@std@@V?$allocator@U?$pair@QAXPAX@std@@@2@$0A@@std@@@std@@QAEXXZ 10005660 f i class_extend.obj
 0001:000046d0       ?_Dec@const_iterator@?$_Tree@V?$_Tmap_traits@PAXPAXU?$less@PAX@std@@V?$allocator@U?$pair@QAXPAX@std@@@2@$0A@@std@@@std@@QAEXXZ 100056d0 f i class_extend.obj
 0001:00004760       ?_Lrotate@?$_Tree@V?$_Tmap_traits@PAXPAXU?$less@PAX@std@@V?$allocator@U?$pair@QAXPAX@std@@@2@$0A@@std@@@std@@IAEXPAU_Node@?$_Tree_nod@V?$_Tmap_traits@PAXPAXU?$less@PAX@std@@V?$allocator@U?$pair@QAXPAX@std@@@2@$0A@@std@@@2@@Z 10005760 f i class_extend.obj
 0001:000047b0       ?_Erase@?$_Tree@V?$_Tmap_traits@PAXPAXU?$less@PAX@std@@V?$allocator@U?$pair@QAXPAX@std@@@2@$0A@@std@@@std@@IAEXPAU_Node@?$_Tree_nod@V?$_Tmap_traits@PAXPAXU?$less@PAX@std@@V?$allocator@U?$pair@QAXPAX@std@@@2@$0A@@std@@@2@@Z 100057b0 f i class_extend.obj
 0001:000047f0       ?_Buynode@?$_Tree@V?$_Tmap_traits@PAXPAXU?$less@PAX@std@@V?$allocator@U?$pair@QAXPAX@std@@@2@$0A@@std@@@std@@IAEPAU_Node@?$_Tree_nod@V?$_Tmap_traits@PAXPAXU?$less@PAX@std@@V?$allocator@U?$pair@QAXPAX@std@@@2@$0A@@std@@@2@XZ 100057f0 f i class_extend.obj
 0001:00004830       ?_Buynode@?$_Tree@V?$_Tmap_traits@PAXPAXU?$less@PAX@std@@V?$allocator@U?$pair@QAXPAX@std@@@2@$0A@@std@@@std@@IAEPAU_Node@?$_Tree_nod@V?$_Tmap_traits@PAXPAXU?$less@PAX@std@@V?$allocator@U?$pair@QAXPAX@std@@@2@$0A@@std@@@2@PAU342@00ABU?$pair@QAXPAX@2@D@Z 10005830 f i class_extend.obj
 0001:00004870       ?GetAssociated@@YGPAXPAX@Z 10005870 f   class_extend.obj
 0001:00004920       ?FreeAssociated@@YGXPAX@Z  10005920 f   class_extend.obj
 0001:000049f0       ?AssociateObject@@YGXPAX0@Z 100059f0 f   class_extend.obj
 0001:00004a40       ??_Elogic_error@std@@UAEPAXI@Z 10005a40 f i chat_history.obj
 0001:00004a40       ??_Elength_error@std@@UAEPAXI@Z 10005a40 f i chat_history.obj
 0001:00004a40       ??_Glogic_error@std@@UAEPAXI@Z 10005a40 f i chat_history.obj
 0001:00004a40       ??_Glength_error@std@@UAEPAXI@Z 10005a40 f i chat_history.obj
 0001:00004a40       ??_Gout_of_range@std@@UAEPAXI@Z 10005a40 f i class_extend.obj
 0001:00004a40       ??_Eout_of_range@std@@UAEPAXI@Z 10005a40 f i class_extend.obj
 0001:00004a90       ?_Insert@?$_Tree@V?$_Tmap_traits@PAXPAXU?$less@PAX@std@@V?$allocator@U?$pair@QAXPAX@std@@@2@$0A@@std@@@std@@IAE?AViterator@12@_NPAU_Node@?$_Tree_nod@V?$_Tmap_traits@PAXPAXU?$less@PAX@std@@V?$allocator@U?$pair@QAXPAX@std@@@2@$0A@@std@@@2@ABU?$pair@QAXPAX@2@@Z 10005a90 f i class_extend.obj
 0001:00004c90       ?erase@?$_Tree@V?$_Tmap_traits@PAXPAXU?$less@PAX@std@@V?$allocator@U?$pair@QAXPAX@std@@@2@$0A@@std@@@std@@QAE?AViterator@12@V312@@Z 10005c90 f i class_extend.obj
 0001:00004f50       ??0out_of_range@std@@QAE@ABV01@@Z 10005f50 f i class_extend.obj
 0001:00004f70       ?insert@?$_Tree@V?$_Tmap_traits@PAXPAXU?$less@PAX@std@@V?$allocator@U?$pair@QAXPAX@std@@@2@$0A@@std@@@std@@QAE?AU?$pair@Viterator@?$_Tree@V?$_Tmap_traits@PAXPAXU?$less@PAX@std@@V?$allocator@U?$pair@QAXPAX@std@@@2@$0A@@std@@@std@@_N@2@ABU?$pair@QAXPAX@2@@Z 10005f70 f i class_extend.obj
 0001:00005030       ?erase@?$_Tree@V?$_Tmap_traits@PAXPAXU?$less@PAX@std@@V?$allocator@U?$pair@QAXPAX@std@@@2@$0A@@std@@@std@@QAE?AViterator@12@V312@0@Z 10006030 f i class_extend.obj
 0001:00005100       ?insert@?$_Tree@V?$_Tmap_traits@PAXPAXU?$less@PAX@std@@V?$allocator@U?$pair@QAXPAX@std@@@2@$0A@@std@@@std@@QAE?AViterator@12@V312@ABU?$pair@QAXPAX@2@@Z 10006100 f i class_extend.obj
 0001:000052c0       ??A?$map@PAXPAXU?$less@PAX@std@@V?$allocator@U?$pair@QAXPAX@std@@@2@@std@@QAEAAPAXABQAX@Z 100062c0 f i class_extend.obj
 0001:00005340       ?CEMapObject_Copy@@YAXPAUCEMapObject@@0@Z 10006340 f   class_mapobject.obj
 0001:00005350       ?iCMapObject_CopyConstruct@@YAXXZ 10006350 f   class_mapobject.obj
 0001:00005370       ??0CEMapObject@@QAE@XZ     10006370 f   class_mapobject.obj
 0001:000053e0       ??1CEMapObject@@UAE@XZ     100063e0 f   class_mapobject.obj
 0001:00005480       ?CEMapObject_Create@@YGPAUCEMapObject@@XZ 10006480 f   class_mapobject.obj
 0001:000054f0       ?iCMapObject_Construct@@YAXXZ 100064f0 f   class_mapobject.obj
 0001:00005530       ??_GCEMapObject@@UAEPAXI@Z 10006530 f i class_mapobject.obj
 0001:00005530       ??_ECEMapObject@@UAEPAXI@Z 10006530 f i class_mapobject.obj
 0001:00005550       ?CCMD_processCommand@@YAXPBD@Z 10006550 f   client_cmd.obj
 0001:00005560       ?_Incref@facet@locale@std@@QAEXXZ 10006560 f i config.obj
 0001:00005590       ?_Decref@facet@locale@std@@QAEPAV123@XZ 10006590 f i config.obj
 0001:000055d0       ??1locale@std@@QAE@XZ      100065d0 f i config.obj
 0001:00005620       ??_Gfacet@locale@std@@UAEPAXI@Z 10006620 f i config.obj
 0001:00005620       ??_G?$codecvt@DDH@std@@MAEPAXI@Z 10006620 f i config.obj
 0001:00005620       ??_E?$codecvt@DDH@std@@MAEPAXI@Z 10006620 f i config.obj
 0001:00005620       ??_Efacet@locale@std@@UAEPAXI@Z 10006620 f i config.obj
 0001:00005640       ?do_always_noconv@codecvt_base@std@@MBE_NXZ 10006640 f i config.obj
 0001:00005650       ?do_max_length@codecvt_base@std@@MBEHXZ 10006650 f i config.obj
 0001:00005650       ?do_encoding@codecvt_base@std@@MBEHXZ 10006650 f i config.obj
 0001:00005660       ??1ctype_base@std@@UAE@XZ  10006660 f i config.obj
 0001:00005660       ??1codecvt_base@std@@UAE@XZ 10006660 f i config.obj
 0001:00005660       ??1facet@locale@std@@UAE@XZ 10006660 f i config.obj
 0001:00005670       ?getloc@ios_base@std@@QBE?AVlocale@2@XZ 10006670 f i config.obj
 0001:000056b0       ??_Eios_base@std@@UAEPAXI@Z 100066b0 f i config.obj
 0001:000056b0       ??_Gios_base@std@@UAEPAXI@Z 100066b0 f i config.obj
 0001:000056b0       ??_G?$basic_ios@DU?$char_traits@D@std@@@std@@UAEPAXI@Z 100066b0 f i config.obj
 0001:000056b0       ??_E?$basic_ios@DU?$char_traits@D@std@@@std@@UAEPAXI@Z 100066b0 f i config.obj
 0001:000056e0       ??1?$basic_ios@DU?$char_traits@D@std@@@std@@UAE@XZ 100066e0 f i config.obj
 0001:000056f0       ??1?$basic_istream@DU?$char_traits@D@std@@@std@@UAE@XZ 100066f0 f i config.obj
 0001:00005700       ?_Gnavail@?$basic_streambuf@DU?$char_traits@D@std@@@std@@IBEHXZ 10006700 f i config.obj
 0001:00005720       ?_Chassign@?$basic_string@DU?$char_traits@D@std@@V?$allocator@D@2@@std@@IAEXIID@Z 10006720 f i config.obj
 0001:00005780       ?getloc@?$basic_streambuf@DU?$char_traits@D@std@@@std@@QBE?AVlocale@2@XZ 10006780 f i config.obj
 0001:000057c0       ??1sentry@?$basic_istream@DU?$char_traits@D@std@@@std@@QAE@XZ 100067c0 f i config.obj
 0001:000057c0       ??1_Sentry_base@?$basic_istream@DU?$char_traits@D@std@@@std@@QAE@XZ 100067c0 f i config.obj
 0001:000057c0       ??1_Sentry_base@?$basic_ostream@DU?$char_traits@D@std@@@std@@QAE@XZ 100067c0 f i serialize.obj
 0001:000057e0       ??1?$basic_streambuf@DU?$char_traits@D@std@@@std@@UAE@XZ 100067e0 f i config.obj
 0001:00005860       ?pbackfail@?$basic_streambuf@DU?$char_traits@D@std@@@std@@MAEHH@Z 10006860 f i config.obj
 0001:00005860       ?overflow@?$basic_streambuf@DU?$char_traits@D@std@@@std@@MAEHH@Z 10006860 f i config.obj
 0001:00005870       ?underflow@?$basic_streambuf@DU?$char_traits@D@std@@@std@@MAEHXZ 10006870 f i config.obj
 0001:00005880       ?xsgetn@?$basic_streambuf@DU?$char_traits@D@std@@@std@@MAEHPADH@Z 10006880 f i config.obj
 0001:000058a0       ?setbuf@?$basic_streambuf@DU?$char_traits@D@std@@@std@@MAEPAV12@PADH@Z 100068a0 f i config.obj
 0001:000058b0       ?imbue@?$basic_streambuf@DU?$char_traits@D@std@@@std@@MAEXABVlocale@2@@Z 100068b0 f i config.obj
 0001:000058c0       ?_Pnavail@?$basic_streambuf@DU?$char_traits@D@std@@@std@@IBEHXZ 100068c0 f i config.obj
 0001:000058e0       ?uflow@?$basic_streambuf@DU?$char_traits@D@std@@@std@@MAEHXZ 100068e0 f i config.obj
 0001:00005910       ?seekoff@?$basic_streambuf@DU?$char_traits@D@std@@@std@@MAE?AV?$fpos@H@2@JHH@Z 10006910 f i config.obj
 0001:00005930       ?seekpos@?$basic_streambuf@DU?$char_traits@D@std@@@std@@MAE?AV?$fpos@H@2@V32@H@Z 10006930 f i config.obj
 0001:00005950       ??_E?$basic_istream@DU?$char_traits@D@std@@@std@@UAEPAXI@Z 10006950 f i config.obj
 0001:00005950       ??_G?$basic_istream@DU?$char_traits@D@std@@@std@@UAEPAXI@Z 10006950 f i config.obj
 0001:00005990       ??_G?$basic_streambuf@DU?$char_traits@D@std@@@std@@UAEPAXI@Z 10006990 f i config.obj
 0001:00005990       ??_E?$basic_streambuf@DU?$char_traits@D@std@@@std@@UAEPAXI@Z 10006990 f i config.obj
 0001:000059b0       ?find@?$basic_string@DU?$char_traits@D@std@@V?$allocator@D@2@@std@@QBEIPBDII@Z 100069b0 f i config.obj
 0001:00005a70       ?find_first_of@?$basic_string@DU?$char_traits@D@std@@V?$allocator@D@2@@std@@QBEIPBDII@Z 10006a70 f i config.obj
 0001:00005b00       ??D?$_String_iterator@DU?$char_traits@D@std@@V?$allocator@D@2@@std@@QBEAADXZ 10006b00 f i config.obj
 0001:00005b40       ?_Init@?$basic_streambuf@DU?$char_traits@D@std@@@std@@IAEXXZ 10006b40 f i config.obj
 0001:00005ba0       ??0?$_String_const_iterator@DU?$char_traits@D@std@@V?$allocator@D@2@@std@@QAE@PBDPBU_Container_base@1@@Z 10006ba0 f i config.obj
 0001:00005c00       ?find@?$basic_string@DU?$char_traits@D@std@@V?$allocator@D@2@@std@@QBEIPBDI@Z 10006c00 f i config.obj
 0001:00005c30       ?snextc@?$basic_streambuf@DU?$char_traits@D@std@@@std@@QAEHXZ 10006c30 f i config.obj
 0001:00005cb0       ?_Xsgetn_s@?$basic_streambuf@DU?$char_traits@D@std@@@std@@MAEHPADIH@Z 10006cb0 f i config.obj
 0001:00005d50       ?xsputn@?$basic_streambuf@DU?$char_traits@D@std@@@std@@MAEHPBDH@Z 10006d50 f i config.obj
 0001:00005df0       ??0?$basic_streambuf@DU?$char_traits@D@std@@@std@@IAE@XZ 10006df0 f i config.obj
 0001:00005ea0       ?begin@?$basic_string@DU?$char_traits@D@std@@V?$allocator@D@2@@std@@QAE?AV?$_String_iterator@DU?$char_traits@D@std@@V?$allocator@D@2@@2@XZ 10006ea0 f i config.obj
 0001:00005ee0       ??$_Fputc@D@std@@YA_NDPAU_iobuf@@@Z 10006ee0 f i config.obj
 0001:00005f00       ?sync@?$basic_filebuf@DU?$char_traits@D@std@@@std@@MAEHXZ 10006f00 f i config.obj
 0001:00005f30       ?pbackfail@?$basic_filebuf@DU?$char_traits@D@std@@@std@@MAEHH@Z 10006f30 f i config.obj
 0001:00005fa0       ?underflow@?$basic_filebuf@DU?$char_traits@D@std@@@std@@MAEHXZ 10006fa0 f i config.obj
 0001:00005ff0       ?setbuf@?$basic_filebuf@DU?$char_traits@D@std@@@std@@MAEPAV?$basic_streambuf@DU?$char_traits@D@std@@@2@PADH@Z 10006ff0 f i config.obj
 0001:00006080       ??_Gfailure@ios_base@std@@UAEPAXI@Z 10007080 f i config.obj
 0001:00006080       ??_Efailure@ios_base@std@@UAEPAXI@Z 10007080 f i config.obj
 0001:00006080       ??_Eruntime_error@std@@UAEPAXI@Z 10007080 f i config.obj
 0001:00006080       ??_Gruntime_error@std@@UAEPAXI@Z 10007080 f i config.obj
 0001:000060d0       ??1_Locinfo@std@@QAE@XZ    100070d0 f i config.obj
 0001:000061b0       ?append@?$basic_string@DU?$char_traits@D@std@@V?$allocator@D@2@@std@@QAEAAV12@ID@Z 100071b0 f i config.obj
 0001:00006260       ?uflow@?$basic_filebuf@DU?$char_traits@D@std@@@std@@MAEHXZ 10007260 f i config.obj
 0001:000065c0       ?_Endwrite@?$basic_filebuf@DU?$char_traits@D@std@@@std@@IAE_NXZ 100075c0 f i config.obj
 0001:000068e0       ??0runtime_error@std@@QAE@ABV?$basic_string@DU?$char_traits@D@std@@V?$allocator@D@2@@1@@Z 100078e0 f i config.obj
 0001:00006950       ??1runtime_error@std@@UAE@XZ 10007950 f i config.obj
 0001:00006950       ??1failure@ios_base@std@@UAE@XZ 10007950 f i config.obj
 0001:00006990       ?overflow@?$basic_filebuf@DU?$char_traits@D@std@@@std@@MAEHH@Z 10007990 f i config.obj
 0001:00006d60       ?seekoff@?$basic_filebuf@DU?$char_traits@D@std@@@std@@MAE?AV?$fpos@H@2@JHH@Z 10007d60 f i config.obj
 0001:00006e40       ?seekpos@?$basic_filebuf@DU?$char_traits@D@std@@@std@@MAE?AV?$fpos@H@2@V32@H@Z 10007e40 f i config.obj
 0001:00006f30       ?close@?$basic_filebuf@DU?$char_traits@D@std@@@std@@QAEPAV12@XZ 10007f30 f i config.obj
 0001:00006f80       ??0_Locinfo@std@@QAE@PBD@Z 10007f80 f i config.obj
 0001:00007050       ??0runtime_error@std@@QAE@ABV01@@Z 10008050 f i config.obj
 0001:000070d0       ??0?$ctype@D@std@@QAE@PBF_NI@Z 100080d0 f i config.obj
 0001:000071d0       ?do_tolower@?$ctype@D@std@@MBEDD@Z 100081d0 f i config.obj
 0001:000071f0       ?do_tolower@?$ctype@D@std@@MBEPBDPADPBD@Z 100081f0 f i config.obj
 0001:00007220       ?do_toupper@?$ctype@D@std@@MBEDD@Z 10008220 f i config.obj
 0001:00007240       ?do_toupper@?$ctype@D@std@@MBEPBDPADPBD@Z 10008240 f i config.obj
 0001:00007270       ?do_widen@?$ctype@D@std@@MBEDD@Z 10008270 f i config.obj
 0001:00007280       ?do_widen@?$ctype@D@std@@MBEPBDPBD0PAD@Z 10008280 f i config.obj
 0001:000072b0       ?_Do_widen_s@?$ctype@D@std@@MBEPBDPBD0PADI@Z 100082b0 f i config.obj
 0001:000072f0       ?do_narrow@?$ctype@D@std@@MBEDDD@Z 100082f0 f i config.obj
 0001:00007300       ?do_narrow@?$ctype@D@std@@MBEPBDPBD0DPAD@Z 10008300 f i config.obj
 0001:00007330       ?_Do_narrow_s@?$ctype@D@std@@MBEPBDPBD0DPADI@Z 10008330 f i config.obj
 0001:00007370       ??_G?$ctype@D@std@@MAEPAXI@Z 10008370 f i config.obj
 0001:00007370       ??_E?$ctype@D@std@@MAEPAXI@Z 10008370 f i config.obj
 0001:000073c0       ?_Getcat@?$ctype@D@std@@SAIPAPBVfacet@locale@2@@Z 100083c0 f i config.obj
 0001:00007440       ?clear@ios_base@std@@QAEXH_N@Z 10008440 f i config.obj
 0001:00007570       ??0failure@ios_base@std@@QAE@ABV012@@Z 10008570 f i config.obj
 0001:00007590       ?_Init@ios_base@std@@IAEXXZ 10008590 f i config.obj
 0001:00007610       ??1?$basic_filebuf@DU?$char_traits@D@std@@@std@@UAE@XZ 10008610 f i config.obj
 0001:00007680       ??1?$basic_ifstream@DU?$char_traits@D@std@@@std@@UAE@XZ 10008680 f i config.obj
 0001:000076f0       ??_G?$basic_filebuf@DU?$char_traits@D@std@@@std@@UAEPAXI@Z 100086f0 f i config.obj
 0001:000076f0       ??_E?$basic_filebuf@DU?$char_traits@D@std@@@std@@UAEPAXI@Z 100086f0 f i config.obj
 0001:00007710       ??$use_facet@V?$ctype@D@std@@@std@@YAABV?$ctype@D@0@ABVlocale@0@@Z 10008710 f i config.obj
 0001:00007840       ??0?$codecvt@DDH@std@@QAE@I@Z 10008840 f i config.obj
 0001:000078d0       ?do_in@?$codecvt@DDH@std@@MBEHAAHPBD1AAPBDPAD3AAPAD@Z 100088d0 f i config.obj
 0001:000078d0       ?do_out@?$codecvt@DDH@std@@MBEHAAHPBD1AAPBDPAD3AAPAD@Z 100088d0 f i config.obj
 0001:000078f0       ?do_unshift@?$codecvt@DDH@std@@MBEHAAHPAD1AAPAD@Z 100088f0 f i config.obj
 0001:00007910       ?do_length@?$codecvt@DDH@std@@MBEHABHPBD1I@Z 10008910 f i config.obj
 0001:00007930       ??_D?$basic_ifstream@DU?$char_traits@D@std@@@std@@QAEXXZ 10008930 f i config.obj
 0001:00007950       ?close@?$basic_ifstream@DU?$char_traits@D@std@@@std@@QAEXXZ 10008950 f i config.obj
 0001:00007980       ??_E?$basic_ifstream@DU?$char_traits@D@std@@@std@@UAEPAXI@Z 10008980 f i config.obj
 0001:00007980       ??_G?$basic_ifstream@DU?$char_traits@D@std@@@std@@UAEPAXI@Z 10008980 f i config.obj
 0001:000079c0       ?widen@?$basic_ios@DU?$char_traits@D@std@@@std@@QBEDD@Z 100089c0 f i config.obj
 0001:00007a80       ?_Getcat@?$codecvt@DDH@std@@SAIPAPBVfacet@locale@2@@Z 10008a80 f i config.obj
 0001:00007af0       ?flush@?$basic_ostream@DU?$char_traits@D@std@@@std@@QAEAAV12@XZ 10008af0 f i config.obj
 0001:00007b40       ?_Ipfx@?$basic_istream@DU?$char_traits@D@std@@@std@@QAE_N_N@Z 10008b40 f i config.obj
 0001:00007ce0       ??$use_facet@V?$codecvt@DDH@std@@@std@@YAABV?$codecvt@DDH@0@ABVlocale@0@@Z 10008ce0 f i config.obj
 0001:00007e10       ??0sentry@?$basic_istream@DU?$char_traits@D@std@@@std@@QAE@AAV12@_N@Z 10008e10 f i config.obj
 0001:00007e80       ?imbue@?$basic_filebuf@DU?$char_traits@D@std@@@std@@MAEXABVlocale@2@@Z 10008e80 f i config.obj
 0001:00007ec0       ?open@?$basic_filebuf@DU?$char_traits@D@std@@@std@@QAEPAV12@PBDHH@Z 10008ec0 f i config.obj
 0001:00007fe0       ??$getline@DU?$char_traits@D@std@@V?$allocator@D@2@@std@@YAAAV?$basic_istream@DU?$char_traits@D@std@@@0@AAV10@AAV?$basic_string@DU?$char_traits@D@std@@V?$allocator@D@2@@0@D@Z 10008fe0 f i config.obj
 0001:00008180       ??0?$basic_ifstream@DU?$char_traits@D@std@@@std@@QAE@XZ 10009180 f i config.obj
 0001:00008280       ?open@?$basic_ifstream@DU?$char_traits@D@std@@@std@@QAEXPBDHH@Z 10009280 f i config.obj
 0001:000082d0       ?ParseConfig2x@@YAXAAV?$basic_ifstream@DU?$char_traits@D@std@@@std@@@Z 100092d0 f   config.obj
 0001:00008ec0       ?ParseConfig1x@@YAXAAV?$basic_ifstream@DU?$char_traits@D@std@@@std@@@Z 10009ec0 f   config.obj
 0001:00009270       ?ParseConfig@@YAXXZ        1000a270 f   config.obj
 0001:000093e0       ?CheckValid@@YGKPAXK@Z     1000a3e0 f   crash.obj
 0001:00009400       ?CheckValidW@@YGKPAXK@Z    1000a400 f   crash.obj
 0001:00009420       ?CRASH_fix_414994@@YAXXZ   1000a420 f   crash.obj
 0001:00009450       ?CRASH_fix_42353A@@YAXXZ   1000a450 f   crash.obj
 0001:00009480       ?CRASH_fix_523295@@YAXXZ   1000a480 f   crash.obj
 0001:000094b0       ?CRASH_fix_46AD10@@YAXXZ   1000a4b0 f   crash.obj
 0001:00009510       ?CRASH_fix_420450@@YAXXZ   1000a510 f   crash.obj
 0001:00009540       ?CRASH_fix_45FC3B@@YAXXZ   1000a540 f   crash.obj
 0001:00009570       ?CRASH_fix_458CF9@@YAXXZ   1000a570 f   crash.obj
 0001:000095b0       ?CRASH_fix_4657AD@@YAXXZ   1000a5b0 f   crash.obj
 0001:000095e0       ?CRASH_fix_46B685@@YAXXZ   1000a5e0 f   crash.obj
 0001:00009610       ?shop_init_2@@YAXXZ        1000a610 f   crash.obj
 0001:00009660       ?CRASH_fix_4BEE2D@@YAXXZ   1000a660 f   crash.obj
 0001:00009670       ?CRASH_fix_4AAB7E@@YAXXZ   1000a670 f   crash.obj
 0001:00009690       ?CRASH_fix_multiwindow_1@@YAXXZ 1000a690 f   crash.obj
 0001:000096b0       ?CRASH_fix_multiwindow_2@@YAXXZ 1000a6b0 f   crash.obj
 0001:000096d0       ?CRASH_fix_multiwindow_3@@YAXXZ 1000a6d0 f   crash.obj
 0001:000096f0       ?CRASH_fix_multiwindow_4@@YAXXZ 1000a6f0 f   crash.obj
 0001:00009710       ?Reflect@CRC_32@@AAEKKD@Z  1000a710 f   CRC_32.obj
 0001:00009750       ?Calculate@CRC_32@@AAEXQAEIAAK@Z 1000a750 f   CRC_32.obj
 0001:00009790       ?CRC32ThreadProc@CRC_32@@CGKPAX@Z 1000a790 f   CRC_32.obj
 0001:00009a00       ??0CRC_32@@QAE@XZ          1000aa00 f   CRC_32.obj
 0001:00009b50       ?CalcCRC@CRC_32@@QAEKPAXIPAUHWND__@@@Z 1000ab50 f   CRC_32.obj
 0001:00009c50       ?CalcCRC@CRC_32@@QAEKPBDPAUHWND__@@@Z 1000ac50 f   CRC_32.obj
 0001:00009d40       ?log_str@@YAXPADK@Z        1000ad40 f   debug.obj
 0001:00009d60       ?DBG_logStrings@@YAXXZ     1000ad60 f   debug.obj
 0001:00009da0       ?exc_handler_run@@YAKPAU_EXCEPTION_POINTERS@@@Z 1000ada0 f   debug.obj
 0001:00009ed0       ?setup_handler@@YAXXZ      1000aed0 f   debug.obj
 0001:00009ee0       ?DBG_tempS@@YAXXZ          1000aee0 f   debug.obj
 0001:00009f00       ?logVision@@YGXPAD0@Z      1000af00 f   debug.obj
 0001:00009f50       ?dbg_logVision@@YAXXZ      1000af50 f   debug.obj
 0001:00009f70       ?logSectionLoaded@@YGXPAD@Z 1000af70 f   debug.obj
 0001:00009f80       ?DBG_logSectionLoaded@@YAXXZ 1000af80 f   debug.obj
 0001:00009fa0       ?_decideState@@YGXK@Z      1000afa0 f   debug.obj
 0001:00009fc0       ?DBG_decideState@@YAXXZ    1000afc0 f   debug.obj
 0001:00009ff0       ?_disp256@@YGXPBDK@Z       1000aff0 f   debug.obj
 0001:0000a120       ?DBG_disp256@@YAXXZ        1000b120 f   debug.obj
 0001:0000a140       ?DBG_di2p256@@YAXXZ        1000b140 f   debug.obj
 0001:0000a160       ?DBG_di3p256@@YAXXZ        1000b160 f   debug.obj
 0001:0000a180       ?D_AddAddr@@YGXKPAD@Z      1000b180 f   debug.obj
 0001:0000a230       ?D_LogAddr@@YGXKK@Z        1000b230 f   debug.obj
 0001:0000a270       ?dbg_16a_addaddrstring@@YAXXZ 1000b270 f   debug.obj
 0001:0000a290       ?dbg_16a_readaddrstring@@YAXXZ 1000b290 f   debug.obj
 0001:0000a2b0       ?_load256@@YGXPBD0@Z       1000b2b0 f   debug.obj
 0001:0000a2f0       ?DBG_load256@@YAXXZ        1000b2f0 f   debug.obj
 0001:0000a330       ?_Min@?$_Tree@V?$_Tmap_traits@PBDV?$basic_string@DU?$char_traits@D@std@@V?$allocator@D@2@@std@@U?$less@PBD@2@V?$allocator@U?$pair@QBDV?$basic_string@DU?$char_traits@D@std@@V?$allocator@D@2@@std@@@std@@@2@$0A@@std@@@std@@KAPAU_Node@?$_Tree_nod@V?$_Tmap_traits@PBDV?$basic_string@DU?$char_traits@D@std@@V?$allocator@D@2@@std@@U?$less@PBD@2@V?$allocator@U?$pair@QBDV?$basic_string@DU?$char_traits@D@std@@V?$allocator@D@2@@std@@@std@@@2@$0A@@std@@@2@PAU342@@Z 1000b330 f i debug.obj
 0001:0000a330       ?_Min@?$_Tree@V?$_Tmap_traits@KV?$basic_string@DU?$char_traits@D@std@@V?$allocator@D@2@@std@@U?$less@K@2@V?$allocator@U?$pair@$$CBKV?$basic_string@DU?$char_traits@D@std@@V?$allocator@D@2@@std@@@std@@@2@$0A@@std@@@std@@KAPAU_Node@?$_Tree_nod@V?$_Tmap_traits@KV?$basic_string@DU?$char_traits@D@std@@V?$allocator@D@2@@std@@U?$less@K@2@V?$allocator@U?$pair@$$CBKV?$basic_string@DU?$char_traits@D@std@@V?$allocator@D@2@@std@@@std@@@2@$0A@@std@@@2@PAU342@@Z 1000b330 f i debug.obj
 0001:0000a350       ?_Rrotate@?$_Tree@V?$_Tmap_traits@KV?$basic_string@DU?$char_traits@D@std@@V?$allocator@D@2@@std@@U?$less@K@2@V?$allocator@U?$pair@$$CBKV?$basic_string@DU?$char_traits@D@std@@V?$allocator@D@2@@std@@@std@@@2@$0A@@std@@@std@@IAEXPAU_Node@?$_Tree_nod@V?$_Tmap_traits@KV?$basic_string@DU?$char_traits@D@std@@V?$allocator@D@2@@std@@U?$less@K@2@V?$allocator@U?$pair@$$CBKV?$basic_string@DU?$char_traits@D@std@@V?$allocator@D@2@@std@@@std@@@2@$0A@@std@@@2@@Z 1000b350 f i debug.obj
 0001:0000a350       ?_Rrotate@?$_Tree@V?$_Tmap_traits@PBDV?$basic_string@DU?$char_traits@D@std@@V?$allocator@D@2@@std@@U?$less@PBD@2@V?$allocator@U?$pair@QBDV?$basic_string@DU?$char_traits@D@std@@V?$allocator@D@2@@std@@@std@@@2@$0A@@std@@@std@@IAEXPAU_Node@?$_Tree_nod@V?$_Tmap_traits@PBDV?$basic_string@DU?$char_traits@D@std@@V?$allocator@D@2@@std@@U?$less@PBD@2@V?$allocator@U?$pair@QBDV?$basic_string@DU?$char_traits@D@std@@V?$allocator@D@2@@std@@@std@@@2@$0A@@std@@@2@@Z 1000b350 f i debug.obj
 0001:0000a3b0       ?_Max@?$_Tree@V?$_Tmap_traits@KV?$basic_string@DU?$char_traits@D@std@@V?$allocator@D@2@@std@@U?$less@K@2@V?$allocator@U?$pair@$$CBKV?$basic_string@DU?$char_traits@D@std@@V?$allocator@D@2@@std@@@std@@@2@$0A@@std@@@std@@KAPAU_Node@?$_Tree_nod@V?$_Tmap_traits@KV?$basic_string@DU?$char_traits@D@std@@V?$allocator@D@2@@std@@U?$less@K@2@V?$allocator@U?$pair@$$CBKV?$basic_string@DU?$char_traits@D@std@@V?$allocator@D@2@@std@@@std@@@2@$0A@@std@@@2@PAU342@@Z 1000b3b0 f i debug.obj
 0001:0000a3b0       ?_Max@?$_Tree@V?$_Tmap_traits@PBDV?$basic_string@DU?$char_traits@D@std@@V?$allocator@D@2@@std@@U?$less@PBD@2@V?$allocator@U?$pair@QBDV?$basic_string@DU?$char_traits@D@std@@V?$allocator@D@2@@std@@@std@@@2@$0A@@std@@@std@@KAPAU_Node@?$_Tree_nod@V?$_Tmap_traits@PBDV?$basic_string@DU?$char_traits@D@std@@V?$allocator@D@2@@std@@U?$less@PBD@2@V?$allocator@U?$pair@QBDV?$basic_string@DU?$char_traits@D@std@@V?$allocator@D@2@@std@@@std@@@2@$0A@@std@@@2@PAU342@@Z 1000b3b0 f i debug.obj
 0001:0000a3d0       ?_Dec@const_iterator@?$_Tree@V?$_Tmap_traits@KV?$basic_string@DU?$char_traits@D@std@@V?$allocator@D@2@@std@@U?$less@K@2@V?$allocator@U?$pair@$$CBKV?$basic_string@DU?$char_traits@D@std@@V?$allocator@D@2@@std@@@std@@@2@$0A@@std@@@std@@QAEXXZ 1000b3d0 f i debug.obj
 0001:0000a3d0       ?_Dec@const_iterator@?$_Tree@V?$_Tmap_traits@PBDV?$basic_string@DU?$char_traits@D@std@@V?$allocator@D@2@@std@@U?$less@PBD@2@V?$allocator@U?$pair@QBDV?$basic_string@DU?$char_traits@D@std@@V?$allocator@D@2@@std@@@std@@@2@$0A@@std@@@std@@QAEXXZ 1000b3d0 f i debug.obj
 0001:0000a460       ?_Inc@const_iterator@?$_Tree@V?$_Tmap_traits@KV?$basic_string@DU?$char_traits@D@std@@V?$allocator@D@2@@std@@U?$less@K@2@V?$allocator@U?$pair@$$CBKV?$basic_string@DU?$char_traits@D@std@@V?$allocator@D@2@@std@@@std@@@2@$0A@@std@@@std@@QAEXXZ 1000b460 f i debug.obj
 0001:0000a460       ?_Inc@const_iterator@?$_Tree@V?$_Tmap_traits@PBDV?$basic_string@DU?$char_traits@D@std@@V?$allocator@D@2@@std@@U?$less@PBD@2@V?$allocator@U?$pair@QBDV?$basic_string@DU?$char_traits@D@std@@V?$allocator@D@2@@std@@@std@@@2@$0A@@std@@@std@@QAEXXZ 1000b460 f i debug.obj
 0001:0000a4d0       ?_Lrotate@?$_Tree@V?$_Tmap_traits@KV?$basic_string@DU?$char_traits@D@std@@V?$allocator@D@2@@std@@U?$less@K@2@V?$allocator@U?$pair@$$CBKV?$basic_string@DU?$char_traits@D@std@@V?$allocator@D@2@@std@@@std@@@2@$0A@@std@@@std@@IAEXPAU_Node@?$_Tree_nod@V?$_Tmap_traits@KV?$basic_string@DU?$char_traits@D@std@@V?$allocator@D@2@@std@@U?$less@K@2@V?$allocator@U?$pair@$$CBKV?$basic_string@DU?$char_traits@D@std@@V?$allocator@D@2@@std@@@std@@@2@$0A@@std@@@2@@Z 1000b4d0 f i debug.obj
 0001:0000a4d0       ?_Lrotate@?$_Tree@V?$_Tmap_traits@PBDV?$basic_string@DU?$char_traits@D@std@@V?$allocator@D@2@@std@@U?$less@PBD@2@V?$allocator@U?$pair@QBDV?$basic_string@DU?$char_traits@D@std@@V?$allocator@D@2@@std@@@std@@@2@$0A@@std@@@std@@IAEXPAU_Node@?$_Tree_nod@V?$_Tmap_traits@PBDV?$basic_string@DU?$char_traits@D@std@@V?$allocator@D@2@@std@@U?$less@PBD@2@V?$allocator@U?$pair@QBDV?$basic_string@DU?$char_traits@D@std@@V?$allocator@D@2@@std@@@std@@@2@$0A@@std@@@2@@Z 1000b4d0 f i debug.obj
 0001:0000a520       ?_Buynode@?$_Tree@V?$_Tmap_traits@PBDV?$basic_string@DU?$char_traits@D@std@@V?$allocator@D@2@@std@@U?$less@PBD@2@V?$allocator@U?$pair@QBDV?$basic_string@DU?$char_traits@D@std@@V?$allocator@D@2@@std@@@std@@@2@$0A@@std@@@std@@IAEPAU_Node@?$_Tree_nod@V?$_Tmap_traits@PBDV?$basic_string@DU?$char_traits@D@std@@V?$allocator@D@2@@std@@U?$less@PBD@2@V?$allocator@U?$pair@QBDV?$basic_string@DU?$char_traits@D@std@@V?$allocator@D@2@@std@@@std@@@2@$0A@@std@@@2@XZ 1000b520 f i debug.obj
 0001:0000a520       ?_Buynode@?$_Tree@V?$_Tmap_traits@KV?$basic_string@DU?$char_traits@D@std@@V?$allocator@D@2@@std@@U?$less@K@2@V?$allocator@U?$pair@$$CBKV?$basic_string@DU?$char_traits@D@std@@V?$allocator@D@2@@std@@@std@@@2@$0A@@std@@@std@@IAEPAU_Node@?$_Tree_nod@V?$_Tmap_traits@KV?$basic_string@DU?$char_traits@D@std@@V?$allocator@D@2@@std@@U?$less@K@2@V?$allocator@U?$pair@$$CBKV?$basic_string@DU?$char_traits@D@std@@V?$allocator@D@2@@std@@@std@@@2@$0A@@std@@@2@XZ 1000b520 f i debug.obj
 0001:0000a560       ??1?$pair@$$CBKV?$basic_string@DU?$char_traits@D@std@@V?$allocator@D@2@@std@@@std@@QAE@XZ 1000b560 f i debug.obj
 0001:0000a560       ??1IPFEntry@IPFilter@@QAE@XZ 1000b560 f i socket.obj
 0001:0000a560       ??1?$pair@QBDV?$basic_string@DU?$char_traits@D@std@@V?$allocator@D@2@@std@@@std@@QAE@XZ 1000b560 f i debug.obj
 0001:0000a590       ??0_Node@?$_Tree_nod@V?$_Tmap_traits@PBDV?$basic_string@DU?$char_traits@D@std@@V?$allocator@D@2@@std@@U?$less@PBD@2@V?$allocator@U?$pair@QBDV?$basic_string@DU?$char_traits@D@std@@V?$allocator@D@2@@std@@@std@@@2@$0A@@std@@@std@@QAE@PAU012@00ABU?$pair@QBDV?$basic_string@DU?$char_traits@D@std@@V?$allocator@D@2@@std@@@2@D@Z 1000b590 f i debug.obj
 0001:0000a590       ??0_Node@?$_Tree_nod@V?$_Tmap_traits@KV?$basic_string@DU?$char_traits@D@std@@V?$allocator@D@2@@std@@U?$less@K@2@V?$allocator@U?$pair@$$CBKV?$basic_string@DU?$char_traits@D@std@@V?$allocator@D@2@@std@@@std@@@2@$0A@@std@@@std@@QAE@PAU012@00ABU?$pair@$$CBKV?$basic_string@DU?$char_traits@D@std@@V?$allocator@D@2@@std@@@2@D@Z 1000b590 f i debug.obj
 0001:0000a5f0       ?erase@?$_Tree@V?$_Tmap_traits@KV?$basic_string@DU?$char_traits@D@std@@V?$allocator@D@2@@std@@U?$less@K@2@V?$allocator@U?$pair@$$CBKV?$basic_string@DU?$char_traits@D@std@@V?$allocator@D@2@@std@@@std@@@2@$0A@@std@@@std@@QAE?AViterator@12@V312@@Z 1000b5f0 f i debug.obj
 0001:0000a5f0       ?erase@?$_Tree@V?$_Tmap_traits@PBDV?$basic_string@DU?$char_traits@D@std@@V?$allocator@D@2@@std@@U?$less@PBD@2@V?$allocator@U?$pair@QBDV?$basic_string@DU?$char_traits@D@std@@V?$allocator@D@2@@std@@@std@@@2@$0A@@std@@@std@@QAE?AViterator@12@V312@@Z 1000b5f0 f i debug.obj
 0001:0000a8e0       ?_Buynode@?$_Tree@V?$_Tmap_traits@KV?$basic_string@DU?$char_traits@D@std@@V?$allocator@D@2@@std@@U?$less@K@2@V?$allocator@U?$pair@$$CBKV?$basic_string@DU?$char_traits@D@std@@V?$allocator@D@2@@std@@@std@@@2@$0A@@std@@@std@@IAEPAU_Node@?$_Tree_nod@V?$_Tmap_traits@KV?$basic_string@DU?$char_traits@D@std@@V?$allocator@D@2@@std@@U?$less@K@2@V?$allocator@U?$pair@$$CBKV?$basic_string@DU?$char_traits@D@std@@V?$allocator@D@2@@std@@@std@@@2@$0A@@std@@@2@PAU342@00ABU?$pair@$$CBKV?$basic_string@DU?$char_traits@D@std@@V?$allocator@D@2@@std@@@2@D@Z 1000b8e0 f i debug.obj
 0001:0000a8e0       ?_Buynode@?$_Tree@V?$_Tmap_traits@PBDV?$basic_string@DU?$char_traits@D@std@@V?$allocator@D@2@@std@@U?$less@PBD@2@V?$allocator@U?$pair@QBDV?$basic_string@DU?$char_traits@D@std@@V?$allocator@D@2@@std@@@std@@@2@$0A@@std@@@std@@IAEPAU_Node@?$_Tree_nod@V?$_Tmap_traits@PBDV?$basic_string@DU?$char_traits@D@std@@V?$allocator@D@2@@std@@U?$less@PBD@2@V?$allocator@U?$pair@QBDV?$basic_string@DU?$char_traits@D@std@@V?$allocator@D@2@@std@@@std@@@2@$0A@@std@@@2@PAU342@00ABU?$pair@QBDV?$basic_string@DU?$char_traits@D@std@@V?$allocator@D@2@@std@@@2@D@Z 1000b8e0 f i debug.obj
 0001:0000a980       ?_Erase@?$_Tree@V?$_Tmap_traits@PBDV?$basic_string@DU?$char_traits@D@std@@V?$allocator@D@2@@std@@U?$less@PBD@2@V?$allocator@U?$pair@QBDV?$basic_string@DU?$char_traits@D@std@@V?$allocator@D@2@@std@@@std@@@2@$0A@@std@@@std@@IAEXPAU_Node@?$_Tree_nod@V?$_Tmap_traits@PBDV?$basic_string@DU?$char_traits@D@std@@V?$allocator@D@2@@std@@U?$less@PBD@2@V?$allocator@U?$pair@QBDV?$basic_string@DU?$char_traits@D@std@@V?$allocator@D@2@@std@@@std@@@2@$0A@@std@@@2@@Z 1000b980 f i debug.obj
 0001:0000a980       ?_Erase@?$_Tree@V?$_Tmap_traits@KV?$basic_string@DU?$char_traits@D@std@@V?$allocator@D@2@@std@@U?$less@K@2@V?$allocator@U?$pair@$$CBKV?$basic_string@DU?$char_traits@D@std@@V?$allocator@D@2@@std@@@std@@@2@$0A@@std@@@std@@IAEXPAU_Node@?$_Tree_nod@V?$_Tmap_traits@KV?$basic_string@DU?$char_traits@D@std@@V?$allocator@D@2@@std@@U?$less@K@2@V?$allocator@U?$pair@$$CBKV?$basic_string@DU?$char_traits@D@std@@V?$allocator@D@2@@std@@@std@@@2@$0A@@std@@@2@@Z 1000b980 f i debug.obj
 0001:0000a9e0       ?_Insert@?$_Tree@V?$_Tmap_traits@KV?$basic_string@DU?$char_traits@D@std@@V?$allocator@D@2@@std@@U?$less@K@2@V?$allocator@U?$pair@$$CBKV?$basic_string@DU?$char_traits@D@std@@V?$allocator@D@2@@std@@@std@@@2@$0A@@std@@@std@@IAE?AViterator@12@_NPAU_Node@?$_Tree_nod@V?$_Tmap_traits@KV?$basic_string@DU?$char_traits@D@std@@V?$allocator@D@2@@std@@U?$less@K@2@V?$allocator@U?$pair@$$CBKV?$basic_string@DU?$char_traits@D@std@@V?$allocator@D@2@@std@@@std@@@2@$0A@@std@@@2@ABU?$pair@$$CBKV?$basic_string@DU?$char_traits@D@std@@V?$allocator@D@2@@std@@@2@@Z 1000b9e0 f i debug.obj
 0001:0000a9e0       ?_Insert@?$_Tree@V?$_Tmap_traits@PBDV?$basic_string@DU?$char_traits@D@std@@V?$allocator@D@2@@std@@U?$less@PBD@2@V?$allocator@U?$pair@QBDV?$basic_string@DU?$char_traits@D@std@@V?$allocator@D@2@@std@@@std@@@2@$0A@@std@@@std@@IAE?AViterator@12@_NPAU_Node@?$_Tree_nod@V?$_Tmap_traits@PBDV?$basic_string@DU?$char_traits@D@std@@V?$allocator@D@2@@std@@U?$less@PBD@2@V?$allocator@U?$pair@QBDV?$basic_string@DU?$char_traits@D@std@@V?$allocator@D@2@@std@@@std@@@2@$0A@@std@@@2@ABU?$pair@QBDV?$basic_string@DU?$char_traits@D@std@@V?$allocator@D@2@@std@@@2@@Z 1000b9e0 f i debug.obj
 0001:0000abe0       ?insert@?$_Tree@V?$_Tmap_traits@PBDV?$basic_string@DU?$char_traits@D@std@@V?$allocator@D@2@@std@@U?$less@PBD@2@V?$allocator@U?$pair@QBDV?$basic_string@DU?$char_traits@D@std@@V?$allocator@D@2@@std@@@std@@@2@$0A@@std@@@std@@QAE?AU?$pair@Viterator@?$_Tree@V?$_Tmap_traits@PBDV?$basic_string@DU?$char_traits@D@std@@V?$allocator@D@2@@std@@U?$less@PBD@2@V?$allocator@U?$pair@QBDV?$basic_string@DU?$char_traits@D@std@@V?$allocator@D@2@@std@@@std@@@2@$0A@@std@@@std@@_N@2@ABU?$pair@QBDV?$basic_string@DU?$char_traits@D@std@@V?$allocator@D@2@@std@@@2@@Z 1000bbe0 f i debug.obj
 0001:0000abe0       ?insert@?$_Tree@V?$_Tmap_traits@KV?$basic_string@DU?$char_traits@D@std@@V?$allocator@D@2@@std@@U?$less@K@2@V?$allocator@U?$pair@$$CBKV?$basic_string@DU?$char_traits@D@std@@V?$allocator@D@2@@std@@@std@@@2@$0A@@std@@@std@@QAE?AU?$pair@Viterator@?$_Tree@V?$_Tmap_traits@KV?$basic_string@DU?$char_traits@D@std@@V?$allocator@D@2@@std@@U?$less@K@2@V?$allocator@U?$pair@$$CBKV?$basic_string@DU?$char_traits@D@std@@V?$allocator@D@2@@std@@@std@@@2@$0A@@std@@@std@@_N@2@ABU?$pair@$$CBKV?$basic_string@DU?$char_traits@D@std@@V?$allocator@D@2@@std@@@2@@Z 1000bbe0 f i debug.obj
 0001:0000aca0       ?erase@?$_Tree@V?$_Tmap_traits@PBDV?$basic_string@DU?$char_traits@D@std@@V?$allocator@D@2@@std@@U?$less@PBD@2@V?$allocator@U?$pair@QBDV?$basic_string@DU?$char_traits@D@std@@V?$allocator@D@2@@std@@@std@@@2@$0A@@std@@@std@@QAE?AViterator@12@V312@0@Z 1000bca0 f i debug.obj
 0001:0000aca0       ?erase@?$_Tree@V?$_Tmap_traits@KV?$basic_string@DU?$char_traits@D@std@@V?$allocator@D@2@@std@@U?$less@K@2@V?$allocator@U?$pair@$$CBKV?$basic_string@DU?$char_traits@D@std@@V?$allocator@D@2@@std@@@std@@@2@$0A@@std@@@std@@QAE?AViterator@12@V312@0@Z 1000bca0 f i debug.obj
 0001:0000ad70       ?insert@?$_Tree@V?$_Tmap_traits@PBDV?$basic_string@DU?$char_traits@D@std@@V?$allocator@D@2@@std@@U?$less@PBD@2@V?$allocator@U?$pair@QBDV?$basic_string@DU?$char_traits@D@std@@V?$allocator@D@2@@std@@@std@@@2@$0A@@std@@@std@@QAE?AViterator@12@V312@ABU?$pair@QBDV?$basic_string@DU?$char_traits@D@std@@V?$allocator@D@2@@std@@@2@@Z 1000bd70 f i debug.obj
 0001:0000ad70       ?insert@?$_Tree@V?$_Tmap_traits@KV?$basic_string@DU?$char_traits@D@std@@V?$allocator@D@2@@std@@U?$less@K@2@V?$allocator@U?$pair@$$CBKV?$basic_string@DU?$char_traits@D@std@@V?$allocator@D@2@@std@@@std@@@2@$0A@@std@@@std@@QAE?AViterator@12@V312@ABU?$pair@$$CBKV?$basic_string@DU?$char_traits@D@std@@V?$allocator@D@2@@std@@@2@@Z 1000bd70 f i debug.obj
 0001:0000af30       ??A?$map@KV?$basic_string@DU?$char_traits@D@std@@V?$allocator@D@2@@std@@U?$less@K@2@V?$allocator@U?$pair@$$CBKV?$basic_string@DU?$char_traits@D@std@@V?$allocator@D@2@@std@@@std@@@2@@std@@QAEAAV?$basic_string@DU?$char_traits@D@std@@V?$allocator@D@2@@1@ABK@Z 1000bf30 f i debug.obj
 0001:0000af30       ??A?$map@PBDV?$basic_string@DU?$char_traits@D@std@@V?$allocator@D@2@@std@@U?$less@PBD@2@V?$allocator@U?$pair@QBDV?$basic_string@DU?$char_traits@D@std@@V?$allocator@D@2@@std@@@std@@@2@@std@@QAEAAV?$basic_string@DU?$char_traits@D@std@@V?$allocator@D@2@@1@ABQBD@Z 1000bf30 f i debug.obj
 0001:0000b060       ?GetPosition@File@@QAEIXZ  1000c060 f   File.obj
 0001:0000b070       ?GetLength@File@@QAEIXZ    1000c070 f   File.obj
 0001:0000b080       ?Close@File@@QAEXXZ        1000c080 f   File.obj
 0001:0000b0d0       ?Seek@File@@QAEXI@Z        1000c0d0 f   File.obj
 0001:0000b100       ?GetRecord@FileArchive@@QAEABURecord@1@V?$basic_string@DU?$char_traits@D@std@@V?$allocator@D@2@@std@@@Z 1000c100 f   File.obj
 0001:0000b500       ?Read@File@@QAEIPAXI@Z     1000c500 f   File.obj
 0001:0000b560       ?GetLine@File@@QAE_NAAV?$basic_string@DU?$char_traits@D@std@@V?$allocator@D@2@@std@@@Z 1000c560 f   File.obj
 0001:0000b660       ?CalcCRC@File@@QAEIXZ      1000c660 f   File.obj
 0001:0000b730       ??0File@@QAE@XZ            1000c730 f   File.obj
 0001:0000b7b0       ?Open@File@@QAE_NV?$basic_string@DU?$char_traits@D@std@@V?$allocator@D@2@@std@@@Z 1000c7b0 f   File.obj
 0001:0000ba70       ?FileExistsEx@@YA_NV?$basic_string@DU?$char_traits@D@std@@V?$allocator@D@2@@std@@@Z 1000ca70 f   File.obj
 0001:0000bbb0       ?Open@FileArchive@@QAE_NV?$basic_string@DU?$char_traits@D@std@@V?$allocator@D@2@@std@@0@Z 1000cbb0 f   File.obj
 0001:0000c430       ?size@?$vector@URecord@FileArchive@@V?$allocator@URecord@FileArchive@@@std@@@std@@QBEIXZ 1000d430 f i File.obj
 0001:0000c450       ??Y?$_String_const_iterator@DU?$char_traits@D@std@@V?$allocator@D@2@@std@@QAEAAV01@H@Z 1000d450 f i File.obj
 0001:0000c4b0       ??$_Allocate@URecord@FileArchive@@@std@@YAPAURecord@FileArchive@@IPAU12@@Z 1000d4b0 f i File.obj
 0001:0000c510       ?tellg@?$basic_istream@DU?$char_traits@D@std@@@std@@QAE?AV?$fpos@H@2@XZ 1000d510 f i File.obj
 0001:0000c560       ?_Tidy@?$vector@URecord@FileArchive@@V?$allocator@URecord@FileArchive@@@std@@@std@@IAEXXZ 1000d560 f i File.obj
 0001:0000c5b0       ??$_Copy_opt@PAURecord@FileArchive@@PAU12@@std@@YAPAURecord@FileArchive@@PAU12@00Urandom_access_iterator_tag@0@U_Nonscalar_ptr_iterator_tag@0@U_Range_checked_iterator_tag@0@@Z 1000d5b0 f i File.obj
 0001:0000c600       ??1?$vector@URecord@FileArchive@@V?$allocator@URecord@FileArchive@@@std@@@std@@QAE@XZ 1000d600 f i File.obj
 0001:0000c610       ??$fill@PAPAURecord@FileArchive@@PAU12@@std@@YAXPAPAURecord@FileArchive@@0ABQAU12@@Z 1000d610 f i File.obj
 0001:0000c610       ??$fill@PAII@std@@YAXPAI0ABI@Z 1000d610 f i File.obj
 0001:0000c630       ??$_Unchecked_move_backward@PAIPAI@stdext@@YAPAIPAI00@Z 1000d630 f i File.obj
 0001:0000c630       ??$_Unchecked_move_backward@PAPAURecord@FileArchive@@PAPAU12@@stdext@@YAPAPAURecord@FileArchive@@PAPAU12@00@Z 1000d630 f i File.obj
 0001:0000c660       ??$unchecked_copy@PAURecord@FileArchive@@PAU12@@stdext@@YAPAURecord@FileArchive@@PAU12@00@Z 1000d660 f i File.obj
 0001:0000c690       ??1?$vector@PAURecord@FileArchive@@V?$allocator@PAURecord@FileArchive@@@std@@@std@@QAE@XZ 1000d690 f i File.obj
 0001:0000c690       ??1?$vector@IV?$allocator@I@std@@@std@@QAE@XZ 1000d690 f i File.obj
 0001:0000c690       ??1?$vector@EV?$allocator@E@std@@@std@@QAE@XZ 1000d690 f i serialize.obj
 0001:0000c6c0       ??1FileArchive@@QAE@XZ     1000d6c0 f i File.obj
 0001:0000c750       ??1Record@FileArchive@@QAE@XZ 1000d750 f i File.obj
 0001:0000c7e0       ?insert@?$basic_string@DU?$char_traits@D@std@@V?$allocator@D@2@@std@@QAEAAV12@IID@Z 1000d7e0 f i File.obj
 0001:0000c8e0       ?erase@?$basic_string@DU?$char_traits@D@std@@V?$allocator@D@2@@std@@QAE?AV?$_String_iterator@DU?$char_traits@D@std@@V?$allocator@D@2@@2@V32@0@Z 1000d8e0 f i File.obj
 0001:0000c9b0       ??$_Umove@PAPAURecord@FileArchive@@@?$vector@PAURecord@FileArchive@@V?$allocator@PAURecord@FileArchive@@@std@@@std@@IAEPAPAURecord@FileArchive@@PAPAU23@00@Z 1000d9b0 f i File.obj
 0001:0000c9b0       ??$_Umove@PAI@?$vector@IV?$allocator@I@std@@@std@@IAEPAIPAI00@Z 1000d9b0 f i File.obj
 0001:0000c9e0       ?insert@?$basic_string@DU?$char_traits@D@std@@V?$allocator@D@2@@std@@QAE?AV?$_String_iterator@DU?$char_traits@D@std@@V?$allocator@D@2@@2@V32@D@Z 1000d9e0 f i File.obj
 0001:0000cac0       ?clear@?$basic_string@DU?$char_traits@D@std@@V?$allocator@D@2@@std@@QAEXXZ 1000dac0 f i File.obj
 0001:0000cb60       ?_Ufill@?$vector@PAURecord@FileArchive@@V?$allocator@PAURecord@FileArchive@@@std@@@std@@IAEPAPAURecord@FileArchive@@PAPAU34@IABQAU34@@Z 1000db60 f i File.obj
 0001:0000cb60       ?_Ufill@?$vector@IV?$allocator@I@std@@@std@@IAEPAIPAIIABI@Z 1000db60 f i File.obj
 0001:0000cb90       ??$?HDU?$char_traits@D@std@@V?$allocator@D@1@@std@@YA?AV?$basic_string@DU?$char_traits@D@std@@V?$allocator@D@2@@0@PBDABV10@@Z 1000db90 f i File.obj
 0001:0000cc50       ?seekg@?$basic_istream@DU?$char_traits@D@std@@@std@@QAEAAV12@V?$fpos@H@2@@Z 1000dc50 f i File.obj
 0001:0000cce0       ?seekg@?$basic_istream@DU?$char_traits@D@std@@@std@@QAEAAV12@JH@Z 1000dce0 f i File.obj
 0001:0000cd50       ?_Buy@?$vector@URecord@FileArchive@@V?$allocator@URecord@FileArchive@@@std@@@std@@IAE_NI@Z 1000dd50 f i File.obj
 0001:0000cda0       ?_Insert_n@?$vector@PAURecord@FileArchive@@V?$allocator@PAURecord@FileArchive@@@std@@@std@@IAEXV?$_Vector_iterator@PAURecord@FileArchive@@V?$allocator@PAURecord@FileArchive@@@std@@@2@IABQAURecord@FileArchive@@@Z 1000dda0 f i File.obj
 0001:0000cda0       ?_Insert_n@?$vector@IV?$allocator@I@std@@@std@@IAEXV?$_Vector_iterator@IV?$allocator@I@std@@@2@IABI@Z 1000dda0 f i File.obj
 0001:0000cf60       ?insert@?$vector@IV?$allocator@I@std@@@std@@QAE?AV?$_Vector_iterator@IV?$allocator@I@std@@@2@V32@ABI@Z 1000df60 f i File.obj
 0001:0000cf60       ?insert@?$vector@PAURecord@FileArchive@@V?$allocator@PAURecord@FileArchive@@@std@@@std@@QAE?AV?$_Vector_iterator@PAURecord@FileArchive@@V?$allocator@PAURecord@FileArchive@@@std@@@2@V32@ABQAURecord@FileArchive@@@Z 1000df60 f i File.obj
 0001:0000cff0       ??0Record@FileArchive@@QAE@XZ 1000dff0 f i File.obj
 0001:0000d080       ??1File@@QAE@XZ            1000e080 f i File.obj
 0001:0000d110       ?push_back@?$vector@IV?$allocator@I@std@@@std@@QAEXABI@Z 1000e110 f i File.obj
 0001:0000d110       ?push_back@?$vector@PAURecord@FileArchive@@V?$allocator@PAURecord@FileArchive@@@std@@@std@@QAEXABQAURecord@FileArchive@@@Z 1000e110 f i File.obj
 0001:0000d180       ?_Read_s@?$basic_istream@DU?$char_traits@D@std@@@std@@QAEAAV12@PADIH@Z 1000e180 f i File.obj
 0001:0000d2a0       ?_Destroy@?$vector@URecord@FileArchive@@V?$allocator@URecord@FileArchive@@@std@@@std@@IAEXPAURecord@FileArchive@@0@Z 1000e2a0 f i File.obj
 0001:0000d2d0       ??0?$vector@URecord@FileArchive@@V?$allocator@URecord@FileArchive@@@std@@@std@@QAE@ABV01@@Z 1000e2d0 f i File.obj
 0001:0000d3d0       ?erase@?$vector@URecord@FileArchive@@V?$allocator@URecord@FileArchive@@@std@@@std@@QAE?AV?$_Vector_iterator@URecord@FileArchive@@V?$allocator@URecord@FileArchive@@@std@@@2@V32@0@Z 1000e3d0 f i File.obj
 0001:0000d450       ??0Record@FileArchive@@QAE@ABU01@@Z 1000e450 f i File.obj
 0001:0000d500       ?clear@?$vector@URecord@FileArchive@@V?$allocator@URecord@FileArchive@@@std@@@std@@QAEXXZ 1000e500 f i File.obj
 0001:0000d540       ??$_Uninit_copy@PAURecord@FileArchive@@PAU12@V?$allocator@URecord@FileArchive@@@std@@@std@@YAPAURecord@FileArchive@@PAU12@00AAV?$allocator@URecord@FileArchive@@@0@U_Nonscalar_ptr_iterator_tag@0@U_Range_checked_iterator_tag@0@@Z 1000e540 f i File.obj
 0001:0000d540       ??$_Uninit_copy@PBURecord@FileArchive@@PAU12@V?$allocator@URecord@FileArchive@@@std@@@std@@YAPAURecord@FileArchive@@PBU12@0PAU12@AAV?$allocator@URecord@FileArchive@@@0@U_Nonscalar_ptr_iterator_tag@0@U_Range_checked_iterator_tag@0@@Z 1000e540 f i File.obj
 0001:0000d5e0       ??$_Uninit_fill_n@PAURecord@FileArchive@@IU12@V?$allocator@URecord@FileArchive@@@std@@@std@@YAXPAURecord@FileArchive@@IABU12@AAV?$allocator@URecord@FileArchive@@@0@U_Nonscalar_ptr_iterator_tag@0@U_Range_checked_iterator_tag@0@@Z 1000e5e0 f i File.obj
 0001:0000d680       ??$_Ucopy@PAURecord@FileArchive@@@?$vector@URecord@FileArchive@@V?$allocator@URecord@FileArchive@@@std@@@std@@IAEPAURecord@FileArchive@@PAU23@00@Z 1000e680 f i File.obj
 0001:0000d680       ??$_Umove@PAURecord@FileArchive@@@?$vector@URecord@FileArchive@@V?$allocator@URecord@FileArchive@@@std@@@std@@IAEPAURecord@FileArchive@@PAU23@00@Z 1000e680 f i File.obj
 0001:0000d6b0       ?_Ufill@?$vector@URecord@FileArchive@@V?$allocator@URecord@FileArchive@@@std@@@std@@IAEPAURecord@FileArchive@@PAU34@IABU34@@Z 1000e6b0 f i File.obj
 0001:0000d6f0       ??4?$vector@URecord@FileArchive@@V?$allocator@URecord@FileArchive@@@std@@@std@@QAEAAV01@ABV01@@Z 1000e6f0 f i File.obj
 0001:0000d870       ??4Record@FileArchive@@QAEAAU01@ABU01@@Z 1000e870 f i File.obj
 0001:0000d8c0       ??$_Copy_backward_opt@PAURecord@FileArchive@@PAU12@Uforward_iterator_tag@std@@@std@@YAPAURecord@FileArchive@@PAU12@00Uforward_iterator_tag@0@U_Nonscalar_ptr_iterator_tag@0@U_Range_checked_iterator_tag@0@@Z 1000e8c0 f i File.obj
 0001:0000d930       ??$_Fill@PAURecord@FileArchive@@U12@@std@@YAXPAURecord@FileArchive@@0ABU12@@Z 1000e930 f i File.obj
 0001:0000d990       ??$_Copy_backward_opt@PAURecord@FileArchive@@PAU12@@std@@YAPAURecord@FileArchive@@PAU12@00Urandom_access_iterator_tag@0@U_Nonscalar_ptr_iterator_tag@0@U_Range_checked_iterator_tag@0@@Z 1000e990 f i File.obj
 0001:0000d9f0       ??$_Unchecked_move_backward@PAURecord@FileArchive@@PAU12@@stdext@@YAPAURecord@FileArchive@@PAU12@00@Z 1000e9f0 f i File.obj
 0001:0000da20       ?_Insert_n@?$vector@URecord@FileArchive@@V?$allocator@URecord@FileArchive@@@std@@@std@@IAEXV?$_Vector_iterator@URecord@FileArchive@@V?$allocator@URecord@FileArchive@@@std@@@2@IABURecord@FileArchive@@@Z 1000ea20 f i File.obj
 0001:0000dd20       ?insert@?$vector@URecord@FileArchive@@V?$allocator@URecord@FileArchive@@@std@@@std@@QAE?AV?$_Vector_iterator@URecord@FileArchive@@V?$allocator@URecord@FileArchive@@@std@@@2@V32@ABURecord@FileArchive@@@Z 1000ed20 f i File.obj
 0001:0000ddd0       ?push_back@?$vector@URecord@FileArchive@@V?$allocator@URecord@FileArchive@@@std@@@std@@QAEXABURecord@FileArchive@@@Z 1000edd0 f i File.obj
 0001:0000de70       ?GRID_part1@@YAXXZ         1000ee70 f   grid.obj
 0001:0000ded0       ?GRID_part2@@YAXXZ         1000eed0 f   grid.obj
 0001:0000df30       ?GRID_part3@@YAXXZ         1000ef30 f   grid.obj
 0001:0000df90       ?GRID_part4@@YAXXZ         1000ef90 f   grid.obj
 0001:0000e000       ?GRID_part5@@YAXXZ         1000f000 f   grid.obj
 0001:0000e060       ?OnGMEnter@@YAKKK@Z        1000f060 f   gui_bugfix.obj
 0001:0000e0a0       ?GUI_gmEnter@@YAXXZ        1000f0a0 f   gui_bugfix.obj
 0001:0000e0f0       ?GUI_softcoreEnter@@YAXXZ  1000f0f0 f   gui_bugfix.obj
 0001:0000e130       ?GUI_textField_MeasurePosition@@YGKK@Z 1000f130 f   gui_bugfix.obj
 0001:0000e2f0       ?GUI_setServColumnSize@@YAXXZ 1000f2f0 f   gui_replace.obj
 0001:0000e370       ?GUI_softcoreSwitch@@YAXXZ 1000f370 f   gui_replace.obj
 0001:0000e3e0       ?GUI_softcoreResetSwitch@@YAXXZ 1000f3e0 f   gui_replace.obj
 0001:0000e450       ?GUI_softcoreSaveSwitch@@YAXXZ 1000f450 f   gui_replace.obj
 0001:0000e4c0       ?GUI_sandboxSwitch@@YAXXZ  1000f4c0 f   gui_replace.obj
 0001:0000e570       ?GUI_removeServerList@@YAXXZ 1000f570 f   gui_replace.obj
 0001:0000e5b0       ??1Image@@QAE@XZ           1000f5b0 f   Image.obj
 0001:0000e5e0       ?DisplayEx@Image@@QAEXFFFFFF_N@Z 1000f5e0 f   Image.obj
 0001:0000e940       ?GetWidth@Image@@QAEIXZ    1000f940 f   Image.obj
 0001:0000e950       ?GetHeight@Image@@QAEIXZ   1000f950 f   Image.obj
 0001:0000e960       ?GetPixelAt@Image@@QAEIHH@Z 1000f960 f   Image.obj
 0001:0000e9a0       ?GetPixels@Image@@QAEPAIXZ 1000f9a0 f   Image.obj
 0001:0000e9b0       ?Display@Image@@QAEXFF@Z   1000f9b0 f   Image.obj
 0001:0000e9e0       ??0Image@@QAE@V?$basic_string@DU?$char_traits@D@std@@V?$allocator@D@2@@std@@@Z 1000f9e0 f   Image.obj
 0001:0000ee00       ?IImage_CopyTo@@YGXHHHH@Z  1000fe00 f   itempng.obj
 0001:0000ee70       ?IImage_Display@@YGXHHHHH@Z 1000fe70 f   itempng.obj
 0001:0000f0b0       ?IImage_Destruct@@YGXK@Z   100100b0 f   itempng.obj
 0001:0000f0c0       ?ITEMPNG_doCachePng@@YG_NPAX@Z 100100c0 f   itempng.obj
 0001:0000f130       ?ITEMPNG_cachePng@@YAXXZ   10010130 f   itempng.obj
 0001:0000f160       ?IImage_Construct@@YGPAXV?$basic_string@DU?$char_traits@D@std@@V?$allocator@D@2@@std@@@Z 10010160 f   itempng.obj
 0001:0000f3c0       ?ITEMPNG_doLoadPngChar@@YGPAXPBD0@Z 100103c0 f   itempng.obj
 0001:0000f650       ?ITEMPNG_doLoadPng@@YGXPBDH00@Z 10010650 f   itempng.obj
 0001:0000fdc0       ?ITEMPNG_loadPng@@YAXXZ    10010dc0 f   itempng.obj
 0001:0000fe20       ?ITEMPNG_loadPngChar@@YAXXZ 10010e20 f   itempng.obj
 0001:0000fe50       ?size@?$vector@UIImageUse@@V?$allocator@UIImageUse@@@std@@@std@@QBEIXZ 10010e50 f i itempng.obj
 0001:0000fe70       ??$_Allocate@UIImageUse@@@std@@YAPAUIImageUse@@IPAU1@@Z 10010e70 f i itempng.obj
 0001:0000fed0       ??1IImageUse@@QAE@XZ       10010ed0 f i itempng.obj
 0001:0000ff00       ??$_Construct@UIImageUse@@U1@@std@@YAXPAUIImageUse@@ABU1@@Z 10010f00 f i itempng.obj
 0001:0000ff80       ?destroy@?$allocator@UIImageUse@@@std@@QAEXPAUIImageUse@@@Z 10010f80 f i itempng.obj
 0001:0000ffb0       ??$_Copy_backward_opt@PAUIImageUse@@PAU1@Uforward_iterator_tag@std@@@std@@YAPAUIImageUse@@PAU1@00Uforward_iterator_tag@0@U_Nonscalar_ptr_iterator_tag@0@U_Range_checked_iterator_tag@0@@Z 10010fb0 f i itempng.obj
 0001:00010000       ??$_Uninit_copy@PAUIImageUse@@PAU1@V?$allocator@UIImageUse@@@std@@@std@@YAPAUIImageUse@@PAU1@00AAV?$allocator@UIImageUse@@@0@U_Nonscalar_ptr_iterator_tag@0@U_Range_checked_iterator_tag@0@@Z 10011000 f i itempng.obj
 0001:000100a0       ??$_Uninit_fill_n@PAUIImageUse@@IU1@V?$allocator@UIImageUse@@@std@@@std@@YAXPAUIImageUse@@IABU1@AAV?$allocator@UIImageUse@@@0@U_Nonscalar_ptr_iterator_tag@0@U_Range_checked_iterator_tag@0@@Z 100110a0 f i itempng.obj
 0001:00010130       ??$_Destroy_range@UIImageUse@@V?$allocator@UIImageUse@@@std@@@std@@YAXPAUIImageUse@@0AAV?$allocator@UIImageUse@@@0@U_Nonscalar_ptr_iterator_tag@0@@Z 10011130 f i itempng.obj
 0001:00010180       ??$_Fill@PAUIImageUse@@U1@@std@@YAXPAUIImageUse@@0ABU1@@Z 10011180 f i itempng.obj
 0001:000101c0       ??$_Copy_backward_opt@PAUIImageUse@@PAU1@@std@@YAPAUIImageUse@@PAU1@00Urandom_access_iterator_tag@0@U_Nonscalar_ptr_iterator_tag@0@U_Range_checked_iterator_tag@0@@Z 100111c0 f i itempng.obj
 0001:00010220       ?_Ufill@?$vector@UIImageUse@@V?$allocator@UIImageUse@@@std@@@std@@IAEPAUIImageUse@@PAU3@IABU3@@Z 10011220 f i itempng.obj
 0001:00010260       ?_Destroy@?$vector@UIImageUse@@V?$allocator@UIImageUse@@@std@@@std@@IAEXPAUIImageUse@@0@Z 10011260 f i itempng.obj
 0001:00010280       ??$_Unchecked_move_backward@PAUIImageUse@@PAU1@@stdext@@YAPAUIImageUse@@PAU1@00@Z 10011280 f i itempng.obj
 0001:000102b0       ??$_Umove@PAUIImageUse@@@?$vector@UIImageUse@@V?$allocator@UIImageUse@@@std@@@std@@IAEPAUIImageUse@@PAU2@00@Z 100112b0 f i itempng.obj
 0001:000102e0       ?_Insert_n@?$vector@UIImageUse@@V?$allocator@UIImageUse@@@std@@@std@@IAEXV?$_Vector_iterator@UIImageUse@@V?$allocator@UIImageUse@@@std@@@2@IABUIImageUse@@@Z 100112e0 f i itempng.obj
 0001:00010600       ?insert@?$vector@UIImageUse@@V?$allocator@UIImageUse@@@std@@@std@@QAE?AV?$_Vector_iterator@UIImageUse@@V?$allocator@UIImageUse@@@std@@@2@V32@ABUIImageUse@@@Z 10011600 f i itempng.obj
 0001:000106b0       ?push_back@?$vector@UIImageUse@@V?$allocator@UIImageUse@@@std@@@std@@QAEXABUIImageUse@@@Z 100116b0 f i itempng.obj
 0001:00010750       ?P_UnloadTiles@@YAXXZ      10011750 f   landscape_renderer.obj
 0001:000107c0       ?P_DisplayTile@@YAXGHHHHHHHH@Z 100117c0 f   landscape_renderer.obj
 0001:00010ae0       ?P_DisplayTileNative@@YGXGHHHHHHIIII@Z 10011ae0 f   landscape_renderer.obj
 0001:00010b10       ?TILES_displayTile1@@YAXXZ 10011b10 f   landscape_renderer.obj
 0001:00010b60       ?TILES_debug@@YAXXZ        10011b60 f   landscape_renderer.obj
 0001:00010b70       ?P_LoadTiles@@YAXXZ        10011b70 f   landscape_renderer.obj
 0001:00010ec0       ?P_LoadTilesNative@@YGXI@Z 10011ec0 f   landscape_renderer.obj
 0001:00010ee0       ?TILES_loadTiles@@YAXXZ    10011ee0 f   landscape_renderer.obj
 0001:00010f10       ?DecideLanguage@@YAXXZ     10011f10 f   language.obj
 0001:000111d0       ?LANG_change_43EDEB@@YAXXZ 100121d0 f   language.obj
 0001:00011200       ?LANG_change_474F27@@YAXXZ 10012200 f   language.obj
 0001:00011220       ?LANG_change_48626D@@YAXXZ 10012220 f   language.obj
 0001:00011340       ?LANG_change_48BA07@@YAXXZ 10012340 f   language.obj
 0001:00011360       ?LANG_change_48CA55@@YAXXZ 10012360 f   language.obj
 0001:00011380       ?LANG_change_491CDF@@YAXXZ 10012380 f   language.obj
 0001:000113a0       ?LANG_change_4939A2@@YAXXZ 100123a0 f   language.obj
 0001:000113c0       ?LANG_change_493B23@@YAXXZ 100123c0 f   language.obj
 0001:000113e0       ?LANG_change_4B018F@@YAXXZ 100123e0 f   language.obj
 0001:00011400       ?LANG_change_42B3D5@@YAXXZ 10012400 f   language.obj
 0001:00011410       ?LANG_change_43EEC3@@YAXXZ 10012410 f   language.obj
 0001:00011430       ?LANG_change_460F9B@@YAXXZ 10012430 f   language.obj
 0001:00011440       ?LANG_change_474375@@YAXXZ 10012440 f   language.obj
 0001:00011450       ?LANG_change_4743C9@@YAXXZ 10012450 f   language.obj
 0001:00011460       ?LANG_change_496638@@YAXXZ 10012460 f   language.obj
 0001:00011470       ?LANG_change_4AEE20@@YAXXZ 10012470 f   language.obj
 0001:00011480       ?LANG_change_4AEE6D@@YAXXZ 10012480 f   language.obj
 0001:00011490       ?LANG_change_4AEF2A@@YAXXZ 10012490 f   language.obj
 0001:000114b0       ?LANG_change_4AEF9C@@YAXXZ 100124b0 f   language.obj
 0001:000114d0       ?LANG_change_4AF00E@@YAXXZ 100124d0 f   language.obj
[...]
 0001:00050662       __unwindfunclet$?ReadIPF@IPFFile@IPFilter@@QAEXV?$basic_string@DU?$char_traits@D@std@@V?$allocator@D@2@@std@@_N@Z$7 10051662 f   socket.obj
 0001:0005066d       __unwindfunclet$?ReadIPF@IPFFile@IPFilter@@QAEXV?$basic_string@DU?$char_traits@D@std@@V?$allocator@D@2@@std@@_N@Z$8 1005166d f   socket.obj
 0001:00050675       __unwindfunclet$?ReadIPF@IPFFile@IPFilter@@QAEXV?$basic_string@DU?$char_traits@D@std@@V?$allocator@D@2@@std@@_N@Z$9 10051675 f   socket.obj
 0001:0005067d       __ehhandler$?ReadIPF@IPFFile@IPFilter@@QAEXV?$basic_string@DU?$char_traits@D@std@@V?$allocator@D@2@@std@@_N@Z 1005167d f   socket.obj
 0001:000506ab       __unwindfunclet$??1PacketReceiver@@QAE@XZ$0 100516ab f   socket.obj
 0001:000506b3       __ehhandler$??1PacketReceiver@@QAE@XZ 100516b3 f   socket.obj
 0001:000506ce       __unwindfunclet$?Receive@PacketReceiver@@QAE_NI@Z$0 100516ce f   socket.obj
 0001:000506d6       __unwindfunclet$?Receive@PacketReceiver@@QAE_NI@Z$1 100516d6 f   socket.obj
 0001:000506de       __ehhandler$?Receive@PacketReceiver@@QAE_NI@Z 100516de f   socket.obj
 0001:00050700       __unwindfunclet$??$?5DU?$char_traits@D@std@@V?$allocator@D@1@@std@@YAAAV?$basic_istream@DU?$char_traits@D@std@@@0@AAV10@AAV?$basic_string@DU?$char_traits@D@std@@V?$allocator@D@2@@0@@Z$2 10051700 f   socket.obj
 0001:00050708       __unwindfunclet$??$?5DU?$char_traits@D@std@@V?$allocator@D@1@@std@@YAAAV?$basic_istream@DU?$char_traits@D@std@@@0@AAV10@AAV?$basic_string@DU?$char_traits@D@std@@V?$allocator@D@2@@0@@Z$3 10051708 f   socket.obj
 0001:00050710       __ehhandler$??$?5DU?$char_traits@D@std@@V?$allocator@D@1@@std@@YAAAV?$basic_istream@DU?$char_traits@D@std@@@0@AAV10@AAV?$basic_string@DU?$char_traits@D@std@@V?$allocator@D@2@@0@@Z 10051710 f   socket.obj
 0001:00050730       __unwindfunclet$??$_Uninit_copy@PAVBinaryStream@@PAV1@V?$allocator@VBinaryStream@@@std@@@std@@YAPAVBinaryStream@@PAV1@00AAV?$allocator@VBinaryStream@@@0@U_Nonscalar_ptr_iterator_tag@0@U_Range_checked_iterator_tag@0@@Z$2 10051730 f   socket.obj
 0001:00050741       __ehhandler$??$_Uninit_copy@PAVBinaryStream@@PAV1@V?$allocator@VBinaryStream@@@std@@@std@@YAPAVBinaryStream@@PAV1@00AAV?$allocator@VBinaryStream@@@0@U_Nonscalar_ptr_iterator_tag@0@U_Range_checked_iterator_tag@0@@Z 10051741 f   socket.obj
 0001:00050760       __unwindfunclet$?_Insert_n@?$vector@UIPFEntry@IPFilter@@V?$allocator@UIPFEntry@IPFilter@@@std@@@std@@IAEXV?$_Vector_iterator@UIPFEntry@IPFilter@@V?$allocator@UIPFEntry@IPFilter@@@std@@@2@IABUIPFEntry@IPFilter@@@Z$4 10051760 f   socket.obj
 0001:00050768       __ehhandler$?_Insert_n@?$vector@UIPFEntry@IPFilter@@V?$allocator@UIPFEntry@IPFilter@@@std@@@std@@IAEXV?$_Vector_iterator@UIPFEntry@IPFilter@@V?$allocator@UIPFEntry@IPFilter@@@std@@@2@IABUIPFEntry@IPFilter@@@Z 10051768 f   socket.obj
 0001:00050790       __unwindfunclet$??$_Uninit_fill_n@PAVBinaryStream@@IV1@V?$allocator@VBinaryStream@@@std@@@std@@YAXPAVBinaryStream@@IABV1@AAV?$allocator@VBinaryStream@@@0@U_Nonscalar_ptr_iterator_tag@0@U_Range_checked_iterator_tag@0@@Z$2 10051790 f   socket.obj
 0001:000507a1       __ehhandler$??$_Uninit_fill_n@PAVBinaryStream@@IV1@V?$allocator@VBinaryStream@@@std@@@std@@YAXPAVBinaryStream@@IABV1@AAV?$allocator@VBinaryStream@@@0@U_Nonscalar_ptr_iterator_tag@0@U_Range_checked_iterator_tag@0@@Z 100517a1 f   socket.obj
 0001:000507c0       __unwindfunclet$?_Insert_n@?$vector@VBinaryStream@@V?$allocator@VBinaryStream@@@std@@@std@@IAEXV?$_Vector_iterator@VBinaryStream@@V?$allocator@VBinaryStream@@@std@@@2@IABVBinaryStream@@@Z$4 100517c0 f   socket.obj
 0001:000507c8       __ehhandler$?_Insert_n@?$vector@VBinaryStream@@V?$allocator@VBinaryStream@@@std@@@std@@IAEXV?$_Vector_iterator@VBinaryStream@@V?$allocator@VBinaryStream@@@std@@@2@IABVBinaryStream@@@Z 100517c8 f   socket.obj
 0001:000507f0       __unwindfunclet$?CheckBool@@YA_NABV?$basic_string@DU?$char_traits@D@std@@V?$allocator@D@2@@std@@@Z$0 100517f0 f   utils1.obj
 0001:000507f8       __unwindfunclet$?CheckBool@@YA_NABV?$basic_string@DU?$char_traits@D@std@@V?$allocator@D@2@@std@@@Z$1 100517f8 f   utils1.obj
 0001:00050800       __ehhandler$?CheckBool@@YA_NABV?$basic_string@DU?$char_traits@D@std@@V?$allocator@D@2@@std@@@Z 10051800 f   utils1.obj
 0001:00050828       __unwindfunclet$?StrToBool@@YA_NABV?$basic_string@DU?$char_traits@D@std@@V?$allocator@D@2@@std@@@Z$0 10051828 f   utils1.obj
 0001:00050830       __unwindfunclet$?StrToBool@@YA_NABV?$basic_string@DU?$char_traits@D@std@@V?$allocator@D@2@@std@@@Z$1 10051830 f   utils1.obj
 0001:00050838       __ehhandler$?StrToBool@@YA_NABV?$basic_string@DU?$char_traits@D@std@@V?$allocator@D@2@@std@@@Z 10051838 f   utils1.obj
 0001:00050860       __unwindfunclet$?DoMenuLoad@@YGXXZ$0 10051860 f   menu.obj
 0001:0005086b       __unwindfunclet$?DoMenuLoad@@YGXXZ$3 1005186b f   menu.obj
 0001:00050876       __unwindfunclet$?DoMenuLoad@@YGXXZ$6 10051876 f   menu.obj
 0001:00050881       __ehhandler$?DoMenuLoad@@YGXXZ 10051881 f   menu.obj
 0001:0005089c       __unwindfunclet$?_Xran@_String_base@std@@SAXXZ$0 1005189c f   libcpmt:string.obj
 0001:0005089c       __unwindfunclet$?_Xlen@_String_base@std@@SAXXZ$0 1005189c f   libcpmt:string.obj
 0001:000508a4       __ehhandler$?_Xran@_String_base@std@@SAXXZ 100518a4 f   libcpmt:string.obj
 0001:000508a4       __ehhandler$?_Xlen@_String_base@std@@SAXXZ 100518a4 f   libcpmt:string.obj
 0001:000508bf       __unwindfunclet$?_Locimp_dtor@_Locimp@locale@std@@CAXPAV123@@Z$0 100518bf f   libcpmt:locale0.obj
 0001:000508c7       __ehhandler$?_Locimp_dtor@_Locimp@locale@std@@CAXPAV123@@Z 100518c7 f   libcpmt:locale0.obj
 0001:000508e2       __unwindfunclet$??0_Locimp@locale@std@@AAE@_N@Z$0 100518e2 f   libcpmt:locale0.obj
 0001:000508ea       __ehhandler$??0_Locimp@locale@std@@AAE@_N@Z 100518ea f   libcpmt:locale0.obj
 0001:00050905       __unwindfunclet$??1_Locimp@locale@std@@MAE@XZ$0 10051905 f   libcpmt:locale0.obj
 0001:0005090d       __unwindfunclet$??1_Locimp@locale@std@@MAE@XZ$1 1005190d f   libcpmt:locale0.obj
 0001:00050918       __ehhandler$??1_Locimp@locale@std@@MAE@XZ 10051918 f   libcpmt:locale0.obj
 0001:00050933       __unwindfunclet$?_Init@locale@std@@CAPAV_Locimp@12@XZ$0 10051933 f   libcpmt:locale0.obj
 0001:0005093b       __unwindfunclet$?_Init@locale@std@@CAPAV_Locimp@12@XZ$1 1005193b f   libcpmt:locale0.obj
 0001:00050945       __ehhandler$?_Init@locale@std@@CAPAV_Locimp@12@XZ 10051945 f   libcpmt:locale0.obj
 0001:00050960       __ehhandler$?CallUnexpected@@YAXPBU_s_ESTypeList@@@Z 10051960 f   LIBCMT:frame.obj
 0001:00050980       ??__Estart_time@@YAXXZ     10051980 f   add_info.obj
 0001:000509a0       ??__E__chat_history@@YAXXZ 100519a0 f   chat_history.obj
 0001:000509b0       ??__EAssocList@@YAXXZ      100519b0 f   class_extend.obj
 0001:000509f0       ??__Ecurrent_directory@@YAXXZ 100519f0 f   config.obj
 0001:00050a10       ??__Ed_strings@@YAXXZ      10051a10 f   debug.obj
 0001:00050a50       ??__ENames@@YAXXZ          10051a50 f   debug.obj
 0001:00050a90       ??__EArchives@@YAXXZ       10051a90 f   File.obj
 0001:00050ad0       ??__EIImages@@YAXXZ        10051ad0 f   itempng.obj
 0001:00050ae0       ??__ETiles@@YAXXZ          10051ae0 f   landscape_renderer.obj
 0001:00050b10       ??__EcmdLine@@YAXXZ        10051b10 f   network_hat_enter.obj
 0001:00050b20       ??__Ematch@@YAXXZ          10051b20 f   network_hat_enter.obj
 0001:00050b30       ??__Eoldfilenames@@YAXXZ   10051b30 f   network_protocol_ext.obj
 0001:00050b40       ??__Egprogress@@YAXXZ      10051b40 f   network_protocol_ext.obj
 0001:00050b60       ??__EScanrange@@YAXXZ      10051b60 f   scanrange.obj
 0001:00050b70       ??__E_LOG_FILE@@YAXXZ      10051b70 f   utils.obj
 0001:00050b90       ??__E_LOG_NAME@@YAXXZ      10051b90 f   utils.obj
 0001:00050b9c       ??__Einitlocks@std@@YAXXZ  10051b9c f   libcpmt:xlock.obj
 0001:00050bb2       ??__Eclassic_locale@std@@YAXXZ 10051bb2 f   libcpmt:locale0.obj
 0001:00050bbe       ??__Einitlocks@std@@YAXXZ  10051bbe f   libcpmt:iosptrs.obj
 0001:00050bd4       ??__Einit_atexit@@YAXXZ    10051bd4 f   libcpmt:iosptrs.obj
 0001:00050be0       ??__E_AtlBaseModule@ATL@@YAXXZ 10051be0 f   atls:atlbase.obj
 0001:00050bf6       ??__E_AtlWinModule@ATL@@YAXXZ 10051bf6 f   atls:atlbase.obj
 0001:00050c0c       ??__Eg_strheap@ATL@@YAXXZ  10051c0c f   atls:atlstr.obj
 0001:00050c34       ??__Eg_strmgr@ATL@@YAXXZ   10051c34 f   atls:atlstr.obj
 0001:00050c50       ??__F__chat_history@@YAXXZ 10051c50 f   chat_history.obj
 0001:00050ca0       ??__FAssocList@@YAXXZ      10051ca0 f   class_extend.obj
 0001:00050ce0       ??__Fcurrent_directory@@YAXXZ 10051ce0 f   config.obj
 0001:00050d10       ??__Fd_strings@@YAXXZ      10051d10 f   debug.obj
 0001:00050d50       ??__FNames@@YAXXZ          10051d50 f   debug.obj
 0001:00050d90       ??__Frec@?1??GetRecord@FileArchive@@QAEABURecord@1@V?$basic_string@DU?$char_traits@D@std@@V?$allocator@D@2@@std@@@Z@YAXXZ 10051d90 f   File.obj
 0001:00050da0       ??__FArchives@@YAXXZ       10051da0 f   File.obj
 0001:00050db0       ??__FIImages@@YAXXZ        10051db0 f   itempng.obj
 0001:00050e00       ??__FcmdLine@@YAXXZ        10051e00 f   network_hat_enter.obj
 0001:00050e30       ??__Fmatch@@YAXXZ          10051e30 f   network_hat_enter.obj
 0001:00050e60       ??__Fgprogress@@YAXXZ      10051e60 f   network_protocol_ext.obj
 0001:00050e70       ??__Foldfilenames@@YAXXZ   10051e70 f   network_protocol_ext.obj
 0001:00050ec0       ??__F_LOG_NAME@@YAXXZ      10051ec0 f   utils.obj
 0001:00050ef0       ??__F_LOG_FILE@@YAXXZ      10051ef0 f   utils.obj
 0001:00050f10       ??__Finitlocks@std@@YAXXZ  10051f10 f   libcpmt:xlock.obj
 0001:00050f1a       ??__Fclassic_locale@std@@YAXXZ 10051f1a f   libcpmt:locale0.obj
 0001:00050f24       ??__Finitlocks@std@@YAXXZ  10051f24 f   libcpmt:iosptrs.obj
 0001:00050f2e       ??__Finit_atexit@@YAXXZ    10051f2e f   libcpmt:iosptrs.obj
 0001:00050f38       ??__Fnomem@?5???2@YAPAXI@Z@YAXXZ 10051f38 f   LIBCMT:new.obj
 0001:00050f4c       ??__F_AtlBaseModule@ATL@@YAXXZ 10051f4c f   atls:atlbase.obj
 0001:00050f56       ??__F_AtlWinModule@ATL@@YAXXZ 10051f56 f   atls:atlbase.obj
 0001:00050f60       ??__Fg_strheap@ATL@@YAXXZ  10051f60 f   atls:atlstr.obj
 0001:00050f6a       ??__Fg_strmgr@ATL@@YAXXZ   10051f6a f   atls:atlstr.obj

 Exports

  ordinal    name

        1    ?RES_loadFile@@YAHH@Z (int __cdecl RES_loadFile(int))
        2    ?FIL_patch0@@YAXXZ (void __cdecl FIL_patch0(void))
        3    ?FIL_patch1@@YAXXZ (void __cdecl FIL_patch1(void))
        4    ?FIL_world0@@YAXXZ (void __cdecl FIL_world0(void))
        5    ?FIL_world1@@YAXXZ (void __cdecl FIL_world1(void))
        6    ?FIL_world2@@YAXXZ (void __cdecl FIL_world2(void))
        7    ?FIL_world3@@YAXXZ (void __cdecl FIL_world3(void))
        8    ?FIL_world4@@YAXXZ (void __cdecl FIL_world4(void))
        9    ?FIL_world5@@YAXXZ (void __cdecl FIL_world5(void))
       10    ?FIL_world6@@YAXXZ (void __cdecl FIL_world6(void))
       11    ?FIL_world7@@YAXXZ (void __cdecl FIL_world7(void))
       12    ?FIL_world8@@YAXXZ (void __cdecl FIL_world8(void))
       13    ?FIL_world9@@YAXXZ (void __cdecl FIL_world9(void))
       14    ?FIL_worldA@@YAXXZ (void __cdecl FIL_worldA(void))
       15    ?NETPROTO_createAuthorizationPacket@@YAHXZ (int __cdecl NETPROTO_createAuthorizationPacket(void))
       16    ?NETPROTO_sendAuthorizationPacket@@YAHXZ (int __cdecl NETPROTO_sendAuthorizationPacket(void))
       17    ?VIDEO_checkVideoMode@@YAXXZ (void __cdecl VIDEO_checkVideoMode(void))
       18    ?NET_cryptPacket@@YAXPAEH@Z (void __cdecl NET_cryptPacket(unsigned char *,int))
       19    ?MAP_loadFromServer@@YAXXZ (void __cdecl MAP_loadFromServer(void))
       20    ?SYSTEM_setThreadPriority@@YAXXZ (void __cdecl SYSTEM_setThreadPriority(void))
       21    ?CHAT_tilde0@@YAXXZ (void __cdecl CHAT_tilde0(void))
       22    ?CHAT_tilde1@@YAXXZ (void __cdecl CHAT_tilde1(void))
       23    ?CHAT_tilde2@@YAXXZ (void __cdecl CHAT_tilde2(void))
       24    ?CHAT_wmCharHandler@@YAXXZ (void __cdecl CHAT_wmCharHandler(void))
       25    ?CHAT_convWinToDos@@YAXXZ (void __cdecl CHAT_convWinToDos(void))
       26    ?CHAT_convDosToIdx@@YAXXZ (void __cdecl CHAT_convDosToIdx(void))
       27    ?DBG_logStrings@@YAXXZ (void __cdecl DBG_logStrings(void))
       28    ?GUI_textField_MeasurePosition@@YGKK@Z (unsigned long __stdcall GUI_textField_MeasurePosition(unsigned long))
       29    ?CHAT_logStrings@@YAHPADHH@Z (int __cdecl CHAT_logStrings(char *,int,int))
       30    ?CHAT_keyDown@@YAXXZ (void __cdecl CHAT_keyDown(void))
       31    ?CHAT_getMessageLast@@YAXXZ (void __cdecl CHAT_getMessageLast(void))
       33    ?CRASH_fix_414994@@YAXXZ (void __cdecl CRASH_fix_414994(void))
       34    ?CRASH_fix_42353A@@YAXXZ (void __cdecl CRASH_fix_42353A(void))
       35    ?CRASH_fix_523295@@YAXXZ (void __cdecl CRASH_fix_523295(void))
       36    ?CRASH_fix_46AD10@@YAXXZ (void __cdecl CRASH_fix_46AD10(void))
       37    ?CRASH_fix_420450@@YAXXZ (void __cdecl CRASH_fix_420450(void))
       38    ?CRASH_fix_45FC3B@@YAXXZ (void __cdecl CRASH_fix_45FC3B(void))
       39    ?CRASH_fix_458CF9@@YAXXZ (void __cdecl CRASH_fix_458CF9(void))
       40    ?CRASH_fix_4657AD@@YAXXZ (void __cdecl CRASH_fix_4657AD(void))
       41    ?CRASH_fix_46B685@@YAXXZ (void __cdecl CRASH_fix_46B685(void))
       42    ?CRASH_fix_4BEE2D@@YAXXZ (void __cdecl CRASH_fix_4BEE2D(void))
       43    ?HATENT_url_text@@YAXXZ (void __cdecl HATENT_url_text(void))
       44    ?HATENT_url_connect@@YAXXZ (void __cdecl HATENT_url_connect(void))
       45    ?SCREENSHOT_take@@YAXXZ (void __cdecl SCREENSHOT_take(void))
       46    ?CRASH_fix_4AAB7E@@YAXXZ (void __cdecl CRASH_fix_4AAB7E(void))
       47    ?INFO_fps@@YAXXZ (void __cdecl INFO_fps(void))
       48    ?RES_loadDirectories@@YAXXZ (void __cdecl RES_loadDirectories(void))
       49    ?RES_loadException@@YAXXZ (void __cdecl RES_loadException(void))
       50    ?LANG_change_43EDEB@@YAXXZ (void __cdecl LANG_change_43EDEB(void))
       51    ?LANG_change_474F27@@YAXXZ (void __cdecl LANG_change_474F27(void))
       52    ?LANG_change_48626D@@YAXXZ (void __cdecl LANG_change_48626D(void))
       53    ?LANG_change_48BA07@@YAXXZ (void __cdecl LANG_change_48BA07(void))
       54    ?LANG_change_48CA55@@YAXXZ (void __cdecl LANG_change_48CA55(void))
       55    ?LANG_change_491CDF@@YAXXZ (void __cdecl LANG_change_491CDF(void))
       56    ?LANG_change_4939A2@@YAXXZ (void __cdecl LANG_change_4939A2(void))
       57    ?CRASH_fix_multiwindow_1@@YAXXZ (void __cdecl CRASH_fix_multiwindow_1(void))
       58    ?CRASH_fix_multiwindow_2@@YAXXZ (void __cdecl CRASH_fix_multiwindow_2(void))
       59    ?CRASH_fix_multiwindow_3@@YAXXZ (void __cdecl CRASH_fix_multiwindow_3(void))
       60    ?CRASH_fix_multiwindow_4@@YAXXZ (void __cdecl CRASH_fix_multiwindow_4(void))
       61    ?LANG_change_493B23@@YAXXZ (void __cdecl LANG_change_493B23(void))
       62    ?LANG_change_4B018F@@YAXXZ (void __cdecl LANG_change_4B018F(void))
       63    ?SCROLL_part1@@YAXXZ (void __cdecl SCROLL_part1(void))
       64    ?SCROLL_part2@@YAXXZ (void __cdecl SCROLL_part2(void))
       65    ?GRID_part1@@YAXXZ (void __cdecl GRID_part1(void))
       66    ?GRID_part2@@YAXXZ (void __cdecl GRID_part2(void))
       67    ?GRID_part3@@YAXXZ (void __cdecl GRID_part3(void))
       68    ?GRID_part4@@YAXXZ (void __cdecl GRID_part4(void))
       69    ?GRID_part5@@YAXXZ (void __cdecl GRID_part5(void))
       70    ?LANG_change_42B3D5@@YAXXZ (void __cdecl LANG_change_42B3D5(void))
       71    ?LANG_change_43EEC3@@YAXXZ (void __cdecl LANG_change_43EEC3(void))
       72    ?LANG_change_460F9B@@YAXXZ (void __cdecl LANG_change_460F9B(void))
       73    ?LANG_change_474375@@YAXXZ (void __cdecl LANG_change_474375(void))
       74    ?LANG_change_4743C9@@YAXXZ (void __cdecl LANG_change_4743C9(void))
       75    ?LANG_change_496638@@YAXXZ (void __cdecl LANG_change_496638(void))
       76    ?LANG_change_4AEE20@@YAXXZ (void __cdecl LANG_change_4AEE20(void))
       77    ?LANG_change_4AEE6D@@YAXXZ (void __cdecl LANG_change_4AEE6D(void))
       78    ?LANG_change_4AEF2A@@YAXXZ (void __cdecl LANG_change_4AEF2A(void))
       79    ?LANG_change_4AEF9C@@YAXXZ (void __cdecl LANG_change_4AEF9C(void))
       80    ?LANG_change_4AF00E@@YAXXZ (void __cdecl LANG_change_4AF00E(void))
       81    ?LANG_fix_codepage@@YAXXZ (void __cdecl LANG_fix_codepage(void))
       84    ?NETPROTO_loginToHat@@YGHXZ (int __stdcall NETPROTO_loginToHat(void))
       85    ?BASE_setCurrentDirectory1@@YGHPAD@Z (int __stdcall BASE_setCurrentDirectory1(char *))
       86    ?CHAT_prependType_part1@@YAXXZ (void __cdecl CHAT_prependType_part1(void))
       87    ?CHAT_prependType_part2@@YAXXZ (void __cdecl CHAT_prependType_part2(void))
       88    ?ADMINISTRAT@@YAXXZ (void __cdecl ADMINISTRAT(void))
       89    ?_fix_launcher@@YAXXZ (void __cdecl _fix_launcher(void))
       90    ?MAP_CFileOpen1@@YAXXZ (void __cdecl MAP_CFileOpen1(void))
       91    ?MAP_CFileOpen2@@YAXXZ (void __cdecl MAP_CFileOpen2(void))
       92    ?GUI_gmEnter@@YAXXZ (void __cdecl GUI_gmEnter(void))
       93    ?CalcVisMapCLIENT@@YGHPAD@Z (int __stdcall CalcVisMapCLIENT(char *))
       94    ?TILES_loadTiles@@YAXXZ (void __cdecl TILES_loadTiles(void))
       95    ?TILES_displayTile1@@YAXXZ (void __cdecl TILES_displayTile1(void))
       96    ?TILES_debug@@YAXXZ (void __cdecl TILES_debug(void))
       97    ?recv_@@YGHIPADHH@Z (int __stdcall recv_(unsigned int,char *,int,int))
       98    ?CHAT_fixEscape@@YAXXZ (void __cdecl CHAT_fixEscape(void))
       99    ?CHAT_dbg@@YAXXZ (void __cdecl CHAT_dbg(void))
      100    ?NETPROTO_enlargeBuffer@@YAXXZ (void __cdecl NETPROTO_enlargeBuffer(void))
      101    ?NETPROTO_enlargeBuffer2@@YAXXZ (void __cdecl NETPROTO_enlargeBuffer2(void))
      102    ?ITEMPNG_loadPng@@YAXXZ (void __cdecl ITEMPNG_loadPng(void))
      103    ?ITEMPNG_loadPngChar@@YAXXZ (void __cdecl ITEMPNG_loadPngChar(void))
      104    ?GUI_softcoreSwitch@@YAXXZ (void __cdecl GUI_softcoreSwitch(void))
      105    ?GUI_softcoreResetSwitch@@YAXXZ (void __cdecl GUI_softcoreResetSwitch(void))
      106    ?GUI_softcoreSaveSwitch@@YAXXZ (void __cdecl GUI_softcoreSaveSwitch(void))
      107    ?GUI_softcoreEnter@@YAXXZ (void __cdecl GUI_softcoreEnter(void))
      108    ?RES_noLoad@@YAXXZ (void __cdecl RES_noLoad(void))
      109    ?imp_MakeScreenshotNet@@YAXXZ (void __cdecl imp_MakeScreenshotNet(void))
      110    ?GUI_sandboxSwitch@@YAXXZ (void __cdecl GUI_sandboxSwitch(void))
      111    ?GUI_removeServerList@@YAXXZ (void __cdecl GUI_removeServerList(void))
      112    ?ITEMPNG_cachePng@@YAXXZ (void __cdecl ITEMPNG_cachePng(void))
      113    ?MENU_load@@YAXXZ (void __cdecl MENU_load(void))
      114    ?MENU_draw@@YAXXZ (void __cdecl MENU_draw(void))
      115    ?MENU_click@@YAXXZ (void __cdecl MENU_click(void))
      116    ?MENU_hover1@@YAXXZ (void __cdecl MENU_hover1(void))
      117    ?MENU_hover2@@YAXXZ (void __cdecl MENU_hover2(void))
      118    ?MENU_hover3@@YAXXZ (void __cdecl MENU_hover3(void))
      300    ?DBG_load256@@YAXXZ (void __cdecl DBG_load256(void))
               exported name: DBG_load256
      301    ?DBG_disp256@@YAXXZ (void __cdecl DBG_disp256(void))
               exported name: DBG_disp256
      302    ?DBG_di2p256@@YAXXZ (void __cdecl DBG_di2p256(void))
               exported name: DBG_di2p256
      303    ?DBG_di3p256@@YAXXZ (void __cdecl DBG_di3p256(void))
               exported name: DBG_di3p256
      304    ?DBG_decideState@@YAXXZ (void __cdecl DBG_decideState(void))
               exported name: DBG_decideState
