 a2mgr

 Timestamp is 52ee9330 (Sun Feb 02 20:49:20 2014)

 Preferred load address is 10000000

 Start         Length     Name                   Class
 0001:00000000 0002f87cH .text                   CODE
 0001:0002f880 0000185dH .text$x                 CODE
 0001:000310e0 000002c0H .text$yc                CODE
 0001:000313a0 00000437H .text$yd                CODE
 0002:00000000 00000268H .idata$5                DATA
 0002:00000268 00000004H .CRT$XCA                DATA
 0002:0000026c 0000000cH .CRT$XCC                DATA
 0002:00000278 00000008H .CRT$XCL                DATA
 0002:00000280 00000038H .CRT$XCU                DATA
 0002:000002b8 00000004H .CRT$XCZ                DATA
 0002:000002bc 00000004H .CRT$XIA                DATA
 0002:000002c0 00000010H .CRT$XIC                DATA
 0002:000002d0 00000004H .CRT$XIZ                DATA
 0002:000002d4 00000004H .CRT$XPA                DATA
 0002:000002d8 00000004H .CRT$XPX                DATA
 0002:000002dc 00000004H .CRT$XPXA               DATA
 0002:000002e0 00000004H .CRT$XPZ                DATA
 0002:000002e4 00000004H .CRT$XTA                DATA
 0002:000002e8 00000004H .CRT$XTZ                DATA
 0002:000002f0 00004cb8H .rdata                  DATA
 0002:00004fa8 00000950H .rdata$r                DATA
 0002:00005900 0000019cH .rdata$sxdata           DATA
 0002:00005a9c 00000004H .rtc$IAA                DATA
 0002:00005aa0 00000004H .rtc$IZZ                DATA
 0002:00005aa4 00000004H .rtc$TAA                DATA
 0002:00005aa8 00000004H .rtc$TZZ                DATA
 0002:00005ab0 0000226cH .xdata$x                DATA
 0002:00007d1c 000000b4H .idata$2                DATA
 0002:00007dd0 00000014H .idata$3                DATA
 0002:00007de4 00000268H .idata$4                DATA
 0002:0000804c 000009f2H .idata$6                DATA
 0002:00008a40 00000550H .edata                  DATA
 0003:00000000 00001bd8H .data                   DATA
 0003:00001be0 00016d64H .bss                    DATA

  Address         Publics by Value              Rva+Base       Lib:Object

 0000:00000000       __except_list              00000000     <absolute>
 0000:00000067       ___safe_se_handler_count   00000067     <absolute>
 0000:00000000       ___ImageBase               10000000     <linker-defined>
 0001:00000000       ??1bad_alloc@std@@UAE@XZ   10001000 f i a2mgr.obj
 0001:00000010       ??_Ebad_alloc@std@@UAEPAXI@Z 10001010 f i a2mgr.obj
 0001:00000010       ??_Gbad_alloc@std@@UAEPAXI@Z 10001010 f i a2mgr.obj
 0001:00000040       ?compare@?$char_traits@D@std@@SAHPBD0I@Z 10001040 f i a2mgr.obj
 0001:000000c0       ?_fix_launcher@@YAXXZ      100010c0 f   a2mgr.obj
 0001:000000e0       ?_Myptr@?$basic_string@DU?$char_traits@D@std@@V?$allocator@D@2@@std@@QBEPBDXZ 100010e0 f i a2mgr.obj
 0001:000000f0       ??0bad_alloc@std@@QAE@ABV01@@Z 100010f0 f i a2mgr.obj
 0001:00000110       ?find_last_of@?$basic_string@DU?$char_traits@D@std@@V?$allocator@D@2@@std@@QBEIPBDII@Z 10001110 f i a2mgr.obj
 0001:000001a0       ?compare@?$basic_string@DU?$char_traits@D@std@@V?$allocator@D@2@@std@@QBEHIIPBDI@Z 100011a0 f i a2mgr.obj
 0001:00000210       ?allocate@?$allocator@E@std@@QAEPAEI@Z 10001210 f i serialize.obj
 0001:00000210       ?allocate@?$allocator@D@std@@QAEPADI@Z 10001210 f i a2mgr.obj
 0001:00000260       ??1?$basic_string@DU?$char_traits@D@std@@V?$allocator@D@2@@std@@QAE@XZ 10001260 f i a2mgr.obj
 0001:00000290       ?erase@?$basic_string@DU?$char_traits@D@std@@V?$allocator@D@2@@std@@QAEAAV12@II@Z 10001290 f i a2mgr.obj
 0001:00000320       ?_Copy@?$basic_string@DU?$char_traits@D@std@@V?$allocator@D@2@@std@@QAEXII@Z 10001320 f i a2mgr.obj
 0001:00000490       ?_Grow@?$basic_string@DU?$char_traits@D@std@@V?$allocator@D@2@@std@@QAE_NI_N@Z 10001490 f i a2mgr.obj
 0001:00000540       ?append@?$basic_string@DU?$char_traits@D@std@@V?$allocator@D@2@@std@@QAEAAV12@ABV12@II@Z 10001540 f i a2mgr.obj
 0001:00000630       ?append@?$basic_string@DU?$char_traits@D@std@@V?$allocator@D@2@@std@@QAEAAV12@PBDI@Z 10001630 f i a2mgr.obj
 0001:00000750       ?assign@?$basic_string@DU?$char_traits@D@std@@V?$allocator@D@2@@std@@QAEAAV12@ABV12@II@Z 10001750 f i a2mgr.obj
 0001:00000840       ?assign@?$basic_string@DU?$char_traits@D@std@@V?$allocator@D@2@@std@@QAEAAV12@PBDI@Z 10001840 f i a2mgr.obj
 0001:00000940       ??0?$basic_string@DU?$char_traits@D@std@@V?$allocator@D@2@@std@@QAE@PBD@Z 10001940 f i a2mgr.obj
 0001:00000980       ?assign@?$basic_string@DU?$char_traits@D@std@@V?$allocator@D@2@@std@@QAEAAV12@$$QAV12@@Z 10001980 f i a2mgr.obj
 0001:00000a00       ?BASE_setCurrentDirectory1@@YGHPAD@Z 10001a00 f   a2mgr.obj
 0001:00000ad0       ??$?HDU?$char_traits@D@std@@V?$allocator@D@1@@std@@YA?AV?$basic_string@DU?$char_traits@D@std@@V?$allocator@D@2@@0@ABV10@PBD@Z 10001ad0 f i a2mgr.obj
 0001:00000bb0       ?DllMain_Init@@YG_NPAUHINSTANCE__@@KPAX@Z 10001bb0 f   a2mgr.obj
 0001:00001700       _DllMain@12                10002700 f   a2mgr.obj
 0001:00001770       ?ConsoleProc@@YG_NEH@Z     10002770 f   add_info.obj
 0001:000017d0       ?FpsImpl@@YGXKPAUtagRECT@@@Z 100027d0 f   add_info.obj
 0001:000019c0       ?INFO_fps@@YAXXZ           100029c0 f   add_info.obj
 0001:000019e0       ?GetFirstName@@YGPADK@Z    100029e0 f   administrat_fix.obj
 0001:00001a50       ?GetSecondName@@YGPADK@Z   10002a50 f   administrat_fix.obj
 0001:00001ad0       ?CheckNickname@@YG_NK@Z    10002ad0 f   administrat_fix.obj
 0001:00001b30       ?ADMINISTRAT@@YAXXZ        10002b30 f   administrat_fix.obj
 0001:00001be0       ?CHAT_wmCharHandler@@YAXXZ 10002be0 f   chat.obj
 0001:00001c10       ?conv_double_tilde@@YGPADPAD@Z 10002c10 f   chat.obj
 0001:00001c50       ?CHAT_tilde0@@YAXXZ        10002c50 f   chat.obj
 0001:00001c60       ?CHAT_tilde1@@YAXXZ        10002c60 f   chat.obj
 0001:00001c70       ?CHAT_tilde2@@YAXXZ        10002c70 f   chat.obj
 0001:00001c80       ?CHAT_convWinToDos@@YAXXZ  10002c80 f   chat.obj
 0001:00001cc0       ?CHAT_convDosToIdx@@YAXXZ  10002cc0 f   chat.obj
 0001:00001d00       ?CHAT_logStrings@@YAHPADHH@Z 10002d00 f   chat.obj
 0001:00001d40       ?chatAddStringCpp@@YGPADPADH@Z 10002d40 f   chat.obj
 0001:00001e60       ?CHAT_prependType_part1@@YAXXZ 10002e60 f   chat.obj
 0001:00001e90       ?CHAT_prependType_part2@@YAXXZ 10002e90 f   chat.obj
 0001:00001ec0       ?str_empty@@YAXPAPAD@Z     10002ec0 f   chat_history.obj
 0001:00001ee0       ?str_assign@@YAXPAPADPBD@Z 10002ee0 f   chat_history.obj
 0001:00001f00       ?str_array_resize@@YAXPADK@Z 10002f00 f   chat_history.obj
 0001:00001f20       ?consoleTab@@YGXPAX@Z      10002f20 f   chat_history.obj
 0001:00001f20       ?imbue@?$basic_streambuf@DU?$char_traits@D@std@@@std@@MAEXABVlocale@2@@Z 10002f20 f   config.obj
 0001:00001f30       ?logOpen@@YGXK@Z           10002f30 f   chat_history.obj
 0001:00001f50       ?logEscape@@YGXKE@Z        10002f50 f   chat_history.obj
 0001:00001f50       ?SYSTEM_setThreadPriority@@YAXXZ 10002f50 f   misc.obj
 0001:00001f60       ?CHAT_fixEscape@@YAXXZ     10002f60 f   chat_history.obj
 0001:00001fe0       ?CHAT_dbg@@YAXXZ           10002fe0 f   chat_history.obj
 0001:00002000       ?allocate@?$allocator@V?$basic_string@DU?$char_traits@D@std@@V?$allocator@D@2@@std@@@std@@QAEPAV?$basic_string@DU?$char_traits@D@std@@V?$allocator@D@2@@2@I@Z 10003000 f i chat_history.obj
 0001:00002060       ?allocate@?$allocator@V?$vector@V?$basic_string@DU?$char_traits@D@std@@V?$allocator@D@2@@std@@V?$allocator@V?$basic_string@DU?$char_traits@D@std@@V?$allocator@D@2@@std@@@2@@std@@@std@@QAEPAV?$vector@V?$basic_string@DU?$char_traits@D@std@@V?$allocator@D@2@@std@@V?$allocator@V?$basic_string@DU?$char_traits@D@std@@V?$allocator@D@2@@std@@@2@@2@I@Z 10003060 f i chat_history.obj
 0001:000020c0       ?setString@@YAKPAD@Z       100030c0 f   chat_history.obj
 0001:000021b0       ?consoleDown@@YGKPAD@Z     100031b0 f   chat_history.obj
 0001:00002200       ?consoleUp@@YGKPAD@Z       10003200 f   chat_history.obj
 0001:00002240       ??0?$basic_string@DU?$char_traits@D@std@@V?$allocator@D@2@@std@@QAE@ABV01@@Z 10003240 f i chat_history.obj
 0001:00002270       ??$_Dest_val@V?$allocator@V?$basic_string@DU?$char_traits@D@std@@V?$allocator@D@2@@std@@@std@@V?$basic_string@DU?$char_traits@D@std@@V?$allocator@D@2@@2@@std@@YAXAAV?$allocator@V?$basic_string@DU?$char_traits@D@std@@V?$allocator@D@2@@std@@@0@PAV?$basic_string@DU?$char_traits@D@std@@V?$allocator@D@2@@0@@Z 10003270 f i chat_history.obj
 0001:000022a0       ??$_Destroy_range@V?$allocator@V?$basic_string@DU?$char_traits@D@std@@V?$allocator@D@2@@std@@@std@@@std@@YAXPAV?$basic_string@DU?$char_traits@D@std@@V?$allocator@D@2@@0@0AAV?$allocator@V?$basic_string@DU?$char_traits@D@std@@V?$allocator@D@2@@std@@@0@U_Nonscalar_ptr_iterator_tag@0@@Z 100032a0 f i chat_history.obj
 0001:000022e0       ??$_Uninit_copy@V?$_Vector_const_iterator@V?$_Vector_val@V?$basic_string@DU?$char_traits@D@std@@V?$allocator@D@2@@std@@V?$allocator@V?$basic_string@DU?$char_traits@D@std@@V?$allocator@D@2@@std@@@2@@std@@@std@@PAV?$basic_string@DU?$char_traits@D@std@@V?$allocator@D@2@@2@V?$allocator@V?$basic_string@DU?$char_traits@D@std@@V?$allocator@D@2@@std@@@2@@std@@YAPAV?$basic_string@DU?$char_traits@D@std@@V?$allocator@D@2@@0@V?$_Vector_const_iterator@V?$_Vector_val@V?$basic_string@DU?$char_traits@D@std@@V?$allocator@D@2@@std@@V?$allocator@V?$basic_string@DU?$char_traits@D@std@@V?$allocator@D@2@@std@@@2@@std@@@0@0PAV10@AAV?$allocator@V?$basic_string@DU?$char_traits@D@std@@V?$allocator@D@2@@std@@@0@U_Nonscalar_ptr_iterator_tag@0@@Z 100032e0 f i chat_history.obj
 0001:000023a0       ??$_Move@PAV?$basic_string@DU?$char_traits@D@std@@V?$allocator@D@2@@std@@PAV12@@std@@YAPAV?$basic_string@DU?$char_traits@D@std@@V?$allocator@D@2@@0@PAV10@00U_Nonscalar_ptr_iterator_tag@0@@Z 100033a0 f i chat_history.obj
 0001:00002430       ??$_Uninit_move@PAV?$basic_string@DU?$char_traits@D@std@@V?$allocator@D@2@@std@@PAV12@V?$allocator@V?$basic_string@DU?$char_traits@D@std@@V?$allocator@D@2@@std@@@2@V12@@std@@YAPAV?$basic_string@DU?$char_traits@D@std@@V?$allocator@D@2@@0@PAV10@00AAV?$allocator@V?$basic_string@DU?$char_traits@D@std@@V?$allocator@D@2@@std@@@0@0U_Nonscalar_ptr_iterator_tag@0@@Z 10003430 f i chat_history.obj
 0001:000024f0       ??1?$vector@V?$basic_string@DU?$char_traits@D@std@@V?$allocator@D@2@@std@@V?$allocator@V?$basic_string@DU?$char_traits@D@std@@V?$allocator@D@2@@std@@@2@@std@@QAE@XZ 100034f0 f i chat_history.obj
 0001:000024f0       ?_Tidy@?$vector@V?$basic_string@DU?$char_traits@D@std@@V?$allocator@D@2@@std@@V?$allocator@V?$basic_string@DU?$char_traits@D@std@@V?$allocator@D@2@@std@@@2@@std@@IAEXXZ 100034f0 f i chat_history.obj
 0001:00002540       ??0?$vector@V?$basic_string@DU?$char_traits@D@std@@V?$allocator@D@2@@std@@V?$allocator@V?$basic_string@DU?$char_traits@D@std@@V?$allocator@D@2@@std@@@2@@std@@QAE@ABV01@@Z 10003540 f i chat_history.obj
 0001:00002620       ?getStringLastT@@YG?AV?$basic_string@DU?$char_traits@D@std@@V?$allocator@D@2@@std@@XZ 10003620 f   chat_history.obj
 0001:00002710       ?getStringLast@@YGXPAPAD@Z 10003710 f   chat_history.obj
 0001:000027c0       ?CHAT_getMessageLast@@YAXXZ 100037c0 f   chat_history.obj
 0001:000027d0       ?reserve@?$vector@V?$basic_string@DU?$char_traits@D@std@@V?$allocator@D@2@@std@@V?$allocator@V?$basic_string@DU?$char_traits@D@std@@V?$allocator@D@2@@std@@@2@@std@@QAEXI@Z 100037d0 f i chat_history.obj
 0001:000028f0       ?_Reserve@?$vector@V?$basic_string@DU?$char_traits@D@std@@V?$allocator@D@2@@std@@V?$allocator@V?$basic_string@DU?$char_traits@D@std@@V?$allocator@D@2@@std@@@2@@std@@IAEXI@Z 100038f0 f i chat_history.obj
 0001:00002970       ?push_back@?$vector@V?$basic_string@DU?$char_traits@D@std@@V?$allocator@D@2@@std@@V?$allocator@V?$basic_string@DU?$char_traits@D@std@@V?$allocator@D@2@@std@@@2@@std@@QAEX$$QAV?$basic_string@DU?$char_traits@D@std@@V?$allocator@D@2@@2@@Z 10003970 f i chat_history.obj
 0001:00002a40       ?push_back@?$vector@V?$basic_string@DU?$char_traits@D@std@@V?$allocator@D@2@@std@@V?$allocator@V?$basic_string@DU?$char_traits@D@std@@V?$allocator@D@2@@std@@@2@@std@@QAEXABV?$basic_string@DU?$char_traits@D@std@@V?$allocator@D@2@@2@@Z 10003a40 f i chat_history.obj
 0001:00002b10       ??$_Destroy_range@V?$allocator@V?$vector@V?$basic_string@DU?$char_traits@D@std@@V?$allocator@D@2@@std@@V?$allocator@V?$basic_string@DU?$char_traits@D@std@@V?$allocator@D@2@@std@@@2@@std@@@std@@@std@@YAXPAV?$vector@V?$basic_string@DU?$char_traits@D@std@@V?$allocator@D@2@@std@@V?$allocator@V?$basic_string@DU?$char_traits@D@std@@V?$allocator@D@2@@std@@@2@@0@0AAV?$allocator@V?$vector@V?$basic_string@DU?$char_traits@D@std@@V?$allocator@D@2@@std@@V?$allocator@V?$basic_string@DU?$char_traits@D@std@@V?$allocator@D@2@@std@@@2@@std@@@0@U_Nonscalar_ptr_iterator_tag@0@@Z 10003b10 f i chat_history.obj
 0001:00002b80       ??$_Uninit_move@PAV?$vector@V?$basic_string@DU?$char_traits@D@std@@V?$allocator@D@2@@std@@V?$allocator@V?$basic_string@DU?$char_traits@D@std@@V?$allocator@D@2@@std@@@2@@std@@PAV12@V?$allocator@V?$vector@V?$basic_string@DU?$char_traits@D@std@@V?$allocator@D@2@@std@@V?$allocator@V?$basic_string@DU?$char_traits@D@std@@V?$allocator@D@2@@std@@@2@@std@@@2@V12@@std@@YAPAV?$vector@V?$basic_string@DU?$char_traits@D@std@@V?$allocator@D@2@@std@@V?$allocator@V?$basic_string@DU?$char_traits@D@std@@V?$allocator@D@2@@std@@@2@@0@PAV10@00AAV?$allocator@V?$vector@V?$basic_string@DU?$char_traits@D@std@@V?$allocator@D@2@@std@@V?$allocator@V?$basic_string@DU?$char_traits@D@std@@V?$allocator@D@2@@std@@@2@@std@@@0@0U_Nonscalar_ptr_iterator_tag@0@@Z 10003b80 f i chat_history.obj
 0001:00002c00       ?reserve@?$vector@V?$vector@V?$basic_string@DU?$char_traits@D@std@@V?$allocator@D@2@@std@@V?$allocator@V?$basic_string@DU?$char_traits@D@std@@V?$allocator@D@2@@std@@@2@@std@@V?$allocator@V?$vector@V?$basic_string@DU?$char_traits@D@std@@V?$allocator@D@2@@std@@V?$allocator@V?$basic_string@DU?$char_traits@D@std@@V?$allocator@D@2@@std@@@2@@std@@@2@@std@@QAEXI@Z 10003c00 f i chat_history.obj
 0001:00002cf0       ?_Reserve@?$vector@V?$vector@V?$basic_string@DU?$char_traits@D@std@@V?$allocator@D@2@@std@@V?$allocator@V?$basic_string@DU?$char_traits@D@std@@V?$allocator@D@2@@std@@@2@@std@@V?$allocator@V?$vector@V?$basic_string@DU?$char_traits@D@std@@V?$allocator@D@2@@std@@V?$allocator@V?$basic_string@DU?$char_traits@D@std@@V?$allocator@D@2@@std@@@2@@std@@@2@@std@@IAEXI@Z 10003cf0 f i chat_history.obj
 0001:00002d50       ?push_back@?$vector@V?$vector@V?$basic_string@DU?$char_traits@D@std@@V?$allocator@D@2@@std@@V?$allocator@V?$basic_string@DU?$char_traits@D@std@@V?$allocator@D@2@@std@@@2@@std@@V?$allocator@V?$vector@V?$basic_string@DU?$char_traits@D@std@@V?$allocator@D@2@@std@@V?$allocator@V?$basic_string@DU?$char_traits@D@std@@V?$allocator@D@2@@std@@@2@@std@@@2@@std@@QAEXABV?$vector@V?$basic_string@DU?$char_traits@D@std@@V?$allocator@D@2@@std@@V?$allocator@V?$basic_string@DU?$char_traits@D@std@@V?$allocator@D@2@@std@@@2@@2@@Z 10003d50 f i chat_history.obj
 0001:00002df0       ?addString@@YAXPAD@Z       10003df0 f   chat_history.obj
 0001:00002f10       ?consoleEnter@@YGKPAD@Z    10003f10 f   chat_history.obj
 0001:00002f50       ?CHAT_keyDown@@YAXXZ       10003f50 f   chat_history.obj
 0001:00002fe0       ?_Max@?$_Tree_val@V?$_Tmap_traits@PAXPAXU?$less@PAX@std@@V?$allocator@U?$pair@QAXPAX@std@@@2@$0A@@std@@@std@@SAPAU_Node@?$_Tree_nod@V?$_Tmap_traits@PAXPAXU?$less@PAX@std@@V?$allocator@U?$pair@QAXPAX@std@@@2@$0A@@std@@@2@PAU342@@Z 10003fe0 f i class_extend.obj
 0001:00003000       ?_Min@?$_Tree_val@V?$_Tmap_traits@PAXPAXU?$less@PAX@std@@V?$allocator@U?$pair@QAXPAX@std@@@2@$0A@@std@@@std@@SAPAU_Node@?$_Tree_nod@V?$_Tmap_traits@PAXPAXU?$less@PAX@std@@V?$allocator@U?$pair@QAXPAX@std@@@2@$0A@@std@@@2@PAU342@@Z 10004000 f i class_extend.obj
 0001:00003020       ??E?$_Tree_unchecked_const_iterator@V?$_Tree_val@V?$_Tmap_traits@PAXPAXU?$less@PAX@std@@V?$allocator@U?$pair@QAXPAX@std@@@2@$0A@@std@@@std@@U_Iterator_base0@2@@std@@QAEAAV01@XZ 10004020 f i class_extend.obj
 0001:00003070       ?_Rrotate@?$_Tree@V?$_Tmap_traits@PAXPAXU?$less@PAX@std@@V?$allocator@U?$pair@QAXPAX@std@@@2@$0A@@std@@@std@@IAEXPAU_Node@?$_Tree_nod@V?$_Tmap_traits@PAXPAXU?$less@PAX@std@@V?$allocator@U?$pair@QAXPAX@std@@@2@$0A@@std@@@2@@Z 10004070 f i class_extend.obj
 0001:000030d0       ?_Lrotate@?$_Tree@V?$_Tmap_traits@PAXPAXU?$less@PAX@std@@V?$allocator@U?$pair@QAXPAX@std@@@2@$0A@@std@@@std@@IAEXPAU_Node@?$_Tree_nod@V?$_Tmap_traits@PAXPAXU?$less@PAX@std@@V?$allocator@U?$pair@QAXPAX@std@@@2@$0A@@std@@@2@@Z 100040d0 f i class_extend.obj
 0001:00003130       ?erase@?$_Tree@V?$_Tmap_traits@PAXPAXU?$less@PAX@std@@V?$allocator@U?$pair@QAXPAX@std@@@2@$0A@@std@@@std@@QAE?AV?$_Tree_iterator@V?$_Tree_val@V?$_Tmap_traits@PAXPAXU?$less@PAX@std@@V?$allocator@U?$pair@QAXPAX@std@@@2@$0A@@std@@@std@@@2@V?$_Tree_const_iterator@V?$_Tree_val@V?$_Tmap_traits@PAXPAXU?$less@PAX@std@@V?$allocator@U?$pair@QAXPAX@std@@@2@$0A@@std@@@std@@@2@@Z 10004130 f i class_extend.obj
 0001:00003380       ?_Erase@?$_Tree@V?$_Tmap_traits@PAXPAXU?$less@PAX@std@@V?$allocator@U?$pair@QAXPAX@std@@@2@$0A@@std@@@std@@IAEXPAU_Node@?$_Tree_nod@V?$_Tmap_traits@PAXPAXU?$less@PAX@std@@V?$allocator@U?$pair@QAXPAX@std@@@2@$0A@@std@@@2@@Z 10004380 f i class_extend.obj
 0001:000033c0       ?clear@?$_Tree@V?$_Tmap_traits@PAXPAXU?$less@PAX@std@@V?$allocator@U?$pair@QAXPAX@std@@@2@$0A@@std@@@std@@QAEXXZ 100043c0 f i class_extend.obj
 0001:00003410       ?erase@?$_Tree@V?$_Tmap_traits@PAXPAXU?$less@PAX@std@@V?$allocator@U?$pair@QAXPAX@std@@@2@$0A@@std@@@std@@QAE?AV?$_Tree_iterator@V?$_Tree_val@V?$_Tmap_traits@PAXPAXU?$less@PAX@std@@V?$allocator@U?$pair@QAXPAX@std@@@2@$0A@@std@@@std@@@2@V?$_Tree_const_iterator@V?$_Tree_val@V?$_Tmap_traits@PAXPAXU?$less@PAX@std@@V?$allocator@U?$pair@QAXPAX@std@@@2@$0A@@std@@@std@@@2@0@Z 10004410 f i class_extend.obj
 0001:000034b0       ??1runtime_error@std@@UAE@XZ 100044b0 f i config.obj
 0001:000034b0       ??1failure@ios_base@std@@UAE@XZ 100044b0 f i config.obj
 0001:000034c0       ?_Incref@facet@locale@std@@QAEXXZ 100044c0 f i config.obj
 0001:000034f0       ?_Decref@facet@locale@std@@QAEPAV123@XZ 100044f0 f i config.obj
 0001:00003530       ??1facet@locale@std@@UAE@XZ 10004530 f i config.obj
 0001:00003540       ??1locale@std@@QAE@XZ      10004540 f i config.obj
 0001:00003590       ?Cl_ProcessServerPacket@@YA_NAAVBinaryStream@@@Z 10004590 f i network_protocol_ext.obj
 0001:00003590       ?do_always_noconv@codecvt_base@std@@MBE_NXZ 10004590 f i config.obj
 0001:000035a0       ?do_max_length@codecvt_base@std@@MBEHXZ 100045a0 f i config.obj
 0001:000035a0       ?do_encoding@codecvt_base@std@@MBEHXZ 100045a0 f i config.obj
 0001:000035b0       ?getloc@ios_base@std@@QBE?AVlocale@2@XZ 100045b0 f i config.obj
 0001:000035f0       ??1?$basic_ios@DU?$char_traits@D@std@@@std@@UAE@XZ 100045f0 f i config.obj
 0001:00003600       ??1?$basic_istream@DU?$char_traits@D@std@@@std@@UAE@XZ 10004600 f i config.obj
 0001:00003610       ??_G?$basic_ios@DU?$char_traits@D@std@@@std@@UAEPAXI@Z 10004610 f i config.obj
 0001:00003610       ??_Eios_base@std@@UAEPAXI@Z 10004610 f i config.obj
 0001:00003610       ??_Gios_base@std@@UAEPAXI@Z 10004610 f i config.obj
 0001:00003610       ??_E?$basic_ios@DU?$char_traits@D@std@@@std@@UAEPAXI@Z 10004610 f i config.obj
 0001:00003640       ?_Gnavail@?$basic_streambuf@DU?$char_traits@D@std@@@std@@IBE_JXZ 10004640 f i config.obj
 0001:00003660       ?_Chassign@?$basic_string@DU?$char_traits@D@std@@V?$allocator@D@2@@std@@QAEXIID@Z 10004660 f i config.obj
 0001:000036a0       ?getloc@?$basic_streambuf@DU?$char_traits@D@std@@@std@@QBE?AVlocale@2@XZ 100046a0 f i config.obj
 0001:000036e0       ??_Efailure@ios_base@std@@UAEPAXI@Z 100046e0 f i config.obj
 0001:000036e0       ??_Gsystem_error@std@@UAEPAXI@Z 100046e0 f i config.obj
 0001:000036e0       ??_Eruntime_error@std@@UAEPAXI@Z 100046e0 f i config.obj
 0001:000036e0       ??_Gfailure@ios_base@std@@UAEPAXI@Z 100046e0 f i config.obj
 0001:000036e0       ??_Gruntime_error@std@@UAEPAXI@Z 100046e0 f i config.obj
 0001:000036e0       ??_Esystem_error@std@@UAEPAXI@Z 100046e0 f i config.obj
 0001:00003710       ?do_tolower@?$ctype@D@std@@MBEDD@Z 10004710 f i config.obj
 0001:00003730       ?do_tolower@?$ctype@D@std@@MBEPBDPADPBD@Z 10004730 f i config.obj
 0001:00003760       ?do_toupper@?$ctype@D@std@@MBEDD@Z 10004760 f i config.obj
 0001:00003780       ?do_toupper@?$ctype@D@std@@MBEPBDPADPBD@Z 10004780 f i config.obj
 0001:000037b0       ?do_widen@?$ctype@D@std@@MBEDD@Z 100047b0 f i config.obj
 0001:000037c0       ?do_widen@?$ctype@D@std@@MBEPBDPBD0PAD@Z 100047c0 f i config.obj
 0001:000037f0       ?do_narrow@?$ctype@D@std@@MBEDDD@Z 100047f0 f i config.obj
 0001:00003800       ?do_narrow@?$ctype@D@std@@MBEPBDPBD0DPAD@Z 10004800 f i config.obj
 0001:00003830       ??_E?$ctype@D@std@@MAEPAXI@Z 10004830 f i config.obj
 0001:00003830       ??_G?$ctype@D@std@@MAEPAXI@Z 10004830 f i config.obj
 0001:00003880       ?clear@ios_base@std@@QAEXH_N@Z 10004880 f i config.obj
 0001:00003960       ??0runtime_error@std@@QAE@ABV01@@Z 10004960 f i config.obj
 0001:00003980       ??0system_error@std@@QAE@ABV01@@Z 10004980 f i config.obj
 0001:000039b0       ?_Init@ios_base@std@@IAEXXZ 100049b0 f i config.obj
 0001:00003a40       ??0failure@ios_base@std@@QAE@ABV012@@Z 10004a40 f i config.obj
 0001:00003a70       ??1?$_Yarn@D@std@@QAE@XZ   10004a70 f i config.obj
 0001:00003a90       ??1?$basic_streambuf@DU?$char_traits@D@std@@@std@@UAE@XZ 10004a90 f i config.obj
 0001:00003b10       ?_Lock@?$basic_streambuf@DU?$char_traits@D@std@@@std@@UAEXXZ 10004b10 f i config.obj
 0001:00003b20       ?_Unlock@?$basic_streambuf@DU?$char_traits@D@std@@@std@@UAEXXZ 10004b20 f i config.obj
 0001:00003b30       ?overflow@?$basic_streambuf@DU?$char_traits@D@std@@@std@@MAEHH@Z 10004b30 f i config.obj
 0001:00003b30       ?pbackfail@?$basic_streambuf@DU?$char_traits@D@std@@@std@@MAEHH@Z 10004b30 f i config.obj
 0001:00003b40       ?showmanyc@?$basic_streambuf@DU?$char_traits@D@std@@@std@@MAE_JXZ 10004b40 f i config.obj
 0001:00003b50       ?underflow@?$basic_streambuf@DU?$char_traits@D@std@@@std@@MAEHXZ 10004b50 f i config.obj
 0001:00003b60       ?setbuf@?$basic_streambuf@DU?$char_traits@D@std@@@std@@MAEPAV12@PAD_J@Z 10004b60 f i config.obj
 0001:00003b70       ?_Pnavail@?$basic_streambuf@DU?$char_traits@D@std@@@std@@IBE_JXZ 10004b70 f i config.obj
 0001:00003b90       ?uflow@?$basic_streambuf@DU?$char_traits@D@std@@@std@@MAEHXZ 10004b90 f i config.obj
 0001:00003bc0       ?xsgetn@?$basic_streambuf@DU?$char_traits@D@std@@@std@@MAE_JPAD_J@Z 10004bc0 f i config.obj
 0001:00003c90       ?xsputn@?$basic_streambuf@DU?$char_traits@D@std@@@std@@MAE_JPBD_J@Z 10004c90 f i config.obj
 0001:00003d60       ?seekoff@?$basic_streambuf@DU?$char_traits@D@std@@@std@@MAE?AV?$fpos@H@2@_JHH@Z 10004d60 f i config.obj
 0001:00003d90       ?seekpos@?$basic_streambuf@DU?$char_traits@D@std@@@std@@MAE?AV?$fpos@H@2@V32@H@Z 10004d90 f i config.obj
 0001:00003dc0       ??_E?$basic_istream@DU?$char_traits@D@std@@@std@@UAEPAXI@Z 10004dc0 f i config.obj
 0001:00003dc0       ??_G?$basic_istream@DU?$char_traits@D@std@@@std@@UAEPAXI@Z 10004dc0 f i config.obj
 0001:00003e00       ??_E?$basic_streambuf@DU?$char_traits@D@std@@@std@@UAEPAXI@Z 10004e00 f i config.obj
 0001:00003e00       ??_G?$basic_streambuf@DU?$char_traits@D@std@@@std@@UAEPAXI@Z 10004e00 f i config.obj
 0001:00003e30       ?find@?$basic_string@DU?$char_traits@D@std@@V?$allocator@D@2@@std@@QBEIPBDII@Z 10004e30 f i config.obj
 0001:00003ee0       ?find_first_of@?$basic_string@DU?$char_traits@D@std@@V?$allocator@D@2@@std@@QBEIPBDII@Z 10004ee0 f i config.obj
 0001:00003f60       ?_Reset_back@?$basic_filebuf@DU?$char_traits@D@std@@@std@@AAEXXZ 10004f60 f i config.obj
 0001:00003f90       ?_Init@?$basic_streambuf@DU?$char_traits@D@std@@@std@@IAEXXZ 10004f90 f i config.obj
 0001:00003ff0       ?do_in@?$codecvt@DDH@std@@MBEHAAHPBD1AAPBDPAD3AAPAD@Z 10004ff0 f i config.obj
 0001:00003ff0       ?do_out@?$codecvt@DDH@std@@MBEHAAHPBD1AAPBDPAD3AAPAD@Z 10004ff0 f i config.obj
 0001:00004010       ?do_unshift@?$codecvt@DDH@std@@MBEHAAHPAD1AAPAD@Z 10005010 f i config.obj
 0001:00004030       ?do_length@?$codecvt@DDH@std@@MBEHABHPBD1I@Z 10005030 f i config.obj
 0001:00004050       ??_Gfacet@locale@std@@UAEPAXI@Z 10005050 f i config.obj
 0001:00004050       ??_G?$codecvt@DDH@std@@MAEPAXI@Z 10005050 f i config.obj
 0001:00004050       ??_E?$codecvt@DDH@std@@MAEPAXI@Z 10005050 f i config.obj
 0001:00004050       ??_Efacet@locale@std@@UAEPAXI@Z 10005050 f i config.obj
 0001:00004080       ??0_Locinfo@std@@QAE@PBD@Z 10005080 f i config.obj
 0001:00004130       ??1_Locinfo@std@@QAE@XZ    10005130 f i config.obj
 0001:000041e0       ?_Getcat@?$ctype@D@std@@SAIPAPBVfacet@locale@2@PBV42@@Z 100051e0 f i config.obj
 0001:000042c0       ?snextc@?$basic_streambuf@DU?$char_traits@D@std@@@std@@QAEHXZ 100052c0 f i config.obj
 0001:00004340       ?_Init@?$basic_filebuf@DU?$char_traits@D@std@@@std@@IAEXPAU_iobuf@@W4_Initfl@12@@Z 10005340 f i config.obj
 0001:000043e0       ??0?$basic_streambuf@DU?$char_traits@D@std@@@std@@IAE@XZ 100053e0 f i config.obj
 0001:000044d0       ??$use_facet@V?$ctype@D@std@@@std@@YAABV?$ctype@D@0@ABVlocale@0@@Z 100054d0 f i config.obj
 0001:00004610       ??$?8DU?$char_traits@D@std@@V?$allocator@D@1@@std@@YA_NABV?$basic_string@DU?$char_traits@D@std@@V?$allocator@D@2@@0@PBD@Z 10005610 f i config.obj
 0001:00004650       ?_Getcat@?$codecvt@DDH@std@@SAIPAPBVfacet@locale@2@PBV42@@Z 10005650 f i config.obj
 0001:00004700       ?flush@?$basic_ostream@DU?$char_traits@D@std@@@std@@QAEAAV12@XZ 10005700 f i config.obj
 0001:00004750       ?_Ipfx@?$basic_istream@DU?$char_traits@D@std@@@std@@QAE_N_N@Z 10005750 f i config.obj
 0001:000048f0       ??$_Fputc@D@std@@YA_NDPAU_iobuf@@@Z 100058f0 f i config.obj
 0001:00004910       ?_Lock@?$basic_filebuf@DU?$char_traits@D@std@@@std@@UAEXXZ 10005910 f i config.obj
 0001:00004920       ?_Unlock@?$basic_filebuf@DU?$char_traits@D@std@@@std@@UAEXXZ 10005920 f i config.obj
 0001:00004930       ?sync@?$basic_filebuf@DU?$char_traits@D@std@@@std@@MAEHXZ 10005930 f i config.obj
 0001:00004960       ?underflow@?$basic_filebuf@DU?$char_traits@D@std@@@std@@MAEHXZ 10005960 f i config.obj
 0001:000049b0       ?_Set_back@?$basic_filebuf@DU?$char_traits@D@std@@@std@@AAEXXZ 100059b0 f i config.obj
 0001:000049f0       ?pbackfail@?$basic_filebuf@DU?$char_traits@D@std@@@std@@MAEHH@Z 100059f0 f i config.obj
 0001:00004a80       ?setbuf@?$basic_filebuf@DU?$char_traits@D@std@@@std@@MAEPAV?$basic_streambuf@DU?$char_traits@D@std@@@2@PAD_J@Z 10005a80 f i config.obj
 0001:00004ae0       ?widen@?$basic_ios@DU?$char_traits@D@std@@@std@@QBEDD@Z 10005ae0 f i config.obj
 0001:00004b90       ??$use_facet@V?$codecvt@DDH@std@@@std@@YAABV?$codecvt@DDH@0@ABVlocale@0@@Z 10005b90 f i config.obj
 0001:00004cd0       ?imbue@?$basic_filebuf@DU?$char_traits@D@std@@@std@@MAEXABVlocale@2@@Z 10005cd0 f i config.obj
 0001:00004d10       ?append@?$basic_string@DU?$char_traits@D@std@@V?$allocator@D@2@@std@@QAEAAV12@ID@Z 10005d10 f i config.obj
 0001:00004dc0       ?open@?$basic_filebuf@DU?$char_traits@D@std@@@std@@QAEPAV12@PBDHH@Z 10005dc0 f i config.obj
 0001:00004ea0       ?uflow@?$basic_filebuf@DU?$char_traits@D@std@@@std@@MAEHXZ 10005ea0 f i config.obj
 0001:00005090       ?open@?$basic_ifstream@DU?$char_traits@D@std@@@std@@QAEXPBDHH@Z 10006090 f i config.obj
 0001:00005100       ?_Endwrite@?$basic_filebuf@DU?$char_traits@D@std@@@std@@IAE_NXZ 10006100 f i config.obj
 0001:00005240       ??$getline@DU?$char_traits@D@std@@V?$allocator@D@2@@std@@YAAAV?$basic_istream@DU?$char_traits@D@std@@@0@$$QAV10@AAV?$basic_string@DU?$char_traits@D@std@@V?$allocator@D@2@@0@D@Z 10006240 f i config.obj
 0001:00005400       ?overflow@?$basic_filebuf@DU?$char_traits@D@std@@@std@@MAEHH@Z 10006400 f i config.obj
 0001:000055f0       ?seekoff@?$basic_filebuf@DU?$char_traits@D@std@@@std@@MAE?AV?$fpos@H@2@_JHH@Z 100065f0 f i config.obj
 0001:000056e0       ?seekpos@?$basic_filebuf@DU?$char_traits@D@std@@@std@@MAE?AV?$fpos@H@2@V32@H@Z 100066e0 f i config.obj
 0001:000057c0       ?close@?$basic_filebuf@DU?$char_traits@D@std@@@std@@QAEPAV12@XZ 100067c0 f i config.obj
 0001:00005850       ??0?$basic_ifstream@DU?$char_traits@D@std@@@std@@QAE@XZ 10006850 f i config.obj
 0001:00005980       ??1?$basic_ifstream@DU?$char_traits@D@std@@@std@@UAE@XZ 10006980 f i config.obj
 0001:00005a30       ?close@?$basic_ifstream@DU?$char_traits@D@std@@@std@@QAEXXZ 10006a30 f i config.obj
 0001:00005a60       ??_E?$basic_filebuf@DU?$char_traits@D@std@@@std@@UAEPAXI@Z 10006a60 f i config.obj
 0001:00005a60       ??_G?$basic_filebuf@DU?$char_traits@D@std@@@std@@UAEPAXI@Z 10006a60 f i config.obj
 0001:00005b00       ?ParseConfig1x@@YAXAAV?$basic_ifstream@DU?$char_traits@D@std@@@std@@@Z 10006b00 f   config.obj
 0001:000060e0       ??_D?$basic_ifstream@DU?$char_traits@D@std@@@std@@QAEXXZ 100070e0 f i config.obj
 0001:00006100       ??_G?$basic_ifstream@DU?$char_traits@D@std@@@std@@UAEPAXI@Z 10007100 f i config.obj
 0001:00006100       ??_E?$basic_ifstream@DU?$char_traits@D@std@@@std@@UAEPAXI@Z 10007100 f i config.obj
 0001:00006140       ?ParseConfig2x@@YAXAAV?$basic_ifstream@DU?$char_traits@D@std@@@std@@@Z 10007140 f   config.obj
 0001:00006c20       ?ParseConfig@@YAXXZ        10007c20 f   config.obj
 0001:00006de0       ?CheckValid@@YGKPAXK@Z     10007de0 f   crash.obj
 0001:00006e00       ?CheckValidW@@YGKPAXK@Z    10007e00 f   crash.obj
 0001:00006e20       ?CRASH_fix_414994@@YAXXZ   10007e20 f   crash.obj
 0001:00006e50       ?CRASH_fix_42353A@@YAXXZ   10007e50 f   crash.obj
 0001:00006e80       ?CRASH_fix_523295@@YAXXZ   10007e80 f   crash.obj
 0001:00006eb0       ?CRASH_fix_46AD10@@YAXXZ   10007eb0 f   crash.obj
 0001:00006f10       ?CRASH_fix_420450@@YAXXZ   10007f10 f   crash.obj
 0001:00006f40       ?CRASH_fix_45FC3B@@YAXXZ   10007f40 f   crash.obj
 0001:00006f70       ?CRASH_fix_458CF9@@YAXXZ   10007f70 f   crash.obj
 0001:00006fb0       ?CRASH_fix_4657AD@@YAXXZ   10007fb0 f   crash.obj
 0001:00006fe0       ?CRASH_fix_46B685@@YAXXZ   10007fe0 f   crash.obj
 0001:00007010       ?shop_init_2@@YAXXZ        10008010 f   crash.obj
 0001:00007060       ?CRASH_fix_4BEE2D@@YAXXZ   10008060 f   crash.obj
 0001:00007070       ?CRASH_fix_4AAB7E@@YAXXZ   10008070 f   crash.obj
 0001:00007090       ?CRASH_fix_multiwindow_1@@YAXXZ 10008090 f   crash.obj
 0001:000070b0       ?CRASH_fix_multiwindow_2@@YAXXZ 100080b0 f   crash.obj
 0001:000070d0       ?CRASH_fix_multiwindow_3@@YAXXZ 100080d0 f   crash.obj
 0001:000070f0       ?CRASH_fix_multiwindow_4@@YAXXZ 100080f0 f   crash.obj
 0001:00007110       ?Calculate@CRC_32@@AAEXQAEIAAK@Z 10008110 f   CRC_32.obj
 0001:00007150       ?CRC32ThreadProc@CRC_32@@CGKPAX@Z 10008150 f   CRC_32.obj
 0001:00007470       ??0CRC_32@@QAE@XZ          10008470 f   CRC_32.obj
 0001:000075b0       ?CalcCRC@CRC_32@@QAEKPAXIPAUHWND__@@@Z 100085b0 f   CRC_32.obj
 0001:000076b0       ?log_str@@YAXPADK@Z        100086b0 f   debug.obj
 0001:000076d0       ?DBG_logStrings@@YAXXZ     100086d0 f   debug.obj
 0001:00007710       ?exc_handler_run@@YAKPAU_EXCEPTION_POINTERS@@@Z 10008710 f   debug.obj
 0001:00007840       ?setup_handler@@YAXXZ      10008840 f   debug.obj
 0001:00007850       ?_decideState@@YGXK@Z      10008850 f   debug.obj
 0001:00007870       ?DBG_decideState@@YAXXZ    10008870 f   debug.obj
 0001:000078a0       ?_Max@?$_Tree_val@V?$_Tmap_traits@KV?$basic_string@DU?$char_traits@D@std@@V?$allocator@D@2@@std@@U?$less@K@2@V?$allocator@U?$pair@$$CBKV?$basic_string@DU?$char_traits@D@std@@V?$allocator@D@2@@std@@@std@@@2@$0A@@std@@@std@@SAPAU_Node@?$_Tree_nod@V?$_Tmap_traits@KV?$basic_string@DU?$char_traits@D@std@@V?$allocator@D@2@@std@@U?$less@K@2@V?$allocator@U?$pair@$$CBKV?$basic_string@DU?$char_traits@D@std@@V?$allocator@D@2@@std@@@std@@@2@$0A@@std@@@2@PAU342@@Z 100088a0 f i debug.obj
 0001:000078a0       ?_Max@?$_Tree_val@V?$_Tmap_traits@PBDV?$basic_string@DU?$char_traits@D@std@@V?$allocator@D@2@@std@@U?$less@PBD@2@V?$allocator@U?$pair@QBDV?$basic_string@DU?$char_traits@D@std@@V?$allocator@D@2@@std@@@std@@@2@$0A@@std@@@std@@SAPAU_Node@?$_Tree_nod@V?$_Tmap_traits@PBDV?$basic_string@DU?$char_traits@D@std@@V?$allocator@D@2@@std@@U?$less@PBD@2@V?$allocator@U?$pair@QBDV?$basic_string@DU?$char_traits@D@std@@V?$allocator@D@2@@std@@@std@@@2@$0A@@std@@@2@PAU342@@Z 100088a0 f i debug.obj
 0001:000078c0       ?_Min@?$_Tree_val@V?$_Tmap_traits@KV?$basic_string@DU?$char_traits@D@std@@V?$allocator@D@2@@std@@U?$less@K@2@V?$allocator@U?$pair@$$CBKV?$basic_string@DU?$char_traits@D@std@@V?$allocator@D@2@@std@@@std@@@2@$0A@@std@@@std@@SAPAU_Node@?$_Tree_nod@V?$_Tmap_traits@KV?$basic_string@DU?$char_traits@D@std@@V?$allocator@D@2@@std@@U?$less@K@2@V?$allocator@U?$pair@$$CBKV?$basic_string@DU?$char_traits@D@std@@V?$allocator@D@2@@std@@@std@@@2@$0A@@std@@@2@PAU342@@Z 100088c0 f i debug.obj
 0001:000078c0       ?_Min@?$_Tree_val@V?$_Tmap_traits@PBDV?$basic_string@DU?$char_traits@D@std@@V?$allocator@D@2@@std@@U?$less@PBD@2@V?$allocator@U?$pair@QBDV?$basic_string@DU?$char_traits@D@std@@V?$allocator@D@2@@std@@@std@@@2@$0A@@std@@@std@@SAPAU_Node@?$_Tree_nod@V?$_Tmap_traits@PBDV?$basic_string@DU?$char_traits@D@std@@V?$allocator@D@2@@std@@U?$less@PBD@2@V?$allocator@U?$pair@QBDV?$basic_string@DU?$char_traits@D@std@@V?$allocator@D@2@@std@@@std@@@2@$0A@@std@@@2@PAU342@@Z 100088c0 f i debug.obj
 0001:000078e0       ??E?$_Tree_unchecked_const_iterator@V?$_Tree_val@V?$_Tmap_traits@KV?$basic_string@DU?$char_traits@D@std@@V?$allocator@D@2@@std@@U?$less@K@2@V?$allocator@U?$pair@$$CBKV?$basic_string@DU?$char_traits@D@std@@V?$allocator@D@2@@std@@@std@@@2@$0A@@std@@@std@@U_Iterator_base0@2@@std@@QAEAAV01@XZ 100088e0 f i debug.obj
 0001:000078e0       ??E?$_Tree_unchecked_const_iterator@V?$_Tree_val@V?$_Tmap_traits@PBDV?$basic_string@DU?$char_traits@D@std@@V?$allocator@D@2@@std@@U?$less@PBD@2@V?$allocator@U?$pair@QBDV?$basic_string@DU?$char_traits@D@std@@V?$allocator@D@2@@std@@@std@@@2@$0A@@std@@@std@@U_Iterator_base0@2@@std@@QAEAAV01@XZ 100088e0 f i debug.obj
 0001:00007930       ??F?$_Tree_unchecked_const_iterator@V?$_Tree_val@V?$_Tmap_traits@PBDV?$basic_string@DU?$char_traits@D@std@@V?$allocator@D@2@@std@@U?$less@PBD@2@V?$allocator@U?$pair@QBDV?$basic_string@DU?$char_traits@D@std@@V?$allocator@D@2@@std@@@std@@@2@$0A@@std@@@std@@U_Iterator_base0@2@@std@@QAEAAV01@XZ 10008930 f i debug.obj
 0001:00007990       ?_Lrotate@?$_Tree@V?$_Tmap_traits@PBDV?$basic_string@DU?$char_traits@D@std@@V?$allocator@D@2@@std@@U?$less@PBD@2@V?$allocator@U?$pair@QBDV?$basic_string@DU?$char_traits@D@std@@V?$allocator@D@2@@std@@@std@@@2@$0A@@std@@@std@@IAEXPAU_Node@?$_Tree_nod@V?$_Tmap_traits@PBDV?$basic_string@DU?$char_traits@D@std@@V?$allocator@D@2@@std@@U?$less@PBD@2@V?$allocator@U?$pair@QBDV?$basic_string@DU?$char_traits@D@std@@V?$allocator@D@2@@std@@@std@@@2@$0A@@std@@@2@@Z 10008990 f i debug.obj
 0001:00007990       ?_Lrotate@?$_Tree@V?$_Tmap_traits@KV?$basic_string@DU?$char_traits@D@std@@V?$allocator@D@2@@std@@U?$less@K@2@V?$allocator@U?$pair@$$CBKV?$basic_string@DU?$char_traits@D@std@@V?$allocator@D@2@@std@@@std@@@2@$0A@@std@@@std@@IAEXPAU_Node@?$_Tree_nod@V?$_Tmap_traits@KV?$basic_string@DU?$char_traits@D@std@@V?$allocator@D@2@@std@@U?$less@K@2@V?$allocator@U?$pair@$$CBKV?$basic_string@DU?$char_traits@D@std@@V?$allocator@D@2@@std@@@std@@@2@$0A@@std@@@2@@Z 10008990 f i debug.obj
 0001:000079f0       ?_Rrotate@?$_Tree@V?$_Tmap_traits@KV?$basic_string@DU?$char_traits@D@std@@V?$allocator@D@2@@std@@U?$less@K@2@V?$allocator@U?$pair@$$CBKV?$basic_string@DU?$char_traits@D@std@@V?$allocator@D@2@@std@@@std@@@2@$0A@@std@@@std@@IAEXPAU_Node@?$_Tree_nod@V?$_Tmap_traits@KV?$basic_string@DU?$char_traits@D@std@@V?$allocator@D@2@@std@@U?$less@K@2@V?$allocator@U?$pair@$$CBKV?$basic_string@DU?$char_traits@D@std@@V?$allocator@D@2@@std@@@std@@@2@$0A@@std@@@2@@Z 100089f0 f i debug.obj
 0001:000079f0       ?_Rrotate@?$_Tree@V?$_Tmap_traits@PBDV?$basic_string@DU?$char_traits@D@std@@V?$allocator@D@2@@std@@U?$less@PBD@2@V?$allocator@U?$pair@QBDV?$basic_string@DU?$char_traits@D@std@@V?$allocator@D@2@@std@@@std@@@2@$0A@@std@@@std@@IAEXPAU_Node@?$_Tree_nod@V?$_Tmap_traits@PBDV?$basic_string@DU?$char_traits@D@std@@V?$allocator@D@2@@std@@U?$less@PBD@2@V?$allocator@U?$pair@QBDV?$basic_string@DU?$char_traits@D@std@@V?$allocator@D@2@@std@@@std@@@2@$0A@@std@@@2@@Z 100089f0 f i debug.obj
 0001:00007a50       ??1?$pair@QBDV?$basic_string@DU?$char_traits@D@std@@V?$allocator@D@2@@std@@@std@@QAE@XZ 10008a50 f i debug.obj
 0001:00007a80       ?_disp256@@YGXPBDK@Z       10008a80 f   debug.obj
 0001:00007b90       ?DBG_disp256@@YAXXZ        10008b90 f   debug.obj
 0001:00007bb0       ?DBG_di2p256@@YAXXZ        10008bb0 f   debug.obj
 0001:00007bd0       ?DBG_di3p256@@YAXXZ        10008bd0 f   debug.obj
 0001:00007bf0       ?_Insert@?$_Tree@V?$_Tmap_traits@PBDV?$basic_string@DU?$char_traits@D@std@@V?$allocator@D@2@@std@@U?$less@PBD@2@V?$allocator@U?$pair@QBDV?$basic_string@DU?$char_traits@D@std@@V?$allocator@D@2@@std@@@std@@@2@$0A@@std@@@std@@IAE?AV?$_Tree_iterator@V?$_Tree_val@V?$_Tmap_traits@PBDV?$basic_string@DU?$char_traits@D@std@@V?$allocator@D@2@@std@@U?$less@PBD@2@V?$allocator@U?$pair@QBDV?$basic_string@DU?$char_traits@D@std@@V?$allocator@D@2@@std@@@std@@@2@$0A@@std@@@std@@@2@_NPAU_Node@?$_Tree_nod@V?$_Tmap_traits@PBDV?$basic_string@DU?$char_traits@D@std@@V?$allocator@D@2@@std@@U?$less@PBD@2@V?$allocator@U?$pair@QBDV?$basic_string@DU?$char_traits@D@std@@V?$allocator@D@2@@std@@@std@@@2@$0A@@std@@@2@1@Z 10008bf0 f i debug.obj
 0001:00007e40       ?erase@?$_Tree@V?$_Tmap_traits@KV?$basic_string@DU?$char_traits@D@std@@V?$allocator@D@2@@std@@U?$less@K@2@V?$allocator@U?$pair@$$CBKV?$basic_string@DU?$char_traits@D@std@@V?$allocator@D@2@@std@@@std@@@2@$0A@@std@@@std@@QAE?AV?$_Tree_iterator@V?$_Tree_val@V?$_Tmap_traits@KV?$basic_string@DU?$char_traits@D@std@@V?$allocator@D@2@@std@@U?$less@K@2@V?$allocator@U?$pair@$$CBKV?$basic_string@DU?$char_traits@D@std@@V?$allocator@D@2@@std@@@std@@@2@$0A@@std@@@std@@@2@V?$_Tree_const_iterator@V?$_Tree_val@V?$_Tmap_traits@KV?$basic_string@DU?$char_traits@D@std@@V?$allocator@D@2@@std@@U?$less@K@2@V?$allocator@U?$pair@$$CBKV?$basic_string@DU?$char_traits@D@std@@V?$allocator@D@2@@std@@@std@@@2@$0A@@std@@@std@@@2@@Z 10008e40 f i debug.obj
 0001:00007e40       ?erase@?$_Tree@V?$_Tmap_traits@PBDV?$basic_string@DU?$char_traits@D@std@@V?$allocator@D@2@@std@@U?$less@PBD@2@V?$allocator@U?$pair@QBDV?$basic_string@DU?$char_traits@D@std@@V?$allocator@D@2@@std@@@std@@@2@$0A@@std@@@std@@QAE?AV?$_Tree_iterator@V?$_Tree_val@V?$_Tmap_traits@PBDV?$basic_string@DU?$char_traits@D@std@@V?$allocator@D@2@@std@@U?$less@PBD@2@V?$allocator@U?$pair@QBDV?$basic_string@DU?$char_traits@D@std@@V?$allocator@D@2@@std@@@std@@@2@$0A@@std@@@std@@@2@V?$_Tree_const_iterator@V?$_Tree_val@V?$_Tmap_traits@PBDV?$basic_string@DU?$char_traits@D@std@@V?$allocator@D@2@@std@@U?$less@PBD@2@V?$allocator@U?$pair@QBDV?$basic_string@DU?$char_traits@D@std@@V?$allocator@D@2@@std@@@std@@@2@$0A@@std@@@std@@@2@@Z 10008e40 f i debug.obj
 0001:000080c0       ?_Erase@?$_Tree@V?$_Tmap_traits@PBDV?$basic_string@DU?$char_traits@D@std@@V?$allocator@D@2@@std@@U?$less@PBD@2@V?$allocator@U?$pair@QBDV?$basic_string@DU?$char_traits@D@std@@V?$allocator@D@2@@std@@@std@@@2@$0A@@std@@@std@@IAEXPAU_Node@?$_Tree_nod@V?$_Tmap_traits@PBDV?$basic_string@DU?$char_traits@D@std@@V?$allocator@D@2@@std@@U?$less@PBD@2@V?$allocator@U?$pair@QBDV?$basic_string@DU?$char_traits@D@std@@V?$allocator@D@2@@std@@@std@@@2@$0A@@std@@@2@@Z 100090c0 f i debug.obj
 0001:000080c0       ?_Erase@?$_Tree@V?$_Tmap_traits@KV?$basic_string@DU?$char_traits@D@std@@V?$allocator@D@2@@std@@U?$less@K@2@V?$allocator@U?$pair@$$CBKV?$basic_string@DU?$char_traits@D@std@@V?$allocator@D@2@@std@@@std@@@2@$0A@@std@@@std@@IAEXPAU_Node@?$_Tree_nod@V?$_Tmap_traits@KV?$basic_string@DU?$char_traits@D@std@@V?$allocator@D@2@@std@@U?$less@K@2@V?$allocator@U?$pair@$$CBKV?$basic_string@DU?$char_traits@D@std@@V?$allocator@D@2@@std@@@std@@@2@$0A@@std@@@2@@Z 100090c0 f i debug.obj
 0001:00008120       ?_Linsert@?$_Tree@V?$_Tmap_traits@PBDV?$basic_string@DU?$char_traits@D@std@@V?$allocator@D@2@@std@@U?$less@PBD@2@V?$allocator@U?$pair@QBDV?$basic_string@DU?$char_traits@D@std@@V?$allocator@D@2@@std@@@std@@@2@$0A@@std@@@std@@QAE?AU?$pair@V?$_Tree_iterator@V?$_Tree_val@V?$_Tmap_traits@PBDV?$basic_string@DU?$char_traits@D@std@@V?$allocator@D@2@@std@@U?$less@PBD@2@V?$allocator@U?$pair@QBDV?$basic_string@DU?$char_traits@D@std@@V?$allocator@D@2@@std@@@std@@@2@$0A@@std@@@std@@@std@@_N@2@PAU_Node@?$_Tree_nod@V?$_Tmap_traits@PBDV?$basic_string@DU?$char_traits@D@std@@V?$allocator@D@2@@std@@U?$less@PBD@2@V?$allocator@U?$pair@QBDV?$basic_string@DU?$char_traits@D@std@@V?$allocator@D@2@@std@@@std@@@2@$0A@@std@@@2@_N@Z 10009120 f i debug.obj
 0001:00008220       ?_Insert@?$_Tree@V?$_Tmap_traits@PBDV?$basic_string@DU?$char_traits@D@std@@V?$allocator@D@2@@std@@U?$less@PBD@2@V?$allocator@U?$pair@QBDV?$basic_string@DU?$char_traits@D@std@@V?$allocator@D@2@@std@@@std@@@2@$0A@@std@@@std@@QAE?AV?$_Tree_iterator@V?$_Tree_val@V?$_Tmap_traits@PBDV?$basic_string@DU?$char_traits@D@std@@V?$allocator@D@2@@std@@U?$less@PBD@2@V?$allocator@U?$pair@QBDV?$basic_string@DU?$char_traits@D@std@@V?$allocator@D@2@@std@@@std@@@2@$0A@@std@@@std@@@2@V?$_Tree_const_iterator@V?$_Tree_val@V?$_Tmap_traits@PBDV?$basic_string@DU?$char_traits@D@std@@V?$allocator@D@2@@std@@U?$less@PBD@2@V?$allocator@U?$pair@QBDV?$basic_string@DU?$char_traits@D@std@@V?$allocator@D@2@@std@@@std@@@2@$0A@@std@@@std@@@2@PAU_Node@?$_Tree_nod@V?$_Tmap_traits@PBDV?$basic_string@DU?$char_traits@D@std@@V?$allocator@D@2@@std@@U?$less@PBD@2@V?$allocator@U?$pair@QBDV?$basic_string@DU?$char_traits@D@std@@V?$allocator@D@2@@std@@@std@@@2@$0A@@std@@@2@@Z 10009220 f i debug.obj
 0001:00008380       ?erase@?$_Tree@V?$_Tmap_traits@PBDV?$basic_string@DU?$char_traits@D@std@@V?$allocator@D@2@@std@@U?$less@PBD@2@V?$allocator@U?$pair@QBDV?$basic_string@DU?$char_traits@D@std@@V?$allocator@D@2@@std@@@std@@@2@$0A@@std@@@std@@QAE?AV?$_Tree_iterator@V?$_Tree_val@V?$_Tmap_traits@PBDV?$basic_string@DU?$char_traits@D@std@@V?$allocator@D@2@@std@@U?$less@PBD@2@V?$allocator@U?$pair@QBDV?$basic_string@DU?$char_traits@D@std@@V?$allocator@D@2@@std@@@std@@@2@$0A@@std@@@std@@@2@V?$_Tree_const_iterator@V?$_Tree_val@V?$_Tmap_traits@PBDV?$basic_string@DU?$char_traits@D@std@@V?$allocator@D@2@@std@@U?$less@PBD@2@V?$allocator@U?$pair@QBDV?$basic_string@DU?$char_traits@D@std@@V?$allocator@D@2@@std@@@std@@@2@$0A@@std@@@std@@@2@0@Z 10009380 f i debug.obj
 0001:00008380       ?erase@?$_Tree@V?$_Tmap_traits@KV?$basic_string@DU?$char_traits@D@std@@V?$allocator@D@2@@std@@U?$less@K@2@V?$allocator@U?$pair@$$CBKV?$basic_string@DU?$char_traits@D@std@@V?$allocator@D@2@@std@@@std@@@2@$0A@@std@@@std@@QAE?AV?$_Tree_iterator@V?$_Tree_val@V?$_Tmap_traits@KV?$basic_string@DU?$char_traits@D@std@@V?$allocator@D@2@@std@@U?$less@K@2@V?$allocator@U?$pair@$$CBKV?$basic_string@DU?$char_traits@D@std@@V?$allocator@D@2@@std@@@std@@@2@$0A@@std@@@std@@@2@V?$_Tree_const_iterator@V?$_Tree_val@V?$_Tmap_traits@KV?$basic_string@DU?$char_traits@D@std@@V?$allocator@D@2@@std@@U?$less@K@2@V?$allocator@U?$pair@$$CBKV?$basic_string@DU?$char_traits@D@std@@V?$allocator@D@2@@std@@@std@@@2@$0A@@std@@@std@@@2@0@Z 10009380 f i debug.obj
 0001:00008440       ??$_Buynode@U?$pair@QBDV?$basic_string@DU?$char_traits@D@std@@V?$allocator@D@2@@std@@@std@@@?$_Tree_val@V?$_Tmap_traits@PBDV?$basic_string@DU?$char_traits@D@std@@V?$allocator@D@2@@std@@U?$less@PBD@2@V?$allocator@U?$pair@QBDV?$basic_string@DU?$char_traits@D@std@@V?$allocator@D@2@@std@@@std@@@2@$0A@@std@@@std@@QAEPAU_Node@?$_Tree_nod@V?$_Tmap_traits@PBDV?$basic_string@DU?$char_traits@D@std@@V?$allocator@D@2@@std@@U?$less@PBD@2@V?$allocator@U?$pair@QBDV?$basic_string@DU?$char_traits@D@std@@V?$allocator@D@2@@std@@@std@@@2@$0A@@std@@@1@$$QAU?$pair@QBDV?$basic_string@DU?$char_traits@D@std@@V?$allocator@D@2@@std@@@1@@Z 10009440 f i debug.obj
 0001:00008520       ??A?$map@PBDV?$basic_string@DU?$char_traits@D@std@@V?$allocator@D@2@@std@@U?$less@PBD@2@V?$allocator@U?$pair@QBDV?$basic_string@DU?$char_traits@D@std@@V?$allocator@D@2@@std@@@std@@@2@@std@@QAEAAV?$basic_string@DU?$char_traits@D@std@@V?$allocator@D@2@@1@ABQBD@Z 10009520 f i debug.obj
 0001:00008630       ?_load256@@YGXPBD0@Z       10009630 f   debug.obj
 0001:00008670       ?DBG_load256@@YAXXZ        10009670 f   debug.obj
 0001:000086b0       ?GetLength@File@@QAEIXZ    100096b0 f   File.obj
 0001:000086c0       ?seekg@?$basic_istream@DU?$char_traits@D@std@@@std@@QAEAAV12@V?$fpos@H@2@@Z 100096c0 f i File.obj
 0001:00008760       ?seekg@?$basic_istream@DU?$char_traits@D@std@@@std@@QAEAAV12@_JH@Z 10009760 f i File.obj
 0001:000087e0       ?tellg@?$basic_istream@DU?$char_traits@D@std@@@std@@QAE?AV?$fpos@H@2@XZ 100097e0 f i File.obj
 0001:00008840       ??1?$vector@URecord@FileArchive@@V?$allocator@URecord@FileArchive@@@std@@@std@@QAE@XZ 10009840 f i File.obj
 0001:00008850       ?allocate@?$allocator@URecord@FileArchive@@@std@@QAEPAURecord@FileArchive@@I@Z 10009850 f i File.obj
 0001:000088b0       ?allocate@?$allocator@PAURecord@FileArchive@@@std@@QAEPAPAURecord@FileArchive@@I@Z 100098b0 f i File.obj
 0001:000088b0       ?allocate@?$allocator@I@std@@QAEPAII@Z 100098b0 f i File.obj
 0001:00008910       ?Seek@File@@QAEXI@Z        10009910 f   File.obj
 0001:00008940       ??1Record@FileArchive@@QAE@XZ 10009940 f i File.obj
 0001:000089d0       ?reserve@?$vector@IV?$allocator@I@std@@@std@@QAEXI@Z 100099d0 f i File.obj
 0001:000089d0       ?reserve@?$vector@PAURecord@FileArchive@@V?$allocator@PAURecord@FileArchive@@@std@@@std@@QAEXI@Z 100099d0 f i File.obj
 0001:00008a50       ??1?$vector@PAURecord@FileArchive@@V?$allocator@PAURecord@FileArchive@@@std@@@std@@QAE@XZ 10009a50 f i File.obj
 0001:00008a50       ??1?$vector@IV?$allocator@I@std@@@std@@QAE@XZ 10009a50 f i File.obj
 0001:00008a80       ?insert@?$basic_string@DU?$char_traits@D@std@@V?$allocator@D@2@@std@@QAEAAV12@IID@Z 10009a80 f i File.obj
 0001:00008b80       ?_Reserve@?$vector@PAURecord@FileArchive@@V?$allocator@PAURecord@FileArchive@@@std@@@std@@IAEXI@Z 10009b80 f i File.obj
 0001:00008b80       ?_Reserve@?$vector@IV?$allocator@I@std@@@std@@IAEXI@Z 10009b80 f i File.obj
 0001:00008be0       ?read@?$basic_istream@DU?$char_traits@D@std@@@std@@QAEAAV12@PAD_J@Z 10009be0 f i File.obj
 0001:00008d30       ?push_back@?$vector@IV?$allocator@I@std@@@std@@QAEX$$QAI@Z 10009d30 f i File.obj
 0001:00008d30       ?push_back@?$vector@IV?$allocator@I@std@@@std@@QAEXABI@Z 10009d30 f i File.obj
 0001:00008d30       ?push_back@?$vector@PAURecord@FileArchive@@V?$allocator@PAURecord@FileArchive@@@std@@@std@@QAEX$$QAPAURecord@FileArchive@@@Z 10009d30 f i File.obj
 0001:00008da0       ?Read@File@@QAEIPAXI@Z     10009da0 f   File.obj
 0001:00008e00       ??$_Dest_val@V?$allocator@URecord@FileArchive@@@std@@URecord@FileArchive@@@std@@YAXAAV?$allocator@URecord@FileArchive@@@0@PAURecord@FileArchive@@@Z 10009e00 f i File.obj
 0001:00008e90       ??0Record@FileArchive@@QAE@XZ 10009e90 f i File.obj
 0001:00008f10       ??$?HDU?$char_traits@D@std@@V?$allocator@D@1@@std@@YA?AV?$basic_string@DU?$char_traits@D@std@@V?$allocator@D@2@@0@PBDABV10@@Z 10009f10 f i File.obj
 0001:00008fe0       ??$_Destroy_range@V?$allocator@URecord@FileArchive@@@std@@@std@@YAXPAURecord@FileArchive@@0AAV?$allocator@URecord@FileArchive@@@0@U_Nonscalar_ptr_iterator_tag@0@@Z 10009fe0 f i File.obj
 0001:00009080       ?Close@File@@QAEXXZ        1000a080 f   File.obj
 0001:000090d0       ??0File@@QAE@XZ            1000a0d0 f   File.obj
 0001:00009150       ??1File@@QAE@XZ            1000a150 f i File.obj
 0001:000091e0       ?_Tidy@?$vector@URecord@FileArchive@@V?$allocator@URecord@FileArchive@@@std@@@std@@IAEXXZ 1000a1e0 f i File.obj
 0001:00009230       ??0?$vector@URecord@FileArchive@@V?$allocator@URecord@FileArchive@@@std@@@std@@QAE@ABV01@@Z 1000a230 f i File.obj
 0001:00009310       ?GetRecord@FileArchive@@QAEABURecord@1@V?$basic_string@DU?$char_traits@D@std@@V?$allocator@D@2@@std@@@Z 1000a310 f   File.obj
 0001:00009760       ?Open@File@@QAE_NV?$basic_string@DU?$char_traits@D@std@@V?$allocator@D@2@@std@@@Z 1000a760 f   File.obj
 0001:00009a40       ?FileExistsEx@@YA_NV?$basic_string@DU?$char_traits@D@std@@V?$allocator@D@2@@std@@@Z 1000aa40 f   File.obj
 0001:00009c20       ??0Record@FileArchive@@QAE@ABU01@@Z 1000ac20 f i File.obj
 0001:00009cd0       ??$_Uninit_move@PAURecord@FileArchive@@PAU12@V?$allocator@URecord@FileArchive@@@std@@U12@@std@@YAPAURecord@FileArchive@@PAU12@00AAV?$allocator@URecord@FileArchive@@@0@0U_Nonscalar_ptr_iterator_tag@0@@Z 1000acd0 f i File.obj
 0001:00009d80       ??$_Uninit_copy@V?$_Vector_const_iterator@V?$_Vector_val@URecord@FileArchive@@V?$allocator@URecord@FileArchive@@@std@@@std@@@std@@PAURecord@FileArchive@@V?$allocator@URecord@FileArchive@@@2@@std@@YAPAURecord@FileArchive@@V?$_Vector_const_iterator@V?$_Vector_val@URecord@FileArchive@@V?$allocator@URecord@FileArchive@@@std@@@std@@@0@0PAU12@AAV?$allocator@URecord@FileArchive@@@0@U_Nonscalar_ptr_iterator_tag@0@@Z 1000ad80 f i File.obj
 0001:00009e30       ?reserve@?$vector@URecord@FileArchive@@V?$allocator@URecord@FileArchive@@@std@@@std@@QAEXI@Z 1000ae30 f i File.obj
 0001:00009f40       ?_Reserve@?$vector@URecord@FileArchive@@V?$allocator@URecord@FileArchive@@@std@@@std@@IAEXI@Z 1000af40 f i File.obj
 0001:00009fc0       ?push_back@?$vector@URecord@FileArchive@@V?$allocator@URecord@FileArchive@@@std@@@std@@QAEXABURecord@FileArchive@@@Z 1000afc0 f i File.obj
 0001:0000a070       ?Open@FileArchive@@QAE_NV?$basic_string@DU?$char_traits@D@std@@V?$allocator@D@2@@std@@0@Z 1000b070 f   File.obj
 0001:0000aba0       ?GRID_part1@@YAXXZ         1000bba0 f   grid.obj
 0001:0000ac00       ?GRID_part2@@YAXXZ         1000bc00 f   grid.obj
 0001:0000ac60       ?GRID_part3@@YAXXZ         1000bc60 f   grid.obj
 0001:0000acc0       ?GRID_part4@@YAXXZ         1000bcc0 f   grid.obj
 0001:0000ad30       ?GRID_part5@@YAXXZ         1000bd30 f   grid.obj
 0001:0000ad90       ?OnGMEnter@@YAKKK@Z        1000bd90 f   gui_bugfix.obj
 0001:0000add0       ?GUI_gmEnter@@YAXXZ        1000bdd0 f   gui_bugfix.obj
 0001:0000ae20       ?GUI_textField_MeasurePosition@@YGKK@Z 1000be20 f   gui_bugfix.obj
 0001:0000b030       ?GUI_softcoreSwitch@@YAXXZ 1000c030 f   gui_replace.obj
 0001:0000b090       ?GUI_softcoreResetSwitch@@YAXXZ 1000c090 f   gui_replace.obj
 0001:0000b0e0       ?GUI_softcoreSaveSwitch@@YAXXZ 1000c0e0 f   gui_replace.obj
 0001:0000b130       ??1Image@@QAE@XZ           1000c130 f   Image.obj
 0001:0000b160       ?GetWidth@Image@@QAEIXZ    1000c160 f   Image.obj
 0001:0000b170       ?GetHeight@Image@@QAEIXZ   1000c170 f   Image.obj
 0001:0000b180       ?GetPixels@Image@@QAEPAIXZ 1000c180 f   Image.obj
 0001:0000b190       ??0Image@@QAE@V?$basic_string@DU?$char_traits@D@std@@V?$allocator@D@2@@std@@@Z 1000c190 f   Image.obj
 0001:0000b580       ?IImage_CopyTo@@YGXHHHH@Z  1000c580 f   itempng.obj
 0001:0000b5f0       ?IImage_Display@@YGXHHHHH@Z 1000c5f0 f   itempng.obj
 0001:0000b800       ?IImage_Destruct@@YGXK@Z   1000c800 f   itempng.obj
 0001:0000b840       ?IImage_Construct@@YGPAXV?$basic_string@DU?$char_traits@D@std@@V?$allocator@D@2@@std@@@Z 1000c840 f   itempng.obj
 0001:0000b940       ?ITEMPNG_doLoadPngChar@@YGPAXPBD0@Z 1000c940 f   itempng.obj
 0001:0000bac0       ?ITEMPNG_loadPngChar@@YAXXZ 1000cac0 f   itempng.obj
 0001:0000baf0       ??$?HDU?$char_traits@D@std@@V?$allocator@D@1@@std@@YA?AV?$basic_string@DU?$char_traits@D@std@@V?$allocator@D@2@@0@$$QAV10@PBD@Z 1000caf0 f i itempng.obj
 0001:0000bb40       ?ITEMPNG_doLoadPng@@YGXPBDH00@Z 1000cb40 f   itempng.obj
 0001:0000bf70       ?ITEMPNG_loadPng@@YAXXZ    1000cf70 f   itempng.obj
 0001:0000bfd0       ?P_UnloadTiles@@YAXXZ      1000cfd0 f   landscape_renderer.obj
 0001:0000c040       ?P_DisplayTileNative@@YGXGHHHHHHIIII@Z 1000d040 f   landscape_renderer.obj
 0001:0000c090       ?TILES_displayTile1@@YAXXZ 1000d090 f   landscape_renderer.obj
 0001:0000c0e0       ?P_LoadTiles@@YAXXZ        1000d0e0 f   landscape_renderer.obj
 0001:0000c3e0       ?P_LoadTilesNative@@YGXI@Z 1000d3e0 f   landscape_renderer.obj
 0001:0000c400       ?TILES_loadTiles@@YAXXZ    1000d400 f   landscape_renderer.obj
 0001:0000c430       ?DecideLanguage@@YAXXZ     1000d430 f   language.obj
 0001:0000c6f0       ?LANG_change_43EDEB@@YAXXZ 1000d6f0 f   language.obj
 0001:0000c720       ?LANG_change_474F27@@YAXXZ 1000d720 f   language.obj
 0001:0000c740       ?LANG_change_48626D@@YAXXZ 1000d740 f   language.obj
 0001:0000c860       ?LANG_change_48BA07@@YAXXZ 1000d860 f   language.obj
 0001:0000c880       ?LANG_change_48CA55@@YAXXZ 1000d880 f   language.obj
 0001:0000c8a0       ?LANG_change_491CDF@@YAXXZ 1000d8a0 f   language.obj
 0001:0000c8c0       ?LANG_change_4939A2@@YAXXZ 1000d8c0 f   language.obj
 0001:0000c8e0       ?LANG_change_493B23@@YAXXZ 1000d8e0 f   language.obj
 0001:0000c900       ?LANG_change_4B018F@@YAXXZ 1000d900 f   language.obj
 0001:0000c920       ?LANG_change_42B3D5@@YAXXZ 1000d920 f   language.obj
 0001:0000c930       ?LANG_change_43EEC3@@YAXXZ 1000d930 f   language.obj
 0001:0000c950       ?LANG_change_460F9B@@YAXXZ 1000d950 f   language.obj
 0001:0000c960       ?LANG_change_474375@@YAXXZ 1000d960 f   language.obj
 0001:0000c970       ?LANG_change_4743C9@@YAXXZ 1000d970 f   language.obj
 0001:0000c980       ?LANG_change_496638@@YAXXZ 1000d980 f   language.obj
 0001:0000c990       ?LANG_change_4AEE20@@YAXXZ 1000d990 f   language.obj
 0001:0000c9a0       ?LANG_change_4AEE6D@@YAXXZ 1000d9a0 f   language.obj
 0001:0000c9b0       ?LANG_change_4AEF2A@@YAXXZ 1000d9b0 f   language.obj
 0001:0000c9d0       ?LANG_change_4AEF9C@@YAXXZ 1000d9d0 f   language.obj
 0001:0000c9f0       ?LANG_change_4AF00E@@YAXXZ 1000d9f0 f   language.obj
 0001:0000ca10       ?LANG_fix_codepage@@YAXXZ  1000da10 f   language.obj
 0001:0000ca30       ?insert@?$basic_string@DU?$char_traits@D@std@@V?$allocator@D@2@@std@@QAEAAV12@IABV12@II@Z 1000da30 f i map_location.obj
 0001:0000cbb0       ?insert@?$basic_string@DU?$char_traits@D@std@@V?$allocator@D@2@@std@@QAEAAV12@IPBDI@Z 1000dbb0 f i map_location.obj
 0001:0000cd00       ??$?HDU?$char_traits@D@std@@V?$allocator@D@1@@std@@YA?AV?$basic_string@DU?$char_traits@D@std@@V?$allocator@D@2@@0@PBD$$QAV10@@Z 1000dd00 f i map_location.obj
 0001:0000cd50       ?get_map_name@@YGPBDPBD@Z  1000dd50 f   map_location.obj
 0001:0000ce40       ?move_map_file@@YGXPBD0@Z  1000de40 f   map_location.obj
 0001:0000cfe0       ?MAP_loadFromServer@@YAXXZ 1000dfe0 f   map_location.obj
 0001:0000d000       ?MAP_CFileOpen1@@YAXXZ     1000e000 f   map_location.obj
 0001:0000d020       ?MAP_CFileOpen2@@YAXXZ     1000e020 f   map_location.obj
 0001:0000d040       ?crypt@@YAXPAEPBEH@Z       1000e040 f   network_crypt.obj
 0001:0000d090       ?NET_cryptPacket@@YAXPAEH@Z 1000e090 f   network_crypt.obj
 0001:0000d0b0       ?HATENT_url_text@@YAXXZ    1000e0b0 f   network_hat_enter.obj
 0001:0000d0f0       ?HATENT_url_connect@@YAXXZ 1000e0f0 f   network_hat_enter.obj
 0001:0000d120       ?crcmain@@YGXPAD@Z         1000e120 f   network_protocol.obj
 0001:0000d2e0       ?NETPROTO_sendAuthorizationPacket@@YAHXZ 1000e2e0 f   network_protocol.obj
 0001:0000d350       ?NETPROTO_createAuthorizationPacket@@YAHXZ 1000e350 f   network_protocol.obj
 0001:0000d440       ?recv_@@YGHIPADHH@Z        1000e440 f   network_protocol.obj
 0001:0000d650       ?NETPROTO_enlargeBuffer@@YAXXZ 1000e650 f   network_protocol.obj
 0001:0000d680       ?NETPROTO_enlargeBuffer2@@YAXXZ 1000e680 f   network_protocol.obj
 0001:0000d690       ?real_4949CD@@YAHXZ        1000e690 f   network_protocol_ext.obj
 0001:0000d6b0       ?NETPROTO_showErrorDialog@@YAHPBDH@Z 1000e6b0 f   network_protocol_ext.obj
 0001:0000d710       ?NETPROTO_hhEndReply@@YAXPBVResponse@happyhttp@@PAX@Z 1000e710 f   network_protocol_ext.obj
 0001:0000d730       ??1NETPROTO_fileProgress@@QAE@XZ 1000e730 f i network_protocol_ext.obj
 0001:0000d780       ??0NETPROTO_fileProgress@@QAE@XZ 1000e780 f i network_protocol_ext.obj
 0001:0000d820       ?NETPROTO_hhStartReply@@YAXPBVResponse@happyhttp@@PAX@Z 1000e820 f   network_protocol_ext.obj
 0001:0000d910       ?NETPROTO_hhReadReply@@YAXPBVResponse@happyhttp@@PAXPBEH@Z 1000e910 f   network_protocol_ext.obj
 0001:0000dce0       ?CurlEscape2@@YA?AV?$basic_string@DU?$char_traits@D@std@@V?$allocator@D@2@@std@@V12@@Z 1000ece0 f   network_protocol_ext.obj
 0001:0000dde0       ?NETPROTO_hhGetBlockingReply@@YA?AV?$basic_string@DU?$char_traits@D@std@@V?$allocator@D@2@@std@@V12@00@Z 1000ede0 f   network_protocol_ext.obj
 0001:0000dfc0       ?NETPROTO_loginToHat@@YGHXZ 1000efc0 f   network_protocol_ext.obj
 0001:0000ea60       ?PSCRL_rep@@YGKK@Z         1000fa60 f   pack_scrolling.obj
 0001:0000eb30       ?PSCRL_gameInventory@@YAXXZ 1000fb30 f   pack_scrolling.obj
 0001:0000ebc0       ?PSCRL_shopShelfOnKeyDown@@YAXXZ 1000fbc0 f   pack_scrolling.obj
 0001:0000ec00       ?PSCRL_InitializeInjection@@YAXXZ 1000fc00 f   pack_scrolling.obj
 0001:0000ec20       ?RES_loadException@@YAXXZ  1000fc20 f   resource_control.obj
 0001:0000ec30       ?RES_loadDirectories@@YAXXZ 1000fc30 f   resource_control.obj
 0001:0000ec60       ?TestGraphics@@YG_NPBD@Z   1000fc60 f   resource_control.obj
 0001:0000ec80       ?RES_loadFile@@YAHH@Z      1000fc80 f   resource_control.obj
 0001:0000ed30       ?FIL_world0@@YAXXZ         1000fd30 f   resource_files_replace.obj
 0001:0000ed50       ?FIL_world1@@YAXXZ         1000fd50 f   resource_files_replace.obj
 0001:0000ed70       ?FIL_world2@@YAXXZ         1000fd70 f   resource_files_replace.obj
 0001:0000ed90       ?FIL_world3@@YAXXZ         1000fd90 f   resource_files_replace.obj
 0001:0000eda0       ?FIL_world4@@YAXXZ         1000fda0 f   resource_files_replace.obj
 0001:0000edb0       ?FIL_world5@@YAXXZ         1000fdb0 f   resource_files_replace.obj
 0001:0000edc0       ?FIL_world6@@YAXXZ         1000fdc0 f   resource_files_replace.obj
 0001:0000edd0       ?FIL_world7@@YAXXZ         1000fdd0 f   resource_files_replace.obj
 0001:0000edf0       ?FIL_world8@@YAXXZ         1000fdf0 f   resource_files_replace.obj
 0001:0000ee00       ?FIL_world9@@YAXXZ         1000fe00 f   resource_files_replace.obj
 0001:0000ee10       ?FIL_worldA@@YAXXZ         1000fe10 f   resource_files_replace.obj
 0001:0000ee20       ?FIL_patch0@@YAXXZ         1000fe20 f   resource_files_replace.obj
 0001:0000ee30       ?FIL_patch1@@YAXXZ         1000fe30 f   resource_files_replace.obj
 0001:0000ee50       ?a2mgr_CheckValid@@YA_NFF@Z 1000fe50 f   scanrange.obj
 0001:0000eeb0       ?a2mgr_GetHeight@@YAEFF@Z  1000feb0 f   scanrange.obj
 0001:0000ef10       ?CalcVisMapCLIENT@@YGHPAD@Z 1000ff10 f   scanrange.obj
 0001:0000ef90       ?GetEncoderClsid@@YAHPB_WPAU_GUID@@@Z 1000ff90 f   screenshot.obj
 0001:0000f070       ?SCREENSHOT_take@@YAXXZ    10010070 f   screenshot.obj
 0001:0000f420       ?SCROLL_part1@@YAXXZ       10010420 f   scrolling.obj
 0001:0000f480       ?SCROLL_part2@@YAXXZ       10010480 f   scrolling.obj
 0001:0000f4b0       ??1?$basic_ostream@DU?$char_traits@D@std@@@std@@UAE@XZ 100104b0 f i serialize.obj
 0001:0000f4c0       ??1_Sentry_base@?$basic_istream@DU?$char_traits@D@std@@@std@@QAE@XZ 100104c0 f i config.obj
 0001:0000f4c0       ??1_Sentry_base@?$basic_ostream@DU?$char_traits@D@std@@@std@@QAE@XZ 100104c0 f i serialize.obj
 0001:0000f4c0       ??1sentry@?$basic_istream@DU?$char_traits@D@std@@@std@@QAE@XZ 100104c0 f i config.obj
 0001:0000f4e0       ??_G?$basic_ostream@DU?$char_traits@D@std@@@std@@UAEPAXI@Z 100104e0 f i serialize.obj
 0001:0000f4e0       ??_E?$basic_ostream@DU?$char_traits@D@std@@@std@@UAEPAXI@Z 100104e0 f i serialize.obj
 0001:0000f520       ?_Osfx@?$basic_ostream@DU?$char_traits@D@std@@@std@@QAEXXZ 10010520 f i serialize.obj
 0001:0000f580       ?reserve@?$vector@EV?$allocator@E@std@@@std@@QAEXI@Z 10010580 f i serialize.obj
 0001:0000f5f0       ??1sentry@?$basic_ostream@DU?$char_traits@D@std@@@std@@QAE@XZ 100105f0 f i serialize.obj
 0001:0000f660       ??0?$basic_ofstream@DU?$char_traits@D@std@@@std@@QAE@XZ 10010660 f i serialize.obj
 0001:0000f790       ??1?$basic_ofstream@DU?$char_traits@D@std@@@std@@UAE@XZ 10010790 f i serialize.obj
 0001:0000f840       ??_G?$basic_ofstream@DU?$char_traits@D@std@@@std@@UAEPAXI@Z 10010840 f i serialize.obj
 0001:0000f840       ??_E?$basic_ofstream@DU?$char_traits@D@std@@@std@@UAEPAXI@Z 10010840 f i serialize.obj
 0001:0000f880       ?IsWhitespace@@YA_ND@Z     10010880 f   utils.obj
 0001:0000f9b0       ?_call_func@@YAKKKZZ       100109b0 f   utils.obj
 0001:0000f9e0       ?_call_member_func@@YAKKKKZZ 100109e0 f   utils.obj
 0001:0000fa10       ?_get_this@@YAKXZ          10010a10 f   utils.obj
 0001:0000fa20       ?StrToInt@@YAKABV?$basic_string@DU?$char_traits@D@std@@V?$allocator@D@2@@std@@@Z 10010a20 f   utils.obj
 0001:0000fa50       ?CheckInteger@@YA_NABV?$basic_string@DU?$char_traits@D@std@@V?$allocator@D@2@@std@@@Z 10010a50 f   utils.obj
 0001:0000faa0       ??$?6U?$char_traits@D@std@@@std@@YAAAV?$basic_ostream@DU?$char_traits@D@std@@@0@AAV10@PBD@Z 10010aa0 f i utils.obj
 0001:0000fd60       ?Format@@YA?AV?$basic_string@DU?$char_traits@D@std@@V?$allocator@D@2@@std@@V12@ZZ 10010d60 f   utils.obj
 0001:0000fe20       ?log_format@@YAXPADZZ      10010e20 f   utils.obj
 0001:0000ff80       ?log_format2@@YAXPADZZ     10010f80 f   utils.obj
 0001:00010090       ?TrimLeft@@YA?AV?$basic_string@DU?$char_traits@D@std@@V?$allocator@D@2@@std@@ABV12@P6A_ND@Z@Z 10011090 f   utils.obj
 0001:00010210       ?TrimRight@@YA?AV?$basic_string@DU?$char_traits@D@std@@V?$allocator@D@2@@std@@ABV12@P6A_ND@Z@Z 10011210 f   utils.obj
 0001:000103a0       ?Trim@@YA?AV?$basic_string@DU?$char_traits@D@std@@V?$allocator@D@2@@std@@ABV12@P6A_ND@Z@Z 100113a0 f   utils.obj
 0001:00010430       ?ToLower@@YA?AV?$basic_string@DU?$char_traits@D@std@@V?$allocator@D@2@@std@@ABV12@@Z 10011430 f   utils.obj
 0001:000104a0       ?StrToBoolean@@YA_NABV?$basic_string@DU?$char_traits@D@std@@V?$allocator@D@2@@std@@@Z 100114a0 f   utils.obj
 0001:00010630       ?Basename@@YA?AV?$basic_string@DU?$char_traits@D@std@@V?$allocator@D@2@@std@@ABV12@@Z 10011630 f   utils.obj
 0001:00010710       ?Dirname@@YA?AV?$basic_string@DU?$char_traits@D@std@@V?$allocator@D@2@@std@@ABV12@@Z 10011710 f   utils.obj
 0001:000107f0       ?FixSlashes@@YA?AV?$basic_string@DU?$char_traits@D@std@@V?$allocator@D@2@@std@@ABV12@@Z 100117f0 f   utils.obj
 0001:00010850       ?TruncateSlashes@@YA?AV?$basic_string@DU?$char_traits@D@std@@V?$allocator@D@2@@std@@ABV12@@Z 10011850 f   utils.obj
 0001:00010920       ??$_Uninit_def_fill_n@PAV?$basic_string@DU?$char_traits@D@std@@V?$allocator@D@2@@std@@IV12@V?$allocator@V?$basic_string@DU?$char_traits@D@std@@V?$allocator@D@2@@std@@@2@V12@@std@@YAXPAV?$basic_string@DU?$char_traits@D@std@@V?$allocator@D@2@@0@IPBV10@AAV?$allocator@V?$basic_string@DU?$char_traits@D@std@@V?$allocator@D@2@@std@@@0@0U_Nonscalar_ptr_iterator_tag@0@@Z 10011920 f i utils.obj
 0001:00010a20       ?FileExists@@YA_NABV?$basic_string@DU?$char_traits@D@std@@V?$allocator@D@2@@std@@@Z 10011a20 f   utils.obj
 0001:00010b70       ?resize@?$vector@V?$basic_string@DU?$char_traits@D@std@@V?$allocator@D@2@@std@@V?$allocator@V?$basic_string@DU?$char_traits@D@std@@V?$allocator@D@2@@std@@@2@@std@@QAEXI@Z 10011b70 f i utils.obj
 0001:00010c50       ?ParseCommandLine@@YA?AV?$vector@V?$basic_string@DU?$char_traits@D@std@@V?$allocator@D@2@@std@@V?$allocator@V?$basic_string@DU?$char_traits@D@std@@V?$allocator@D@2@@std@@@2@@std@@V?$basic_string@DU?$char_traits@D@std@@V?$allocator@D@2@@2@@Z 10011c50 f   utils.obj
 0001:000116b0       ?Explode@@YA?AV?$vector@V?$basic_string@DU?$char_traits@D@std@@V?$allocator@D@2@@std@@V?$allocator@V?$basic_string@DU?$char_traits@D@std@@V?$allocator@D@2@@std@@@2@@std@@ABV?$basic_string@DU?$char_traits@D@std@@V?$allocator@D@2@@2@0@Z 100126b0 f   utils.obj
 0001:000117d0       ?get_res@@YGXPAH0@Z        100127d0 f   video_init.obj
 0001:00011b40       ?VIDEO_checkVideoMode@@YAXXZ 10012b40 f   video_init.obj
 0001:00011b60       ?AfxGetMainWnd@zxmgr@@YAKXZ 10012b60 f   zxmgr.obj
 0001:00011b80       ?GetClientRect@GUI@zxmgr@@YAXKPAUtagRECT@@@Z 10012b80 f   zxmgr.obj
 0001:00011bb0       ?DrawText@Font@zxmgr@@YAXKHHPBDKKK@Z 10012bb0 f   zxmgr.obj
 0001:00011be0       ?MeasureTextWidth@Font@zxmgr@@YAKKPBD@Z 10012be0 f   zxmgr.obj
 0001:00011c00       ?WriteChatRaw@zxmgr@@YAXPBD@Z 10012c00 f   zxmgr.obj
 0001:00011c40       ?WriteChat@zxmgr@@YAXPBDZZ 10012c40 f   zxmgr.obj
 0001:00011c90       ?FillRect@zxmgr@@YAXHHHHK@Z 10012c90 f   zxmgr.obj
 0001:00011cb0       ?UpdateScreen@zxmgr@@YAXXZ 10012cb0 f   zxmgr.obj
 0001:00011cc0       ?GetPatchString@zxmgr@@YAPADK@Z 10012cc0 f   zxmgr.obj
 0001:00011ce0       ?LockBuffer@zxmgr@@YAXXZ   10012ce0 f   zxmgr.obj
 0001:00011cf0       ?UnlockBuffer@zxmgr@@YAXXZ 10012cf0 f   zxmgr.obj
 0001:00011d00       ?DisplayMouse@zxmgr@@YAXXZ 10012d00 f   zxmgr.obj
 0001:00011d10       ?GetHWND@zxmgr@@YAPAUHWND__@@XZ 10012d10 f   zxmgr.obj
 0001:00011d40       ?DoMessageLoop@zxmgr@@YAXXZ 10012d40 f   zxmgr.obj
 0001:00011da0       ?AfxAbort@zxmgr@@YAXXZ     10012da0 f   zxmgr.obj
 0001:00011db0       ?TILES_debug@@YAXXZ        10012db0 f i landscape_renderer.obj
 0001:00011db0       ??3@YAXPAX0@Z              10012db0 f i chat_history.obj
 0001:00011db0       ?IdleProcessing@CWindow@GUI@zxmgr@@SAXXZ 10012db0 f i zxmgr_gui.obj
 0001:00011db0       ?CCMD_processCommand@@YAXPBD@Z 10012db0 f i client_cmd.obj
 0001:00011dc0       ?sync@?$basic_streambuf@DU?$char_traits@D@std@@@std@@MAEHXZ 10012dc0 f i config.obj
 0001:00011dc0       ?PopulateWindow@CWindow@GUI@zxmgr@@SAKKPAUtagRECT@@@Z 10012dc0 f i zxmgr_gui.obj
 0001:00011dc0       ?OnMessage@CWindow@GUI@zxmgr@@SAKKKK@Z 10012dc0 f i zxmgr_gui.obj
 0001:00011dd0       ?GetWinsockErrorString@happyhttp@@YAPBDH@Z 10012dd0 f   happyhttp.obj
 0001:000120a0       ??0Wobbly@happyhttp@@QAA@PBDZZ 100130a0 f   happyhttp.obj
 0001:000120d0       ?setcallbacks@Connection@happyhttp@@QAEXP6AXPBVResponse@2@PAX@ZP6AX01PBEH@Z21@Z 100130d0 f   happyhttp.obj
 0001:000120f0       ?getstatus@Response@happyhttp@@QBEHXZ 100130f0 f   happyhttp.obj
 0001:00012100       ?ProcessDataChunked@Response@happyhttp@@AAEHPBEH@Z 10013100 f   happyhttp.obj
 0001:00012150       ?_Max@?$_Tree_val@V?$_Tmap_traits@V?$basic_string@DU?$char_traits@D@std@@V?$allocator@D@2@@std@@V12@U?$less@V?$basic_string@DU?$char_traits@D@std@@V?$allocator@D@2@@std@@@2@V?$allocator@U?$pair@$$CBV?$basic_string@DU?$char_traits@D@std@@V?$allocator@D@2@@std@@V12@@std@@@2@$0A@@std@@@std@@SAPAU_Node@?$_Tree_nod@V?$_Tmap_traits@V?$basic_string@DU?$char_traits@D@std@@V?$allocator@D@2@@std@@V12@U?$less@V?$basic_string@DU?$char_traits@D@std@@V?$allocator@D@2@@std@@@2@V?$allocator@U?$pair@$$CBV?$basic_string@DU?$char_traits@D@std@@V?$allocator@D@2@@std@@V12@@std@@@2@$0A@@std@@@2@PAU342@@Z 10013150 f i happyhttp.obj
 0001:00012170       ?_Min@?$_Tree_val@V?$_Tmap_traits@V?$basic_string@DU?$char_traits@D@std@@V?$allocator@D@2@@std@@V12@U?$less@V?$basic_string@DU?$char_traits@D@std@@V?$allocator@D@2@@std@@@2@V?$allocator@U?$pair@$$CBV?$basic_string@DU?$char_traits@D@std@@V?$allocator@D@2@@std@@V12@@std@@@2@$0A@@std@@@std@@SAPAU_Node@?$_Tree_nod@V?$_Tmap_traits@V?$basic_string@DU?$char_traits@D@std@@V?$allocator@D@2@@std@@V12@U?$less@V?$basic_string@DU?$char_traits@D@std@@V?$allocator@D@2@@std@@@2@V?$allocator@U?$pair@$$CBV?$basic_string@DU?$char_traits@D@std@@V?$allocator@D@2@@std@@V12@@std@@@2@$0A@@std@@@2@PAU342@@Z 10013170 f i happyhttp.obj
 0001:00012190       ??E?$_Tree_unchecked_const_iterator@V?$_Tree_val@V?$_Tmap_traits@V?$basic_string@DU?$char_traits@D@std@@V?$allocator@D@2@@std@@V12@U?$less@V?$basic_string@DU?$char_traits@D@std@@V?$allocator@D@2@@std@@@2@V?$allocator@U?$pair@$$CBV?$basic_string@DU?$char_traits@D@std@@V?$allocator@D@2@@std@@V12@@std@@@2@$0A@@std@@@std@@U_Iterator_base0@2@@std@@QAEAAV01@XZ 10013190 f i happyhttp.obj
 0001:000121e0       ??F?$_Tree_unchecked_const_iterator@V?$_Tree_val@V?$_Tmap_traits@V?$basic_string@DU?$char_traits@D@std@@V?$allocator@D@2@@std@@V12@U?$less@V?$basic_string@DU?$char_traits@D@std@@V?$allocator@D@2@@std@@@2@V?$allocator@U?$pair@$$CBV?$basic_string@DU?$char_traits@D@std@@V?$allocator@D@2@@std@@V12@@std@@@2@$0A@@std@@@std@@U_Iterator_base0@2@@std@@QAEAAV01@XZ 100131e0 f i happyhttp.obj
 0001:00012240       ?BailOnSocketError@happyhttp@@YAXPBD@Z 10013240 f   happyhttp.obj
 0001:000122a0       ?datawaiting@happyhttp@@YA_NH@Z 100132a0 f   happyhttp.obj
 0001:00012320       ?notifyconnectionclosed@Response@happyhttp@@IAEXXZ 10013320 f   happyhttp.obj
 0001:000123b0       ?ProcessDataNonChunked@Response@happyhttp@@AAEHPBEH@Z 100133b0 f   happyhttp.obj
 0001:00012420       ??1?$_Tree_val@V?$_Tmap_traits@PAXPAXU?$less@PAX@std@@V?$allocator@U?$pair@QAXPAX@std@@@2@$0A@@std@@@std@@QAE@XZ 10013420 f i class_extend.obj
 0001:00012420       ??1?$_Tree_val@V?$_Tmap_traits@KV?$basic_string@DU?$char_traits@D@std@@V?$allocator@D@2@@std@@U?$less@K@2@V?$allocator@U?$pair@$$CBKV?$basic_string@DU?$char_traits@D@std@@V?$allocator@D@2@@std@@@std@@@2@$0A@@std@@@std@@QAE@XZ 10013420 f i debug.obj
 0001:00012420       ??1?$_Tree_val@V?$_Tmap_traits@PBDV?$basic_string@DU?$char_traits@D@std@@V?$allocator@D@2@@std@@U?$less@PBD@2@V?$allocator@U?$pair@QBDV?$basic_string@DU?$char_traits@D@std@@V?$allocator@D@2@@std@@@std@@@2@$0A@@std@@@std@@QAE@XZ 10013420 f i debug.obj
 0001:00012420       ??1?$_Tree_val@V?$_Tmap_traits@V?$basic_string@DU?$char_traits@D@std@@V?$allocator@D@2@@std@@V12@U?$less@V?$basic_string@DU?$char_traits@D@std@@V?$allocator@D@2@@std@@@2@V?$allocator@U?$pair@$$CBV?$basic_string@DU?$char_traits@D@std@@V?$allocator@D@2@@std@@V12@@std@@@2@$0A@@std@@@std@@QAE@XZ 10013420 f i happyhttp.obj
 0001:00012430       ?_Lrotate@?$_Tree@V?$_Tmap_traits@V?$basic_string@DU?$char_traits@D@std@@V?$allocator@D@2@@std@@V12@U?$less@V?$basic_string@DU?$char_traits@D@std@@V?$allocator@D@2@@std@@@2@V?$allocator@U?$pair@$$CBV?$basic_string@DU?$char_traits@D@std@@V?$allocator@D@2@@std@@V12@@std@@@2@$0A@@std@@@std@@IAEXPAU_Node@?$_Tree_nod@V?$_Tmap_traits@V?$basic_string@DU?$char_traits@D@std@@V?$allocator@D@2@@std@@V12@U?$less@V?$basic_string@DU?$char_traits@D@std@@V?$allocator@D@2@@std@@@2@V?$allocator@U?$pair@$$CBV?$basic_string@DU?$char_traits@D@std@@V?$allocator@D@2@@std@@V12@@std@@@2@$0A@@std@@@2@@Z 10013430 f i happyhttp.obj
 0001:00012490       ?_Rrotate@?$_Tree@V?$_Tmap_traits@V?$basic_string@DU?$char_traits@D@std@@V?$allocator@D@2@@std@@V12@U?$less@V?$basic_string@DU?$char_traits@D@std@@V?$allocator@D@2@@std@@@2@V?$allocator@U?$pair@$$CBV?$basic_string@DU?$char_traits@D@std@@V?$allocator@D@2@@std@@V12@@std@@@2@$0A@@std@@@std@@IAEXPAU_Node@?$_Tree_nod@V?$_Tmap_traits@V?$basic_string@DU?$char_traits@D@std@@V?$allocator@D@2@@std@@V12@U?$less@V?$basic_string@DU?$char_traits@D@std@@V?$allocator@D@2@@std@@@2@V?$allocator@U?$pair@$$CBV?$basic_string@DU?$char_traits@D@std@@V?$allocator@D@2@@std@@V12@@std@@@2@$0A@@std@@@2@@Z 10013490 f i happyhttp.obj
 0001:000124f0       ?connect@Connection@happyhttp@@QAEXXZ 100134f0 f   happyhttp.obj
 0001:000125f0       ?send@Connection@happyhttp@@QAEXPBEH@Z 100135f0 f   happyhttp.obj
 0001:00012640       ??$_Transform@PADV?$_String_iterator@DU?$char_traits@D@std@@V?$allocator@D@2@@std@@P6AHH@Z@std@@YA?AV?$_String_iterator@DU?$char_traits@D@std@@V?$allocator@D@2@@0@PAD0V10@P6AHH@Z@Z 10013640 f i happyhttp.obj
 0001:00012680       ?pop_front@?$deque@PAVResponse@happyhttp@@V?$allocator@PAVResponse@happyhttp@@@std@@@std@@QAEXXZ 10013680 f i happyhttp.obj
 0001:000126b0       ??1?$pair@$$CBV?$basic_string@DU?$char_traits@D@std@@V?$allocator@D@2@@std@@V12@@std@@QAE@XZ 100136b0 f i happyhttp.obj
 0001:00012700       ?begin@?$deque@PAVResponse@happyhttp@@V?$allocator@PAVResponse@happyhttp@@@std@@@std@@QAE?AV?$_Deque_iterator@PAVResponse@happyhttp@@V?$allocator@PAVResponse@happyhttp@@@std@@@2@XZ 10013700 f i happyhttp.obj
 0001:00012720       ?_Growmap@?$deque@PAVResponse@happyhttp@@V?$allocator@PAVResponse@happyhttp@@@std@@@std@@IAEXI@Z 10013720 f i happyhttp.obj
 0001:000128b0       ??R?$less@V?$basic_string@DU?$char_traits@D@std@@V?$allocator@D@2@@std@@@std@@QBE_NABV?$basic_string@DU?$char_traits@D@std@@V?$allocator@D@2@@1@0@Z 100138b0 f i happyhttp.obj
 0001:000128e0       ?_Lbound@?$_Tree@V?$_Tmap_traits@V?$basic_string@DU?$char_traits@D@std@@V?$allocator@D@2@@std@@V12@U?$less@V?$basic_string@DU?$char_traits@D@std@@V?$allocator@D@2@@std@@@2@V?$allocator@U?$pair@$$CBV?$basic_string@DU?$char_traits@D@std@@V?$allocator@D@2@@std@@V12@@std@@@2@$0A@@std@@@std@@IAEPAU_Node@?$_Tree_nod@V?$_Tmap_traits@V?$basic_string@DU?$char_traits@D@std@@V?$allocator@D@2@@std@@V12@U?$less@V?$basic_string@DU?$char_traits@D@std@@V?$allocator@D@2@@std@@@2@V?$allocator@U?$pair@$$CBV?$basic_string@DU?$char_traits@D@std@@V?$allocator@D@2@@std@@V12@@std@@@2@$0A@@std@@@2@ABV?$basic_string@DU?$char_traits@D@std@@V?$allocator@D@2@@2@@Z 100138e0 f i happyhttp.obj
 0001:000128e0       ?_Lbound@?$_Tree@V?$_Tmap_traits@V?$basic_string@DU?$char_traits@D@std@@V?$allocator@D@2@@std@@V12@U?$less@V?$basic_string@DU?$char_traits@D@std@@V?$allocator@D@2@@std@@@2@V?$allocator@U?$pair@$$CBV?$basic_string@DU?$char_traits@D@std@@V?$allocator@D@2@@std@@V12@@std@@@2@$0A@@std@@@std@@IBEPAU_Node@?$_Tree_nod@V?$_Tmap_traits@V?$basic_string@DU?$char_traits@D@std@@V?$allocator@D@2@@std@@V12@U?$less@V?$basic_string@DU?$char_traits@D@std@@V?$allocator@D@2@@std@@@2@V?$allocator@U?$pair@$$CBV?$basic_string@DU?$char_traits@D@std@@V?$allocator@D@2@@std@@V12@@std@@@2@$0A@@std@@@2@ABV?$basic_string@DU?$char_traits@D@std@@V?$allocator@D@2@@2@@Z 100138e0 f i happyhttp.obj
 0001:00012970       ?front@?$deque@PAVResponse@happyhttp@@V?$allocator@PAVResponse@happyhttp@@@std@@@std@@QAEAAPAVResponse@happyhttp@@XZ 10013970 f i happyhttp.obj
 0001:000129b0       ?push_back@?$deque@PAVResponse@happyhttp@@V?$allocator@PAVResponse@happyhttp@@@std@@@std@@QAEXABQAVResponse@happyhttp@@@Z 100139b0 f i happyhttp.obj
 0001:00012a60       ?_Tidy@?$deque@PAVResponse@happyhttp@@V?$allocator@PAVResponse@happyhttp@@@std@@@std@@IAEXXZ 10013a60 f i happyhttp.obj
 0001:00012ad0       ??1?$deque@PAVResponse@happyhttp@@V?$allocator@PAVResponse@happyhttp@@@std@@@std@@QAE@XZ 10013ad0 f i happyhttp.obj
 0001:00012af0       ?ProcessStatusLine@Response@happyhttp@@AAEXABV?$basic_string@DU?$char_traits@D@std@@V?$allocator@D@2@@std@@@Z 10013af0 f   happyhttp.obj
 0001:00012f40       ??$_Dest_val@V?$allocator@U?$pair@$$CBV?$basic_string@DU?$char_traits@D@std@@V?$allocator@D@2@@std@@V12@@std@@@std@@U?$pair@$$CBV?$basic_string@DU?$char_traits@D@std@@V?$allocator@D@2@@std@@V12@@2@@std@@YAXAAV?$allocator@U?$pair@$$CBV?$basic_string@DU?$char_traits@D@std@@V?$allocator@D@2@@std@@V12@@std@@@0@PAU?$pair@$$CBV?$basic_string@DU?$char_traits@D@std@@V?$allocator@D@2@@std@@V12@@0@@Z 10013f40 f i happyhttp.obj
 0001:00012f90       ?_Insert@?$_Tree@V?$_Tmap_traits@V?$basic_string@DU?$char_traits@D@std@@V?$allocator@D@2@@std@@V12@U?$less@V?$basic_string@DU?$char_traits@D@std@@V?$allocator@D@2@@std@@@2@V?$allocator@U?$pair@$$CBV?$basic_string@DU?$char_traits@D@std@@V?$allocator@D@2@@std@@V12@@std@@@2@$0A@@std@@@std@@IAE?AV?$_Tree_iterator@V?$_Tree_val@V?$_Tmap_traits@V?$basic_string@DU?$char_traits@D@std@@V?$allocator@D@2@@std@@V12@U?$less@V?$basic_string@DU?$char_traits@D@std@@V?$allocator@D@2@@std@@@2@V?$allocator@U?$pair@$$CBV?$basic_string@DU?$char_traits@D@std@@V?$allocator@D@2@@std@@V12@@std@@@2@$0A@@std@@@std@@@2@_NPAU_Node@?$_Tree_nod@V?$_Tmap_traits@V?$basic_string@DU?$char_traits@D@std@@V?$allocator@D@2@@std@@V12@U?$less@V?$basic_string@DU?$char_traits@D@std@@V?$allocator@D@2@@std@@@2@V?$allocator@U?$pair@$$CBV?$basic_string@DU?$char_traits@D@std@@V?$allocator@D@2@@std@@V12@@std@@@2@$0A@@std@@@2@1@Z 10013f90 f i happyhttp.obj
 0001:000131f0       ?getheader@Response@happyhttp@@QBEPBDPBD@Z 100141f0 f   happyhttp.obj
 0001:00013360       ?erase@?$_Tree@V?$_Tmap_traits@V?$basic_string@DU?$char_traits@D@std@@V?$allocator@D@2@@std@@V12@U?$less@V?$basic_string@DU?$char_traits@D@std@@V?$allocator@D@2@@std@@@2@V?$allocator@U?$pair@$$CBV?$basic_string@DU?$char_traits@D@std@@V?$allocator@D@2@@std@@V12@@std@@@2@$0A@@std@@@std@@QAE?AV?$_Tree_iterator@V?$_Tree_val@V?$_Tmap_traits@V?$basic_string@DU?$char_traits@D@std@@V?$allocator@D@2@@std@@V12@U?$less@V?$basic_string@DU?$char_traits@D@std@@V?$allocator@D@2@@std@@@2@V?$allocator@U?$pair@$$CBV?$basic_string@DU?$char_traits@D@std@@V?$allocator@D@2@@std@@V12@@std@@@2@$0A@@std@@@std@@@2@V?$_Tree_const_iterator@V?$_Tree_val@V?$_Tmap_traits@V?$basic_string@DU?$char_traits@D@std@@V?$allocator@D@2@@std@@V12@U?$less@V?$basic_string@DU?$char_traits@D@std@@V?$allocator@D@2@@std@@@2@V?$allocator@U?$pair@$$CBV?$basic_string@DU?$char_traits@D@std@@V?$allocator@D@2@@std@@V12@@std@@@2@$0A@@std@@@std@@@2@@Z 10014360 f i happyhttp.obj
 0001:00013600       ?_Erase@?$_Tree@V?$_Tmap_traits@V?$basic_string@DU?$char_traits@D@std@@V?$allocator@D@2@@std@@V12@U?$less@V?$basic_string@DU?$char_traits@D@std@@V?$allocator@D@2@@std@@@2@V?$allocator@U?$pair@$$CBV?$basic_string@DU?$char_traits@D@std@@V?$allocator@D@2@@std@@V12@@std@@@2@$0A@@std@@@std@@IAEXPAU_Node@?$_Tree_nod@V?$_Tmap_traits@V?$basic_string@DU?$char_traits@D@std@@V?$allocator@D@2@@std@@V12@U?$less@V?$basic_string@DU?$char_traits@D@std@@V?$allocator@D@2@@std@@@2@V?$allocator@U?$pair@$$CBV?$basic_string@DU?$char_traits@D@std@@V?$allocator@D@2@@std@@V12@@std@@@2@$0A@@std@@@2@@Z 10014600 f i happyhttp.obj
 0001:00013680       ??$?HDU?$char_traits@D@std@@V?$allocator@D@1@@std@@YA?AV?$basic_string@DU?$char_traits@D@std@@V?$allocator@D@2@@0@$$QAV10@0@Z 10014680 f i happyhttp.obj
 0001:000136f0       ?_Linsert@?$_Tree@V?$_Tmap_traits@V?$basic_string@DU?$char_traits@D@std@@V?$allocator@D@2@@std@@V12@U?$less@V?$basic_string@DU?$char_traits@D@std@@V?$allocator@D@2@@std@@@2@V?$allocator@U?$pair@$$CBV?$basic_string@DU?$char_traits@D@std@@V?$allocator@D@2@@std@@V12@@std@@@2@$0A@@std@@@std@@QAE?AU?$pair@V?$_Tree_iterator@V?$_Tree_val@V?$_Tmap_traits@V?$basic_string@DU?$char_traits@D@std@@V?$allocator@D@2@@std@@V12@U?$less@V?$basic_string@DU?$char_traits@D@std@@V?$allocator@D@2@@std@@@2@V?$allocator@U?$pair@$$CBV?$basic_string@DU?$char_traits@D@std@@V?$allocator@D@2@@std@@V12@@std@@@2@$0A@@std@@@std@@@std@@_N@2@PAU_Node@?$_Tree_nod@V?$_Tmap_traits@V?$basic_string@DU?$char_traits@D@std@@V?$allocator@D@2@@std@@V12@U?$less@V?$basic_string@DU?$char_traits@D@std@@V?$allocator@D@2@@std@@@2@V?$allocator@U?$pair@$$CBV?$basic_string@DU?$char_traits@D@std@@V?$allocator@D@2@@std@@V12@@std@@@2@$0A@@std@@@2@_N@Z 100146f0 f i happyhttp.obj
 0001:000138a0       ?BeginBody@Response@happyhttp@@AAEXXZ 100148a0 f   happyhttp.obj
 0001:000139f0       ?_Insert@?$_Tree@V?$_Tmap_traits@V?$basic_string@DU?$char_traits@D@std@@V?$allocator@D@2@@std@@V12@U?$less@V?$basic_string@DU?$char_traits@D@std@@V?$allocator@D@2@@std@@@2@V?$allocator@U?$pair@$$CBV?$basic_string@DU?$char_traits@D@std@@V?$allocator@D@2@@std@@V12@@std@@@2@$0A@@std@@@std@@QAE?AV?$_Tree_iterator@V?$_Tree_val@V?$_Tmap_traits@V?$basic_string@DU?$char_traits@D@std@@V?$allocator@D@2@@std@@V12@U?$less@V?$basic_string@DU?$char_traits@D@std@@V?$allocator@D@2@@std@@@2@V?$allocator@U?$pair@$$CBV?$basic_string@DU?$char_traits@D@std@@V?$allocator@D@2@@std@@V12@@std@@@2@$0A@@std@@@std@@@2@V?$_Tree_const_iterator@V?$_Tree_val@V?$_Tmap_traits@V?$basic_string@DU?$char_traits@D@std@@V?$allocator@D@2@@std@@V12@U?$less@V?$basic_string@DU?$char_traits@D@std@@V?$allocator@D@2@@std@@@2@V?$allocator@U?$pair@$$CBV?$basic_string@DU?$char_traits@D@std@@V?$allocator@D@2@@std@@V12@@std@@@2@$0A@@std@@@std@@@2@PAU_Node@?$_Tree_nod@V?$_Tmap_traits@V?$basic_string@DU?$char_traits@D@std@@V?$allocator@D@2@@std@@V12@U?$less@V?$basic_string@DU?$char_traits@D@std@@V?$allocator@D@2@@std@@@2@V?$allocator@U?$pair@$$CBV?$basic_string@DU?$char_traits@D@std@@V?$allocator@D@2@@std@@V12@@std@@@2@$0A@@std@@@2@@Z 100149f0 f i happyhttp.obj
[...]
 0001:00030dd0       __unwindfunclet$??0Connection@happyhttp@@QAE@PBDH@Z$0 10031dd0 f   happyhttp.obj
 0001:00030ddb       __unwindfunclet$??0Connection@happyhttp@@QAE@PBDH@Z$1 10031ddb f   happyhttp.obj
 0001:00030de6       __ehhandler$??0Connection@happyhttp@@QAE@PBDH@Z 10031de6 f   happyhttp.obj
 0001:00030e10       __unwindfunclet$??$_Buynode@U?$pair@$$CBV?$basic_string@DU?$char_traits@D@std@@V?$allocator@D@2@@std@@V12@@std@@@?$_Tree_val@V?$_Tmap_traits@V?$basic_string@DU?$char_traits@D@std@@V?$allocator@D@2@@std@@V12@U?$less@V?$basic_string@DU?$char_traits@D@std@@V?$allocator@D@2@@std@@@2@V?$allocator@U?$pair@$$CBV?$basic_string@DU?$char_traits@D@std@@V?$allocator@D@2@@std@@V12@@std@@@2@$0A@@std@@@std@@QAEPAU_Node@?$_Tree_nod@V?$_Tmap_traits@V?$basic_string@DU?$char_traits@D@std@@V?$allocator@D@2@@std@@V12@U?$less@V?$basic_string@DU?$char_traits@D@std@@V?$allocator@D@2@@std@@@2@V?$allocator@U?$pair@$$CBV?$basic_string@DU?$char_traits@D@std@@V?$allocator@D@2@@std@@V12@@std@@@2@$0A@@std@@@1@$$QAU?$pair@$$CBV?$basic_string@DU?$char_traits@D@std@@V?$allocator@D@2@@std@@V12@@1@@Z$2 10031e10 f   happyhttp.obj
 0001:00030e21       __unwindfunclet$??$_Buynode@U?$pair@$$CBV?$basic_string@DU?$char_traits@D@std@@V?$allocator@D@2@@std@@V12@@std@@@?$_Tree_val@V?$_Tmap_traits@V?$basic_string@DU?$char_traits@D@std@@V?$allocator@D@2@@std@@V12@U?$less@V?$basic_string@DU?$char_traits@D@std@@V?$allocator@D@2@@std@@@2@V?$allocator@U?$pair@$$CBV?$basic_string@DU?$char_traits@D@std@@V?$allocator@D@2@@std@@V12@@std@@@2@$0A@@std@@@std@@QAEPAU_Node@?$_Tree_nod@V?$_Tmap_traits@V?$basic_string@DU?$char_traits@D@std@@V?$allocator@D@2@@std@@V12@U?$less@V?$basic_string@DU?$char_traits@D@std@@V?$allocator@D@2@@std@@@2@V?$allocator@U?$pair@$$CBV?$basic_string@DU?$char_traits@D@std@@V?$allocator@D@2@@std@@V12@@std@@@2@$0A@@std@@@1@$$QAU?$pair@$$CBV?$basic_string@DU?$char_traits@D@std@@V?$allocator@D@2@@std@@V12@@1@@Z$4 10031e21 f   happyhttp.obj
 0001:00030e29       __ehhandler$??$_Buynode@U?$pair@$$CBV?$basic_string@DU?$char_traits@D@std@@V?$allocator@D@2@@std@@V12@@std@@@?$_Tree_val@V?$_Tmap_traits@V?$basic_string@DU?$char_traits@D@std@@V?$allocator@D@2@@std@@V12@U?$less@V?$basic_string@DU?$char_traits@D@std@@V?$allocator@D@2@@std@@@2@V?$allocator@U?$pair@$$CBV?$basic_string@DU?$char_traits@D@std@@V?$allocator@D@2@@std@@V12@@std@@@2@$0A@@std@@@std@@QAEPAU_Node@?$_Tree_nod@V?$_Tmap_traits@V?$basic_string@DU?$char_traits@D@std@@V?$allocator@D@2@@std@@V12@U?$less@V?$basic_string@DU?$char_traits@D@std@@V?$allocator@D@2@@std@@@2@V?$allocator@U?$pair@$$CBV?$basic_string@DU?$char_traits@D@std@@V?$allocator@D@2@@std@@V12@@std@@@2@$0A@@std@@@1@$$QAU?$pair@$$CBV?$basic_string@DU?$char_traits@D@std@@V?$allocator@D@2@@std@@V12@@1@@Z 10031e29 f   happyhttp.obj
 0001:00030e50       __unwindfunclet$??1Response@happyhttp@@QAE@XZ$0 10031e50 f   happyhttp.obj
 0001:00030e5b       __unwindfunclet$??1Response@happyhttp@@QAE@XZ$1 10031e5b f   happyhttp.obj
 0001:00030e66       __unwindfunclet$??1Response@happyhttp@@QAE@XZ$2 10031e66 f   happyhttp.obj
 0001:00030e71       __unwindfunclet$??1Response@happyhttp@@QAE@XZ$7 10031e71 f   happyhttp.obj
 0001:00030e79       __ehhandler$??1Response@happyhttp@@QAE@XZ 10031e79 f   happyhttp.obj
 0001:00030ea0       __unwindfunclet$??0Response@happyhttp@@IAE@PBDAAVConnection@1@@Z$0 10031ea0 f   happyhttp.obj
 0001:00030eab       __unwindfunclet$??0Response@happyhttp@@IAE@PBDAAVConnection@1@@Z$1 10031eab f   happyhttp.obj
 0001:00030eb6       __unwindfunclet$??0Response@happyhttp@@IAE@PBDAAVConnection@1@@Z$2 10031eb6 f   happyhttp.obj
 0001:00030ec1       __ehhandler$??0Response@happyhttp@@IAE@PBDAAVConnection@1@@Z 10031ec1 f   happyhttp.obj
 0001:00030ee0       __unwindfunclet$??A?$map@V?$basic_string@DU?$char_traits@D@std@@V?$allocator@D@2@@std@@V12@U?$less@V?$basic_string@DU?$char_traits@D@std@@V?$allocator@D@2@@std@@@2@V?$allocator@U?$pair@$$CBV?$basic_string@DU?$char_traits@D@std@@V?$allocator@D@2@@std@@V12@@std@@@2@@std@@QAEAAV?$basic_string@DU?$char_traits@D@std@@V?$allocator@D@2@@1@ABV21@@Z$0 10031ee0 f   happyhttp.obj
 0001:00030ee8       __unwindfunclet$??A?$map@V?$basic_string@DU?$char_traits@D@std@@V?$allocator@D@2@@std@@V12@U?$less@V?$basic_string@DU?$char_traits@D@std@@V?$allocator@D@2@@std@@@2@V?$allocator@U?$pair@$$CBV?$basic_string@DU?$char_traits@D@std@@V?$allocator@D@2@@std@@V12@@std@@@2@@std@@QAEAAV?$basic_string@DU?$char_traits@D@std@@V?$allocator@D@2@@1@ABV21@@Z$3 10031ee8 f   happyhttp.obj
 0001:00030ef0       __unwindfunclet$??A?$map@V?$basic_string@DU?$char_traits@D@std@@V?$allocator@D@2@@std@@V12@U?$less@V?$basic_string@DU?$char_traits@D@std@@V?$allocator@D@2@@std@@@2@V?$allocator@U?$pair@$$CBV?$basic_string@DU?$char_traits@D@std@@V?$allocator@D@2@@std@@V12@@std@@@2@@std@@QAEAAV?$basic_string@DU?$char_traits@D@std@@V?$allocator@D@2@@1@ABV21@@Z$1 10031ef0 f   happyhttp.obj
 0001:00030ef8       __ehhandler$??A?$map@V?$basic_string@DU?$char_traits@D@std@@V?$allocator@D@2@@std@@V12@U?$less@V?$basic_string@DU?$char_traits@D@std@@V?$allocator@D@2@@std@@@2@V?$allocator@U?$pair@$$CBV?$basic_string@DU?$char_traits@D@std@@V?$allocator@D@2@@std@@V12@@std@@@2@@std@@QAEAAV?$basic_string@DU?$char_traits@D@std@@V?$allocator@D@2@@1@ABV21@@Z 10031ef8 f   happyhttp.obj
 0001:00030f20       __unwindfunclet$?putheader@Connection@happyhttp@@QAEXPBD0@Z$0 10031f20 f   happyhttp.obj
 0001:00030f28       __unwindfunclet$?putheader@Connection@happyhttp@@QAEXPBD0@Z$1 10031f28 f   happyhttp.obj
 0001:00030f30       __unwindfunclet$?putheader@Connection@happyhttp@@QAEXPBD0@Z$2 10031f30 f   happyhttp.obj
 0001:00030f38       __unwindfunclet$?putheader@Connection@happyhttp@@QAEXPBD0@Z$3 10031f38 f   happyhttp.obj
 0001:00030f40       __ehhandler$?putheader@Connection@happyhttp@@QAEXPBD0@Z 10031f40 f   happyhttp.obj
 0001:00030f70       __unwindfunclet$?endheaders@Connection@happyhttp@@QAEXXZ$0 10031f70 f   happyhttp.obj
 0001:00030f78       __unwindfunclet$?endheaders@Connection@happyhttp@@QAEXXZ$1 10031f78 f   happyhttp.obj
 0001:00030f80       __unwindfunclet$?endheaders@Connection@happyhttp@@QAEXXZ$2 10031f80 f   happyhttp.obj
 0001:00030f88       __ehhandler$?endheaders@Connection@happyhttp@@QAEXXZ 10031f88 f   happyhttp.obj
 0001:00030fb0       __unwindfunclet$?FlushHeader@Response@happyhttp@@AAEXXZ$0 10031fb0 f   happyhttp.obj
 0001:00030fb8       __unwindfunclet$?FlushHeader@Response@happyhttp@@AAEXXZ$1 10031fb8 f   happyhttp.obj
 0001:00030fc0       __ehhandler$?FlushHeader@Response@happyhttp@@AAEXXZ 10031fc0 f   happyhttp.obj
 0001:00030ff0       __unwindfunclet$??1Connection@happyhttp@@QAE@XZ$0 10031ff0 f   happyhttp.obj
 0001:00030ffb       __unwindfunclet$??1Connection@happyhttp@@QAE@XZ$1 10031ffb f   happyhttp.obj
 0001:00031006       __unwindfunclet$??1Connection@happyhttp@@QAE@XZ$2 10032006 f   happyhttp.obj
 0001:00031011       __ehhandler$??1Connection@happyhttp@@QAE@XZ 10032011 f   happyhttp.obj
 0001:00031030       __unwindfunclet$?putrequest@Connection@happyhttp@@QAEXPBD0@Z$0 10032030 f   happyhttp.obj
 0001:0003103b       __unwindfunclet$?putrequest@Connection@happyhttp@@QAEXPBD0@Z$1 1003203b f   happyhttp.obj
 0001:00031049       __ehhandler$?putrequest@Connection@happyhttp@@QAEXPBD0@Z 10032049 f   happyhttp.obj
 0001:00031071       __unwindfunclet$??1_Fac_tidy_reg_t@std@@QAE@XZ$0 10032071 f   libcpmt:locale0.obj
 0001:00031071       __unwindfunclet$?_Init@locale@std@@CAPAV_Locimp@12@XZ$0 10032071 f   libcpmt:locale0.obj
 0001:00031071       __unwindfunclet$?_Locimp_dtor@_Locimp@locale@std@@CAXPAV123@@Z$0 10032071 f   libcpmt:locale0.obj
 0001:00031079       __ehhandler$?_Init@locale@std@@CAPAV_Locimp@12@XZ 10032079 f   libcpmt:locale0.obj
 0001:00031079       __ehhandler$??1_Fac_tidy_reg_t@std@@QAE@XZ 10032079 f   libcpmt:locale0.obj
 0001:00031079       __ehhandler$?_Locimp_dtor@_Locimp@locale@std@@CAXPAV123@@Z 10032079 f   libcpmt:locale0.obj
 0001:00031094       __unwindfunclet$??1_Locimp@locale@std@@MAE@XZ$0 10032094 f   libcpmt:locale0.obj
 0001:0003109c       __unwindfunclet$??1_Locimp@locale@std@@MAE@XZ$1 1003209c f   libcpmt:locale0.obj
 0001:000310a7       __ehhandler$??1_Locimp@locale@std@@MAE@XZ 100320a7 f   libcpmt:locale0.obj
 0001:000310c2       __ehhandler$?CallUnexpected@@YAXPBU_s_ESTypeList@@@Z 100320c2 f   LIBCMT:frame.obj
 0001:000310e0       ??__E__chat_history@@YAXXZ 100320e0 f   chat_history.obj
 0001:000310f0       ??__EAssocList@@YAXXZ      100320f0 f   class_extend.obj
 0001:00031170       ??__Ecurrent_directory@@YAXXZ 10032170 f   config.obj
 0001:00031190       ??__Ed_strings@@YAXXZ      10032190 f   debug.obj
 0001:00031210       ??__ENames@@YAXXZ          10032210 f   debug.obj
 0001:00031290       ??__EArchives@@YAXXZ       10032290 f   File.obj
 0001:000312a0       ??__ETiles@@YAXXZ          100322a0 f   landscape_renderer.obj
 0001:000312d0       ??__EhhC@@YAXXZ            100322d0 f   network_protocol_ext.obj
 0001:000312f0       ??__EScanrange@@YAXXZ      100322f0 f   scanrange.obj
 0001:00031300       ??__E_LOG_FILE@@YAXXZ      10032300 f   utils.obj
 0001:00031320       ??__E_LOG_NAME@@YAXXZ      10032320 f   utils.obj
 0001:0003132c       ??__Einitlocks@std@@YAXXZ  1003232c f   libcpmt:xlock.obj
 0001:00031342       ??__E_Fac_tidy_reg@std@@YAXXZ 10032342 f   libcpmt:locale0.obj
 0001:0003134e       ??__Eclassic_locale@std@@YAXXZ 1003234e f   libcpmt:locale0.obj
 0001:0003135a       ??__E_Generic_object@std@@YAXXZ 1003235a f   libcpmt:syserror.obj
 0001:00031366       ??__E_Iostream_object@std@@YAXXZ 10032366 f   libcpmt:syserror.obj
 0001:00031372       ??__E_System_object@std@@YAXXZ 10032372 f   libcpmt:syserror.obj
 0001:0003137e       ??__Einitlocks@std@@YAXXZ  1003237e f   libcpmt:iosptrs.obj
 0001:00031394       ??__Einit_atexit@@YAXXZ    10032394 f   libcpmt:iosptrs.obj
 0001:000313a0       ??__F__chat_history@@YAXXZ 100323a0 f   chat_history.obj
 0001:00031400       ??__FAssocList@@YAXXZ      10032400 f   class_extend.obj
 0001:00031460       ??__Fcurrent_directory@@YAXXZ 10032460 f   config.obj
 0001:00031490       ??__Fd_strings@@YAXXZ      10032490 f   debug.obj
 0001:000314f0       ??__FNames@@YAXXZ          100324f0 f   debug.obj
 0001:00031550       ??__Frec@?1??GetRecord@FileArchive@@QAEABURecord@1@V?$basic_string@DU?$char_traits@D@std@@V?$allocator@D@2@@std@@@Z@YAXXZ 10032550 f   File.obj
 0001:00031630       ??__FArchives@@YAXXZ       10032630 f   File.obj
 0001:00031710       ??__FhhC@@YAXXZ            10032710 f   network_protocol_ext.obj
 0001:00031720       ??__F_LOG_NAME@@YAXXZ      10032720 f   utils.obj
 0001:00031750       ??__F_LOG_FILE@@YAXXZ      10032750 f   utils.obj
 0001:00031770       ??__Finitlocks@std@@YAXXZ  10032770 f   libcpmt:xlock.obj
 0001:0003177a       ??__Fclassic_locale@std@@YAXXZ 1003277a f   libcpmt:locale0.obj
 0001:00031784       ??__F_Fac_tidy_reg@std@@YAXXZ 10032784 f   libcpmt:locale0.obj
 0001:0003178e       ??__F_Generic_object@std@@YAXXZ 1003278e f   libcpmt:syserror.obj
 0001:00031799       ??__F_Iostream_object@std@@YAXXZ 10032799 f   libcpmt:syserror.obj
 0001:000317a4       ??__F_System_object@std@@YAXXZ 100327a4 f   libcpmt:syserror.obj
 0001:000317af       ??__Finitlocks@std@@YAXXZ  100327af f   libcpmt:iosptrs.obj
 0001:000317b9       ??__Finit_atexit@@YAXXZ    100327b9 f   libcpmt:iosptrs.obj
 0001:000317c3       ??__Fnomem@?5???2@YAPAXI@Z@YAXXZ 100327c3 f   LIBCMT:new.obj

 Exports

  ordinal    name

        1    ?RES_loadFile@@YAHH@Z (int __cdecl RES_loadFile(int))
        2    ?FIL_patch0@@YAXXZ (void __cdecl FIL_patch0(void))
        3    ?FIL_patch1@@YAXXZ (void __cdecl FIL_patch1(void))
        4    ?FIL_world0@@YAXXZ (void __cdecl FIL_world0(void))
        5    ?FIL_world1@@YAXXZ (void __cdecl FIL_world1(void))
        6    ?FIL_world2@@YAXXZ (void __cdecl FIL_world2(void))
        7    ?FIL_world3@@YAXXZ (void __cdecl FIL_world3(void))
        8    ?FIL_world4@@YAXXZ (void __cdecl FIL_world4(void))
        9    ?FIL_world5@@YAXXZ (void __cdecl FIL_world5(void))
       10    ?FIL_world6@@YAXXZ (void __cdecl FIL_world6(void))
       11    ?FIL_world7@@YAXXZ (void __cdecl FIL_world7(void))
       12    ?FIL_world8@@YAXXZ (void __cdecl FIL_world8(void))
       13    ?FIL_world9@@YAXXZ (void __cdecl FIL_world9(void))
       14    ?FIL_worldA@@YAXXZ (void __cdecl FIL_worldA(void))
       15    ?NETPROTO_createAuthorizationPacket@@YAHXZ (int __cdecl NETPROTO_createAuthorizationPacket(void))
       16    ?NETPROTO_sendAuthorizationPacket@@YAHXZ (int __cdecl NETPROTO_sendAuthorizationPacket(void))
       17    ?VIDEO_checkVideoMode@@YAXXZ (void __cdecl VIDEO_checkVideoMode(void))
       18    ?NET_cryptPacket@@YAXPAEH@Z (void __cdecl NET_cryptPacket(unsigned char *,int))
       19    ?MAP_loadFromServer@@YAXXZ (void __cdecl MAP_loadFromServer(void))
       20    ?SYSTEM_setThreadPriority@@YAXXZ (void __cdecl SYSTEM_setThreadPriority(void))
       21    ?CHAT_tilde0@@YAXXZ (void __cdecl CHAT_tilde0(void))
       22    ?CHAT_tilde1@@YAXXZ (void __cdecl CHAT_tilde1(void))
       23    ?CHAT_tilde2@@YAXXZ (void __cdecl CHAT_tilde2(void))
       24    ?CHAT_wmCharHandler@@YAXXZ (void __cdecl CHAT_wmCharHandler(void))
       25    ?CHAT_convWinToDos@@YAXXZ (void __cdecl CHAT_convWinToDos(void))
       26    ?CHAT_convDosToIdx@@YAXXZ (void __cdecl CHAT_convDosToIdx(void))
       27    ?DBG_logStrings@@YAXXZ (void __cdecl DBG_logStrings(void))
       28    ?GUI_textField_MeasurePosition@@YGKK@Z (unsigned long __stdcall GUI_textField_MeasurePosition(unsigned long))
       29    ?CHAT_logStrings@@YAHPADHH@Z (int __cdecl CHAT_logStrings(char *,int,int))
       30    ?CHAT_keyDown@@YAXXZ (void __cdecl CHAT_keyDown(void))
       31    ?CHAT_getMessageLast@@YAXXZ (void __cdecl CHAT_getMessageLast(void))
       33    ?CRASH_fix_414994@@YAXXZ (void __cdecl CRASH_fix_414994(void))
       34    ?CRASH_fix_42353A@@YAXXZ (void __cdecl CRASH_fix_42353A(void))
       35    ?CRASH_fix_523295@@YAXXZ (void __cdecl CRASH_fix_523295(void))
       36    ?CRASH_fix_46AD10@@YAXXZ (void __cdecl CRASH_fix_46AD10(void))
       37    ?CRASH_fix_420450@@YAXXZ (void __cdecl CRASH_fix_420450(void))
       38    ?CRASH_fix_45FC3B@@YAXXZ (void __cdecl CRASH_fix_45FC3B(void))
       39    ?CRASH_fix_458CF9@@YAXXZ (void __cdecl CRASH_fix_458CF9(void))
       40    ?CRASH_fix_4657AD@@YAXXZ (void __cdecl CRASH_fix_4657AD(void))
       41    ?CRASH_fix_46B685@@YAXXZ (void __cdecl CRASH_fix_46B685(void))
       42    ?CRASH_fix_4BEE2D@@YAXXZ (void __cdecl CRASH_fix_4BEE2D(void))
       43    ?HATENT_url_text@@YAXXZ (void __cdecl HATENT_url_text(void))
       44    ?HATENT_url_connect@@YAXXZ (void __cdecl HATENT_url_connect(void))
       45    ?SCREENSHOT_take@@YAXXZ (void __cdecl SCREENSHOT_take(void))
       46    ?CRASH_fix_4AAB7E@@YAXXZ (void __cdecl CRASH_fix_4AAB7E(void))
       47    ?INFO_fps@@YAXXZ (void __cdecl INFO_fps(void))
       48    ?RES_loadDirectories@@YAXXZ (void __cdecl RES_loadDirectories(void))
       49    ?RES_loadException@@YAXXZ (void __cdecl RES_loadException(void))
       50    ?LANG_change_43EDEB@@YAXXZ (void __cdecl LANG_change_43EDEB(void))
       51    ?LANG_change_474F27@@YAXXZ (void __cdecl LANG_change_474F27(void))
       52    ?LANG_change_48626D@@YAXXZ (void __cdecl LANG_change_48626D(void))
       53    ?LANG_change_48BA07@@YAXXZ (void __cdecl LANG_change_48BA07(void))
       54    ?LANG_change_48CA55@@YAXXZ (void __cdecl LANG_change_48CA55(void))
       55    ?LANG_change_491CDF@@YAXXZ (void __cdecl LANG_change_491CDF(void))
       56    ?LANG_change_4939A2@@YAXXZ (void __cdecl LANG_change_4939A2(void))
       57    ?CRASH_fix_multiwindow_1@@YAXXZ (void __cdecl CRASH_fix_multiwindow_1(void))
       58    ?CRASH_fix_multiwindow_2@@YAXXZ (void __cdecl CRASH_fix_multiwindow_2(void))
       59    ?CRASH_fix_multiwindow_3@@YAXXZ (void __cdecl CRASH_fix_multiwindow_3(void))
       60    ?CRASH_fix_multiwindow_4@@YAXXZ (void __cdecl CRASH_fix_multiwindow_4(void))
       61    ?LANG_change_493B23@@YAXXZ (void __cdecl LANG_change_493B23(void))
       62    ?LANG_change_4B018F@@YAXXZ (void __cdecl LANG_change_4B018F(void))
       63    ?SCROLL_part1@@YAXXZ (void __cdecl SCROLL_part1(void))
       64    ?SCROLL_part2@@YAXXZ (void __cdecl SCROLL_part2(void))
       65    ?GRID_part1@@YAXXZ (void __cdecl GRID_part1(void))
       66    ?GRID_part2@@YAXXZ (void __cdecl GRID_part2(void))
       67    ?GRID_part3@@YAXXZ (void __cdecl GRID_part3(void))
       68    ?GRID_part4@@YAXXZ (void __cdecl GRID_part4(void))
       69    ?GRID_part5@@YAXXZ (void __cdecl GRID_part5(void))
       70    ?LANG_change_42B3D5@@YAXXZ (void __cdecl LANG_change_42B3D5(void))
       71    ?LANG_change_43EEC3@@YAXXZ (void __cdecl LANG_change_43EEC3(void))
       72    ?LANG_change_460F9B@@YAXXZ (void __cdecl LANG_change_460F9B(void))
       73    ?LANG_change_474375@@YAXXZ (void __cdecl LANG_change_474375(void))
       74    ?LANG_change_4743C9@@YAXXZ (void __cdecl LANG_change_4743C9(void))
       75    ?LANG_change_496638@@YAXXZ (void __cdecl LANG_change_496638(void))
       76    ?LANG_change_4AEE20@@YAXXZ (void __cdecl LANG_change_4AEE20(void))
       77    ?LANG_change_4AEE6D@@YAXXZ (void __cdecl LANG_change_4AEE6D(void))
       78    ?LANG_change_4AEF2A@@YAXXZ (void __cdecl LANG_change_4AEF2A(void))
       79    ?LANG_change_4AEF9C@@YAXXZ (void __cdecl LANG_change_4AEF9C(void))
       80    ?LANG_change_4AF00E@@YAXXZ (void __cdecl LANG_change_4AF00E(void))
       81    ?LANG_fix_codepage@@YAXXZ (void __cdecl LANG_fix_codepage(void))
       84    ?NETPROTO_loginToHat@@YGHXZ (int __stdcall NETPROTO_loginToHat(void))
       85    ?BASE_setCurrentDirectory1@@YGHPAD@Z (int __stdcall BASE_setCurrentDirectory1(char *))
       86    ?CHAT_prependType_part1@@YAXXZ (void __cdecl CHAT_prependType_part1(void))
       87    ?CHAT_prependType_part2@@YAXXZ (void __cdecl CHAT_prependType_part2(void))
       88    ?ADMINISTRAT@@YAXXZ (void __cdecl ADMINISTRAT(void))
       89    ?_fix_launcher@@YAXXZ (void __cdecl _fix_launcher(void))
       90    ?MAP_CFileOpen1@@YAXXZ (void __cdecl MAP_CFileOpen1(void))
       91    ?MAP_CFileOpen2@@YAXXZ (void __cdecl MAP_CFileOpen2(void))
       92    ?GUI_gmEnter@@YAXXZ (void __cdecl GUI_gmEnter(void))
       93    ?CalcVisMapCLIENT@@YGHPAD@Z (int __stdcall CalcVisMapCLIENT(char *))
       94    ?TILES_loadTiles@@YAXXZ (void __cdecl TILES_loadTiles(void))
       95    ?TILES_displayTile1@@YAXXZ (void __cdecl TILES_displayTile1(void))
       96    ?TILES_debug@@YAXXZ (void __cdecl TILES_debug(void))
       97    ?recv_@@YGHIPADHH@Z (int __stdcall recv_(unsigned int,char *,int,int))
       98    ?CHAT_fixEscape@@YAXXZ (void __cdecl CHAT_fixEscape(void))
       99    ?CHAT_dbg@@YAXXZ (void __cdecl CHAT_dbg(void))
      100    ?NETPROTO_enlargeBuffer@@YAXXZ (void __cdecl NETPROTO_enlargeBuffer(void))
      101    ?NETPROTO_enlargeBuffer2@@YAXXZ (void __cdecl NETPROTO_enlargeBuffer2(void))
      102    ?ITEMPNG_loadPng@@YAXXZ (void __cdecl ITEMPNG_loadPng(void))
      103    ?ITEMPNG_loadPngChar@@YAXXZ (void __cdecl ITEMPNG_loadPngChar(void))
      104    ?GUI_softcoreSwitch@@YAXXZ (void __cdecl GUI_softcoreSwitch(void))
      105    ?GUI_softcoreResetSwitch@@YAXXZ (void __cdecl GUI_softcoreResetSwitch(void))
      106    ?GUI_softcoreSaveSwitch@@YAXXZ (void __cdecl GUI_softcoreSaveSwitch(void))
      300    ?DBG_load256@@YAXXZ (void __cdecl DBG_load256(void))
               exported name: DBG_load256
      301    ?DBG_disp256@@YAXXZ (void __cdecl DBG_disp256(void))
               exported name: DBG_disp256
      302    ?DBG_di2p256@@YAXXZ (void __cdecl DBG_di2p256(void))
               exported name: DBG_di2p256
      303    ?DBG_di3p256@@YAXXZ (void __cdecl DBG_di3p256(void))
               exported name: DBG_di3p256
      304    ?DBG_decideState@@YAXXZ (void __cdecl DBG_decideState(void))
               exported name: DBG_decideState
